Copyright 1986-2022 Xilinx, Inc. All Rights Reserved.
-------------------------------------------------------------------------------------------------------------------------
| Tool Version      : Vivado v.2022.2 (lin64) Build 3671981 Fri Oct 14 04:59:54 MDT 2022
| Date              : Wed Oct  7 17:10:49 2026
| Host              : chen-System-Product-Name running 64-bit Ubuntu 24.04.4 LTS
| Command           : report_timing_summary -file /home/chen/FUN/flow-r03-evidence/control/s1/reports/timing-summary.rpt
| Design            : RvvCoprocessor
| Device            : xcku040-ffva1156
| Speed File        : -2  PRODUCTION 1.25 12-04-2018
| Temperature Grade : E
-------------------------------------------------------------------------------------------------------------------------

Timing Summary Report

------------------------------------------------------------------------------------------------
| Timer Settings
| --------------
------------------------------------------------------------------------------------------------

  Enable Multi Corner Analysis               :  Yes
  Enable Pessimism Removal                   :  Yes
  Pessimism Removal Resolution               :  Nearest Common Node
  Enable Input Delay Default Clock           :  No
  Enable Preset / Clear Arcs                 :  No
  Disable Flight Delays                      :  No
  Ignore I/O Paths                           :  No
  Timing Early Launch at Borrowing Latches   :  No
  Borrow Time for Max Delay Exceptions       :  Yes
  Merge Timing Exceptions                    :  Yes

  Corner  Analyze    Analyze    
  Name    Max Paths  Min Paths  
  ------  ---------  ---------  
  Slow    Yes        Yes        
  Fast    Yes        Yes        


------------------------------------------------------------------------------------------------
| Report Methodology
| ------------------
------------------------------------------------------------------------------------------------

No report available as report_methodology has not been run prior. Run report_methodology on the current design for the summary of methodology violations.



check_timing report

Table of Contents
-----------------
1. checking no_clock (0)
2. checking constant_clock (0)
3. checking pulse_width_clock (0)
4. checking unconstrained_internal_endpoints (0)
5. checking no_input_delay (689)
6. checking no_output_delay (2349)
7. checking multiple_clock (0)
8. checking generated_clocks (0)
9. checking loops (0)
10. checking partial_input_delay (0)
11. checking partial_output_delay (0)
12. checking latch_loops (0)

1. checking no_clock (0)
------------------------
 There are 0 register/latch pins with no clock.


2. checking constant_clock (0)
------------------------------
 There are 0 register/latch pins with constant_clock.


3. checking pulse_width_clock (0)
---------------------------------
 There are 0 register/latch pins which need pulse_width check


4. checking unconstrained_internal_endpoints (0)
------------------------------------------------
 There are 0 pins that are not constrained for maximum delay.

 There are 0 pins that are not constrained for maximum delay due to constant clock.


5. checking no_input_delay (689)
--------------------------------
 There are 689 input ports with no input delay specified. (HIGH)

 There are 0 input ports with no input delay but user has a false path constraint.


6. checking no_output_delay (2349)
----------------------------------
 There are 2349 ports with no output delay specified. (HIGH)

 There are 0 ports with no output delay but user has a false path constraint

 There are 0 ports with no output delay but with a timing clock defined on it or propagating through it


7. checking multiple_clock (0)
------------------------------
 There are 0 register/latch pins with multiple clocks.


8. checking generated_clocks (0)
--------------------------------
 There are 0 generated clocks that are not connected to a clock source.


9. checking loops (0)
---------------------
 There are 0 combinational loops in the design.


10. checking partial_input_delay (0)
------------------------------------
 There are 0 input ports with partial input delay specified.


11. checking partial_output_delay (0)
-------------------------------------
 There are 0 ports with partial output delay specified.


12. checking latch_loops (0)
----------------------------
 There are 0 combinational latch loops in the design through latch input



------------------------------------------------------------------------------------------------
| Design Timing Summary
| ---------------------
------------------------------------------------------------------------------------------------

    WNS(ns)      TNS(ns)  TNS Failing Endpoints  TNS Total Endpoints      WHS(ns)      THS(ns)  THS Failing Endpoints  THS Total Endpoints     WPWS(ns)     TPWS(ns)  TPWS Failing Endpoints  TPWS Total Endpoints  
    -------      -------  ---------------------  -------------------      -------      -------  ---------------------  -------------------     --------     --------  ----------------------  --------------------  
      0.107        0.000                      0                51631        0.068        0.000                      0                51631        4.020        0.000                       0                 16999  


All user specified timing constraints are met.


------------------------------------------------------------------------------------------------
| Clock Summary
| -------------
------------------------------------------------------------------------------------------------

Clock      Waveform(ns)       Period(ns)      Frequency(MHz)
-----      ------------       ----------      --------------
rvv_clock  {0.000 5.000}      10.000          100.000         


------------------------------------------------------------------------------------------------
| Intra Clock Table
| -----------------
------------------------------------------------------------------------------------------------

Clock             WNS(ns)      TNS(ns)  TNS Failing Endpoints  TNS Total Endpoints      WHS(ns)      THS(ns)  THS Failing Endpoints  THS Total Endpoints     WPWS(ns)     TPWS(ns)  TPWS Failing Endpoints  TPWS Total Endpoints  
-----             -------      -------  ---------------------  -------------------      -------      -------  ---------------------  -------------------     --------     --------  ----------------------  --------------------  
rvv_clock           0.107        0.000                      0                51631        0.068        0.000                      0                51631        4.020        0.000                       0                 16999  


------------------------------------------------------------------------------------------------
| Inter Clock Table
| -----------------
------------------------------------------------------------------------------------------------

From Clock    To Clock          WNS(ns)      TNS(ns)  TNS Failing Endpoints  TNS Total Endpoints      WHS(ns)      THS(ns)  THS Failing Endpoints  THS Total Endpoints  
----------    --------          -------      -------  ---------------------  -------------------      -------      -------  ---------------------  -------------------  


------------------------------------------------------------------------------------------------
| Other Path Groups Table
| -----------------------
------------------------------------------------------------------------------------------------

Path Group    From Clock    To Clock          WNS(ns)      TNS(ns)  TNS Failing Endpoints  TNS Total Endpoints      WHS(ns)      THS(ns)  THS Failing Endpoints  THS Total Endpoints  
----------    ----------    --------          -------      -------  ---------------------  -------------------      -------      -------  ---------------------  -------------------  


------------------------------------------------------------------------------------------------
| Timing Details
| --------------
------------------------------------------------------------------------------------------------


---------------------------------------------------------------------------------------------------
From Clock:  rvv_clock
  To Clock:  rvv_clock

Setup :            0  Failing Endpoints,  Worst Slack        0.107ns,  Total Violation        0.000ns
Hold  :            0  Failing Endpoints,  Worst Slack        0.068ns,  Total Violation        0.000ns
PW    :            0  Failing Endpoints,  Worst Slack        4.020ns,  Total Violation        0.000ns
---------------------------------------------------------------------------------------------------


Max Delay Paths
--------------------------------------------------------------------------------------
Slack (MET) :             0.107ns  (required time - arrival time)
  Source:                 vrf/banks_2_3/memory_reg_0/CLKARDCLK
                            (rising edge-triggered cell RAMB36E2 clocked by rvv_clock  {rise@0.000ns fall@5.000ns period=10.000ns})
  Destination:            vrf/banks_0_0/memory_reg_0/DINBDIN[29]
                            (rising edge-triggered cell RAMB36E2 clocked by rvv_clock  {rise@0.000ns fall@5.000ns period=10.000ns})
  Path Group:             rvv_clock
  Path Type:              Setup (Max at Slow Process Corner)
  Requirement:            10.000ns  (rvv_clock rise@10.000ns - rvv_clock rise@0.000ns)
  Data Path Delay:        9.549ns  (logic 6.094ns (63.818%)  route 3.455ns (36.182%))
  Logic Levels:           23  (CARRY8=7 DSP_A_B_DATA=1 DSP_ALU=1 DSP_M_DATA=1 DSP_MULTIPLIER=1 DSP_OUTPUT=1 DSP_PREADD_DATA=1 LUT2=3 LUT3=1 LUT4=1 LUT5=1 LUT6=4)
  Clock Uncertainty:      0.035ns  ((TSJ^2 + TIJ^2)^1/2 + DJ) / 2 + PE
    Total System Jitter     (TSJ):    0.071ns
    Total Input Jitter      (TIJ):    0.000ns
    Discrete Jitter          (DJ):    0.000ns
    Phase Error              (PE):    0.000ns

    Location             Delay type                Incr(ns)  Path(ns)    Netlist Resource(s)
  -------------------------------------------------------------------    -------------------
                         (clock rvv_clock rise edge)
                                                      0.000     0.000 r  
                                                      0.000     0.000 r  clock (IN)
                         net (fo=16998, unset)        0.000     0.000    vrf/banks_2_3/clock
                         RAMB36E2                                     r  vrf/banks_2_3/memory_reg_0/CLKARDCLK
  -------------------------------------------------------------------    -------------------
                         RAMB36E2 (Prop_RAMB36E2_CLKARDCLK_DOUTBDOUT[13])
                                                      1.252     1.252 f  vrf/banks_2_3/memory_reg_0/DOUTBDOUT[13]
                         net (fo=1, unplaced)         0.348     1.600    vrf/_banks_2_3_readData[45]
                         LUT6 (Prop_LUT6_I1_O)        0.176     1.776 f  vrf/heldOperands_1[45]_i_4/O
                         net (fo=3, unplaced)         0.257     2.033    vrf/banks_3_3/_vrf_io_readData_3[45]
                         LUT6 (Prop_LUT6_I0_O)        0.132     2.165 f  vrf/banks_3_3/heldOperands_0[45]_i_1__0/O
                         net (fo=5, unplaced)         0.267     2.432    mac/heldOperands_0_reg[45]_0
                         LUT3 (Prop_LUT3_I1_O)        0.040     2.472 f  mac/_GEN_10[1]0__1_i_19/O
                         net (fo=5, unplaced)         0.314     2.786    mac/resultData_candidates_values_dotProducts_1_1/A[5]
                         DSP_A_B_DATA (Prop_DSP_A_B_DATA_A[5]_A2_DATA[5])
                                                      0.337     3.123 r  mac/resultData_candidates_values_dotProducts_1_1/DSP_A_B_DATA_INST/A2_DATA[5]
                         net (fo=1, unplaced)         0.000     3.123    mac/resultData_candidates_values_dotProducts_1_1/DSP_A_B_DATA.A2_DATA<5>
                         DSP_PREADD_DATA (Prop_DSP_PREADD_DATA_A2_DATA[5]_A2A1[5])
                                                      0.155     3.278 r  mac/resultData_candidates_values_dotProducts_1_1/DSP_PREADD_DATA_INST/A2A1[5]
                         net (fo=1, unplaced)         0.000     3.278    mac/resultData_candidates_values_dotProducts_1_1/DSP_PREADD_DATA.A2A1<5>
                         DSP_MULTIPLIER (Prop_DSP_MULTIPLIER_A2A1[5]_V[5])
                                                      0.871     4.149 f  mac/resultData_candidates_values_dotProducts_1_1/DSP_MULTIPLIER_INST/V[5]
                         net (fo=1, unplaced)         0.000     4.149    mac/resultData_candidates_values_dotProducts_1_1/DSP_MULTIPLIER.V<5>
                         DSP_M_DATA (Prop_DSP_M_DATA_V[5]_V_DATA[5])
                                                      0.110     4.259 r  mac/resultData_candidates_values_dotProducts_1_1/DSP_M_DATA_INST/V_DATA[5]
                         net (fo=1, unplaced)         0.000     4.259    mac/resultData_candidates_values_dotProducts_1_1/DSP_M_DATA.V_DATA<5>
                         DSP_ALU (Prop_DSP_ALU_V_DATA[5]_ALU_OUT[5])
                                                      0.687     4.946 f  mac/resultData_candidates_values_dotProducts_1_1/DSP_ALU_INST/ALU_OUT[5]
                         net (fo=1, unplaced)         0.000     4.946    mac/resultData_candidates_values_dotProducts_1_1/DSP_ALU.ALU_OUT<5>
                         DSP_OUTPUT (Prop_DSP_OUTPUT_ALU_OUT[5]_P[5])
                                                      0.193     5.139 r  mac/resultData_candidates_values_dotProducts_1_1/DSP_OUTPUT_INST/P[5]
                         net (fo=1, unplaced)         0.420     5.559    mac/resultData_candidates_values_dotProducts_1_1_n_100
                         LUT2 (Prop_LUT2_I1_O)        0.043     5.602 r  mac/memory_reg_0_i_3197/O
                         net (fo=1, unplaced)         0.000     5.602    mac/memory_reg_0_i_3197_n_0
                         CARRY8 (Prop_CARRY8_S[5]_CO[7])
                                                      0.262     5.864 r  mac/memory_reg_0_i_3042/CO[7]
                         net (fo=1, unplaced)         0.000     5.864    mac/memory_reg_0_i_3042_n_0
                         CARRY8 (Prop_CARRY8_CI_O[0])
                                                      0.099     5.963 r  mac/memory_reg_0_i_3029/O[0]
                         net (fo=2, unplaced)         0.249     6.212    mac/memory_reg_0_i_3029_n_15
                         LUT2 (Prop_LUT2_I0_O)        0.040     6.252 r  mac/memory_reg_0_i_3037/O
                         net (fo=1, unplaced)         0.000     6.252    mac/memory_reg_0_i_3037_n_0
                         CARRY8 (Prop_CARRY8_S[0]_O[5])
                                                      0.379     6.631 r  mac/memory_reg_0_i_2835/O[5]
                         net (fo=2, unplaced)         0.310     6.941    mac/memory_reg_0_i_2835_n_10
                         LUT2 (Prop_LUT2_I0_O)        0.043     6.984 r  mac/memory_reg_0_i_2838/O
                         net (fo=1, unplaced)         0.000     6.984    mac/memory_reg_0_i_2838_n_0
                         CARRY8 (Prop_CARRY8_S[5]_CO[7])
                                                      0.262     7.246 r  mac/memory_reg_0_i_2620/CO[7]
                         net (fo=1, unplaced)         0.000     7.246    mac/memory_reg_0_i_2620_n_0
                         CARRY8 (Prop_CARRY8_CI_O[0])
                                                      0.099     7.345 r  mac/memory_reg_0_i_2599/O[0]
                         net (fo=1, unplaced)         0.249     7.594    mac/p_1_in3_out[16]
                         LUT4 (Prop_LUT4_I1_O)        0.040     7.634 r  mac/memory_reg_0_i_2240/O
                         net (fo=1, unplaced)         0.000     7.634    mac/memory_reg_0_i_2240_n_0
                         CARRY8 (Prop_CARRY8_S[0]_CO[7])
                                                      0.413     8.047 r  mac/memory_reg_0_i_1121/CO[7]
                         net (fo=1, unplaced)         0.000     8.047    mac/memory_reg_0_i_1121_n_0
                         CARRY8 (Prop_CARRY8_CI_O[5])
                                                      0.174     8.221 r  mac/memory_reg_0_i_1070/O[5]
                         net (fo=1, unplaced)         0.244     8.465    mac/_GEN_10[2]043_out[29]
                         LUT5 (Prop_LUT5_I0_O)        0.071     8.536 r  mac/memory_reg_0_i_574/O
                         net (fo=1, unplaced)         0.249     8.785    mac/memory_reg_0_i_574_n_0
                         LUT6 (Prop_LUT6_I5_O)        0.040     8.825 r  mac/memory_reg_0_i_207/O
                         net (fo=4, unplaced)         0.243     9.068    alu/_mac_io_write_bits_data[61]
                         LUT6 (Prop_LUT6_I0_O)        0.176     9.244 r  alu/memory_reg_0_i_40__0/O
                         net (fo=7, unplaced)         0.305     9.549    vrf/banks_0_0/memory_reg_7_0[61]
                         RAMB36E2                                     r  vrf/banks_0_0/memory_reg_0/DINBDIN[29]
  -------------------------------------------------------------------    -------------------

                         (clock rvv_clock rise edge)
                                                     10.000    10.000 r  
                                                      0.000    10.000 r  clock (IN)
                         net (fo=16998, unset)        0.000    10.000    vrf/banks_0_0/clock
                         RAMB36E2                                     r  vrf/banks_0_0/memory_reg_0/CLKBWRCLK
                         clock pessimism              0.000    10.000    
                         clock uncertainty           -0.035     9.965    
                         RAMB36E2 (Setup_RAMB36E2_CLKBWRCLK_DINBDIN[29])
                                                     -0.309     9.656    vrf/banks_0_0/memory_reg_0
  -------------------------------------------------------------------
                         required time                          9.656    
                         arrival time                          -9.549    
  -------------------------------------------------------------------
                         slack                                  0.107    





Min Delay Paths
--------------------------------------------------------------------------------------
Slack (MET) :             0.068ns  (arrival time - required time)
  Source:                 mem/bSlots/enq_ptr_value_reg[1]/C
                            (rising edge-triggered cell FDRE clocked by rvv_clock  {rise@0.000ns fall@5.000ns period=10.000ns})
  Destination:            mem/bSlots/ram_ext/Memory_reg_0_15_0_3/RAMD/ADR1
                            (rising edge-triggered cell RAMS32 clocked by rvv_clock  {rise@0.000ns fall@5.000ns period=10.000ns})
  Path Group:             rvv_clock
  Path Type:              Hold (Min at Fast Process Corner)
  Requirement:            0.000ns  (rvv_clock rise@0.000ns - rvv_clock rise@0.000ns)
  Data Path Delay:        0.143ns  (logic 0.049ns (34.331%)  route 0.094ns (65.669%))
  Logic Levels:           0  

    Location             Delay type                Incr(ns)  Path(ns)    Netlist Resource(s)
  -------------------------------------------------------------------    -------------------
                         (clock rvv_clock rise edge)
                                                      0.000     0.000 r  
                                                      0.000     0.000 r  clock (IN)
                         net (fo=16998, unset)        0.000     0.000    mem/bSlots/clock
                         FDRE                                         r  mem/bSlots/enq_ptr_value_reg[1]/C
  -------------------------------------------------------------------    -------------------
                         FDRE (Prop_FDRE_C_Q)         0.049     0.049 r  mem/bSlots/enq_ptr_value_reg[1]/Q
                         net (fo=12, unplaced)        0.094     0.143    mem/bSlots/ram_ext/Memory_reg_0_15_0_3/ADDRD1
                         RAMS32                                       r  mem/bSlots/ram_ext/Memory_reg_0_15_0_3/RAMD/ADR1
  -------------------------------------------------------------------    -------------------

                         (clock rvv_clock rise edge)
                                                      0.000     0.000 r  
                                                      0.000     0.000 r  clock (IN)
                         net (fo=16998, unset)        0.000     0.000    mem/bSlots/ram_ext/Memory_reg_0_15_0_3/WCLK
                         RAMS32                                       r  mem/bSlots/ram_ext/Memory_reg_0_15_0_3/RAMD/CLK
                         clock pessimism              0.000     0.000    
                         RAMS32 (Hold_RAMS32_CLK_ADR1)
                                                      0.075     0.075    mem/bSlots/ram_ext/Memory_reg_0_15_0_3/RAMD
  -------------------------------------------------------------------
                         required time                         -0.075    
                         arrival time                           0.143    
  -------------------------------------------------------------------
                         slack                                  0.068    





Pulse Width Checks
--------------------------------------------------------------------------------------
Clock Name:         rvv_clock
Waveform(ns):       { 0.000 5.000 }
Period(ns):         10.000
Sources:            { clock }

Check Type        Corner  Lib Pin             Reference Pin  Required(ns)  Actual(ns)  Slack(ns)  Location  Pin
Min Period        n/a     RAMB36E2/CLKARDCLK  n/a            1.961         10.000      8.039                mem/returnBuffer/ram_ext/Memory_reg_0/CLKARDCLK
Low Pulse Width   Slow    RAMB36E2/CLKARDCLK  n/a            0.980         5.000       4.020                mem/returnBuffer/ram_ext/Memory_reg_0/CLKARDCLK
High Pulse Width  Slow    RAMB36E2/CLKARDCLK  n/a            0.980         5.000       4.020                mem/returnBuffer/ram_ext/Memory_reg_0/CLKARDCLK



