Copyright 1986-2022 Xilinx, Inc. All Rights Reserved.
--------------------------------------------------------------------------------------------------------------------------
| Tool Version      : Vivado v.2022.2 (lin64) Build 3671981 Fri Oct 14 04:59:54 MDT 2022
| Date              : Wed Oct  7 19:30:56 2026
| Host              : chen-System-Product-Name running 64-bit Ubuntu 24.04.4 LTS
| Command           : report_timing_summary -file /home/chen/FUN/flow-r04-evidence/physical/s2/reports/timing-summary.rpt
| Design            : RvvCoprocessor
| Device            : xcku040-ffva1156
| Speed File        : -2  PRODUCTION 1.25 12-04-2018
| Temperature Grade : E
--------------------------------------------------------------------------------------------------------------------------

Timing Summary Report

------------------------------------------------------------------------------------------------
| Timer Settings
| --------------
------------------------------------------------------------------------------------------------

  Enable Multi Corner Analysis               :  Yes
  Enable Pessimism Removal                   :  Yes
  Pessimism Removal Resolution               :  Nearest Common Node
  Enable Input Delay Default Clock           :  No
  Enable Preset / Clear Arcs                 :  No
  Disable Flight Delays                      :  No
  Ignore I/O Paths                           :  No
  Timing Early Launch at Borrowing Latches   :  No
  Borrow Time for Max Delay Exceptions       :  Yes
  Merge Timing Exceptions                    :  Yes

  Corner  Analyze    Analyze    
  Name    Max Paths  Min Paths  
  ------  ---------  ---------  
  Slow    Yes        Yes        
  Fast    Yes        Yes        


------------------------------------------------------------------------------------------------
| Report Methodology
| ------------------
------------------------------------------------------------------------------------------------

No report available as report_methodology has not been run prior. Run report_methodology on the current design for the summary of methodology violations.



check_timing report

Table of Contents
-----------------
1. checking no_clock (0)
2. checking constant_clock (0)
3. checking pulse_width_clock (0)
4. checking unconstrained_internal_endpoints (0)
5. checking no_input_delay (689)
6. checking no_output_delay (2418)
7. checking multiple_clock (0)
8. checking generated_clocks (0)
9. checking loops (0)
10. checking partial_input_delay (0)
11. checking partial_output_delay (0)
12. checking latch_loops (0)

1. checking no_clock (0)
------------------------
 There are 0 register/latch pins with no clock.


2. checking constant_clock (0)
------------------------------
 There are 0 register/latch pins with constant_clock.


3. checking pulse_width_clock (0)
---------------------------------
 There are 0 register/latch pins which need pulse_width check


4. checking unconstrained_internal_endpoints (0)
------------------------------------------------
 There are 0 pins that are not constrained for maximum delay.

 There are 0 pins that are not constrained for maximum delay due to constant clock.


5. checking no_input_delay (689)
--------------------------------
 There are 689 input ports with no input delay specified. (HIGH)

 There are 0 input ports with no input delay but user has a false path constraint.


6. checking no_output_delay (2418)
----------------------------------
 There are 2418 ports with no output delay specified. (HIGH)

 There are 0 ports with no output delay but user has a false path constraint

 There are 0 ports with no output delay but with a timing clock defined on it or propagating through it


7. checking multiple_clock (0)
------------------------------
 There are 0 register/latch pins with multiple clocks.


8. checking generated_clocks (0)
--------------------------------
 There are 0 generated clocks that are not connected to a clock source.


9. checking loops (0)
---------------------
 There are 0 combinational loops in the design.


10. checking partial_input_delay (0)
------------------------------------
 There are 0 input ports with partial input delay specified.


11. checking partial_output_delay (0)
-------------------------------------
 There are 0 ports with partial output delay specified.


12. checking latch_loops (0)
----------------------------
 There are 0 combinational latch loops in the design through latch input



------------------------------------------------------------------------------------------------
| Design Timing Summary
| ---------------------
------------------------------------------------------------------------------------------------

    WNS(ns)      TNS(ns)  TNS Failing Endpoints  TNS Total Endpoints      WHS(ns)      THS(ns)  THS Failing Endpoints  THS Total Endpoints     WPWS(ns)     TPWS(ns)  TPWS Failing Endpoints  TPWS Total Endpoints  
    -------      -------  ---------------------  -------------------      -------      -------  ---------------------  -------------------     --------     --------  ----------------------  --------------------  
      0.221        0.000                      0               113009        0.050        0.000                      0               113009        4.020        0.000                       0                 31737  


All user specified timing constraints are met.


------------------------------------------------------------------------------------------------
| Clock Summary
| -------------
------------------------------------------------------------------------------------------------

Clock      Waveform(ns)       Period(ns)      Frequency(MHz)
-----      ------------       ----------      --------------
rvv_clock  {0.000 5.000}      10.000          100.000         


------------------------------------------------------------------------------------------------
| Intra Clock Table
| -----------------
------------------------------------------------------------------------------------------------

Clock             WNS(ns)      TNS(ns)  TNS Failing Endpoints  TNS Total Endpoints      WHS(ns)      THS(ns)  THS Failing Endpoints  THS Total Endpoints     WPWS(ns)     TPWS(ns)  TPWS Failing Endpoints  TPWS Total Endpoints  
-----             -------      -------  ---------------------  -------------------      -------      -------  ---------------------  -------------------     --------     --------  ----------------------  --------------------  
rvv_clock           0.221        0.000                      0               113009        0.050        0.000                      0               113009        4.020        0.000                       0                 31737  


------------------------------------------------------------------------------------------------
| Inter Clock Table
| -----------------
------------------------------------------------------------------------------------------------

From Clock    To Clock          WNS(ns)      TNS(ns)  TNS Failing Endpoints  TNS Total Endpoints      WHS(ns)      THS(ns)  THS Failing Endpoints  THS Total Endpoints  
----------    --------          -------      -------  ---------------------  -------------------      -------      -------  ---------------------  -------------------  


------------------------------------------------------------------------------------------------
| Other Path Groups Table
| -----------------------
------------------------------------------------------------------------------------------------

Path Group    From Clock    To Clock          WNS(ns)      TNS(ns)  TNS Failing Endpoints  TNS Total Endpoints      WHS(ns)      THS(ns)  THS Failing Endpoints  THS Total Endpoints  
----------    ----------    --------          -------      -------  ---------------------  -------------------      -------      -------  ---------------------  -------------------  


------------------------------------------------------------------------------------------------
| Timing Details
| --------------
------------------------------------------------------------------------------------------------


---------------------------------------------------------------------------------------------------
From Clock:  rvv_clock
  To Clock:  rvv_clock

Setup :            0  Failing Endpoints,  Worst Slack        0.221ns,  Total Violation        0.000ns
Hold  :            0  Failing Endpoints,  Worst Slack        0.050ns,  Total Violation        0.000ns
PW    :            0  Failing Endpoints,  Worst Slack        4.020ns,  Total Violation        0.000ns
---------------------------------------------------------------------------------------------------


Max Delay Paths
--------------------------------------------------------------------------------------
Slack (MET) :             0.221ns  (required time - arrival time)
  Source:                 alu/alu/row_reg[2]/C
                            (rising edge-triggered cell FDRE clocked by rvv_clock  {rise@0.000ns fall@5.000ns period=10.000ns})
  Destination:            vrf/banks_3_0/memory_reg_4/ENARDEN
                            (rising edge-triggered cell RAMB36E2 clocked by rvv_clock  {rise@0.000ns fall@5.000ns period=10.000ns})
  Path Group:             rvv_clock
  Path Type:              Setup (Max at Slow Process Corner)
  Requirement:            10.000ns  (rvv_clock rise@10.000ns - rvv_clock rise@0.000ns)
  Data Path Delay:        9.282ns  (logic 2.460ns (26.503%)  route 6.822ns (73.497%))
  Logic Levels:           18  (CARRY8=2 LUT3=2 LUT5=2 LUT6=10 MUXF7=2)
  Clock Uncertainty:      0.035ns  ((TSJ^2 + TIJ^2)^1/2 + DJ) / 2 + PE
    Total System Jitter     (TSJ):    0.071ns
    Total Input Jitter      (TIJ):    0.000ns
    Discrete Jitter          (DJ):    0.000ns
    Phase Error              (PE):    0.000ns

    Location             Delay type                Incr(ns)  Path(ns)    Netlist Resource(s)
  -------------------------------------------------------------------    -------------------
                         (clock rvv_clock rise edge)
                                                      0.000     0.000 r  
                                                      0.000     0.000 r  clock (IN)
                         net (fo=32551, unset)        0.000     0.000    alu/alu/clock
    SLICE_X13Y208        FDRE                                         r  alu/alu/row_reg[2]/C
  -------------------------------------------------------------------    -------------------
    SLICE_X13Y208        FDRE (Prop_EFF2_SLICEM_C_Q)
                                                      0.116     0.116 r  alu/alu/row_reg[2]/Q
                         net (fo=36, routed)          0.305     0.421    alu/alu/_GEN_5[8]
    SLICE_X13Y208        LUT6 (Prop_A6LUT_SLICEM_I3_O)
                                                      0.190     0.611 r  alu/alu/tokens_2_enables_reg[32]_srl2_i_41/O
                         net (fo=124, routed)         0.489     1.100    vrf/tokens_2_enables_reg[59]_srl2_i_36_0
    SLICE_X13Y216        MUXF7 (Prop_F7MUX_CD_SLICEM_S_O)
                                                      0.095     1.195 r  vrf/tokens_2_enables_reg[55]_srl2_i_76/O
                         net (fo=4, routed)           0.452     1.647    vrf/tokens_2_enables_reg[55]_srl2_i_76_n_0
    SLICE_X13Y211        LUT6 (Prop_B6LUT_SLICEM_I5_O)
                                                      0.136     1.783 r  vrf/tokens_2_enables_reg[31]_srl2_i_33/O
                         net (fo=1, routed)           0.000     1.783    vrf/tokens_2_enables_reg[31]_srl2_i_33_n_0
    SLICE_X13Y211        MUXF7 (Prop_F7MUX_AB_SLICEM_I0_O)
                                                      0.068     1.851 r  vrf/tokens_2_enables_reg[31]_srl2_i_28/O
                         net (fo=3, routed)           0.499     2.350    vrf/tokens_2_enables_reg[31]_srl2_i_28_n_0
    SLICE_X13Y203        LUT6 (Prop_F6LUT_SLICEM_I1_O)
                                                      0.178     2.528 r  vrf/tokens_2_enables_reg[25]_srl2_i_17/O
                         net (fo=2, routed)           0.280     2.808    alu/alu/tokens_2_enables_reg[25]_srl2_i_1_1
    SLICE_X10Y202        LUT6 (Prop_D6LUT_SLICEM_I5_O)
                                                      0.191     2.999 r  alu/alu/tokens_2_enables_reg[24]_srl2_i_2/O
                         net (fo=2, routed)           0.351     3.350    alu/alu/p_0_in180_in
    SLICE_X8Y204         LUT6 (Prop_A6LUT_SLICEL_I3_O)
                                                      0.040     3.390 r  alu/alu/macDataBase_r[0]_i_19/O
                         net (fo=1, routed)           0.000     3.390    alu/alu/macDataBase_r[0]_i_19_n_0
    SLICE_X8Y204         CARRY8 (Prop_CARRY8_SLICEL_S[0]_CO[7])
                                                      0.404     3.794 f  alu/alu/macDataBase_r_reg[0]_i_4/CO[7]
                         net (fo=1, routed)           0.027     3.821    alu/alu/macDataBase_r_reg[0]_i_4_n_0
    SLICE_X8Y205         CARRY8 (Prop_CARRY8_SLICEL_CI_CO[5])
                                                      0.114     3.935 f  alu/alu/macDataBase_r_reg[0]_i_3/CO[5]
                         net (fo=35, routed)          0.671     4.606    alu/alu/needsOld
    SLICE_X9Y193         LUT6 (Prop_C6LUT_SLICEL_I0_O)
                                                      0.130     4.736 f  alu/alu/io_counters_rawStall_1_x[63]_i_252/O
                         net (fo=1, routed)           0.218     4.954    alu/alu/io_hazard_reads0[20]
    SLICE_X10Y191        LUT5 (Prop_C6LUT_SLICEM_I0_O)
                                                      0.040     4.994 f  alu/alu/io_counters_rawStall_1_x[63]_i_71/O
                         net (fo=1, routed)           0.316     5.310    sb/io_check_2_reads[20]
    SLICE_X12Y187        LUT6 (Prop_H6LUT_SLICEL_I2_O)
                                                      0.132     5.442 f  sb/io_counters_rawStall_1_x[63]_i_14/O
                         net (fo=1, routed)           0.140     5.582    sb/io_counters_rawStall_1_x[63]_i_14_n_0
    SLICE_X11Y187        LUT6 (Prop_D6LUT_SLICEM_I5_O)
                                                      0.118     5.700 f  sb/io_counters_rawStall_1_x[63]_i_4/O
                         net (fo=1, routed)           0.229     5.929    sb/io_counters_rawStall_1_x[63]_i_4_n_0
    SLICE_X12Y188        LUT6 (Prop_E6LUT_SLICEL_I1_O)
                                                      0.131     6.060 f  sb/io_counters_rawStall_1_x[63]_i_1/O
                         net (fo=65, routed)          0.474     6.534    sb/_sb_io_raw_2
    SLICE_X18Y200        LUT3 (Prop_A6LUT_SLICEM_I0_O)
                                                      0.071     6.605 f  sb/row[5]_i_6/O
                         net (fo=1, routed)           0.217     6.822    alu/alu/io_blocked0
    SLICE_X20Y202        LUT5 (Prop_A6LUT_SLICEM_I4_O)
                                                      0.071     6.893 r  alu/alu/row[5]_i_2__1/O
                         net (fo=22, routed)          0.392     7.285    mac/dot/_alu_io_readProgress_valid
    SLICE_X25Y204        LUT6 (Prop_E6LUT_SLICEL_I5_O)
                                                      0.115     7.400 r  mac/dot/selectedBank_r[1]_i_1/O
                         net (fo=6, routed)           0.254     7.654    mac/dot/reserved_reg[3]_0
    SLICE_X26Y206        LUT3 (Prop_H6LUT_SLICEM_I0_O)
                                                      0.120     7.774 r  mac/dot/memory_reg_0_i_1__2/O
                         net (fo=8, routed)           1.508     9.282    vrf/banks_3_0/readEnable039_out
    RAMB36_X4Y56         RAMB36E2                                     r  vrf/banks_3_0/memory_reg_4/ENARDEN
  -------------------------------------------------------------------    -------------------

                         (clock rvv_clock rise edge)
                                                     10.000    10.000 r  
                                                      0.000    10.000 r  clock (IN)
                         net (fo=32551, unset)        0.000    10.000    vrf/banks_3_0/clock
    RAMB36_X4Y56         RAMB36E2                                     r  vrf/banks_3_0/memory_reg_4/CLKARDCLK
                         clock pessimism              0.000    10.000    
                         clock uncertainty           -0.035     9.965    
    RAMB36_X4Y56         RAMB36E2 (Setup_RAMB36E2_RAMB36_CLKARDCLK_ENARDEN)
                                                     -0.462     9.503    vrf/banks_3_0/memory_reg_4
  -------------------------------------------------------------------
                         required time                          9.503    
                         arrival time                          -9.282    
  -------------------------------------------------------------------
                         slack                                  0.221    





Min Delay Paths
--------------------------------------------------------------------------------------
Slack (MET) :             0.050ns  (arrival time - required time)
  Source:                 mem/bSlots/enq_ptr_value_reg[3]/C
                            (rising edge-triggered cell FDRE clocked by rvv_clock  {rise@0.000ns fall@5.000ns period=10.000ns})
  Destination:            mem/bSlots/ram_ext/Memory_reg_0_15_0_3/RAMA/WADR3
                            (rising edge-triggered cell RAMD32 clocked by rvv_clock  {rise@0.000ns fall@5.000ns period=10.000ns})
  Path Group:             rvv_clock
  Path Type:              Hold (Min at Fast Process Corner)
  Requirement:            0.000ns  (rvv_clock rise@0.000ns - rvv_clock rise@0.000ns)
  Data Path Delay:        0.125ns  (logic 0.048ns (38.400%)  route 0.077ns (61.600%))
  Logic Levels:           0  

    Location             Delay type                Incr(ns)  Path(ns)    Netlist Resource(s)
  -------------------------------------------------------------------    -------------------
                         (clock rvv_clock rise edge)
                                                      0.000     0.000 r  
                                                      0.000     0.000 r  clock (IN)
                         net (fo=32551, unset)        0.000     0.000    mem/bSlots/clock
    SLICE_X9Y124         FDRE                                         r  mem/bSlots/enq_ptr_value_reg[3]/C
  -------------------------------------------------------------------    -------------------
    SLICE_X9Y124         FDRE (Prop_GFF2_SLICEL_C_Q)
                                                      0.048     0.048 r  mem/bSlots/enq_ptr_value_reg[3]/Q
                         net (fo=10, routed)          0.077     0.125    mem/bSlots/ram_ext/Memory_reg_0_15_0_3/ADDRD3
    SLICE_X10Y124        RAMD32                                       r  mem/bSlots/ram_ext/Memory_reg_0_15_0_3/RAMA/WADR3
  -------------------------------------------------------------------    -------------------

                         (clock rvv_clock rise edge)
                                                      0.000     0.000 r  
                                                      0.000     0.000 r  clock (IN)
                         net (fo=32551, unset)        0.000     0.000    mem/bSlots/ram_ext/Memory_reg_0_15_0_3/WCLK
    SLICE_X10Y124        RAMD32                                       r  mem/bSlots/ram_ext/Memory_reg_0_15_0_3/RAMA/CLK
                         clock pessimism              0.000     0.000    
    SLICE_X10Y124        RAMD32 (Hold_E5LUT_SLICEM_CLK_WADR3)
                                                      0.075     0.075    mem/bSlots/ram_ext/Memory_reg_0_15_0_3/RAMA
  -------------------------------------------------------------------
                         required time                         -0.075    
                         arrival time                           0.125    
  -------------------------------------------------------------------
                         slack                                  0.050    





Pulse Width Checks
--------------------------------------------------------------------------------------
Clock Name:         rvv_clock
Waveform(ns):       { 0.000 5.000 }
Period(ns):         10.000
Sources:            { clock }

Check Type        Corner  Lib Pin             Reference Pin  Required(ns)  Actual(ns)  Slack(ns)  Location      Pin
Min Period        n/a     RAMB36E2/CLKARDCLK  n/a            1.961         10.000      8.039      RAMB36_X5Y35  mem/returnBuffer/ram_ext/Memory_reg_0/CLKARDCLK
Low Pulse Width   Slow    RAMB36E2/CLKARDCLK  n/a            0.980         5.000       4.020      RAMB36_X5Y35  mem/returnBuffer/ram_ext/Memory_reg_0/CLKARDCLK
High Pulse Width  Slow    RAMB36E2/CLKARDCLK  n/a            0.980         5.000       4.020      RAMB36_X5Y35  mem/returnBuffer/ram_ext/Memory_reg_0/CLKARDCLK



