Picked up JAVA_TOOL_OPTIONS: -Dhttp.proxyHost=127.0.0.1 -Dhttp.proxyPort=18897 -Dhttps.proxyHost=127.0.0.1 -Dhttps.proxyPort=18897 -XX:ActiveProcessorCount=4 -XX:ActiveProcessorCount=4 -Xmx6g
Picked up JAVA_TOOL_OPTIONS: -Dhttp.proxyHost=127.0.0.1 -Dhttp.proxyPort=18897 -Dhttps.proxyHost=127.0.0.1 -Dhttps.proxyPort=18897 -XX:ActiveProcessorCount=4 -XX:ActiveProcessorCount=4 -Xmx6g
[info] welcome to sbt 1.9.7 (Ubuntu Java 11.0.32.1)
[info] loading project definition from /home/cloud_chen/work/flow-rvv-r04-final-20261007/design/project
[info] loading settings for project root from build.sbt ...
[info] set current project to flow (in build file:/home/cloud_chen/work/flow-rvv-r04-final-20261007/design/)
[info] compiling 5 Scala sources to /home/cloud_chen/work/flow-rvv-r04-final-20261007/design/target/scala-2.13/classes ...
[info] done compiling
[info] compiling 1 Scala source to /home/cloud_chen/work/flow-rvv-r04-final-20261007/design/target/scala-2.13/test-classes ...
[info] done compiling
Picked up JAVA_TOOL_OPTIONS: -Dhttp.proxyHost=127.0.0.1 -Dhttp.proxyPort=18897 -Dhttps.proxyHost=127.0.0.1 -Dhttps.proxyPort=18897 -XX:ActiveProcessorCount=4 -XX:ActiveProcessorCount=4 -Xmx6g
[info] RvvIntegrationSpec:
R02_C3 seed=0 cycles=786
R02_C3 seed=1 cycles=856
R02_C3 seed=2 cycles=876
R02_C3 seed=3 cycles=822
R02_C3 seed=4 cycles=790
R02_C3 seed=5 cycles=826
R02_C3 seed=6 cycles=950
R02_C3 seed=7 cycles=873
R02_C3 seed=8 cycles=801
R02_C3 seed=9 cycles=951
R02_C3 seed=10 cycles=787
R02_C3 seed=11 cycles=938
R02_C3 seed=12 cycles=847
R02_C3 seed=13 cycles=812
R02_C3 seed=14 cycles=1009
R02_C3 seed=15 cycles=895
R02_C3 seed=16 cycles=768
R02_C3 seed=17 cycles=807
R02_C3 seed=18 cycles=813
R02_C3 seed=19 cycles=940
R02_C3 seed=20 cycles=938
R02_C3 seed=21 cycles=1025
R02_C3 seed=22 cycles=1045
R02_C3 seed=23 cycles=971
R02_C3 seed=24 cycles=894
R02_C3 seed=25 cycles=851
R02_C3 seed=26 cycles=788
R02_C3 seed=27 cycles=814
R02_C3 seed=28 cycles=832
R02_C3 seed=29 cycles=818
R02_C3 seed=30 cycles=899
R02_C3 seed=31 cycles=872
R02_C3 seed=32 cycles=831
R02_C3 seed=33 cycles=833
R02_C3 seed=34 cycles=931
R02_C3 seed=35 cycles=805
R02_C3 seed=36 cycles=844
R02_C3 seed=37 cycles=893
R02_C3 seed=38 cycles=880
R02_C3 seed=39 cycles=877
R02_C3 seed=40 cycles=832
R02_C3 seed=41 cycles=858
R02_C3 seed=42 cycles=830
R02_C3 seed=43 cycles=830
R02_C3 seed=44 cycles=839
R02_C3 seed=45 cycles=958
R02_C3 seed=46 cycles=920
R02_C3 seed=47 cycles=841
R02_C3 seed=48 cycles=903
R02_C3 seed=49 cycles=861
R02_C3 seed=50 cycles=818
R02_C3 seed=51 cycles=885
R02_C3 seed=52 cycles=864
R02_C3 seed=53 cycles=829
R02_C3 seed=54 cycles=880
R02_C3 seed=55 cycles=824
R02_C3 seed=56 cycles=876
R02_C3 seed=57 cycles=1049
R02_C3 seed=58 cycles=718
R02_C3 seed=59 cycles=879
R02_C3 seed=60 cycles=836
R02_C3 seed=61 cycles=791
R02_C3 seed=62 cycles=860
R02_C3 seed=63 cycles=884
R02_C3 seed=64 cycles=767
R02_C3 seed=65 cycles=904
R02_C3 seed=66 cycles=809
R02_C3 seed=67 cycles=889
R02_C3 seed=68 cycles=803
R02_C3 seed=69 cycles=859
R02_C3 seed=70 cycles=832
R02_C3 seed=71 cycles=876
R02_C3 seed=72 cycles=873
R02_C3 seed=73 cycles=938
R02_C3 seed=74 cycles=832
R02_C3 seed=75 cycles=870
R02_C3 seed=76 cycles=925
R02_C3 seed=77 cycles=1035
R02_C3 seed=78 cycles=840
R02_C3 seed=79 cycles=933
R02_C3 seed=80 cycles=823
R02_C3 seed=81 cycles=838
R02_C3 seed=82 cycles=837
R02_C3 seed=83 cycles=784
R02_C3 seed=84 cycles=783
R02_C3 seed=85 cycles=944
R02_C3 seed=86 cycles=942
R02_C3 seed=87 cycles=779
R02_C3 seed=88 cycles=868
R02_C3 seed=89 cycles=821
R02_C3 seed=90 cycles=777
R02_C3 seed=91 cycles=891
R02_C3 seed=92 cycles=1111
R02_C3 seed=93 cycles=871
R02_C3 seed=94 cycles=799
R02_C3 seed=95 cycles=852
R02_C3 seed=96 cycles=800
R02_C3 seed=97 cycles=1023
R02_C3 seed=98 cycles=843
R02_C3 seed=99 cycles=824
R02_C3 seed=100 cycles=786
R02_C3 seed=101 cycles=912
R02_C3 seed=102 cycles=815
R02_C3 seed=103 cycles=903
R02_C3 seed=104 cycles=788
R02_C3 seed=105 cycles=797
R02_C3 seed=106 cycles=923
R02_C3 seed=107 cycles=786
R02_C3 seed=108 cycles=878
R02_C3 seed=109 cycles=856
R02_C3 seed=110 cycles=812
R02_C3 seed=111 cycles=792
R02_C3 seed=112 cycles=837
R02_C3 seed=113 cycles=870
R02_C3 seed=114 cycles=844
R02_C3 seed=115 cycles=766
R02_C3 seed=116 cycles=857
R02_C3 seed=117 cycles=856
R02_C3 seed=118 cycles=853
R02_C3 seed=119 cycles=779
R02_C3 seed=120 cycles=878
R02_C3 seed=121 cycles=965
R02_C3 seed=122 cycles=904
R02_C3 seed=123 cycles=828
R02_C3 seed=124 cycles=952
R02_C3 seed=125 cycles=780
R02_C3 seed=126 cycles=782
R02_C3 seed=127 cycles=732
R02_C3 seed=128 cycles=806
R02_C3 seed=129 cycles=884
R02_C3 seed=130 cycles=872
R02_C3 seed=131 cycles=838
R02_C3 seed=132 cycles=804
R02_C3 seed=133 cycles=863
R02_C3 seed=134 cycles=802
R02_C3 seed=135 cycles=834
R02_C3 seed=136 cycles=844
R02_C3 seed=137 cycles=867
R02_C3 seed=138 cycles=845
R02_C3 seed=139 cycles=846
R02_C3 seed=140 cycles=802
R02_C3 seed=141 cycles=812
R02_C3 seed=142 cycles=838
R02_C3 seed=143 cycles=857
R02_C3 seed=144 cycles=938
R02_C3 seed=145 cycles=863
R02_C3 seed=146 cycles=862
R02_C3 seed=147 cycles=808
R02_C3 seed=148 cycles=812
R02_C3 seed=149 cycles=804
R02_C3 seed=150 cycles=926
R02_C3 seed=151 cycles=836
R02_C3 seed=152 cycles=844
R02_C3 seed=153 cycles=1014
R02_C3 seed=154 cycles=824
R02_C3 seed=155 cycles=989
R02_C3 seed=156 cycles=888
R02_C3 seed=157 cycles=809
R02_C3 seed=158 cycles=801
R02_C3 seed=159 cycles=805
R02_C3 seed=160 cycles=890
R02_C3 seed=161 cycles=815
R02_C3 seed=162 cycles=855
R02_C3 seed=163 cycles=819
R02_C3 seed=164 cycles=881
R02_C3 seed=165 cycles=809
R02_C3 seed=166 cycles=870
R02_C3 seed=167 cycles=1019
R02_C3 seed=168 cycles=881
R02_C3 seed=169 cycles=857
R02_C3 seed=170 cycles=901
R02_C3 seed=171 cycles=802
R02_C3 seed=172 cycles=820
R02_C3 seed=173 cycles=850
R02_C3 seed=174 cycles=886
R02_C3 seed=175 cycles=853
R02_C3 seed=176 cycles=898
R02_C3 seed=177 cycles=1020
R02_C3 seed=178 cycles=836
R02_C3 seed=179 cycles=754
R02_C3 seed=180 cycles=853
R02_C3 seed=181 cycles=989
R02_C3 seed=182 cycles=864
R02_C3 seed=183 cycles=814
R02_C3 seed=184 cycles=861
R02_C3 seed=185 cycles=843
R02_C3 seed=186 cycles=858
R02_C3 seed=187 cycles=843
R02_C3 seed=188 cycles=833
R02_C3 seed=189 cycles=802
R02_C3 seed=190 cycles=845
R02_C3 seed=191 cycles=882
R02_C3 seed=192 cycles=880
R02_C3 seed=193 cycles=855
R02_C3 seed=194 cycles=824
R02_C3 seed=195 cycles=986
R02_C3 seed=196 cycles=809
R02_C3 seed=197 cycles=847
R02_C3 seed=198 cycles=891
R02_C3 seed=199 cycles=848
R02_C3 seed=200 cycles=752
R02_C3 seed=201 cycles=855
R02_C3 seed=202 cycles=1061
R02_C3 seed=203 cycles=802
R02_C3 seed=204 cycles=961
R02_C3 seed=205 cycles=903
R02_C3 seed=206 cycles=1000
R02_C3 seed=207 cycles=855
R02_C3 seed=208 cycles=837
R02_C3 seed=209 cycles=883
R02_C3 seed=210 cycles=983
R02_C3 seed=211 cycles=949
R02_C3 seed=212 cycles=872
R02_C3 seed=213 cycles=957
R02_C3 seed=214 cycles=755
R02_C3 seed=215 cycles=843
R02_C3 seed=216 cycles=818
R02_C3 seed=217 cycles=824
R02_C3 seed=218 cycles=891
R02_C3 seed=219 cycles=913
R02_C3 seed=220 cycles=841
R02_C3 seed=221 cycles=931
R02_C3 seed=222 cycles=766
R02_C3 seed=223 cycles=882
R02_C3 seed=224 cycles=882
R02_C3 seed=225 cycles=912
R02_C3 seed=226 cycles=873
R02_C3 seed=227 cycles=818
R02_C3 seed=228 cycles=812
R02_C3 seed=229 cycles=836
R02_C3 seed=230 cycles=795
R02_C3 seed=231 cycles=843
R02_C3 seed=232 cycles=777
R02_C3 seed=233 cycles=791
R02_C3 seed=234 cycles=812
R02_C3 seed=235 cycles=815
R02_C3 seed=236 cycles=849
R02_C3 seed=237 cycles=786
R02_C3 seed=238 cycles=799
R02_C3 seed=239 cycles=770
R02_C3 seed=240 cycles=924
R02_C3 seed=241 cycles=847
R02_C3 seed=242 cycles=796
R02_C3 seed=243 cycles=896
R02_C3 seed=244 cycles=858
R02_C3 seed=245 cycles=797
R02_C3 seed=246 cycles=847
R02_C3 seed=247 cycles=805
R02_C3 seed=248 cycles=951
R02_C3 seed=249 cycles=838
R02_C3 seed=250 cycles=874
R02_C3 seed=251 cycles=908
R02_C3 seed=252 cycles=839
R02_C3 seed=253 cycles=797
R02_C3 seed=254 cycles=815
R02_C3 seed=255 cycles=857
R02_C3 seed=256 cycles=850
R02_C3 seed=257 cycles=863
R02_C3 seed=258 cycles=850
R02_C3 seed=259 cycles=880
R02_C3 seed=260 cycles=937
R02_C3 seed=261 cycles=922
R02_C3 seed=262 cycles=947
R02_C3 seed=263 cycles=785
R02_C3 seed=264 cycles=879
R02_C3 seed=265 cycles=794
R02_C3 seed=266 cycles=911
R02_C3 seed=267 cycles=876
R02_C3 seed=268 cycles=931
R02_C3 seed=269 cycles=1001
R02_C3 seed=270 cycles=853
R02_C3 seed=271 cycles=872
R02_C3 seed=272 cycles=825
R02_C3 seed=273 cycles=1028
R02_C3 seed=274 cycles=833
R02_C3 seed=275 cycles=809
R02_C3 seed=276 cycles=848
R02_C3 seed=277 cycles=948
R02_C3 seed=278 cycles=853
R02_C3 seed=279 cycles=1042
R02_C3 seed=280 cycles=835
R02_C3 seed=281 cycles=957
R02_C3 seed=282 cycles=793
R02_C3 seed=283 cycles=766
R02_C3 seed=284 cycles=915
R02_C3 seed=285 cycles=1029
R02_C3 seed=286 cycles=863
R02_C3 seed=287 cycles=818
R02_C3 seed=288 cycles=753
R02_C3 seed=289 cycles=865
R02_C3 seed=290 cycles=834
R02_C3 seed=291 cycles=857
R02_C3 seed=292 cycles=804
R02_C3 seed=293 cycles=853
R02_C3 seed=294 cycles=838
R02_C3 seed=295 cycles=967
R02_C3 seed=296 cycles=886
R02_C3 seed=297 cycles=890
R02_C3 seed=298 cycles=1004
R02_C3 seed=299 cycles=748
R02_C3 seed=300 cycles=767
R02_C3 seed=301 cycles=915
R02_C3 seed=302 cycles=808
R02_C3 seed=303 cycles=866
R02_C3 seed=304 cycles=805
R02_C3 seed=305 cycles=967
R02_C3 seed=306 cycles=740
R02_C3 seed=307 cycles=855
R02_C3 seed=308 cycles=874
R02_C3 seed=309 cycles=865
R02_C3 seed=310 cycles=788
R02_C3 seed=311 cycles=823
R02_C3 seed=312 cycles=760
R02_C3 seed=313 cycles=928
R02_C3 seed=314 cycles=809
R02_C3 seed=315 cycles=792
R02_C3 seed=316 cycles=792
R02_C3 seed=317 cycles=811
R02_C3 seed=318 cycles=811
R02_C3 seed=319 cycles=1038
R02_C3 seed=320 cycles=894
R02_C3 seed=321 cycles=814
R02_C3 seed=322 cycles=945
R02_C3 seed=323 cycles=836
R02_C3 seed=324 cycles=898
R02_C3 seed=325 cycles=853
R02_C3 seed=326 cycles=885
R02_C3 seed=327 cycles=904
R02_C3 seed=328 cycles=868
R02_C3 seed=329 cycles=818
R02_C3 seed=330 cycles=927
R02_C3 seed=331 cycles=756
R02_C3 seed=332 cycles=828
R02_C3 seed=333 cycles=896
R02_C3 seed=334 cycles=840
R02_C3 seed=335 cycles=908
R02_C3 seed=336 cycles=976
R02_C3 seed=337 cycles=872
R02_C3 seed=338 cycles=871
R02_C3 seed=339 cycles=893
R02_C3 seed=340 cycles=867
R02_C3 seed=341 cycles=814
R02_C3 seed=342 cycles=801
R02_C3 seed=343 cycles=820
R02_C3 seed=344 cycles=803
R02_C3 seed=345 cycles=914
R02_C3 seed=346 cycles=818
R02_C3 seed=347 cycles=857
R02_C3 seed=348 cycles=809
R02_C3 seed=349 cycles=835
R02_C3 seed=350 cycles=785
R02_C3 seed=351 cycles=797
R02_C3 seed=352 cycles=861
R02_C3 seed=353 cycles=834
R02_C3 seed=354 cycles=1037
R02_C3 seed=355 cycles=799
R02_C3 seed=356 cycles=882
R02_C3 seed=357 cycles=806
R02_C3 seed=358 cycles=849
R02_C3 seed=359 cycles=775
R02_C3 seed=360 cycles=884
R02_C3 seed=361 cycles=917
R02_C3 seed=362 cycles=808
R02_C3 seed=363 cycles=987
R02_C3 seed=364 cycles=860
R02_C3 seed=365 cycles=856
R02_C3 seed=366 cycles=918
R02_C3 seed=367 cycles=872
R02_C3 seed=368 cycles=858
R02_C3 seed=369 cycles=782
R02_C3 seed=370 cycles=826
R02_C3 seed=371 cycles=933
R02_C3 seed=372 cycles=859
R02_C3 seed=373 cycles=788
R02_C3 seed=374 cycles=950
R02_C3 seed=375 cycles=902
R02_C3 seed=376 cycles=779
R02_C3 seed=377 cycles=851
R02_C3 seed=378 cycles=939
R02_C3 seed=379 cycles=942
R02_C3 seed=380 cycles=854
R02_C3 seed=381 cycles=834
R02_C3 seed=382 cycles=852
R02_C3 seed=383 cycles=794
R02_C3 seed=384 cycles=978
R02_C3 seed=385 cycles=807
R02_C3 seed=386 cycles=830
R02_C3 seed=387 cycles=879
R02_C3 seed=388 cycles=936
R02_C3 seed=389 cycles=792
R02_C3 seed=390 cycles=850
R02_C3 seed=391 cycles=1003
R02_C3 seed=392 cycles=827
R02_C3 seed=393 cycles=841
R02_C3 seed=394 cycles=866
R02_C3 seed=395 cycles=846
R02_C3 seed=396 cycles=787
R02_C3 seed=397 cycles=778
R02_C3 seed=398 cycles=800
R02_C3 seed=399 cycles=842
R02_C3 seed=400 cycles=817
R02_C3 seed=401 cycles=762
R02_C3 seed=402 cycles=852
R02_C3 seed=403 cycles=845
R02_C3 seed=404 cycles=871
R02_C3 seed=405 cycles=817
R02_C3 seed=406 cycles=885
R02_C3 seed=407 cycles=932
R02_C3 seed=408 cycles=773
R02_C3 seed=409 cycles=777
R02_C3 seed=410 cycles=766
R02_C3 seed=411 cycles=826
R02_C3 seed=412 cycles=964
R02_C3 seed=413 cycles=850
R02_C3 seed=414 cycles=880
R02_C3 seed=415 cycles=922
R02_C3 seed=416 cycles=806
R02_C3 seed=417 cycles=828
R02_C3 seed=418 cycles=910
R02_C3 seed=419 cycles=787
R02_C3 seed=420 cycles=833
R02_C3 seed=421 cycles=846
R02_C3 seed=422 cycles=806
R02_C3 seed=423 cycles=801
R02_C3 seed=424 cycles=926
R02_C3 seed=425 cycles=1162
R02_C3 seed=426 cycles=874
R02_C3 seed=427 cycles=829
R02_C3 seed=428 cycles=817
R02_C3 seed=429 cycles=936
R02_C3 seed=430 cycles=830
R02_C3 seed=431 cycles=944
R02_C3 seed=432 cycles=840
R02_C3 seed=433 cycles=877
R02_C3 seed=434 cycles=811
R02_C3 seed=435 cycles=900
R02_C3 seed=436 cycles=818
R02_C3 seed=437 cycles=900
R02_C3 seed=438 cycles=989
R02_C3 seed=439 cycles=813
R02_C3 seed=440 cycles=792
R02_C3 seed=441 cycles=909
R02_C3 seed=442 cycles=819
R02_C3 seed=443 cycles=843
R02_C3 seed=444 cycles=809
R02_C3 seed=445 cycles=842
R02_C3 seed=446 cycles=868
R02_C3 seed=447 cycles=897
R02_C3 seed=448 cycles=860
R02_C3 seed=449 cycles=816
R02_C3 seed=450 cycles=792
R02_C3 seed=451 cycles=861
R02_C3 seed=452 cycles=870
R02_C3 seed=453 cycles=915
R02_C3 seed=454 cycles=913
R02_C3 seed=455 cycles=975
R02_C3 seed=456 cycles=877
R02_C3 seed=457 cycles=788
R02_C3 seed=458 cycles=831
R02_C3 seed=459 cycles=900
R02_C3 seed=460 cycles=810
R02_C3 seed=461 cycles=883
R02_C3 seed=462 cycles=814
R02_C3 seed=463 cycles=819
R02_C3 seed=464 cycles=853
R02_C3 seed=465 cycles=846
R02_C3 seed=466 cycles=874
R02_C3 seed=467 cycles=846
R02_C3 seed=468 cycles=849
R02_C3 seed=469 cycles=815
R02_C3 seed=470 cycles=895
R02_C3 seed=471 cycles=806
R02_C3 seed=472 cycles=924
R02_C3 seed=473 cycles=809
R02_C3 seed=474 cycles=902
R02_C3 seed=475 cycles=772
R02_C3 seed=476 cycles=834
R02_C3 seed=477 cycles=893
R02_C3 seed=478 cycles=795
R02_C3 seed=479 cycles=853
R02_C3 seed=480 cycles=904
R02_C3 seed=481 cycles=846
R02_C3 seed=482 cycles=850
R02_C3 seed=483 cycles=922
R02_C3 seed=484 cycles=858
R02_C3 seed=485 cycles=831
R02_C3 seed=486 cycles=810
R02_C3 seed=487 cycles=989
R02_C3 seed=488 cycles=957
R02_C3 seed=489 cycles=812
R02_C3 seed=490 cycles=890
R02_C3 seed=491 cycles=947
R02_C3 seed=492 cycles=858
R02_C3 seed=493 cycles=870
R02_C3 seed=494 cycles=864
R02_C3 seed=495 cycles=884
R02_C3 seed=496 cycles=825
R02_C3 seed=497 cycles=854
R02_C3 seed=498 cycles=817
R02_C3 seed=499 cycles=796
R02_C3 seed=500 cycles=908
R02_C3 seed=501 cycles=873
R02_C3 seed=502 cycles=812
R02_C3 seed=503 cycles=931
R02_C3 seed=504 cycles=818
R02_C3 seed=505 cycles=989
R02_C3 seed=506 cycles=916
R02_C3 seed=507 cycles=759
R02_C3 seed=508 cycles=833
R02_C3 seed=509 cycles=807
R02_C3 seed=510 cycles=867
R02_C3 seed=511 cycles=812
R02_C3 seed=512 cycles=747
R02_C3 seed=513 cycles=953
R02_C3 seed=514 cycles=820
R02_C3 seed=515 cycles=886
R02_C3 seed=516 cycles=845
R02_C3 seed=517 cycles=861
R02_C3 seed=518 cycles=847
R02_C3 seed=519 cycles=922
R02_C3 seed=520 cycles=903
R02_C3 seed=521 cycles=768
R02_C3 seed=522 cycles=811
R02_C3 seed=523 cycles=768
R02_C3 seed=524 cycles=964
R02_C3 seed=525 cycles=792
R02_C3 seed=526 cycles=833
R02_C3 seed=527 cycles=825
R02_C3 seed=528 cycles=809
R02_C3 seed=529 cycles=728
R02_C3 seed=530 cycles=784
R02_C3 seed=531 cycles=758
R02_C3 seed=532 cycles=912
R02_C3 seed=533 cycles=844
R02_C3 seed=534 cycles=874
R02_C3 seed=535 cycles=757
R02_C3 seed=536 cycles=816
R02_C3 seed=537 cycles=878
R02_C3 seed=538 cycles=747
R02_C3 seed=539 cycles=921
R02_C3 seed=540 cycles=830
R02_C3 seed=541 cycles=829
R02_C3 seed=542 cycles=886
R02_C3 seed=543 cycles=790
R02_C3 seed=544 cycles=836
R02_C3 seed=545 cycles=892
R02_C3 seed=546 cycles=821
R02_C3 seed=547 cycles=893
R02_C3 seed=548 cycles=830
R02_C3 seed=549 cycles=961
R02_C3 seed=550 cycles=913
R02_C3 seed=551 cycles=789
R02_C3 seed=552 cycles=890
R02_C3 seed=553 cycles=988
R02_C3 seed=554 cycles=975
R02_C3 seed=555 cycles=833
R02_C3 seed=556 cycles=778
R02_C3 seed=557 cycles=800
R02_C3 seed=558 cycles=867
R02_C3 seed=559 cycles=849
R02_C3 seed=560 cycles=888
R02_C3 seed=561 cycles=844
R02_C3 seed=562 cycles=878
R02_C3 seed=563 cycles=804
R02_C3 seed=564 cycles=948
R02_C3 seed=565 cycles=758
R02_C3 seed=566 cycles=946
R02_C3 seed=567 cycles=839
R02_C3 seed=568 cycles=898
R02_C3 seed=569 cycles=827
R02_C3 seed=570 cycles=823
R02_C3 seed=571 cycles=921
R02_C3 seed=572 cycles=875
R02_C3 seed=573 cycles=856
R02_C3 seed=574 cycles=807
R02_C3 seed=575 cycles=792
R02_C3 seed=576 cycles=866
R02_C3 seed=577 cycles=802
R02_C3 seed=578 cycles=884
R02_C3 seed=579 cycles=830
R02_C3 seed=580 cycles=761
R02_C3 seed=581 cycles=892
R02_C3 seed=582 cycles=882
R02_C3 seed=583 cycles=775
R02_C3 seed=584 cycles=923
R02_C3 seed=585 cycles=834
R02_C3 seed=586 cycles=958
R02_C3 seed=587 cycles=886
R02_C3 seed=588 cycles=902
R02_C3 seed=589 cycles=854
R02_C3 seed=590 cycles=886
R02_C3 seed=591 cycles=782
R02_C3 seed=592 cycles=884
R02_C3 seed=593 cycles=814
R02_C3 seed=594 cycles=829
R02_C3 seed=595 cycles=923
R02_C3 seed=596 cycles=822
R02_C3 seed=597 cycles=962
R02_C3 seed=598 cycles=829
R02_C3 seed=599 cycles=903
R02_C3 seed=600 cycles=874
R02_C3 seed=601 cycles=769
R02_C3 seed=602 cycles=814
R02_C3 seed=603 cycles=798
R02_C3 seed=604 cycles=858
R02_C3 seed=605 cycles=946
R02_C3 seed=606 cycles=866
R02_C3 seed=607 cycles=854
R02_C3 seed=608 cycles=772
R02_C3 seed=609 cycles=793
R02_C3 seed=610 cycles=936
R02_C3 seed=611 cycles=894
R02_C3 seed=612 cycles=775
R02_C3 seed=613 cycles=889
R02_C3 seed=614 cycles=914
R02_C3 seed=615 cycles=929
R02_C3 seed=616 cycles=809
R02_C3 seed=617 cycles=749
R02_C3 seed=618 cycles=964
R02_C3 seed=619 cycles=801
R02_C3 seed=620 cycles=794
R02_C3 seed=621 cycles=840
R02_C3 seed=622 cycles=827
R02_C3 seed=623 cycles=778
R02_C3 seed=624 cycles=1085
R02_C3 seed=625 cycles=919
R02_C3 seed=626 cycles=838
R02_C3 seed=627 cycles=861
R02_C3 seed=628 cycles=836
R02_C3 seed=629 cycles=949
R02_C3 seed=630 cycles=815
R02_C3 seed=631 cycles=813
R02_C3 seed=632 cycles=987
R02_C3 seed=633 cycles=965
R02_C3 seed=634 cycles=895
R02_C3 seed=635 cycles=963
R02_C3 seed=636 cycles=781
R02_C3 seed=637 cycles=826
R02_C3 seed=638 cycles=894
R02_C3 seed=639 cycles=811
R02_C3 seed=640 cycles=743
R02_C3 seed=641 cycles=833
R02_C3 seed=642 cycles=826
R02_C3 seed=643 cycles=843
R02_C3 seed=644 cycles=793
R02_C3 seed=645 cycles=907
R02_C3 seed=646 cycles=881
R02_C3 seed=647 cycles=823
R02_C3 seed=648 cycles=859
R02_C3 seed=649 cycles=808
R02_C3 seed=650 cycles=952
R02_C3 seed=651 cycles=859
R02_C3 seed=652 cycles=795
R02_C3 seed=653 cycles=914
R02_C3 seed=654 cycles=879
R02_C3 seed=655 cycles=868
R02_C3 seed=656 cycles=882
R02_C3 seed=657 cycles=803
R02_C3 seed=658 cycles=885
R02_C3 seed=659 cycles=870
R02_C3 seed=660 cycles=945
R02_C3 seed=661 cycles=803
R02_C3 seed=662 cycles=799
R02_C3 seed=663 cycles=868
R02_C3 seed=664 cycles=842
R02_C3 seed=665 cycles=865
R02_C3 seed=666 cycles=905
R02_C3 seed=667 cycles=839
R02_C3 seed=668 cycles=875
R02_C3 seed=669 cycles=905
R02_C3 seed=670 cycles=837
R02_C3 seed=671 cycles=878
R02_C3 seed=672 cycles=811
R02_C3 seed=673 cycles=804
R02_C3 seed=674 cycles=830
R02_C3 seed=675 cycles=944
R02_C3 seed=676 cycles=878
R02_C3 seed=677 cycles=945
R02_C3 seed=678 cycles=808
R02_C3 seed=679 cycles=811
R02_C3 seed=680 cycles=791
R02_C3 seed=681 cycles=869
R02_C3 seed=682 cycles=799
R02_C3 seed=683 cycles=812
R02_C3 seed=684 cycles=936
R02_C3 seed=685 cycles=894
R02_C3 seed=686 cycles=850
R02_C3 seed=687 cycles=808
R02_C3 seed=688 cycles=789
R02_C3 seed=689 cycles=835
R02_C3 seed=690 cycles=780
R02_C3 seed=691 cycles=932
R02_C3 seed=692 cycles=807
R02_C3 seed=693 cycles=810
R02_C3 seed=694 cycles=890
R02_C3 seed=695 cycles=882
R02_C3 seed=696 cycles=789
R02_C3 seed=697 cycles=866
R02_C3 seed=698 cycles=792
R02_C3 seed=699 cycles=879
R02_C3 seed=700 cycles=863
R02_C3 seed=701 cycles=797
R02_C3 seed=702 cycles=809
R02_C3 seed=703 cycles=773
R02_C3 seed=704 cycles=913
R02_C3 seed=705 cycles=760
R02_C3 seed=706 cycles=889
R02_C3 seed=707 cycles=774
R02_C3 seed=708 cycles=791
R02_C3 seed=709 cycles=887
R02_C3 seed=710 cycles=843
R02_C3 seed=711 cycles=839
R02_C3 seed=712 cycles=849
R02_C3 seed=713 cycles=877
R02_C3 seed=714 cycles=866
R02_C3 seed=715 cycles=797
R02_C3 seed=716 cycles=799
R02_C3 seed=717 cycles=840
R02_C3 seed=718 cycles=843
R02_C3 seed=719 cycles=868
R02_C3 seed=720 cycles=941
R02_C3 seed=721 cycles=860
R02_C3 seed=722 cycles=822
R02_C3 seed=723 cycles=745
R02_C3 seed=724 cycles=846
R02_C3 seed=725 cycles=840
R02_C3 seed=726 cycles=749
R02_C3 seed=727 cycles=893
R02_C3 seed=728 cycles=852
R02_C3 seed=729 cycles=893
R02_C3 seed=730 cycles=821
R02_C3 seed=731 cycles=836
R02_C3 seed=732 cycles=797
R02_C3 seed=733 cycles=875
R02_C3 seed=734 cycles=777
R02_C3 seed=735 cycles=1039
R02_C3 seed=736 cycles=814
R02_C3 seed=737 cycles=810
R02_C3 seed=738 cycles=879
R02_C3 seed=739 cycles=816
R02_C3 seed=740 cycles=820
R02_C3 seed=741 cycles=831
R02_C3 seed=742 cycles=815
R02_C3 seed=743 cycles=790
R02_C3 seed=744 cycles=852
R02_C3 seed=745 cycles=913
R02_C3 seed=746 cycles=914
R02_C3 seed=747 cycles=782
R02_C3 seed=748 cycles=813
R02_C3 seed=749 cycles=864
R02_C3 seed=750 cycles=955
R02_C3 seed=751 cycles=750
R02_C3 seed=752 cycles=885
R02_C3 seed=753 cycles=778
R02_C3 seed=754 cycles=861
R02_C3 seed=755 cycles=879
R02_C3 seed=756 cycles=877
R02_C3 seed=757 cycles=908
R02_C3 seed=758 cycles=801
R02_C3 seed=759 cycles=813
R02_C3 seed=760 cycles=838
R02_C3 seed=761 cycles=796
R02_C3 seed=762 cycles=816
R02_C3 seed=763 cycles=796
R02_C3 seed=764 cycles=797
R02_C3 seed=765 cycles=880
R02_C3 seed=766 cycles=906
R02_C3 seed=767 cycles=791
R02_C3 seed=768 cycles=828
R02_C3 seed=769 cycles=983
R02_C3 seed=770 cycles=809
R02_C3 seed=771 cycles=845
R02_C3 seed=772 cycles=1034
R02_C3 seed=773 cycles=838
R02_C3 seed=774 cycles=793
R02_C3 seed=775 cycles=780
R02_C3 seed=776 cycles=1056
R02_C3 seed=777 cycles=793
R02_C3 seed=778 cycles=831
R02_C3 seed=779 cycles=785
R02_C3 seed=780 cycles=846
R02_C3 seed=781 cycles=916
R02_C3 seed=782 cycles=886
R02_C3 seed=783 cycles=913
R02_C3 seed=784 cycles=888
R02_C3 seed=785 cycles=938
R02_C3 seed=786 cycles=807
R02_C3 seed=787 cycles=891
R02_C3 seed=788 cycles=823
R02_C3 seed=789 cycles=960
R02_C3 seed=790 cycles=930
R02_C3 seed=791 cycles=997
R02_C3 seed=792 cycles=812
R02_C3 seed=793 cycles=1018
R02_C3 seed=794 cycles=862
R02_C3 seed=795 cycles=838
R02_C3 seed=796 cycles=842
R02_C3 seed=797 cycles=951
R02_C3 seed=798 cycles=941
R02_C3 seed=799 cycles=913
R02_C3 seed=800 cycles=989
R02_C3 seed=801 cycles=855
R02_C3 seed=802 cycles=830
R02_C3 seed=803 cycles=851
R02_C3 seed=804 cycles=905
R02_C3 seed=805 cycles=825
R02_C3 seed=806 cycles=878
R02_C3 seed=807 cycles=806
R02_C3 seed=808 cycles=962
R02_C3 seed=809 cycles=886
R02_C3 seed=810 cycles=778
R02_C3 seed=811 cycles=806
R02_C3 seed=812 cycles=811
R02_C3 seed=813 cycles=915
R02_C3 seed=814 cycles=893
R02_C3 seed=815 cycles=892
R02_C3 seed=816 cycles=798
R02_C3 seed=817 cycles=887
R02_C3 seed=818 cycles=795
R02_C3 seed=819 cycles=901
R02_C3 seed=820 cycles=914
R02_C3 seed=821 cycles=873
R02_C3 seed=822 cycles=819
R02_C3 seed=823 cycles=892
R02_C3 seed=824 cycles=967
R02_C3 seed=825 cycles=845
R02_C3 seed=826 cycles=794
R02_C3 seed=827 cycles=818
R02_C3 seed=828 cycles=918
R02_C3 seed=829 cycles=838
R02_C3 seed=830 cycles=829
R02_C3 seed=831 cycles=855
R02_C3 seed=832 cycles=1081
R02_C3 seed=833 cycles=862
R02_C3 seed=834 cycles=858
R02_C3 seed=835 cycles=909
R02_C3 seed=836 cycles=786
R02_C3 seed=837 cycles=881
R02_C3 seed=838 cycles=835
R02_C3 seed=839 cycles=989
R02_C3 seed=840 cycles=845
R02_C3 seed=841 cycles=811
R02_C3 seed=842 cycles=819
R02_C3 seed=843 cycles=962
R02_C3 seed=844 cycles=822
R02_C3 seed=845 cycles=836
R02_C3 seed=846 cycles=783
R02_C3 seed=847 cycles=887
R02_C3 seed=848 cycles=796
R02_C3 seed=849 cycles=768
R02_C3 seed=850 cycles=851
R02_C3 seed=851 cycles=847
R02_C3 seed=852 cycles=803
R02_C3 seed=853 cycles=941
R02_C3 seed=854 cycles=841
R02_C3 seed=855 cycles=833
R02_C3 seed=856 cycles=909
R02_C3 seed=857 cycles=802
R02_C3 seed=858 cycles=899
R02_C3 seed=859 cycles=722
R02_C3 seed=860 cycles=831
R02_C3 seed=861 cycles=817
R02_C3 seed=862 cycles=963
R02_C3 seed=863 cycles=938
R02_C3 seed=864 cycles=779
R02_C3 seed=865 cycles=879
R02_C3 seed=866 cycles=944
R02_C3 seed=867 cycles=849
R02_C3 seed=868 cycles=887
R02_C3 seed=869 cycles=849
R02_C3 seed=870 cycles=812
R02_C3 seed=871 cycles=959
R02_C3 seed=872 cycles=967
R02_C3 seed=873 cycles=899
R02_C3 seed=874 cycles=842
R02_C3 seed=875 cycles=958
R02_C3 seed=876 cycles=887
R02_C3 seed=877 cycles=913
R02_C3 seed=878 cycles=940
R02_C3 seed=879 cycles=848
R02_C3 seed=880 cycles=783
R02_C3 seed=881 cycles=830
R02_C3 seed=882 cycles=818
R02_C3 seed=883 cycles=795
R02_C3 seed=884 cycles=811
R02_C3 seed=885 cycles=921
R02_C3 seed=886 cycles=956
R02_C3 seed=887 cycles=890
R02_C3 seed=888 cycles=793
R02_C3 seed=889 cycles=827
R02_C3 seed=890 cycles=881
R02_C3 seed=891 cycles=834
R02_C3 seed=892 cycles=841
R02_C3 seed=893 cycles=739
R02_C3 seed=894 cycles=802
R02_C3 seed=895 cycles=942
R02_C3 seed=896 cycles=864
R02_C3 seed=897 cycles=853
R02_C3 seed=898 cycles=774
R02_C3 seed=899 cycles=883
R02_C3 seed=900 cycles=831
R02_C3 seed=901 cycles=856
R02_C3 seed=902 cycles=842
R02_C3 seed=903 cycles=795
R02_C3 seed=904 cycles=907
R02_C3 seed=905 cycles=892
R02_C3 seed=906 cycles=788
R02_C3 seed=907 cycles=993
R02_C3 seed=908 cycles=840
R02_C3 seed=909 cycles=1039
R02_C3 seed=910 cycles=862
R02_C3 seed=911 cycles=852
R02_C3 seed=912 cycles=823
R02_C3 seed=913 cycles=956
R02_C3 seed=914 cycles=819
R02_C3 seed=915 cycles=854
R02_C3 seed=916 cycles=941
R02_C3 seed=917 cycles=814
R02_C3 seed=918 cycles=1090
R02_C3 seed=919 cycles=809
R02_C3 seed=920 cycles=933
R02_C3 seed=921 cycles=966
R02_C3 seed=922 cycles=887
R02_C3 seed=923 cycles=826
R02_C3 seed=924 cycles=811
R02_C3 seed=925 cycles=812
R02_C3 seed=926 cycles=902
R02_C3 seed=927 cycles=852
R02_C3 seed=928 cycles=891
R02_C3 seed=929 cycles=875
R02_C3 seed=930 cycles=818
R02_C3 seed=931 cycles=868
R02_C3 seed=932 cycles=822
R02_C3 seed=933 cycles=818
R02_C3 seed=934 cycles=1055
R02_C3 seed=935 cycles=847
R02_C3 seed=936 cycles=780
R02_C3 seed=937 cycles=869
R02_C3 seed=938 cycles=795
R02_C3 seed=939 cycles=859
R02_C3 seed=940 cycles=884
R02_C3 seed=941 cycles=837
R02_C3 seed=942 cycles=831
R02_C3 seed=943 cycles=779
R02_C3 seed=944 cycles=864
R02_C3 seed=945 cycles=884
R02_C3 seed=946 cycles=886
R02_C3 seed=947 cycles=814
R02_C3 seed=948 cycles=891
R02_C3 seed=949 cycles=790
R02_C3 seed=950 cycles=899
R02_C3 seed=951 cycles=837
R02_C3 seed=952 cycles=817
R02_C3 seed=953 cycles=910
R02_C3 seed=954 cycles=840
R02_C3 seed=955 cycles=880
R02_C3 seed=956 cycles=920
R02_C3 seed=957 cycles=782
R02_C3 seed=958 cycles=891
R02_C3 seed=959 cycles=973
R02_C3 seed=960 cycles=908
R02_C3 seed=961 cycles=826
R02_C3 seed=962 cycles=826
R02_C3 seed=963 cycles=810
R02_C3 seed=964 cycles=863
R02_C3 seed=965 cycles=934
R02_C3 seed=966 cycles=965
R02_C3 seed=967 cycles=886
R02_C3 seed=968 cycles=870
R02_C3 seed=969 cycles=893
R02_C3 seed=970 cycles=817
R02_C3 seed=971 cycles=771
R02_C3 seed=972 cycles=823
R02_C3 seed=973 cycles=835
R02_C3 seed=974 cycles=931
R02_C3 seed=975 cycles=847
R02_C3 seed=976 cycles=977
R02_C3 seed=977 cycles=829
R02_C3 seed=978 cycles=952
R02_C3 seed=979 cycles=791
R02_C3 seed=980 cycles=838
R02_C3 seed=981 cycles=832
R02_C3 seed=982 cycles=781
R02_C3 seed=983 cycles=883
R02_C3 seed=984 cycles=834
R02_C3 seed=985 cycles=939
R02_C3 seed=986 cycles=814
R02_C3 seed=987 cycles=912
R02_C3 seed=988 cycles=771
R02_C3 seed=989 cycles=856
R02_C3 seed=990 cycles=786
R02_C3 seed=991 cycles=885
R02_C3 seed=992 cycles=790
R02_C3 seed=993 cycles=833
R02_C3 seed=994 cycles=749
R02_C3 seed=995 cycles=951
R02_C3 seed=996 cycles=822
R02_C3 seed=997 cycles=906
R02_C3 seed=998 cycles=849
R02_C3 seed=999 cycles=822
[info] - C3 1000 independently executed Spike random instruction seeds
[info] Run completed in 4 minutes, 43 seconds.
[info] Total number of tests run: 1
[info] Suites: completed 1, aborted 0
[info] Tests: succeeded 1, failed 0, canceled 0, ignored 0, pending 0
[info] All tests passed.
[success] Total time: 291 s (04:51), completed Oct 7, 2026, 6:59:06 PM
