Copyright 1986-2022 Xilinx, Inc. All Rights Reserved.
------------------------------------------------------------------------------------
| Tool Version : Vivado v.2022.2 (lin64) Build 3671981 Fri Oct 14 04:59:54 MDT 2022
| Date         : Fri Sep 11 10:19:32 2026
| Host         : chen-System-Product-Name running 64-bit Ubuntu 24.04.4 LTS
| Command      : report_utilization -file xilinx_kcu105_utilization_place.rpt
| Design       : xilinx_kcu105
| Device       : xcku040-ffva1156-2-e
| Speed File   : -2
| Design State : Physopt postPlace
------------------------------------------------------------------------------------

Utilization Design Information

Table of Contents
-----------------
1. CLB Logic
1.1 Summary of Registers by Type
2. CLB Logic Distribution
3. BLOCKRAM
4. ARITHMETIC
5. I/O
6. CLOCK
7. ADVANCED
8. CONFIGURATION
9. Primitives
10. Black Boxes
11. Instantiated Netlists

1. CLB Logic
------------

+----------------------------+-------+-------+------------+-----------+-------+
|          Site Type         |  Used | Fixed | Prohibited | Available | Util% |
+----------------------------+-------+-------+------------+-----------+-------+
| CLB LUTs                   | 57351 |     0 |          0 |    242400 | 23.66 |
|   LUT as Logic             | 54821 |     0 |          0 |    242400 | 22.62 |
|   LUT as Memory            |  2530 |     0 |          0 |    112800 |  2.24 |
|     LUT as Distributed RAM |  1092 |     0 |            |           |       |
|     LUT as Shift Register  |  1438 |     0 |            |           |       |
| CLB Registers              | 39516 |     0 |          0 |    484800 |  8.15 |
|   Register as Flip Flop    | 39516 |     0 |          0 |    484800 |  8.15 |
|   Register as Latch        |     0 |     0 |          0 |    484800 |  0.00 |
| CARRY8                     |  1451 |     0 |          0 |     30300 |  4.79 |
| F7 Muxes                   |  1907 |     0 |          0 |    121200 |  1.57 |
| F8 Muxes                   |   440 |     0 |          0 |     60600 |  0.73 |
| F9 Muxes                   |     0 |     0 |          0 |     30300 |  0.00 |
+----------------------------+-------+-------+------------+-----------+-------+
* Warning! LUT value is adjusted to account for LUT combining.


1.1 Summary of Registers by Type
--------------------------------

+-------+--------------+-------------+--------------+
| Total | Clock Enable | Synchronous | Asynchronous |
+-------+--------------+-------------+--------------+
| 0     |            _ |           - |            - |
| 0     |            _ |           - |          Set |
| 0     |            _ |           - |        Reset |
| 0     |            _ |         Set |            - |
| 0     |            _ |       Reset |            - |
| 0     |          Yes |           - |            - |
| 46    |          Yes |           - |          Set |
| 2262  |          Yes |           - |        Reset |
| 1019  |          Yes |         Set |            - |
| 36189 |          Yes |       Reset |            - |
+-------+--------------+-------------+--------------+


2. CLB Logic Distribution
-------------------------

+--------------------------------------------+-------+-------+------------+-----------+-------+
|                  Site Type                 |  Used | Fixed | Prohibited | Available | Util% |
+--------------------------------------------+-------+-------+------------+-----------+-------+
| CLB                                        | 12573 |     0 |          0 |     30300 | 41.50 |
|   CLBL                                     |  6129 |     0 |            |           |       |
|   CLBM                                     |  6444 |     0 |            |           |       |
| LUT as Logic                               | 54821 |     0 |          0 |    242400 | 22.62 |
|   using O5 output only                     |   866 |       |            |           |       |
|   using O6 output only                     | 46889 |       |            |           |       |
|   using O5 and O6                          |  7066 |       |            |           |       |
| LUT as Memory                              |  2530 |     0 |          0 |    112800 |  2.24 |
|   LUT as Distributed RAM                   |  1092 |     0 |            |           |       |
|     using O5 output only                   |     0 |       |            |           |       |
|     using O6 output only                   |   608 |       |            |           |       |
|     using O5 and O6                        |   484 |       |            |           |       |
|   LUT as Shift Register                    |  1438 |     0 |            |           |       |
|     using O5 output only                   |     0 |       |            |           |       |
|     using O6 output only                   |    86 |       |            |           |       |
|     using O5 and O6                        |  1352 |       |            |           |       |
| CLB Registers                              | 39516 |     0 |          0 |    484800 |  8.15 |
|   Register driven from within the CLB      | 16178 |       |            |           |       |
|   Register driven from outside the CLB     | 23338 |       |            |           |       |
|     LUT in front of the register is unused | 13718 |       |            |           |       |
|     LUT in front of the register is used   |  9620 |       |            |           |       |
| Unique Control Sets                        |  1220 |       |          0 |     60600 |  2.01 |
+--------------------------------------------+-------+-------+------------+-----------+-------+
* * Note: Available Control Sets calculated as Slices * 2, Review the Control Sets Report for more information regarding control sets.


3. BLOCKRAM
-----------

+-------------------+-------+-------+------------+-----------+-------+
|     Site Type     |  Used | Fixed | Prohibited | Available | Util% |
+-------------------+-------+-------+------------+-----------+-------+
| Block RAM Tile    | 222.5 |     0 |          0 |       600 | 37.08 |
|   RAMB36/FIFO*    |   222 |     0 |          0 |       600 | 37.00 |
|     RAMB36E2 only |   222 |       |            |           |       |
|   RAMB18          |     1 |     0 |          0 |      1200 |  0.08 |
|     RAMB18E2 only |     1 |       |            |           |       |
+-------------------+-------+-------+------------+-----------+-------+
* Note: Each Block RAM Tile only has one FIFO logic available and therefore can accommodate only one FIFO36E2 or one FIFO18E2. However, if a FIFO18E2 occupies a Block RAM Tile, that tile can still accommodate a RAMB18E2


4. ARITHMETIC
-------------

+----------------+------+-------+------------+-----------+-------+
|    Site Type   | Used | Fixed | Prohibited | Available | Util% |
+----------------+------+-------+------------+-----------+-------+
| DSPs           |   11 |     0 |          0 |      1920 |  0.57 |
|   DSP48E2 only |   11 |       |            |           |       |
+----------------+------+-------+------------+-----------+-------+


5. I/O
------

+------------------+------+-------+------------+-----------+-------+
|     Site Type    | Used | Fixed | Prohibited | Available | Util% |
+------------------+------+-------+------------+-----------+-------+
| Bonded IOB       |  120 |   120 |          0 |       520 | 23.08 |
| HPIOB            |  117 |   117 |          0 |       416 | 28.13 |
|   INPUT          |    2 |       |            |           |       |
|   OUTPUT         |   35 |       |            |           |       |
|   BIDIR          |   80 |       |            |           |       |
| HRIO             |    3 |     3 |          0 |       104 |  2.88 |
|   INPUT          |    2 |       |            |           |       |
|   OUTPUT         |    1 |       |            |           |       |
|   BIDIR          |    0 |       |            |           |       |
| HPIOBDIFFINBUF   |    9 |     9 |          0 |       192 |  4.69 |
|   DIFFINBUF      |    9 |     9 |            |           |       |
| HPIOBDIFFOUTBUF  |    0 |     0 |          0 |       192 |  0.00 |
| HRIODIFFINBUF    |    0 |     0 |          0 |        48 |  0.00 |
| HRIODIFFOUTBUF   |    0 |     0 |          0 |        48 |  0.00 |
| BITSLICE_CONTROL |   22 |     0 |          0 |        80 | 27.50 |
| BITSLICE_RX_TX   |  340 |   340 |          0 |      3120 | 10.90 |
|   IDELAY         |   64 |    64 |            |           |       |
|   ODELAY         |  106 |   106 |            |           |       |
|   ISERDES        |   64 |    64 |            |           |       |
|   OSERDES        |  106 |   106 |            |           |       |
| BITSLICE_TX      |    0 |     0 |          0 |        80 |  0.00 |
| RIU_OR           |    0 |     0 |          0 |        40 |  0.00 |
+------------------+------+-------+------------+-----------+-------+


6. CLOCK
--------

+----------------------+------+-------+------------+-----------+-------+
|       Site Type      | Used | Fixed | Prohibited | Available | Util% |
+----------------------+------+-------+------------+-----------+-------+
| GLOBAL CLOCK BUFFERs |    6 |     0 |          0 |       480 |  1.25 |
|   BUFGCE             |    5 |     0 |          0 |       240 |  2.08 |
|   BUFGCE_DIV         |    1 |     0 |          0 |        40 |  2.50 |
|   BUFG_GT            |    0 |     0 |          0 |       120 |  0.00 |
|   BUFGCTRL*          |    0 |     0 |          0 |        80 |  0.00 |
| PLLE3_ADV            |    0 |     0 |          0 |        20 |  0.00 |
| MMCME3_ADV           |    1 |     0 |          0 |        10 | 10.00 |
+----------------------+------+-------+------------+-----------+-------+
* Note: Each used BUFGCTRL counts as two GLOBAL CLOCK BUFFERs. This table does not include global clocking resources, only buffer cell usage. See the Clock Utilization Report (report_clock_utilization) for detailed accounting of global clocking resource availability.


7. ADVANCED
-----------

+-----------------+------+-------+------------+-----------+-------+
|    Site Type    | Used | Fixed | Prohibited | Available | Util% |
+-----------------+------+-------+------------+-----------+-------+
| GTHE3_CHANNEL   |    0 |     0 |          0 |        20 |  0.00 |
| GTHE3_COMMON    |    0 |     0 |          0 |         5 |  0.00 |
| IBUFDS_GTE3     |    0 |     0 |          0 |        10 |  0.00 |
| OBUFDS_GTE3     |    0 |     0 |          0 |        10 |  0.00 |
| OBUFDS_GTE3_ADV |    0 |     0 |          0 |        10 |  0.00 |
| PCIE_3_1        |    0 |     0 |          0 |         3 |  0.00 |
| SYSMONE1        |    0 |     0 |          0 |         1 |  0.00 |
+-----------------+------+-------+------------+-----------+-------+


8. CONFIGURATION
----------------

+-------------+------+-------+------------+-----------+-------+
|  Site Type  | Used | Fixed | Prohibited | Available | Util% |
+-------------+------+-------+------------+-----------+-------+
| BSCANE2     |    1 |     0 |          0 |         4 | 25.00 |
| DNA_PORTE2  |    0 |     0 |          0 |         1 |  0.00 |
| EFUSE_USR   |    0 |     0 |          0 |         1 |  0.00 |
| FRAME_ECCE3 |    0 |     0 |          0 |         1 |  0.00 |
| ICAPE3      |    0 |     0 |          0 |         2 |  0.00 |
| MASTER_JTAG |    0 |     0 |          0 |         1 |  0.00 |
| STARTUPE3   |    0 |     0 |          0 |         1 |  0.00 |
+-------------+------+-------+------------+-----------+-------+


9. Primitives
-------------

+-------------+-------+---------------------+
|   Ref Name  |  Used | Functional Category |
+-------------+-------+---------------------+
| FDRE        | 36189 |            Register |
| LUT6        | 23102 |                 CLB |
| LUT5        | 14145 |                 CLB |
| LUT3        |  9683 |                 CLB |
| LUT4        |  7451 |                 CLB |
| LUT2        |  6556 |                 CLB |
| FDCE        |  2262 |            Register |
| SRL16E      |  1961 |                 CLB |
| MUXF7       |  1907 |                 CLB |
| CARRY8      |  1451 |                 CLB |
| FDSE        |  1019 |            Register |
| LUT1        |   950 |                 CLB |
| RAMD32      |   848 |                 CLB |
| SRLC32E     |   827 |                 CLB |
| RAMD64E     |   608 |                 CLB |
| MUXF8       |   440 |                 CLB |
| RAMB36E2    |   222 |            BLOCKRAM |
| RAMS32      |   120 |                 CLB |
| OSERDESE3   |   106 |                 I/O |
| ODELAYE3    |   106 |                 I/O |
| IBUFCTRL    |    75 |              Others |
| INBUF       |    66 |                 I/O |
| OBUFT       |    64 |                 I/O |
| ISERDESE3   |    64 |                 I/O |
| IDELAYE3    |    64 |                 I/O |
| FDPE        |    46 |            Register |
| OBUF        |    36 |                 I/O |
| IDELAYCTRL  |    22 |                 I/O |
| OBUFT_DCIEN |    16 |                 I/O |
| DSP48E2     |    11 |          Arithmetic |
| INV         |     9 |                 CLB |
| DIFFINBUF   |     9 |                 I/O |
| BUFGCE      |     5 |               Clock |
| SRLC16E     |     2 |                 CLB |
| RAMB18E2    |     1 |            BLOCKRAM |
| MMCME3_ADV  |     1 |               Clock |
| BUFGCE_DIV  |     1 |               Clock |
| BSCANE2     |     1 |       Configuration |
+-------------+-------+---------------------+


10. Black Boxes
---------------

+----------+------+
| Ref Name | Used |
+----------+------+


11. Instantiated Netlists
-------------------------

+------------+------+
|  Ref Name  | Used |
+------------+------+
| dbg_hub    |    1 |
| breeze_ila |    1 |
+------------+------+


