Copyright 1986-2022 Xilinx, Inc. All Rights Reserved.
-------------------------------------------------------------------------------------------------------------------------------------
| Tool Version : Vivado v.2022.2 (lin64) Build 3671981 Fri Oct 14 04:59:54 MDT 2022
| Date         : Wed Oct  7 18:58:48 2026
| Host         : chen-System-Product-Name running 64-bit Ubuntu 24.04.4 LTS
| Command      : report_utilization -hierarchical -file /home/chen/FUN/flow-r04-evidence/age/s2/reports/utilization-hierarchical.rpt
| Design       : RvvCoprocessor
| Device       : xcku040-ffva1156-2-e
| Speed File   : -2
| Design State : Routed
-------------------------------------------------------------------------------------------------------------------------------------

Utilization Design Information

Table of Contents
-----------------
1. Utilization by Hierarchy

1. Utilization by Hierarchy
---------------------------

+----------------------+---------------------------+------------+------------+---------+------+-------+--------+--------+------+------------+
|       Instance       |           Module          | Total LUTs | Logic LUTs | LUTRAMs | SRLs |  FFs  | RAMB36 | RAMB18 | URAM | DSP Blocks |
+----------------------+---------------------------+------------+------------+---------+------+-------+--------+--------+------+------------+
| RvvCoprocessor       |                     (top) |      58333 |      54547 |    3609 |  177 | 23413 |    199 |      1 |    0 |        154 |
|   (RvvCoprocessor)   |                     (top) |       2214 |       2214 |       0 |    0 |  1327 |      0 |      0 |    0 |          0 |
|   alu                |       RvvIntegerSequencer |      11221 |       8728 |    2392 |  101 |  2810 |      0 |      0 |    0 |          0 |
|     alu              |            RvvAluPipeline |      11221 |       8728 |    2392 |  101 |  2810 |      0 |      0 |    0 |          0 |
|       (alu)          |            RvvAluPipeline |       1794 |       1693 |       0 |  101 |  2795 |      0 |      0 |    0 |          0 |
|       cacheData_ext  |          cacheData_32x512 |       9019 |       6971 |    2048 |    0 |     0 |      0 |      0 |    0 |          0 |
|       out            |             Queue8_Result |        409 |         65 |     344 |    0 |    15 |      0 |      0 |    0 |          0 |
|         (out)        |             Queue8_Result |         15 |         15 |       0 |    0 |    15 |      0 |      0 |    0 |          0 |
|         ram_ext      |                 ram_8x600 |        394 |         50 |     344 |    0 |     0 |      0 |      0 |    0 |          0 |
|   cross_0            |     RvvCrossLaneSequencer |         59 |         59 |       0 |    0 |    99 |      0 |      0 |    0 |          0 |
|   front              |               RvvFrontend |       5802 |       5558 |     244 |    0 |  4169 |      0 |      0 |    0 |          0 |
|     (front)          |               RvvFrontend |       4194 |       4194 |       0 |    0 |  4137 |      0 |      0 |    0 |          0 |
|     requests         |            RvvLutramQueue |       1183 |       1067 |     116 |    0 |    16 |      0 |      0 |    0 |          0 |
|       (requests)     |            RvvLutramQueue |         22 |         22 |       0 |    0 |    16 |      0 |      0 |    0 |          0 |
|       ram            |      RvvDistributedRam_29 |       1162 |       1046 |     116 |    0 |     0 |      0 |      0 |    0 |          0 |
|     viq              |         RvvLutramQueue_28 |        425 |        297 |     128 |    0 |    16 |      0 |      0 |    0 |          0 |
|       (viq)          |         RvvLutramQueue_28 |         12 |         12 |       0 |    0 |    16 |      0 |      0 |    0 |          0 |
|       ram            |         RvvDistributedRam |        413 |        285 |     128 |    0 |     0 |      0 |      0 |    0 |          0 |
|   mac                |     RvvIntegerSequencer_1 |      15168 |      14485 |     607 |   76 |  8509 |      0 |      0 |    0 |        154 |
|     dot              |            RvvDotPipeline |       8124 |       7441 |     607 |   76 |  2645 |      0 |      0 |    0 |         64 |
|       (dot)          |            RvvDotPipeline |       3649 |       3573 |       0 |   76 |  2628 |      0 |      0 |    0 |         64 |
|       cacheData_ext  |        cacheData_32x512_0 |       1432 |       1169 |     263 |    0 |     0 |      0 |      0 |    0 |          0 |
|       out            |            Queue16_Result |       3044 |       2700 |     344 |    0 |    17 |      0 |      0 |    0 |          0 |
|         (out)        |            Queue16_Result |         17 |         17 |       0 |    0 |    17 |      0 |      0 |    0 |          0 |
|         ram_ext      |                ram_16x600 |       3027 |       2683 |     344 |    0 |     0 |      0 |      0 |    0 |          0 |
|     legacy           | RvvLegacyIntegerSequencer |       7044 |       7044 |       0 |    0 |  5864 |      0 |      0 |    0 |         90 |
|   mem                |              RvvLoadStore |       8970 |       8838 |     132 |    0 |  2364 |      7 |      1 |    0 |          0 |
|     (mem)            |              RvvLoadStore |       6142 |       6142 |       0 |    0 |  2321 |      0 |      0 |    0 |          0 |
|     bSlots           |             Queue16_UInt4 |        184 |        180 |       4 |    0 |     9 |      0 |      0 |    0 |          0 |
|       (bSlots)       |             Queue16_UInt4 |         54 |         54 |       0 |    0 |     9 |      0 |      0 |    0 |          0 |
|       ram_ext        |                  ram_16x4 |        130 |        126 |       4 |    0 |     0 |      0 |      0 |    0 |          0 |
|     bursts           |            Queue256_Burst |        881 |        753 |     128 |    0 |    17 |      0 |      0 |    0 |          0 |
|       (bursts)       |            Queue256_Burst |        252 |        252 |       0 |    0 |    17 |      0 |      0 |    0 |          0 |
|       ram_ext        |                ram_256x26 |        629 |        501 |     128 |    0 |     0 |      0 |      0 |    0 |          0 |
|     returnBuffer     |       Queue256_ReturnBeat |       1783 |       1783 |       0 |    0 |    17 |      7 |      1 |    0 |          0 |
|       (returnBuffer) |       Queue256_ReturnBeat |         36 |         36 |       0 |    0 |    17 |      0 |      0 |    0 |          0 |
|       ram_ext        |               ram_256x529 |       1747 |       1747 |       0 |    0 |     0 |      7 |      1 |    0 |          0 |
|   queues_0           |      Queue4_RvvDescriptor |         63 |         55 |       8 |    0 |     5 |      0 |      0 |    0 |          0 |
|     (queues_0)       |      Queue4_RvvDescriptor |          7 |          7 |       0 |    0 |     5 |      0 |      0 |    0 |          0 |
|     ram_ext          |                  ram_4x12 |         56 |         48 |       8 |    0 |     0 |      0 |      0 |    0 |          0 |
|   queues_1           |      Queue2_RvvDescriptor |        110 |          6 |     104 |    0 |     3 |      0 |      0 |    0 |          0 |
|     (queues_1)       |      Queue2_RvvDescriptor |          5 |          5 |       0 |    0 |     3 |      0 |      0 |    0 |          0 |
|     ram_ext          |              ram_2x308_27 |        105 |          1 |     104 |    0 |     0 |      0 |      0 |    0 |          0 |
|   queues_2           |    Queue2_RvvDescriptor_0 |         95 |          7 |      88 |    0 |     3 |      0 |      0 |    0 |          0 |
|     (queues_2)       |    Queue2_RvvDescriptor_0 |          2 |          2 |       0 |    0 |     3 |      0 |      0 |    0 |          0 |
|     ram_ext          |              ram_2x308_26 |         93 |          5 |      88 |    0 |     0 |      0 |      0 |    0 |          0 |
|   queues_3           |    Queue2_RvvDescriptor_1 |          2 |          2 |       0 |    0 |     2 |      0 |      0 |    0 |          0 |
|   queues_4           |    Queue2_RvvDescriptor_2 |         40 |          6 |      34 |    0 |     3 |      0 |      0 |    0 |          0 |
|     (queues_4)       |    Queue2_RvvDescriptor_2 |          5 |          5 |       0 |    0 |     3 |      0 |      0 |    0 |          0 |
|     ram_ext          |                 ram_2x308 |         35 |          1 |      34 |    0 |     0 |      0 |      0 |    0 |          0 |
|   sb                 |             RvvScoreboard |       5841 |       5841 |       0 |    0 |  1200 |      0 |      0 |    0 |          0 |
|   vrf                |           RvvRegisterFile |       9653 |       9653 |       0 |    0 |  2919 |    192 |      0 |    0 |          0 |
|     (vrf)            |           RvvRegisterFile |       6396 |       6396 |       0 |    0 |  2919 |      0 |      0 |    0 |          0 |
|     banks_0_0        |                RvvVrfBank |          6 |          6 |       0 |    0 |     0 |      8 |      0 |    0 |          0 |
|     banks_0_1        |              RvvVrfBank_3 |          6 |          6 |       0 |    0 |     0 |      8 |      0 |    0 |          0 |
|     banks_0_2        |              RvvVrfBank_4 |          8 |          8 |       0 |    0 |     0 |      8 |      0 |    0 |          0 |
|     banks_0_3        |              RvvVrfBank_5 |          6 |          6 |       0 |    0 |     0 |      8 |      0 |    0 |          0 |
|     banks_0_4        |              RvvVrfBank_6 |          6 |          6 |       0 |    0 |     0 |      8 |      0 |    0 |          0 |
|     banks_0_5        |              RvvVrfBank_7 |          5 |          5 |       0 |    0 |     0 |      8 |      0 |    0 |          0 |
|     banks_1_0        |              RvvVrfBank_8 |          6 |          6 |       0 |    0 |     0 |      8 |      0 |    0 |          0 |
|     banks_1_1        |              RvvVrfBank_9 |          6 |          6 |       0 |    0 |     0 |      8 |      0 |    0 |          0 |
|     banks_1_2        |             RvvVrfBank_10 |          6 |          6 |       0 |    0 |     0 |      8 |      0 |    0 |          0 |
|     banks_1_3        |             RvvVrfBank_11 |          7 |          7 |       0 |    0 |     0 |      8 |      0 |    0 |          0 |
|     banks_1_4        |             RvvVrfBank_12 |          6 |          6 |       0 |    0 |     0 |      8 |      0 |    0 |          0 |
|     banks_1_5        |             RvvVrfBank_13 |          5 |          5 |       0 |    0 |     0 |      8 |      0 |    0 |          0 |
|     banks_2_0        |             RvvVrfBank_14 |          8 |          8 |       0 |    0 |     0 |      8 |      0 |    0 |          0 |
|     banks_2_1        |             RvvVrfBank_15 |          8 |          8 |       0 |    0 |     0 |      8 |      0 |    0 |          0 |
|     banks_2_2        |             RvvVrfBank_16 |          6 |          6 |       0 |    0 |     0 |      8 |      0 |    0 |          0 |
|     banks_2_3        |             RvvVrfBank_17 |          6 |          6 |       0 |    0 |     0 |      8 |      0 |    0 |          0 |
|     banks_2_4        |             RvvVrfBank_18 |          6 |          6 |       0 |    0 |     0 |      8 |      0 |    0 |          0 |
|     banks_2_5        |             RvvVrfBank_19 |          6 |          6 |       0 |    0 |     0 |      8 |      0 |    0 |          0 |
|     banks_3_0        |             RvvVrfBank_20 |          8 |          8 |       0 |    0 |     0 |      8 |      0 |    0 |          0 |
|     banks_3_1        |             RvvVrfBank_21 |          8 |          8 |       0 |    0 |     0 |      8 |      0 |    0 |          0 |
|     banks_3_2        |             RvvVrfBank_22 |          6 |          6 |       0 |    0 |     0 |      8 |      0 |    0 |          0 |
|     banks_3_3        |             RvvVrfBank_23 |        516 |        516 |       0 |    0 |     0 |      8 |      0 |    0 |          0 |
|     banks_3_4        |             RvvVrfBank_24 |       2054 |       2054 |       0 |    0 |     0 |      8 |      0 |    0 |          0 |
|     banks_3_5        |             RvvVrfBank_25 |        570 |        570 |       0 |    0 |     0 |      8 |      0 |    0 |          0 |
+----------------------+---------------------------+------------+------------+---------+------+-------+--------+--------+------+------------+
* Note: The sum of lower-level cells may be larger than their parent cells total, due to cross-hierarchy LUT combining


