Copyright 1986-2022 Xilinx, Inc. All Rights Reserved.
--------------------------------------------------------------------------------------------------------------------------
| Tool Version      : Vivado v.2022.2 (lin64) Build 3671981 Fri Oct 14 04:59:54 MDT 2022
| Date              : Wed Oct  7 18:11:22 2026
| Host              : chen-System-Product-Name running 64-bit Ubuntu 24.04.4 LTS
| Command           : report_timing_summary -file /home/chen/FUN/flow-r04-evidence/pipeline/s1/reports/timing-summary.rpt
| Design            : RvvCoprocessor
| Device            : xcku040-ffva1156
| Speed File        : -2  PRODUCTION 1.25 12-04-2018
| Temperature Grade : E
--------------------------------------------------------------------------------------------------------------------------

Timing Summary Report

------------------------------------------------------------------------------------------------
| Timer Settings
| --------------
------------------------------------------------------------------------------------------------

  Enable Multi Corner Analysis               :  Yes
  Enable Pessimism Removal                   :  Yes
  Pessimism Removal Resolution               :  Nearest Common Node
  Enable Input Delay Default Clock           :  No
  Enable Preset / Clear Arcs                 :  No
  Disable Flight Delays                      :  No
  Ignore I/O Paths                           :  No
  Timing Early Launch at Borrowing Latches   :  No
  Borrow Time for Max Delay Exceptions       :  Yes
  Merge Timing Exceptions                    :  Yes

  Corner  Analyze    Analyze    
  Name    Max Paths  Min Paths  
  ------  ---------  ---------  
  Slow    Yes        Yes        
  Fast    Yes        Yes        


------------------------------------------------------------------------------------------------
| Report Methodology
| ------------------
------------------------------------------------------------------------------------------------

No report available as report_methodology has not been run prior. Run report_methodology on the current design for the summary of methodology violations.



check_timing report

Table of Contents
-----------------
1. checking no_clock (0)
2. checking constant_clock (0)
3. checking pulse_width_clock (0)
4. checking unconstrained_internal_endpoints (0)
5. checking no_input_delay (689)
6. checking no_output_delay (2386)
7. checking multiple_clock (0)
8. checking generated_clocks (0)
9. checking loops (0)
10. checking partial_input_delay (0)
11. checking partial_output_delay (0)
12. checking latch_loops (0)

1. checking no_clock (0)
------------------------
 There are 0 register/latch pins with no clock.


2. checking constant_clock (0)
------------------------------
 There are 0 register/latch pins with constant_clock.


3. checking pulse_width_clock (0)
---------------------------------
 There are 0 register/latch pins which need pulse_width check


4. checking unconstrained_internal_endpoints (0)
------------------------------------------------
 There are 0 pins that are not constrained for maximum delay.

 There are 0 pins that are not constrained for maximum delay due to constant clock.


5. checking no_input_delay (689)
--------------------------------
 There are 689 input ports with no input delay specified. (HIGH)

 There are 0 input ports with no input delay but user has a false path constraint.


6. checking no_output_delay (2386)
----------------------------------
 There are 2386 ports with no output delay specified. (HIGH)

 There are 0 ports with no output delay but user has a false path constraint

 There are 0 ports with no output delay but with a timing clock defined on it or propagating through it


7. checking multiple_clock (0)
------------------------------
 There are 0 register/latch pins with multiple clocks.


8. checking generated_clocks (0)
--------------------------------
 There are 0 generated clocks that are not connected to a clock source.


9. checking loops (0)
---------------------
 There are 0 combinational loops in the design.


10. checking partial_input_delay (0)
------------------------------------
 There are 0 input ports with partial input delay specified.


11. checking partial_output_delay (0)
-------------------------------------
 There are 0 ports with partial output delay specified.


12. checking latch_loops (0)
----------------------------
 There are 0 combinational latch loops in the design through latch input



------------------------------------------------------------------------------------------------
| Design Timing Summary
| ---------------------
------------------------------------------------------------------------------------------------

    WNS(ns)      TNS(ns)  TNS Failing Endpoints  TNS Total Endpoints      WHS(ns)      THS(ns)  THS Failing Endpoints  THS Total Endpoints     WPWS(ns)     TPWS(ns)  TPWS Failing Endpoints  TPWS Total Endpoints  
    -------      -------  ---------------------  -------------------      -------      -------  ---------------------  -------------------     --------     --------  ----------------------  --------------------  
      0.986        0.000                      0               129654        0.069        0.000                      0               129654        4.020        0.000                       0                 53797  


All user specified timing constraints are met.


------------------------------------------------------------------------------------------------
| Clock Summary
| -------------
------------------------------------------------------------------------------------------------

Clock      Waveform(ns)       Period(ns)      Frequency(MHz)
-----      ------------       ----------      --------------
rvv_clock  {0.000 5.000}      10.000          100.000         


------------------------------------------------------------------------------------------------
| Intra Clock Table
| -----------------
------------------------------------------------------------------------------------------------

Clock             WNS(ns)      TNS(ns)  TNS Failing Endpoints  TNS Total Endpoints      WHS(ns)      THS(ns)  THS Failing Endpoints  THS Total Endpoints     WPWS(ns)     TPWS(ns)  TPWS Failing Endpoints  TPWS Total Endpoints  
-----             -------      -------  ---------------------  -------------------      -------      -------  ---------------------  -------------------     --------     --------  ----------------------  --------------------  
rvv_clock           0.986        0.000                      0               129654        0.069        0.000                      0               129654        4.020        0.000                       0                 53797  


------------------------------------------------------------------------------------------------
| Inter Clock Table
| -----------------
------------------------------------------------------------------------------------------------

From Clock    To Clock          WNS(ns)      TNS(ns)  TNS Failing Endpoints  TNS Total Endpoints      WHS(ns)      THS(ns)  THS Failing Endpoints  THS Total Endpoints  
----------    --------          -------      -------  ---------------------  -------------------      -------      -------  ---------------------  -------------------  


------------------------------------------------------------------------------------------------
| Other Path Groups Table
| -----------------------
------------------------------------------------------------------------------------------------

Path Group    From Clock    To Clock          WNS(ns)      TNS(ns)  TNS Failing Endpoints  TNS Total Endpoints      WHS(ns)      THS(ns)  THS Failing Endpoints  THS Total Endpoints  
----------    ----------    --------          -------      -------  ---------------------  -------------------      -------      -------  ---------------------  -------------------  


------------------------------------------------------------------------------------------------
| Timing Details
| --------------
------------------------------------------------------------------------------------------------


---------------------------------------------------------------------------------------------------
From Clock:  rvv_clock
  To Clock:  rvv_clock

Setup :            0  Failing Endpoints,  Worst Slack        0.986ns,  Total Violation        0.000ns
Hold  :            0  Failing Endpoints,  Worst Slack        0.069ns,  Total Violation        0.000ns
PW    :            0  Failing Endpoints,  Worst Slack        4.020ns,  Total Violation        0.000ns
---------------------------------------------------------------------------------------------------


Max Delay Paths
--------------------------------------------------------------------------------------
Slack (MET) :             0.986ns  (required time - arrival time)
  Source:                 mem/desc_15_length_0_reg[4]/C
                            (rising edge-triggered cell FDRE clocked by rvv_clock  {rise@0.000ns fall@5.000ns period=10.000ns})
  Destination:            mem/bursts/ram_ext/Memory_reg_0_63_0_6/RAMA/I
                            (rising edge-triggered cell RAMD64E clocked by rvv_clock  {rise@0.000ns fall@5.000ns period=10.000ns})
  Path Group:             rvv_clock
  Path Type:              Setup (Max at Slow Process Corner)
  Requirement:            10.000ns  (rvv_clock rise@10.000ns - rvv_clock rise@0.000ns)
  Data Path Delay:        8.930ns  (logic 3.211ns (35.957%)  route 5.719ns (64.043%))
  Logic Levels:           23  (CARRY8=7 LUT2=1 LUT3=4 LUT4=3 LUT5=1 LUT6=7)
  Clock Uncertainty:      0.035ns  ((TSJ^2 + TIJ^2)^1/2 + DJ) / 2 + PE
    Total System Jitter     (TSJ):    0.071ns
    Total Input Jitter      (TIJ):    0.000ns
    Discrete Jitter          (DJ):    0.000ns
    Phase Error              (PE):    0.000ns

    Location             Delay type                Incr(ns)  Path(ns)    Netlist Resource(s)
  -------------------------------------------------------------------    -------------------
                         (clock rvv_clock rise edge)
                                                      0.000     0.000 r  
                                                      0.000     0.000 r  clock (IN)
                         net (fo=54611, unset)        0.000     0.000    mem/clock
                         FDRE                                         r  mem/desc_15_length_0_reg[4]/C
  -------------------------------------------------------------------    -------------------
                         FDRE (Prop_FDRE_C_Q)         0.115     0.115 f  mem/desc_15_length_0_reg[4]/Q
                         net (fo=1, unplaced)         0.324     0.439    mem/bursts/ram_ext/io_invalidate_bits[32]_INST_0_i_76_12[4]
                         LUT6 (Prop_LUT6_I0_O)        0.190     0.629 f  mem/bursts/ram_ext/io_invalidate_bits[32]_INST_0_i_155/O
                         net (fo=1, unplaced)         0.249     0.878    mem/bursts/ram_ext/io_invalidate_bits[32]_INST_0_i_155_n_0
                         LUT5 (Prop_LUT5_I1_O)        0.040     0.918 f  mem/bursts/ram_ext/io_invalidate_bits[32]_INST_0_i_94/O
                         net (fo=1, unplaced)         0.251     1.169    mem/bursts/ram_ext/io_invalidate_bits[32]_INST_0_i_94_n_0
                         LUT6 (Prop_LUT6_I0_O)        0.132     1.301 r  mem/bursts/ram_ext/io_invalidate_bits[32]_INST_0_i_47/O
                         net (fo=12, unplaced)        0.287     1.588    mem/bursts_n_562
                         LUT4 (Prop_LUT4_I2_O)        0.094     1.682 r  mem/io_axi_aw_bits_addr[32]_INST_0_i_6/O
                         net (fo=1, unplaced)         0.287     1.969    mem/io_axi_aw_bits_addr[32]_INST_0_i_6_n_0
                         CARRY8 (Prop_CARRY8_DI[2]_CO[4])
                                                      0.247     2.216 r  mem/io_axi_aw_bits_addr[32]_INST_0_i_3/CO[4]
                         net (fo=63, unplaced)        0.296     2.512    mem/segment
                         LUT3 (Prop_LUT3_I1_O)        0.095     2.607 r  mem/io_axi_aw_bits_addr[6]_INST_0_i_8/O
                         net (fo=1, unplaced)         0.294     2.901    mem/_pa_T0[0]
                         CARRY8 (Prop_CARRY8_DI[0]_O[5])
                                                      0.320     3.221 r  mem/io_axi_aw_bits_addr[6]_INST_0/O[5]
                         net (fo=14, unplaced)        0.304     3.525    mem/bursts/ram_ext/writeMeta_beats_reg[2][5]
                         LUT6 (Prop_LUT6_I0_O)        0.190     3.715 r  mem/bursts/ram_ext/io_axi_aw_bits_len[0]_INST_0_i_34/O
                         net (fo=1, unplaced)         0.230     3.945    mem/bursts/ram_ext/io_axi_aw_bits_len[0]_INST_0_i_34_n_0
                         LUT6 (Prop_LUT6_I1_O)        0.176     4.121 r  mem/bursts/ram_ext/io_axi_aw_bits_len[0]_INST_0_i_6/O
                         net (fo=4, unplaced)         0.262     4.383    mem/bursts/ram_ext/io_axi_aw_bits_len[0]_INST_0_i_6_n_0
                         LUT6 (Prop_LUT6_I5_O)        0.040     4.423 f  mem/bursts/ram_ext/io_axi_aw_bits_len[5]_INST_0_i_6/O
                         net (fo=3, unplaced)         0.222     4.645    mem/bursts_n_561
                         LUT4 (Prop_LUT4_I2_O)        0.138     4.783 r  mem/io_axi_aw_bits_len[0]_INST_0_i_9/O
                         net (fo=1, unplaced)         0.294     5.077    mem/io_axi_aw_bits_len[0]_INST_0_i_9_n_0
                         CARRY8 (Prop_CARRY8_DI[0]_CO[3])
                                                      0.216     5.293 r  mem/io_axi_aw_bits_len[0]_INST_0_i_2/CO[3]
                         net (fo=13, unplaced)        0.195     5.488    mem/bursts/ram_ext/CO[0]
                         LUT3 (Prop_LUT3_I1_O)        0.040     5.528 r  mem/bursts/ram_ext/io_axi_aw_bits_len[0]_INST_0/O
                         net (fo=48, unplaced)        0.318     5.846    mem/io_axi_aw_bits_addr[6]_INST_0_1
                         LUT6 (Prop_LUT6_I0_O)        0.040     5.886 r  mem/position[9]_i_11/O
                         net (fo=7, unplaced)         0.274     6.160    mem/position[9]_i_11_n_0
                         LUT3 (Prop_LUT3_I0_O)        0.040     6.200 r  mem/position[9]_i_12/O
                         net (fo=2, unplaced)         0.249     6.449    mem/position[9]_i_12_n_0
                         LUT6 (Prop_LUT6_I0_O)        0.040     6.489 r  mem/position[9]_i_8/O
                         net (fo=5, unplaced)         0.267     6.756    mem/position[9]_i_8_n_0
                         LUT3 (Prop_LUT3_I1_O)        0.043     6.799 r  mem/position[9]_i_19/O
                         net (fo=1, unplaced)         0.000     6.799    mem/position[9]_i_19_n_0
                         CARRY8 (Prop_CARRY8_S[5]_CO[6])
                                                      0.208     7.007 r  mem/position_reg[9]_i_9/CO[6]
                         net (fo=13, unplaced)        0.293     7.300    mem/_position_T2
                         LUT4 (Prop_LUT4_I2_O)        0.040     7.340 r  mem/position[7]_i_9/O
                         net (fo=1, unplaced)         0.000     7.340    mem/position[7]_i_9_n_0
                         CARRY8 (Prop_CARRY8_S[0]_CO[7])
                                                      0.359     7.699 r  mem/position_reg[7]_i_1/CO[7]
                         net (fo=1, unplaced)         0.000     7.699    mem/position_reg[7]_i_1_n_0
                         CARRY8 (Prop_CARRY8_CI_O[5])
                                                      0.174     7.873 r  mem/position_reg[9]_i_2/O[5]
                         net (fo=2, unplaced)         0.310     8.183    mem/bursts/ram_ext/writeMeta_finalInstruction_reg[5]
                         LUT2 (Prop_LUT2_I1_O)        0.093     8.276 r  mem/bursts/ram_ext/Memory_reg_0_63_0_6_i_4/O
                         net (fo=1, unplaced)         0.194     8.470    mem/bursts/ram_ext/Memory_reg_0_63_0_6_i_4_n_0
                         CARRY8 (Prop_CARRY8_DI[6]_CO[6])
                                                      0.141     8.611 r  mem/bursts/ram_ext/Memory_reg_0_63_0_6_i_1/CO[6]
                         net (fo=38, unplaced)        0.319     8.930    mem/bursts/ram_ext/Memory_reg_0_63_0_6/DIA
                         RAMD64E                                      r  mem/bursts/ram_ext/Memory_reg_0_63_0_6/RAMA/I
  -------------------------------------------------------------------    -------------------

                         (clock rvv_clock rise edge)
                                                     10.000    10.000 r  
                                                      0.000    10.000 r  clock (IN)
                         net (fo=54611, unset)        0.000    10.000    mem/bursts/ram_ext/Memory_reg_0_63_0_6/WCLK
                         RAMD64E                                      r  mem/bursts/ram_ext/Memory_reg_0_63_0_6/RAMA/CLK
                         clock pessimism              0.000    10.000    
                         clock uncertainty           -0.035     9.965    
                         RAMD64E (Setup_RAMD64E_CLK_I)
                                                     -0.049     9.916    mem/bursts/ram_ext/Memory_reg_0_63_0_6/RAMA
  -------------------------------------------------------------------
                         required time                          9.916    
                         arrival time                          -8.930    
  -------------------------------------------------------------------
                         slack                                  0.986    





Min Delay Paths
--------------------------------------------------------------------------------------
Slack (MET) :             0.069ns  (arrival time - required time)
  Source:                 mem/bSlots/enq_ptr_value_reg[1]/C
                            (rising edge-triggered cell FDRE clocked by rvv_clock  {rise@0.000ns fall@5.000ns period=10.000ns})
  Destination:            mem/bSlots/ram_ext/Memory_reg_0_31_0_4/RAMD/ADR1
                            (rising edge-triggered cell RAMS32 clocked by rvv_clock  {rise@0.000ns fall@5.000ns period=10.000ns})
  Path Group:             rvv_clock
  Path Type:              Hold (Min at Fast Process Corner)
  Requirement:            0.000ns  (rvv_clock rise@0.000ns - rvv_clock rise@0.000ns)
  Data Path Delay:        0.144ns  (logic 0.049ns (34.095%)  route 0.095ns (65.905%))
  Logic Levels:           0  

    Location             Delay type                Incr(ns)  Path(ns)    Netlist Resource(s)
  -------------------------------------------------------------------    -------------------
                         (clock rvv_clock rise edge)
                                                      0.000     0.000 r  
                                                      0.000     0.000 r  clock (IN)
                         net (fo=54611, unset)        0.000     0.000    mem/bSlots/clock
                         FDRE                                         r  mem/bSlots/enq_ptr_value_reg[1]/C
  -------------------------------------------------------------------    -------------------
                         FDRE (Prop_FDRE_C_Q)         0.049     0.049 r  mem/bSlots/enq_ptr_value_reg[1]/Q
                         net (fo=13, unplaced)        0.095     0.144    mem/bSlots/ram_ext/Memory_reg_0_31_0_4/ADDRD1
                         RAMS32                                       r  mem/bSlots/ram_ext/Memory_reg_0_31_0_4/RAMD/ADR1
  -------------------------------------------------------------------    -------------------

                         (clock rvv_clock rise edge)
                                                      0.000     0.000 r  
                                                      0.000     0.000 r  clock (IN)
                         net (fo=54611, unset)        0.000     0.000    mem/bSlots/ram_ext/Memory_reg_0_31_0_4/WCLK
                         RAMS32                                       r  mem/bSlots/ram_ext/Memory_reg_0_31_0_4/RAMD/CLK
                         clock pessimism              0.000     0.000    
                         RAMS32 (Hold_RAMS32_CLK_ADR1)
                                                      0.075     0.075    mem/bSlots/ram_ext/Memory_reg_0_31_0_4/RAMD
  -------------------------------------------------------------------
                         required time                         -0.075    
                         arrival time                           0.144    
  -------------------------------------------------------------------
                         slack                                  0.069    





Pulse Width Checks
--------------------------------------------------------------------------------------
Clock Name:         rvv_clock
Waveform(ns):       { 0.000 5.000 }
Period(ns):         10.000
Sources:            { clock }

Check Type        Corner  Lib Pin             Reference Pin  Required(ns)  Actual(ns)  Slack(ns)  Location  Pin
Min Period        n/a     RAMB36E2/CLKARDCLK  n/a            1.961         10.000      8.039                mem/returnBuffer/ram_ext/Memory_reg_0/CLKARDCLK
Low Pulse Width   Slow    RAMB36E2/CLKARDCLK  n/a            0.980         5.000       4.020                mem/returnBuffer/ram_ext/Memory_reg_0/CLKARDCLK
High Pulse Width  Slow    RAMB36E2/CLKARDCLK  n/a            0.980         5.000       4.020                mem/returnBuffer/ram_ext/Memory_reg_0/CLKARDCLK



