Copyright 1986-2022 Xilinx, Inc. All Rights Reserved.
------------------------------------------------------------------------------------------------------------------------------------------
| Tool Version : Vivado v.2022.2 (lin64) Build 3671981 Fri Oct 14 04:59:54 MDT 2022
| Date         : Wed Oct  7 18:10:59 2026
| Host         : chen-System-Product-Name running 64-bit Ubuntu 24.04.4 LTS
| Command      : report_utilization -hierarchical -file /home/chen/FUN/flow-r04-evidence/pipeline/s1/reports/utilization-hierarchical.rpt
| Design       : RvvCoprocessor
| Device       : xcku040-ffva1156-2-e
| Speed File   : -2
| Design State : Synthesized
------------------------------------------------------------------------------------------------------------------------------------------

Utilization Design Information

Table of Contents
-----------------
1. Utilization by Hierarchy

1. Utilization by Hierarchy
---------------------------

+----------------------+-----------------------------+------------+------------+---------+------+-------+--------+--------+------+------------+
|       Instance       |            Module           | Total LUTs | Logic LUTs | LUTRAMs | SRLs |  FFs  | RAMB36 | RAMB18 | URAM | DSP Blocks |
+----------------------+-----------------------------+------------+------------+---------+------+-------+--------+--------+------+------------+
| RvvCoprocessor       |                       (top) |      69884 |      68802 |     958 |  124 | 51420 |    199 |      1 |    0 |        154 |
|   (RvvCoprocessor)   |                       (top) |       3567 |       3567 |       0 |    0 |  1285 |      0 |      0 |    0 |          0 |
|   alu                |         RvvIntegerSequencer |       4783 |       4783 |       0 |    0 |  1731 |      0 |      0 |    0 |          0 |
|     legacy           |   RvvLegacyIntegerSequencer |       4783 |       4783 |       0 |    0 |  1731 |      0 |      0 |    0 |          0 |
|   cross_0            |       RvvCrossLaneSequencer |         52 |         52 |       0 |    0 |    93 |      0 |      0 |    0 |          0 |
|   front              |                 RvvFrontend |      15573 |      15325 |     248 |    0 | 13190 |      0 |      0 |    0 |          0 |
|     (front)          |                 RvvFrontend |      10768 |      10768 |       0 |    0 | 13158 |      0 |      0 |    0 |          0 |
|     requests         |              RvvLutramQueue |        149 |         29 |     120 |    0 |    16 |      0 |      0 |    0 |          0 |
|       (requests)     |              RvvLutramQueue |         17 |         17 |       0 |    0 |    16 |      0 |      0 |    0 |          0 |
|       ram            |        RvvDistributedRam_29 |        132 |         12 |     120 |    0 |     0 |      0 |      0 |    0 |          0 |
|     viq              |           RvvLutramQueue_28 |       4656 |       4528 |     128 |    0 |    16 |      0 |      0 |    0 |          0 |
|       (viq)          |           RvvLutramQueue_28 |         29 |         29 |       0 |    0 |    16 |      0 |      0 |    0 |          0 |
|       ram            |           RvvDistributedRam |       4627 |       4499 |     128 |    0 |     0 |      0 |      0 |    0 |          0 |
|   mac                |       RvvIntegerSequencer_1 |      18772 |      18304 |     344 |  124 | 24928 |      0 |      0 |    0 |        154 |
|     dot              |              RvvDotPipeline |      11374 |      10906 |     344 |  124 | 19593 |      0 |      0 |    0 |         64 |
|       (dot)          |              RvvDotPipeline |       8470 |       8346 |       0 |  124 | 19576 |      0 |      0 |    0 |         64 |
|       out            |              Queue16_Result |       2904 |       2560 |     344 |    0 |    17 |      0 |      0 |    0 |          0 |
|         (out)        |              Queue16_Result |         18 |         18 |       0 |    0 |    17 |      0 |      0 |    0 |          0 |
|         ram_ext      |                  ram_16x600 |       2886 |       2542 |     344 |    0 |     0 |      0 |      0 |    0 |          0 |
|     legacy           | RvvLegacyIntegerSequencer_1 |       7398 |       7398 |       0 |    0 |  5335 |      0 |      0 |    0 |         90 |
|   mem                |                RvvLoadStore |      12443 |      12311 |     132 |    0 |  6066 |      7 |      1 |    0 |          0 |
|     (mem)            |                RvvLoadStore |       6948 |       6948 |       0 |    0 |  6021 |      0 |      0 |    0 |          0 |
|     bSlots           |               Queue32_UInt5 |        368 |        364 |       4 |    0 |    11 |      0 |      0 |    0 |          0 |
|       (bSlots)       |               Queue32_UInt5 |        111 |        111 |       0 |    0 |    11 |      0 |      0 |    0 |          0 |
|       ram_ext        |                    ram_32x5 |        275 |        271 |       4 |    0 |     0 |      0 |      0 |    0 |          0 |
|     bursts           |              Queue256_Burst |       3230 |       3102 |     128 |    0 |    17 |      0 |      0 |    0 |          0 |
|       (bursts)       |              Queue256_Burst |        297 |        297 |       0 |    0 |    17 |      0 |      0 |    0 |          0 |
|       ram_ext        |                  ram_256x27 |       2933 |       2805 |     128 |    0 |     0 |      0 |      0 |    0 |          0 |
|     returnBuffer     |         Queue256_ReturnBeat |       1897 |       1897 |       0 |    0 |    17 |      7 |      1 |    0 |          0 |
|       (returnBuffer) |         Queue256_ReturnBeat |         31 |         31 |       0 |    0 |    17 |      0 |      0 |    0 |          0 |
|       ram_ext        |                 ram_256x530 |       1866 |       1866 |       0 |    0 |     0 |      7 |      1 |    0 |          0 |
|   queues_0           |        Queue4_RvvDescriptor |         74 |         66 |       8 |    0 |     5 |      0 |      0 |    0 |          0 |
|     (queues_0)       |        Queue4_RvvDescriptor |          5 |          5 |       0 |    0 |     5 |      0 |      0 |    0 |          0 |
|     ram_ext          |                    ram_4x12 |         69 |         61 |       8 |    0 |     0 |      0 |      0 |    0 |          0 |
|   queues_1           |        Queue2_RvvDescriptor |        109 |          5 |     104 |    0 |     3 |      0 |      0 |    0 |          0 |
|     (queues_1)       |        Queue2_RvvDescriptor |          4 |          4 |       0 |    0 |     3 |      0 |      0 |    0 |          0 |
|     ram_ext          |                ram_2x308_27 |        105 |          1 |     104 |    0 |     0 |      0 |      0 |    0 |          0 |
|   queues_2           |      Queue2_RvvDescriptor_0 |         96 |          8 |      88 |    0 |     3 |      0 |      0 |    0 |          0 |
|     (queues_2)       |      Queue2_RvvDescriptor_0 |          3 |          3 |       0 |    0 |     3 |      0 |      0 |    0 |          0 |
|     ram_ext          |                ram_2x308_26 |         93 |          5 |      88 |    0 |     0 |      0 |      0 |    0 |          0 |
|   queues_3           |      Queue2_RvvDescriptor_1 |          2 |          2 |       0 |    0 |     2 |      0 |      0 |    0 |          0 |
|   queues_4           |      Queue2_RvvDescriptor_2 |         39 |          5 |      34 |    0 |     3 |      0 |      0 |    0 |          0 |
|     (queues_4)       |      Queue2_RvvDescriptor_2 |          4 |          4 |       0 |    0 |     3 |      0 |      0 |    0 |          0 |
|     ram_ext          |                   ram_2x308 |         35 |          1 |      34 |    0 |     0 |      0 |      0 |    0 |          0 |
|   sb                 |               RvvScoreboard |       5782 |       5782 |       0 |    0 |  1184 |      0 |      0 |    0 |          0 |
|   vrf                |             RvvRegisterFile |       9306 |       9306 |       0 |    0 |  2927 |    192 |      0 |    0 |          0 |
|     (vrf)            |             RvvRegisterFile |       6179 |       6179 |       0 |    0 |  2927 |      0 |      0 |    0 |          0 |
|     banks_0_0        |                  RvvVrfBank |          0 |          0 |       0 |    0 |     0 |      8 |      0 |    0 |          0 |
|     banks_0_1        |                RvvVrfBank_3 |          0 |          0 |       0 |    0 |     0 |      8 |      0 |    0 |          0 |
|     banks_0_2        |                RvvVrfBank_4 |          0 |          0 |       0 |    0 |     0 |      8 |      0 |    0 |          0 |
|     banks_0_3        |                RvvVrfBank_5 |          0 |          0 |       0 |    0 |     0 |      8 |      0 |    0 |          0 |
|     banks_0_4        |                RvvVrfBank_6 |          0 |          0 |       0 |    0 |     0 |      8 |      0 |    0 |          0 |
|     banks_0_5        |                RvvVrfBank_7 |          0 |          0 |       0 |    0 |     0 |      8 |      0 |    0 |          0 |
|     banks_1_0        |                RvvVrfBank_8 |          0 |          0 |       0 |    0 |     0 |      8 |      0 |    0 |          0 |
|     banks_1_1        |                RvvVrfBank_9 |          0 |          0 |       0 |    0 |     0 |      8 |      0 |    0 |          0 |
|     banks_1_2        |               RvvVrfBank_10 |          0 |          0 |       0 |    0 |     0 |      8 |      0 |    0 |          0 |
|     banks_1_3        |               RvvVrfBank_11 |          0 |          0 |       0 |    0 |     0 |      8 |      0 |    0 |          0 |
|     banks_1_4        |               RvvVrfBank_12 |          0 |          0 |       0 |    0 |     0 |      8 |      0 |    0 |          0 |
|     banks_1_5        |               RvvVrfBank_13 |          0 |          0 |       0 |    0 |     0 |      8 |      0 |    0 |          0 |
|     banks_2_0        |               RvvVrfBank_14 |          0 |          0 |       0 |    0 |     0 |      8 |      0 |    0 |          0 |
|     banks_2_1        |               RvvVrfBank_15 |          0 |          0 |       0 |    0 |     0 |      8 |      0 |    0 |          0 |
|     banks_2_2        |               RvvVrfBank_16 |          0 |          0 |       0 |    0 |     0 |      8 |      0 |    0 |          0 |
|     banks_2_3        |               RvvVrfBank_17 |          0 |          0 |       0 |    0 |     0 |      8 |      0 |    0 |          0 |
|     banks_2_4        |               RvvVrfBank_18 |          0 |          0 |       0 |    0 |     0 |      8 |      0 |    0 |          0 |
|     banks_2_5        |               RvvVrfBank_19 |          0 |          0 |       0 |    0 |     0 |      8 |      0 |    0 |          0 |
|     banks_3_0        |               RvvVrfBank_20 |          0 |          0 |       0 |    0 |     0 |      8 |      0 |    0 |          0 |
|     banks_3_1        |               RvvVrfBank_21 |          0 |          0 |       0 |    0 |     0 |      8 |      0 |    0 |          0 |
|     banks_3_2        |               RvvVrfBank_22 |          0 |          0 |       0 |    0 |     0 |      8 |      0 |    0 |          0 |
|     banks_3_3        |               RvvVrfBank_23 |        512 |        512 |       0 |    0 |     0 |      8 |      0 |    0 |          0 |
|     banks_3_4        |               RvvVrfBank_24 |       2048 |       2048 |       0 |    0 |     0 |      8 |      0 |    0 |          0 |
|     banks_3_5        |               RvvVrfBank_25 |        567 |        567 |       0 |    0 |     0 |      8 |      0 |    0 |          0 |
+----------------------+-----------------------------+------------+------------+---------+------+-------+--------+--------+------+------------+


