Picked up JAVA_TOOL_OPTIONS:  -XX:ActiveProcessorCount=4 -Xmx6g
Picked up JAVA_TOOL_OPTIONS:  -XX:ActiveProcessorCount=4 -Xmx6g
[info] welcome to sbt 1.9.7 (Ubuntu Java 11.0.32.1)
[info] loading global plugins from /home/chen/.sbt/1.0/plugins
[info] loading project definition from /home/chen/FUN/flow-rvv-r03-20261007/design/project
[info] loading settings for project root from build.sbt ...
[info] set current project to flow (in build file:/home/chen/FUN/flow-rvv-r03-20261007/design/)
Picked up JAVA_TOOL_OPTIONS:  -XX:ActiveProcessorCount=4 -Xmx6g
[info] RvvIntegrationSpec:
R02_C3 seed=0 cycles=537
R02_C3 seed=1 cycles=520
R02_C3 seed=2 cycles=568
R02_C3 seed=3 cycles=539
R02_C3 seed=4 cycles=534
R02_C3 seed=5 cycles=544
R02_C3 seed=6 cycles=650
R02_C3 seed=7 cycles=567
R02_C3 seed=8 cycles=570
R02_C3 seed=9 cycles=688
R02_C3 seed=10 cycles=561
R02_C3 seed=11 cycles=555
R02_C3 seed=12 cycles=594
R02_C3 seed=13 cycles=581
R02_C3 seed=14 cycles=569
R02_C3 seed=15 cycles=608
R02_C3 seed=16 cycles=537
R02_C3 seed=17 cycles=568
R02_C3 seed=18 cycles=552
R02_C3 seed=19 cycles=624
R02_C3 seed=20 cycles=659
R02_C3 seed=21 cycles=686
R02_C3 seed=22 cycles=630
R02_C3 seed=23 cycles=651
R02_C3 seed=24 cycles=582
R02_C3 seed=25 cycles=539
R02_C3 seed=26 cycles=528
R02_C3 seed=27 cycles=557
R02_C3 seed=28 cycles=526
R02_C3 seed=29 cycles=514
R02_C3 seed=30 cycles=568
R02_C3 seed=31 cycles=580
R02_C3 seed=32 cycles=574
R02_C3 seed=33 cycles=609
R02_C3 seed=34 cycles=627
R02_C3 seed=35 cycles=526
R02_C3 seed=36 cycles=577
R02_C3 seed=37 cycles=612
R02_C3 seed=38 cycles=619
R02_C3 seed=39 cycles=560
R02_C3 seed=40 cycles=603
R02_C3 seed=41 cycles=619
R02_C3 seed=42 cycles=556
R02_C3 seed=43 cycles=556
R02_C3 seed=44 cycles=546
R02_C3 seed=45 cycles=646
R02_C3 seed=46 cycles=642
R02_C3 seed=47 cycles=564
R02_C3 seed=48 cycles=584
R02_C3 seed=49 cycles=552
R02_C3 seed=50 cycles=532
R02_C3 seed=51 cycles=605
R02_C3 seed=52 cycles=608
R02_C3 seed=53 cycles=589
R02_C3 seed=54 cycles=590
R02_C3 seed=55 cycles=553
R02_C3 seed=56 cycles=618
R02_C3 seed=57 cycles=617
R02_C3 seed=58 cycles=528
R02_C3 seed=59 cycles=584
R02_C3 seed=60 cycles=563
R02_C3 seed=61 cycles=581
R02_C3 seed=62 cycles=556
R02_C3 seed=63 cycles=589
R02_C3 seed=64 cycles=541
R02_C3 seed=65 cycles=605
R02_C3 seed=66 cycles=531
R02_C3 seed=67 cycles=604
R02_C3 seed=68 cycles=543
R02_C3 seed=69 cycles=529
R02_C3 seed=70 cycles=572
R02_C3 seed=71 cycles=558
R02_C3 seed=72 cycles=578
R02_C3 seed=73 cycles=687
R02_C3 seed=74 cycles=547
R02_C3 seed=75 cycles=557
R02_C3 seed=76 cycles=645
R02_C3 seed=77 cycles=681
R02_C3 seed=78 cycles=571
R02_C3 seed=79 cycles=623
R02_C3 seed=80 cycles=533
R02_C3 seed=81 cycles=594
R02_C3 seed=82 cycles=560
R02_C3 seed=83 cycles=518
R02_C3 seed=84 cycles=550
R02_C3 seed=85 cycles=634
R02_C3 seed=86 cycles=664
R02_C3 seed=87 cycles=545
R02_C3 seed=88 cycles=571
R02_C3 seed=89 cycles=543
R02_C3 seed=90 cycles=518
R02_C3 seed=91 cycles=582
R02_C3 seed=92 cycles=848
R02_C3 seed=93 cycles=536
R02_C3 seed=94 cycles=557
R02_C3 seed=95 cycles=617
R02_C3 seed=96 cycles=554
R02_C3 seed=97 cycles=706
R02_C3 seed=98 cycles=600
R02_C3 seed=99 cycles=569
R02_C3 seed=100 cycles=481
R02_C3 seed=101 cycles=635
R02_C3 seed=102 cycles=567
R02_C3 seed=103 cycles=635
R02_C3 seed=104 cycles=585
R02_C3 seed=105 cycles=550
R02_C3 seed=106 cycles=626
R02_C3 seed=107 cycles=544
R02_C3 seed=108 cycles=569
R02_C3 seed=109 cycles=573
R02_C3 seed=110 cycles=564
R02_C3 seed=111 cycles=554
R02_C3 seed=112 cycles=584
R02_C3 seed=113 cycles=607
R02_C3 seed=114 cycles=517
R02_C3 seed=115 cycles=543
R02_C3 seed=116 cycles=557
R02_C3 seed=117 cycles=540
R02_C3 seed=118 cycles=569
R02_C3 seed=119 cycles=530
R02_C3 seed=120 cycles=569
R02_C3 seed=121 cycles=661
R02_C3 seed=122 cycles=556
R02_C3 seed=123 cycles=566
R02_C3 seed=124 cycles=647
R02_C3 seed=125 cycles=515
R02_C3 seed=126 cycles=533
R02_C3 seed=127 cycles=565
R02_C3 seed=128 cycles=566
R02_C3 seed=129 cycles=597
R02_C3 seed=130 cycles=572
R02_C3 seed=131 cycles=522
R02_C3 seed=132 cycles=525
R02_C3 seed=133 cycles=541
R02_C3 seed=134 cycles=565
R02_C3 seed=135 cycles=604
R02_C3 seed=136 cycles=559
R02_C3 seed=137 cycles=584
R02_C3 seed=138 cycles=562
R02_C3 seed=139 cycles=565
R02_C3 seed=140 cycles=509
R02_C3 seed=141 cycles=566
R02_C3 seed=142 cycles=542
R02_C3 seed=143 cycles=581
R02_C3 seed=144 cycles=633
R02_C3 seed=145 cycles=572
R02_C3 seed=146 cycles=619
R02_C3 seed=147 cycles=526
R02_C3 seed=148 cycles=596
R02_C3 seed=149 cycles=534
R02_C3 seed=150 cycles=573
R02_C3 seed=151 cycles=547
R02_C3 seed=152 cycles=564
R02_C3 seed=153 cycles=573
R02_C3 seed=154 cycles=550
R02_C3 seed=155 cycles=672
R02_C3 seed=156 cycles=582
R02_C3 seed=157 cycles=539
R02_C3 seed=158 cycles=537
R02_C3 seed=159 cycles=556
R02_C3 seed=160 cycles=531
R02_C3 seed=161 cycles=551
R02_C3 seed=162 cycles=573
R02_C3 seed=163 cycles=567
R02_C3 seed=164 cycles=590
R02_C3 seed=165 cycles=538
R02_C3 seed=166 cycles=560
R02_C3 seed=167 cycles=684
R02_C3 seed=168 cycles=581
R02_C3 seed=169 cycles=549
R02_C3 seed=170 cycles=527
R02_C3 seed=171 cycles=531
R02_C3 seed=172 cycles=551
R02_C3 seed=173 cycles=598
R02_C3 seed=174 cycles=542
R02_C3 seed=175 cycles=578
R02_C3 seed=176 cycles=603
R02_C3 seed=177 cycles=668
R02_C3 seed=178 cycles=605
R02_C3 seed=179 cycles=538
R02_C3 seed=180 cycles=563
R02_C3 seed=181 cycles=682
R02_C3 seed=182 cycles=570
R02_C3 seed=183 cycles=558
R02_C3 seed=184 cycles=548
R02_C3 seed=185 cycles=582
R02_C3 seed=186 cycles=581
R02_C3 seed=187 cycles=550
R02_C3 seed=188 cycles=547
R02_C3 seed=189 cycles=574
R02_C3 seed=190 cycles=561
R02_C3 seed=191 cycles=602
R02_C3 seed=192 cycles=546
R02_C3 seed=193 cycles=598
R02_C3 seed=194 cycles=552
R02_C3 seed=195 cycles=597
R02_C3 seed=196 cycles=542
R02_C3 seed=197 cycles=595
R02_C3 seed=198 cycles=588
R02_C3 seed=199 cycles=620
R02_C3 seed=200 cycles=518
R02_C3 seed=201 cycles=533
R02_C3 seed=202 cycles=695
R02_C3 seed=203 cycles=504
R02_C3 seed=204 cycles=684
R02_C3 seed=205 cycles=625
R02_C3 seed=206 cycles=722
R02_C3 seed=207 cycles=623
R02_C3 seed=208 cycles=529
R02_C3 seed=209 cycles=584
R02_C3 seed=210 cycles=626
R02_C3 seed=211 cycles=637
R02_C3 seed=212 cycles=558
R02_C3 seed=213 cycles=663
R02_C3 seed=214 cycles=512
R02_C3 seed=215 cycles=603
R02_C3 seed=216 cycles=561
R02_C3 seed=217 cycles=570
R02_C3 seed=218 cycles=602
R02_C3 seed=219 cycles=609
R02_C3 seed=220 cycles=597
R02_C3 seed=221 cycles=665
R02_C3 seed=222 cycles=528
R02_C3 seed=223 cycles=550
R02_C3 seed=224 cycles=584
R02_C3 seed=225 cycles=634
R02_C3 seed=226 cycles=614
R02_C3 seed=227 cycles=568
R02_C3 seed=228 cycles=521
R02_C3 seed=229 cycles=590
R02_C3 seed=230 cycles=582
R02_C3 seed=231 cycles=512
R02_C3 seed=232 cycles=505
R02_C3 seed=233 cycles=562
R02_C3 seed=234 cycles=542
R02_C3 seed=235 cycles=561
R02_C3 seed=236 cycles=575
R02_C3 seed=237 cycles=535
R02_C3 seed=238 cycles=559
R02_C3 seed=239 cycles=533
R02_C3 seed=240 cycles=597
R02_C3 seed=241 cycles=543
R02_C3 seed=242 cycles=525
R02_C3 seed=243 cycles=609
R02_C3 seed=244 cycles=596
R02_C3 seed=245 cycles=582
R02_C3 seed=246 cycles=623
R02_C3 seed=247 cycles=539
R02_C3 seed=248 cycles=699
R02_C3 seed=249 cycles=585
R02_C3 seed=250 cycles=568
R02_C3 seed=251 cycles=596
R02_C3 seed=252 cycles=558
R02_C3 seed=253 cycles=538
R02_C3 seed=254 cycles=549
R02_C3 seed=255 cycles=557
R02_C3 seed=256 cycles=551
R02_C3 seed=257 cycles=667
R02_C3 seed=258 cycles=506
R02_C3 seed=259 cycles=570
R02_C3 seed=260 cycles=607
R02_C3 seed=261 cycles=582
R02_C3 seed=262 cycles=649
R02_C3 seed=263 cycles=556
R02_C3 seed=264 cycles=653
R02_C3 seed=265 cycles=547
R02_C3 seed=266 cycles=626
R02_C3 seed=267 cycles=628
R02_C3 seed=268 cycles=631
R02_C3 seed=269 cycles=697
R02_C3 seed=270 cycles=519
R02_C3 seed=271 cycles=602
R02_C3 seed=272 cycles=564
R02_C3 seed=273 cycles=532
R02_C3 seed=274 cycles=561
R02_C3 seed=275 cycles=552
R02_C3 seed=276 cycles=572
R02_C3 seed=277 cycles=596
R02_C3 seed=278 cycles=592
R02_C3 seed=279 cycles=658
R02_C3 seed=280 cycles=551
R02_C3 seed=281 cycles=651
R02_C3 seed=282 cycles=536
R02_C3 seed=283 cycles=554
R02_C3 seed=284 cycles=598
R02_C3 seed=285 cycles=689
R02_C3 seed=286 cycles=594
R02_C3 seed=287 cycles=538
R02_C3 seed=288 cycles=521
R02_C3 seed=289 cycles=597
R02_C3 seed=290 cycles=565
R02_C3 seed=291 cycles=526
R02_C3 seed=292 cycles=604
R02_C3 seed=293 cycles=599
R02_C3 seed=294 cycles=518
R02_C3 seed=295 cycles=596
R02_C3 seed=296 cycles=570
R02_C3 seed=297 cycles=666
R02_C3 seed=298 cycles=703
R02_C3 seed=299 cycles=534
R02_C3 seed=300 cycles=565
R02_C3 seed=301 cycles=539
R02_C3 seed=302 cycles=532
R02_C3 seed=303 cycles=596
R02_C3 seed=304 cycles=543
R02_C3 seed=305 cycles=693
R02_C3 seed=306 cycles=574
R02_C3 seed=307 cycles=569
R02_C3 seed=308 cycles=573
R02_C3 seed=309 cycles=550
R02_C3 seed=310 cycles=562
R02_C3 seed=311 cycles=530
R02_C3 seed=312 cycles=541
R02_C3 seed=313 cycles=611
R02_C3 seed=314 cycles=531
R02_C3 seed=315 cycles=533
R02_C3 seed=316 cycles=585
R02_C3 seed=317 cycles=521
R02_C3 seed=318 cycles=568
R02_C3 seed=319 cycles=776
R02_C3 seed=320 cycles=563
R02_C3 seed=321 cycles=567
R02_C3 seed=322 cycles=563
R02_C3 seed=323 cycles=547
R02_C3 seed=324 cycles=559
R02_C3 seed=325 cycles=563
R02_C3 seed=326 cycles=551
R02_C3 seed=327 cycles=615
R02_C3 seed=328 cycles=562
R02_C3 seed=329 cycles=583
R02_C3 seed=330 cycles=579
R02_C3 seed=331 cycles=509
R02_C3 seed=332 cycles=584
R02_C3 seed=333 cycles=576
R02_C3 seed=334 cycles=546
R02_C3 seed=335 cycles=612
R02_C3 seed=336 cycles=632
R02_C3 seed=337 cycles=588
R02_C3 seed=338 cycles=576
R02_C3 seed=339 cycles=635
R02_C3 seed=340 cycles=602
R02_C3 seed=341 cycles=577
R02_C3 seed=342 cycles=544
R02_C3 seed=343 cycles=515
R02_C3 seed=344 cycles=554
R02_C3 seed=345 cycles=702
R02_C3 seed=346 cycles=518
R02_C3 seed=347 cycles=597
R02_C3 seed=348 cycles=545
R02_C3 seed=349 cycles=560
R02_C3 seed=350 cycles=548
R02_C3 seed=351 cycles=543
R02_C3 seed=352 cycles=565
R02_C3 seed=353 cycles=540
R02_C3 seed=354 cycles=627
R02_C3 seed=355 cycles=555
R02_C3 seed=356 cycles=622
R02_C3 seed=357 cycles=558
R02_C3 seed=358 cycles=561
R02_C3 seed=359 cycles=544
R02_C3 seed=360 cycles=628
R02_C3 seed=361 cycles=571
R02_C3 seed=362 cycles=518
R02_C3 seed=363 cycles=694
R02_C3 seed=364 cycles=579
R02_C3 seed=365 cycles=503
R02_C3 seed=366 cycles=631
R02_C3 seed=367 cycles=636
R02_C3 seed=368 cycles=533
R02_C3 seed=369 cycles=571
R02_C3 seed=370 cycles=563
R02_C3 seed=371 cycles=612
R02_C3 seed=372 cycles=616
R02_C3 seed=373 cycles=555
R02_C3 seed=374 cycles=613
R02_C3 seed=375 cycles=558
R02_C3 seed=376 cycles=547
R02_C3 seed=377 cycles=569
R02_C3 seed=378 cycles=653
R02_C3 seed=379 cycles=652
R02_C3 seed=380 cycles=587
R02_C3 seed=381 cycles=550
R02_C3 seed=382 cycles=614
R02_C3 seed=383 cycles=555
R02_C3 seed=384 cycles=614
R02_C3 seed=385 cycles=590
R02_C3 seed=386 cycles=585
R02_C3 seed=387 cycles=594
R02_C3 seed=388 cycles=571
R02_C3 seed=389 cycles=515
R02_C3 seed=390 cycles=557
R02_C3 seed=391 cycles=713
R02_C3 seed=392 cycles=575
R02_C3 seed=393 cycles=593
R02_C3 seed=394 cycles=576
R02_C3 seed=395 cycles=614
R02_C3 seed=396 cycles=535
R02_C3 seed=397 cycles=516
R02_C3 seed=398 cycles=516
R02_C3 seed=399 cycles=600
R02_C3 seed=400 cycles=577
R02_C3 seed=401 cycles=536
R02_C3 seed=402 cycles=622
R02_C3 seed=403 cycles=559
R02_C3 seed=404 cycles=541
R02_C3 seed=405 cycles=566
R02_C3 seed=406 cycles=569
R02_C3 seed=407 cycles=617
R02_C3 seed=408 cycles=558
R02_C3 seed=409 cycles=537
R02_C3 seed=410 cycles=535
R02_C3 seed=411 cycles=567
R02_C3 seed=412 cycles=579
R02_C3 seed=413 cycles=580
R02_C3 seed=414 cycles=520
R02_C3 seed=415 cycles=668
R02_C3 seed=416 cycles=569
R02_C3 seed=417 cycles=572
R02_C3 seed=418 cycles=610
R02_C3 seed=419 cycles=560
R02_C3 seed=420 cycles=576
R02_C3 seed=421 cycles=562
R02_C3 seed=422 cycles=564
R02_C3 seed=423 cycles=502
R02_C3 seed=424 cycles=598
R02_C3 seed=425 cycles=809
R02_C3 seed=426 cycles=597
R02_C3 seed=427 cycles=567
R02_C3 seed=428 cycles=562
R02_C3 seed=429 cycles=634
R02_C3 seed=430 cycles=603
R02_C3 seed=431 cycles=685
R02_C3 seed=432 cycles=571
R02_C3 seed=433 cycles=585
R02_C3 seed=434 cycles=571
R02_C3 seed=435 cycles=548
R02_C3 seed=436 cycles=559
R02_C3 seed=437 cycles=619
R02_C3 seed=438 cycles=674
R02_C3 seed=439 cycles=556
R02_C3 seed=440 cycles=574
R02_C3 seed=441 cycles=594
R02_C3 seed=442 cycles=548
R02_C3 seed=443 cycles=595
R02_C3 seed=444 cycles=567
R02_C3 seed=445 cycles=605
R02_C3 seed=446 cycles=572
R02_C3 seed=447 cycles=642
R02_C3 seed=448 cycles=614
R02_C3 seed=449 cycles=543
R02_C3 seed=450 cycles=541
R02_C3 seed=451 cycles=577
R02_C3 seed=452 cycles=606
R02_C3 seed=453 cycles=581
R02_C3 seed=454 cycles=575
R02_C3 seed=455 cycles=617
R02_C3 seed=456 cycles=603
R02_C3 seed=457 cycles=547
R02_C3 seed=458 cycles=545
R02_C3 seed=459 cycles=634
R02_C3 seed=460 cycles=517
R02_C3 seed=461 cycles=570
R02_C3 seed=462 cycles=522
R02_C3 seed=463 cycles=578
R02_C3 seed=464 cycles=530
R02_C3 seed=465 cycles=628
R02_C3 seed=466 cycles=598
R02_C3 seed=467 cycles=522
R02_C3 seed=468 cycles=614
R02_C3 seed=469 cycles=556
R02_C3 seed=470 cycles=564
R02_C3 seed=471 cycles=565
R02_C3 seed=472 cycles=539
R02_C3 seed=473 cycles=524
R02_C3 seed=474 cycles=608
R02_C3 seed=475 cycles=523
R02_C3 seed=476 cycles=576
R02_C3 seed=477 cycles=572
R02_C3 seed=478 cycles=533
R02_C3 seed=479 cycles=542
R02_C3 seed=480 cycles=601
R02_C3 seed=481 cycles=540
R02_C3 seed=482 cycles=545
R02_C3 seed=483 cycles=590
R02_C3 seed=484 cycles=600
R02_C3 seed=485 cycles=551
R02_C3 seed=486 cycles=573
R02_C3 seed=487 cycles=614
R02_C3 seed=488 cycles=665
R02_C3 seed=489 cycles=544
R02_C3 seed=490 cycles=623
R02_C3 seed=491 cycles=615
R02_C3 seed=492 cycles=621
R02_C3 seed=493 cycles=539
R02_C3 seed=494 cycles=662
R02_C3 seed=495 cycles=571
R02_C3 seed=496 cycles=548
R02_C3 seed=497 cycles=585
R02_C3 seed=498 cycles=574
R02_C3 seed=499 cycles=568
R02_C3 seed=500 cycles=575
R02_C3 seed=501 cycles=567
R02_C3 seed=502 cycles=542
R02_C3 seed=503 cycles=606
R02_C3 seed=504 cycles=543
R02_C3 seed=505 cycles=648
R02_C3 seed=506 cycles=618
R02_C3 seed=507 cycles=495
R02_C3 seed=508 cycles=552
R02_C3 seed=509 cycles=545
R02_C3 seed=510 cycles=593
R02_C3 seed=511 cycles=550
R02_C3 seed=512 cycles=555
R02_C3 seed=513 cycles=673
R02_C3 seed=514 cycles=532
R02_C3 seed=515 cycles=621
R02_C3 seed=516 cycles=594
R02_C3 seed=517 cycles=580
R02_C3 seed=518 cycles=616
R02_C3 seed=519 cycles=634
R02_C3 seed=520 cycles=576
R02_C3 seed=521 cycles=550
R02_C3 seed=522 cycles=562
R02_C3 seed=523 cycles=524
R02_C3 seed=524 cycles=747
R02_C3 seed=525 cycles=559
R02_C3 seed=526 cycles=608
R02_C3 seed=527 cycles=518
R02_C3 seed=528 cycles=543
R02_C3 seed=529 cycles=523
R02_C3 seed=530 cycles=547
R02_C3 seed=531 cycles=506
R02_C3 seed=532 cycles=617
R02_C3 seed=533 cycles=514
R02_C3 seed=534 cycles=602
R02_C3 seed=535 cycles=518
R02_C3 seed=536 cycles=549
R02_C3 seed=537 cycles=583
R02_C3 seed=538 cycles=532
R02_C3 seed=539 cycles=657
R02_C3 seed=540 cycles=549
R02_C3 seed=541 cycles=519
R02_C3 seed=542 cycles=612
R02_C3 seed=543 cycles=550
R02_C3 seed=544 cycles=529
R02_C3 seed=545 cycles=592
R02_C3 seed=546 cycles=577
R02_C3 seed=547 cycles=536
R02_C3 seed=548 cycles=565
R02_C3 seed=549 cycles=665
R02_C3 seed=550 cycles=618
R02_C3 seed=551 cycles=563
R02_C3 seed=552 cycles=639
R02_C3 seed=553 cycles=615
R02_C3 seed=554 cycles=683
R02_C3 seed=555 cycles=564
R02_C3 seed=556 cycles=521
R02_C3 seed=557 cycles=519
R02_C3 seed=558 cycles=592
R02_C3 seed=559 cycles=617
R02_C3 seed=560 cycles=588
R02_C3 seed=561 cycles=575
R02_C3 seed=562 cycles=599
R02_C3 seed=563 cycles=543
R02_C3 seed=564 cycles=584
R02_C3 seed=565 cycles=535
R02_C3 seed=566 cycles=692
R02_C3 seed=567 cycles=568
R02_C3 seed=568 cycles=546
R02_C3 seed=569 cycles=590
R02_C3 seed=570 cycles=566
R02_C3 seed=571 cycles=652
R02_C3 seed=572 cycles=518
R02_C3 seed=573 cycles=557
R02_C3 seed=574 cycles=556
R02_C3 seed=575 cycles=551
R02_C3 seed=576 cycles=603
R02_C3 seed=577 cycles=557
R02_C3 seed=578 cycles=605
R02_C3 seed=579 cycles=557
R02_C3 seed=580 cycles=534
R02_C3 seed=581 cycles=661
R02_C3 seed=582 cycles=622
R02_C3 seed=583 cycles=545
R02_C3 seed=584 cycles=614
R02_C3 seed=585 cycles=521
R02_C3 seed=586 cycles=630
R02_C3 seed=587 cycles=569
R02_C3 seed=588 cycles=677
R02_C3 seed=589 cycles=538
R02_C3 seed=590 cycles=601
R02_C3 seed=591 cycles=510
R02_C3 seed=592 cycles=626
R02_C3 seed=593 cycles=598
R02_C3 seed=594 cycles=513
R02_C3 seed=595 cycles=528
R02_C3 seed=596 cycles=574
R02_C3 seed=597 cycles=627
R02_C3 seed=598 cycles=571
R02_C3 seed=599 cycles=622
R02_C3 seed=600 cycles=576
R02_C3 seed=601 cycles=523
R02_C3 seed=602 cycles=520
R02_C3 seed=603 cycles=554
R02_C3 seed=604 cycles=532
R02_C3 seed=605 cycles=629
R02_C3 seed=606 cycles=604
R02_C3 seed=607 cycles=568
R02_C3 seed=608 cycles=545
R02_C3 seed=609 cycles=566
R02_C3 seed=610 cycles=689
R02_C3 seed=611 cycles=557
R02_C3 seed=612 cycles=534
R02_C3 seed=613 cycles=602
R02_C3 seed=614 cycles=643
R02_C3 seed=615 cycles=618
R02_C3 seed=616 cycles=574
R02_C3 seed=617 cycles=512
R02_C3 seed=618 cycles=645
R02_C3 seed=619 cycles=579
R02_C3 seed=620 cycles=567
R02_C3 seed=621 cycles=593
R02_C3 seed=622 cycles=569
R02_C3 seed=623 cycles=539
R02_C3 seed=624 cycles=676
R02_C3 seed=625 cycles=595
R02_C3 seed=626 cycles=570
R02_C3 seed=627 cycles=560
R02_C3 seed=628 cycles=562
R02_C3 seed=629 cycles=619
R02_C3 seed=630 cycles=521
R02_C3 seed=631 cycles=549
R02_C3 seed=632 cycles=671
R02_C3 seed=633 cycles=621
R02_C3 seed=634 cycles=569
R02_C3 seed=635 cycles=686
R02_C3 seed=636 cycles=525
R02_C3 seed=637 cycles=572
R02_C3 seed=638 cycles=524
R02_C3 seed=639 cycles=535
R02_C3 seed=640 cycles=550
R02_C3 seed=641 cycles=566
R02_C3 seed=642 cycles=516
R02_C3 seed=643 cycles=598
R02_C3 seed=644 cycles=541
R02_C3 seed=645 cycles=644
R02_C3 seed=646 cycles=551
R02_C3 seed=647 cycles=550
R02_C3 seed=648 cycles=599
R02_C3 seed=649 cycles=531
R02_C3 seed=650 cycles=625
R02_C3 seed=651 cycles=551
R02_C3 seed=652 cycles=511
R02_C3 seed=653 cycles=589
R02_C3 seed=654 cycles=629
R02_C3 seed=655 cycles=588
R02_C3 seed=656 cycles=546
R02_C3 seed=657 cycles=580
R02_C3 seed=658 cycles=589
R02_C3 seed=659 cycles=541
R02_C3 seed=660 cycles=580
R02_C3 seed=661 cycles=543
R02_C3 seed=662 cycles=536
R02_C3 seed=663 cycles=543
R02_C3 seed=664 cycles=549
R02_C3 seed=665 cycles=577
R02_C3 seed=666 cycles=626
R02_C3 seed=667 cycles=525
R02_C3 seed=668 cycles=585
R02_C3 seed=669 cycles=582
R02_C3 seed=670 cycles=569
R02_C3 seed=671 cycles=597
R02_C3 seed=672 cycles=564
R02_C3 seed=673 cycles=575
R02_C3 seed=674 cycles=539
R02_C3 seed=675 cycles=639
R02_C3 seed=676 cycles=606
R02_C3 seed=677 cycles=617
R02_C3 seed=678 cycles=538
R02_C3 seed=679 cycles=510
R02_C3 seed=680 cycles=558
R02_C3 seed=681 cycles=575
R02_C3 seed=682 cycles=561
R02_C3 seed=683 cycles=522
R02_C3 seed=684 cycles=574
R02_C3 seed=685 cycles=568
R02_C3 seed=686 cycles=591
R02_C3 seed=687 cycles=559
R02_C3 seed=688 cycles=568
R02_C3 seed=689 cycles=564
R02_C3 seed=690 cycles=524
R02_C3 seed=691 cycles=633
R02_C3 seed=692 cycles=568
R02_C3 seed=693 cycles=541
R02_C3 seed=694 cycles=661
R02_C3 seed=695 cycles=637
R02_C3 seed=696 cycles=548
R02_C3 seed=697 cycles=592
R02_C3 seed=698 cycles=528
R02_C3 seed=699 cycles=575
R02_C3 seed=700 cycles=551
R02_C3 seed=701 cycles=559
R02_C3 seed=702 cycles=568
R02_C3 seed=703 cycles=540
R02_C3 seed=704 cycles=630
R02_C3 seed=705 cycles=553
R02_C3 seed=706 cycles=576
R02_C3 seed=707 cycles=540
R02_C3 seed=708 cycles=542
R02_C3 seed=709 cycles=644
R02_C3 seed=710 cycles=566
R02_C3 seed=711 cycles=569
R02_C3 seed=712 cycles=584
R02_C3 seed=713 cycles=597
R02_C3 seed=714 cycles=543
R02_C3 seed=715 cycles=583
R02_C3 seed=716 cycles=580
R02_C3 seed=717 cycles=577
R02_C3 seed=718 cycles=609
R02_C3 seed=719 cycles=624
R02_C3 seed=720 cycles=615
R02_C3 seed=721 cycles=577
R02_C3 seed=722 cycles=579
R02_C3 seed=723 cycles=580
R02_C3 seed=724 cycles=551
R02_C3 seed=725 cycles=613
R02_C3 seed=726 cycles=519
R02_C3 seed=727 cycles=594
R02_C3 seed=728 cycles=538
R02_C3 seed=729 cycles=567
R02_C3 seed=730 cycles=578
R02_C3 seed=731 cycles=591
R02_C3 seed=732 cycles=558
R02_C3 seed=733 cycles=634
R02_C3 seed=734 cycles=539
R02_C3 seed=735 cycles=702
R02_C3 seed=736 cycles=586
R02_C3 seed=737 cycles=520
R02_C3 seed=738 cycles=520
R02_C3 seed=739 cycles=559
R02_C3 seed=740 cycles=537
R02_C3 seed=741 cycles=545
R02_C3 seed=742 cycles=537
R02_C3 seed=743 cycles=556
R02_C3 seed=744 cycles=579
R02_C3 seed=745 cycles=608
R02_C3 seed=746 cycles=621
R02_C3 seed=747 cycles=550
R02_C3 seed=748 cycles=554
R02_C3 seed=749 cycles=636
R02_C3 seed=750 cycles=702
R02_C3 seed=751 cycles=520
R02_C3 seed=752 cycles=537
R02_C3 seed=753 cycles=574
R02_C3 seed=754 cycles=561
R02_C3 seed=755 cycles=584
R02_C3 seed=756 cycles=590
R02_C3 seed=757 cycles=594
R02_C3 seed=758 cycles=591
R02_C3 seed=759 cycles=538
R02_C3 seed=760 cycles=554
R02_C3 seed=761 cycles=523
R02_C3 seed=762 cycles=548
R02_C3 seed=763 cycles=583
R02_C3 seed=764 cycles=536
R02_C3 seed=765 cycles=660
R02_C3 seed=766 cycles=628
R02_C3 seed=767 cycles=528
R02_C3 seed=768 cycles=548
R02_C3 seed=769 cycles=610
R02_C3 seed=770 cycles=575
R02_C3 seed=771 cycles=547
R02_C3 seed=772 cycles=769
R02_C3 seed=773 cycles=605
R02_C3 seed=774 cycles=541
R02_C3 seed=775 cycles=522
R02_C3 seed=776 cycles=698
R02_C3 seed=777 cycles=524
R02_C3 seed=778 cycles=644
R02_C3 seed=779 cycles=560
R02_C3 seed=780 cycles=550
R02_C3 seed=781 cycles=647
R02_C3 seed=782 cycles=544
R02_C3 seed=783 cycles=625
R02_C3 seed=784 cycles=569
R02_C3 seed=785 cycles=710
R02_C3 seed=786 cycles=587
R02_C3 seed=787 cycles=582
R02_C3 seed=788 cycles=542
R02_C3 seed=789 cycles=573
R02_C3 seed=790 cycles=619
R02_C3 seed=791 cycles=618
R02_C3 seed=792 cycles=533
R02_C3 seed=793 cycles=674
R02_C3 seed=794 cycles=566
R02_C3 seed=795 cycles=627
R02_C3 seed=796 cycles=506
R02_C3 seed=797 cycles=650
R02_C3 seed=798 cycles=661
R02_C3 seed=799 cycles=641
R02_C3 seed=800 cycles=617
R02_C3 seed=801 cycles=592
R02_C3 seed=802 cycles=564
R02_C3 seed=803 cycles=553
R02_C3 seed=804 cycles=543
R02_C3 seed=805 cycles=565
R02_C3 seed=806 cycles=643
R02_C3 seed=807 cycles=535
R02_C3 seed=808 cycles=595
R02_C3 seed=809 cycles=620
R02_C3 seed=810 cycles=526
R02_C3 seed=811 cycles=548
R02_C3 seed=812 cycles=565
R02_C3 seed=813 cycles=589
R02_C3 seed=814 cycles=604
R02_C3 seed=815 cycles=585
R02_C3 seed=816 cycles=565
R02_C3 seed=817 cycles=653
R02_C3 seed=818 cycles=508
R02_C3 seed=819 cycles=535
R02_C3 seed=820 cycles=594
R02_C3 seed=821 cycles=580
R02_C3 seed=822 cycles=549
R02_C3 seed=823 cycles=570
R02_C3 seed=824 cycles=630
R02_C3 seed=825 cycles=566
R02_C3 seed=826 cycles=517
R02_C3 seed=827 cycles=579
R02_C3 seed=828 cycles=704
R02_C3 seed=829 cycles=551
R02_C3 seed=830 cycles=576
R02_C3 seed=831 cycles=547
R02_C3 seed=832 cycles=745
R02_C3 seed=833 cycles=574
R02_C3 seed=834 cycles=562
R02_C3 seed=835 cycles=616
R02_C3 seed=836 cycles=533
R02_C3 seed=837 cycles=572
R02_C3 seed=838 cycles=615
R02_C3 seed=839 cycles=649
R02_C3 seed=840 cycles=639
R02_C3 seed=841 cycles=515
R02_C3 seed=842 cycles=612
R02_C3 seed=843 cycles=670
R02_C3 seed=844 cycles=583
R02_C3 seed=845 cycles=559
R02_C3 seed=846 cycles=543
R02_C3 seed=847 cycles=624
R02_C3 seed=848 cycles=558
R02_C3 seed=849 cycles=555
R02_C3 seed=850 cycles=636
R02_C3 seed=851 cycles=573
R02_C3 seed=852 cycles=537
R02_C3 seed=853 cycles=622
R02_C3 seed=854 cycles=528
R02_C3 seed=855 cycles=560
R02_C3 seed=856 cycles=651
R02_C3 seed=857 cycles=531
R02_C3 seed=858 cycles=559
R02_C3 seed=859 cycles=526
R02_C3 seed=860 cycles=585
R02_C3 seed=861 cycles=545
R02_C3 seed=862 cycles=666
R02_C3 seed=863 cycles=586
R02_C3 seed=864 cycles=543
R02_C3 seed=865 cycles=623
R02_C3 seed=866 cycles=651
R02_C3 seed=867 cycles=588
R02_C3 seed=868 cycles=559
R02_C3 seed=869 cycles=551
R02_C3 seed=870 cycles=562
R02_C3 seed=871 cycles=717
R02_C3 seed=872 cycles=543
R02_C3 seed=873 cycles=605
R02_C3 seed=874 cycles=553
R02_C3 seed=875 cycles=582
R02_C3 seed=876 cycles=540
R02_C3 seed=877 cycles=646
R02_C3 seed=878 cycles=645
R02_C3 seed=879 cycles=547
R02_C3 seed=880 cycles=541
R02_C3 seed=881 cycles=540
R02_C3 seed=882 cycles=562
R02_C3 seed=883 cycles=548
R02_C3 seed=884 cycles=512
R02_C3 seed=885 cycles=610
R02_C3 seed=886 cycles=629
R02_C3 seed=887 cycles=610
R02_C3 seed=888 cycles=528
R02_C3 seed=889 cycles=544
R02_C3 seed=890 cycles=524
R02_C3 seed=891 cycles=589
R02_C3 seed=892 cycles=612
R02_C3 seed=893 cycles=555
R02_C3 seed=894 cycles=530
R02_C3 seed=895 cycles=626
R02_C3 seed=896 cycles=590
R02_C3 seed=897 cycles=547
R02_C3 seed=898 cycles=536
R02_C3 seed=899 cycles=562
R02_C3 seed=900 cycles=551
R02_C3 seed=901 cycles=552
R02_C3 seed=902 cycles=575
R02_C3 seed=903 cycles=566
R02_C3 seed=904 cycles=608
R02_C3 seed=905 cycles=599
R02_C3 seed=906 cycles=541
R02_C3 seed=907 cycles=649
R02_C3 seed=908 cycles=589
R02_C3 seed=909 cycles=649
R02_C3 seed=910 cycles=588
R02_C3 seed=911 cycles=518
R02_C3 seed=912 cycles=582
R02_C3 seed=913 cycles=616
R02_C3 seed=914 cycles=630
R02_C3 seed=915 cycles=608
R02_C3 seed=916 cycles=643
R02_C3 seed=917 cycles=527
R02_C3 seed=918 cycles=756
R02_C3 seed=919 cycles=557
R02_C3 seed=920 cycles=628
R02_C3 seed=921 cycles=693
R02_C3 seed=922 cycles=628
R02_C3 seed=923 cycles=542
R02_C3 seed=924 cycles=553
R02_C3 seed=925 cycles=522
R02_C3 seed=926 cycles=575
R02_C3 seed=927 cycles=663
R02_C3 seed=928 cycles=613
R02_C3 seed=929 cycles=591
R02_C3 seed=930 cycles=559
R02_C3 seed=931 cycles=599
R02_C3 seed=932 cycles=548
R02_C3 seed=933 cycles=566
R02_C3 seed=934 cycles=718
R02_C3 seed=935 cycles=541
R02_C3 seed=936 cycles=533
R02_C3 seed=937 cycles=594
R02_C3 seed=938 cycles=502
R02_C3 seed=939 cycles=580
R02_C3 seed=940 cycles=589
R02_C3 seed=941 cycles=591
R02_C3 seed=942 cycles=541
R02_C3 seed=943 cycles=539
R02_C3 seed=944 cycles=582
R02_C3 seed=945 cycles=626
R02_C3 seed=946 cycles=585
R02_C3 seed=947 cycles=589
R02_C3 seed=948 cycles=580
R02_C3 seed=949 cycles=598
R02_C3 seed=950 cycles=583
R02_C3 seed=951 cycles=559
R02_C3 seed=952 cycles=584
R02_C3 seed=953 cycles=592
R02_C3 seed=954 cycles=552
R02_C3 seed=955 cycles=597
R02_C3 seed=956 cycles=593
R02_C3 seed=957 cycles=540
R02_C3 seed=958 cycles=579
R02_C3 seed=959 cycles=663
R02_C3 seed=960 cycles=630
R02_C3 seed=961 cycles=559
R02_C3 seed=962 cycles=596
R02_C3 seed=963 cycles=616
R02_C3 seed=964 cycles=582
R02_C3 seed=965 cycles=632
R02_C3 seed=966 cycles=664
R02_C3 seed=967 cycles=616
R02_C3 seed=968 cycles=614
R02_C3 seed=969 cycles=653
R02_C3 seed=970 cycles=530
R02_C3 seed=971 cycles=543
R02_C3 seed=972 cycles=533
R02_C3 seed=973 cycles=544
R02_C3 seed=974 cycles=601
R02_C3 seed=975 cycles=604
R02_C3 seed=976 cycles=669
R02_C3 seed=977 cycles=551
R02_C3 seed=978 cycles=579
R02_C3 seed=979 cycles=565
R02_C3 seed=980 cycles=566
R02_C3 seed=981 cycles=550
R02_C3 seed=982 cycles=525
R02_C3 seed=983 cycles=544
R02_C3 seed=984 cycles=521
R02_C3 seed=985 cycles=661
R02_C3 seed=986 cycles=585
R02_C3 seed=987 cycles=543
R02_C3 seed=988 cycles=543
R02_C3 seed=989 cycles=533
R02_C3 seed=990 cycles=593
R02_C3 seed=991 cycles=603
R02_C3 seed=992 cycles=540
R02_C3 seed=993 cycles=580
R02_C3 seed=994 cycles=496
R02_C3 seed=995 cycles=688
R02_C3 seed=996 cycles=564
R02_C3 seed=997 cycles=606
R02_C3 seed=998 cycles=599
R02_C3 seed=999 cycles=540
[info] - C3 1000 independently executed Spike random instruction seeds
[info] Run completed in 2 minutes, 12 seconds.
[info] Total number of tests run: 1
[info] Suites: completed 1, aborted 0
[info] Tests: succeeded 1, failed 0, canceled 0, ignored 0, pending 0
[info] All tests passed.
[success] Total time: 134 s (02:14), completed Oct 7, 2026, 5:06:34 PM
