Copyright 1986-2022 Xilinx, Inc. All Rights Reserved.
--------------------------------------------------------------------------------------------------------------------
| Tool Version      : Vivado v.2022.2 (lin64) Build 3671981 Fri Oct 14 04:59:54 MDT 2022
| Date              : Wed Oct  7 16:13:11 2026
| Host              : chen-System-Product-Name running 64-bit Ubuntu 24.04.4 LTS
| Command           : report_timing_summary -file /home/chen/FUN/flow-r03-evidence/a1/s1/reports/timing-summary.rpt
| Design            : RvvCoprocessor
| Device            : xcku040-ffva1156
| Speed File        : -2  PRODUCTION 1.25 12-04-2018
| Temperature Grade : E
--------------------------------------------------------------------------------------------------------------------

Timing Summary Report

------------------------------------------------------------------------------------------------
| Timer Settings
| --------------
------------------------------------------------------------------------------------------------

  Enable Multi Corner Analysis               :  Yes
  Enable Pessimism Removal                   :  Yes
  Pessimism Removal Resolution               :  Nearest Common Node
  Enable Input Delay Default Clock           :  No
  Enable Preset / Clear Arcs                 :  No
  Disable Flight Delays                      :  No
  Ignore I/O Paths                           :  No
  Timing Early Launch at Borrowing Latches   :  No
  Borrow Time for Max Delay Exceptions       :  Yes
  Merge Timing Exceptions                    :  Yes

  Corner  Analyze    Analyze    
  Name    Max Paths  Min Paths  
  ------  ---------  ---------  
  Slow    Yes        Yes        
  Fast    Yes        Yes        


------------------------------------------------------------------------------------------------
| Report Methodology
| ------------------
------------------------------------------------------------------------------------------------

No report available as report_methodology has not been run prior. Run report_methodology on the current design for the summary of methodology violations.



check_timing report

Table of Contents
-----------------
1. checking no_clock (0)
2. checking constant_clock (0)
3. checking pulse_width_clock (0)
4. checking unconstrained_internal_endpoints (0)
5. checking no_input_delay (741)
6. checking no_output_delay (2606)
7. checking multiple_clock (0)
8. checking generated_clocks (0)
9. checking loops (0)
10. checking partial_input_delay (0)
11. checking partial_output_delay (0)
12. checking latch_loops (0)

1. checking no_clock (0)
------------------------
 There are 0 register/latch pins with no clock.


2. checking constant_clock (0)
------------------------------
 There are 0 register/latch pins with constant_clock.


3. checking pulse_width_clock (0)
---------------------------------
 There are 0 register/latch pins which need pulse_width check


4. checking unconstrained_internal_endpoints (0)
------------------------------------------------
 There are 0 pins that are not constrained for maximum delay.

 There are 0 pins that are not constrained for maximum delay due to constant clock.


5. checking no_input_delay (741)
--------------------------------
 There are 741 input ports with no input delay specified. (HIGH)

 There are 0 input ports with no input delay but user has a false path constraint.


6. checking no_output_delay (2606)
----------------------------------
 There are 2606 ports with no output delay specified. (HIGH)

 There are 0 ports with no output delay but user has a false path constraint

 There are 0 ports with no output delay but with a timing clock defined on it or propagating through it


7. checking multiple_clock (0)
------------------------------
 There are 0 register/latch pins with multiple clocks.


8. checking generated_clocks (0)
--------------------------------
 There are 0 generated clocks that are not connected to a clock source.


9. checking loops (0)
---------------------
 There are 0 combinational loops in the design.


10. checking partial_input_delay (0)
------------------------------------
 There are 0 input ports with partial input delay specified.


11. checking partial_output_delay (0)
-------------------------------------
 There are 0 ports with partial output delay specified.


12. checking latch_loops (0)
----------------------------
 There are 0 combinational latch loops in the design through latch input



------------------------------------------------------------------------------------------------
| Design Timing Summary
| ---------------------
------------------------------------------------------------------------------------------------

    WNS(ns)      TNS(ns)  TNS Failing Endpoints  TNS Total Endpoints      WHS(ns)      THS(ns)  THS Failing Endpoints  THS Total Endpoints     WPWS(ns)     TPWS(ns)  TPWS Failing Endpoints  TPWS Total Endpoints  
    -------      -------  ---------------------  -------------------      -------      -------  ---------------------  -------------------     --------     --------  ----------------------  --------------------  
     -1.089    -7450.426                  10886               147374        0.078        0.000                      0               147374        4.020        0.000                       0                 60036  


Timing constraints are not met.


------------------------------------------------------------------------------------------------
| Clock Summary
| -------------
------------------------------------------------------------------------------------------------

Clock      Waveform(ns)       Period(ns)      Frequency(MHz)
-----      ------------       ----------      --------------
rvv_clock  {0.000 5.000}      10.000          100.000         


------------------------------------------------------------------------------------------------
| Intra Clock Table
| -----------------
------------------------------------------------------------------------------------------------

Clock             WNS(ns)      TNS(ns)  TNS Failing Endpoints  TNS Total Endpoints      WHS(ns)      THS(ns)  THS Failing Endpoints  THS Total Endpoints     WPWS(ns)     TPWS(ns)  TPWS Failing Endpoints  TPWS Total Endpoints  
-----             -------      -------  ---------------------  -------------------      -------      -------  ---------------------  -------------------     --------     --------  ----------------------  --------------------  
rvv_clock          -1.089    -7450.426                  10886               147374        0.078        0.000                      0               147374        4.020        0.000                       0                 60036  


------------------------------------------------------------------------------------------------
| Inter Clock Table
| -----------------
------------------------------------------------------------------------------------------------

From Clock    To Clock          WNS(ns)      TNS(ns)  TNS Failing Endpoints  TNS Total Endpoints      WHS(ns)      THS(ns)  THS Failing Endpoints  THS Total Endpoints  
----------    --------          -------      -------  ---------------------  -------------------      -------      -------  ---------------------  -------------------  


------------------------------------------------------------------------------------------------
| Other Path Groups Table
| -----------------------
------------------------------------------------------------------------------------------------

Path Group    From Clock    To Clock          WNS(ns)      TNS(ns)  TNS Failing Endpoints  TNS Total Endpoints      WHS(ns)      THS(ns)  THS Failing Endpoints  THS Total Endpoints  
----------    ----------    --------          -------      -------  ---------------------  -------------------      -------      -------  ---------------------  -------------------  


------------------------------------------------------------------------------------------------
| Timing Details
| --------------
------------------------------------------------------------------------------------------------


---------------------------------------------------------------------------------------------------
From Clock:  rvv_clock
  To Clock:  rvv_clock

Setup :        10886  Failing Endpoints,  Worst Slack       -1.089ns,  Total Violation    -7450.426ns
Hold  :            0  Failing Endpoints,  Worst Slack        0.078ns,  Total Violation        0.000ns
PW    :            0  Failing Endpoints,  Worst Slack        4.020ns,  Total Violation        0.000ns
---------------------------------------------------------------------------------------------------


Max Delay Paths
--------------------------------------------------------------------------------------
Slack (VIOLATED) :        -1.089ns  (required time - arrival time)
  Source:                 mem/returnBuffer/ram_ext/Memory_reg_0/CLKARDCLK
                            (rising edge-triggered cell RAMB36E2 clocked by rvv_clock  {rise@0.000ns fall@5.000ns period=10.000ns})
  Destination:            sb/writes_0_reg[0]/D
                            (rising edge-triggered cell FDRE clocked by rvv_clock  {rise@0.000ns fall@5.000ns period=10.000ns})
  Path Group:             rvv_clock
  Path Type:              Setup (Max at Slow Process Corner)
  Requirement:            10.000ns  (rvv_clock rise@10.000ns - rvv_clock rise@0.000ns)
  Data Path Delay:        11.113ns  (logic 3.812ns (34.302%)  route 7.301ns (65.698%))
  Logic Levels:           32  (CARRY8=4 LUT2=1 LUT3=2 LUT4=4 LUT5=2 LUT6=13 MUXF7=4 MUXF8=2)
  Clock Uncertainty:      0.035ns  ((TSJ^2 + TIJ^2)^1/2 + DJ) / 2 + PE
    Total System Jitter     (TSJ):    0.071ns
    Total Input Jitter      (TIJ):    0.000ns
    Discrete Jitter          (DJ):    0.000ns
    Phase Error              (PE):    0.000ns

    Location             Delay type                Incr(ns)  Path(ns)    Netlist Resource(s)
  -------------------------------------------------------------------    -------------------
                         (clock rvv_clock rise edge)
                                                      0.000     0.000 r  
                                                      0.000     0.000 r  clock (IN)
                         net (fo=60035, unset)        0.000     0.000    mem/returnBuffer/ram_ext/clock
                         RAMB36E2                                     r  mem/returnBuffer/ram_ext/Memory_reg_0/CLKARDCLK
  -------------------------------------------------------------------    -------------------
                         RAMB36E2 (Prop_RAMB36E2_CLKARDCLK_DOUTADOUT[13])
                                                      1.216     1.216 r  mem/returnBuffer/ram_ext/Memory_reg_0/DOUTADOUT[13]
                         net (fo=720, unplaced)       0.532     1.748    mem/returnBuffer/ram_ext/_returnBuffer_io_deq_bits_slot[0]
                         LUT6 (Prop_LUT6_I4_O)        0.074     1.822 r  mem/returnBuffer/ram_ext/writes_62[31]_i_114/O
                         net (fo=1, unplaced)         0.000     1.822    mem/returnBuffer/ram_ext/writes_62[31]_i_114_n_0
                         MUXF7 (Prop_MUXF7_I0_O)      0.068     1.890 r  mem/returnBuffer/ram_ext/writes_62_reg[31]_i_51/O
                         net (fo=6, unplaced)         0.286     2.176    mem/returnBuffer/ram_ext/writes_62_reg[31]_i_51_n_0
                         LUT6 (Prop_LUT6_I0_O)        0.132     2.308 r  mem/returnBuffer/ram_ext/io_counters_warStall_0_x[63]_i_9335/O
                         net (fo=128, unplaced)       0.371     2.679    sb/io_counters_warStall_0_x_reg[63]_i_5276[0]
                         MUXF7 (Prop_MUXF7_S_O)       0.103     2.782 f  sb/io_counters_warStall_0_x_reg[63]_i_9005/O
                         net (fo=1, unplaced)         0.000     2.782    sb/io_counters_warStall_0_x_reg[63]_i_9005_n_0
                         MUXF8 (Prop_MUXF8_I1_O)      0.059     2.841 f  sb/io_counters_warStall_0_x_reg[63]_i_8161/O
                         net (fo=1, unplaced)         0.262     3.103    sb/io_counters_warStall_0_x_reg[63]_i_8161_n_0
                         LUT6 (Prop_LUT6_I0_O)        0.136     3.239 f  sb/io_counters_warStall_0_x[63]_i_6769/O
                         net (fo=1, unplaced)         0.000     3.239    mem/returnBuffer/ram_ext/io_counters_warStall_0_x[63]_i_7578_1
                         MUXF7 (Prop_MUXF7_I0_O)      0.068     3.307 f  mem/returnBuffer/ram_ext/io_counters_warStall_0_x_reg[63]_i_5277/O
                         net (fo=166, unplaced)       0.345     3.652    mem/returnBuffer/ram_ext/io_counters_warStall_0_x_reg[63]_i_5277_n_0
                         LUT4 (Prop_LUT4_I3_O)        0.095     3.747 f  mem/returnBuffer/ram_ext/io_counters_warStall_0_x[63]_i_8678/O
                         net (fo=1, unplaced)         0.294     4.041    mem/returnBuffer/ram_ext/io_counters_warStall_0_x[63]_i_8678_n_0
                         CARRY8 (Prop_CARRY8_DI[0]_CO[7])
                                                      0.373     4.414 f  mem/returnBuffer/ram_ext/io_counters_warStall_0_x_reg[63]_i_7644/CO[7]
                         net (fo=1, unplaced)         0.000     4.414    mem/returnBuffer/ram_ext/io_counters_warStall_0_x_reg[63]_i_7644_n_0
                         CARRY8 (Prop_CARRY8_CI_CO[7])
                                                      0.028     4.442 f  mem/returnBuffer/ram_ext/io_counters_warStall_0_x_reg[63]_i_6297/CO[7]
                         net (fo=1, unplaced)         0.000     4.442    mem/returnBuffer/ram_ext/io_counters_warStall_0_x_reg[63]_i_6297_n_0
                         CARRY8 (Prop_CARRY8_CI_CO[7])
                                                      0.028     4.470 f  mem/returnBuffer/ram_ext/io_counters_warStall_0_x_reg[63]_i_4820/CO[7]
                         net (fo=1, unplaced)         0.000     4.470    mem/returnBuffer/ram_ext/io_counters_warStall_0_x_reg[63]_i_4820_n_0
                         CARRY8 (Prop_CARRY8_CI_CO[7])
                                                      0.028     4.498 f  mem/returnBuffer/ram_ext/io_counters_warStall_0_x_reg[63]_i_3452/CO[7]
                         net (fo=64, unplaced)        0.187     4.685    sb/io_counters_wawStall_0_x[63]_i_1018_1[0]
                         LUT6 (Prop_LUT6_I1_O)        0.071     4.756 f  sb/io_counters_warStall_0_x[63]_i_2267/O
                         net (fo=1, unplaced)         0.249     5.005    sb/io_counters_warStall_0_x[63]_i_2267_n_0
                         LUT6 (Prop_LUT6_I5_O)        0.040     5.045 f  sb/io_counters_warStall_0_x[63]_i_1085/O
                         net (fo=1, unplaced)         0.249     5.294    sb/io_counters_warStall_0_x[63]_i_1085_n_0
                         LUT6 (Prop_LUT6_I5_O)        0.040     5.334 f  sb/io_counters_warStall_0_x[63]_i_407/O
                         net (fo=1, unplaced)         0.251     5.585    sb/io_counters_warStall_0_x[63]_i_407_n_0
                         LUT4 (Prop_LUT4_I0_O)        0.132     5.717 f  sb/io_counters_warStall_0_x[63]_i_137/O
                         net (fo=1, unplaced)         0.249     5.966    sb/io_counters_warStall_0_x[63]_i_137_n_0
                         LUT6 (Prop_LUT6_I2_O)        0.040     6.006 f  sb/io_counters_warStall_0_x[63]_i_28/O
                         net (fo=1, unplaced)         0.249     6.255    sb/io_war_11[19]
                         LUT6 (Prop_LUT6_I5_O)        0.040     6.295 f  sb/io_counters_warStall_0_x[63]_i_7/O
                         net (fo=1, unplaced)         0.251     6.546    sb/io_counters_warStall_0_x[63]_i_7_n_0
                         LUT4 (Prop_LUT4_I0_O)        0.132     6.678 f  sb/io_counters_warStall_0_x[63]_i_3/O
                         net (fo=1, unplaced)         0.251     6.929    sb/io_counters_warStall_0_x[63]_i_3_n_0
                         LUT5 (Prop_LUT5_I1_O)        0.132     7.061 f  sb/io_counters_warStall_0_x[63]_i_1/O
                         net (fo=66, unplaced)        0.325     7.386    sb/_sb_io_war_1
                         LUT6 (Prop_LUT6_I5_O)        0.040     7.426 f  sb/io_loadRegisterComplete_valid_INST_0_i_3/O
                         net (fo=10, unplaced)        0.282     7.708    mem/returnBuffer/ram_ext/io_blocked_10
                         LUT6 (Prop_LUT6_I5_O)        0.040     7.748 f  mem/returnBuffer/ram_ext/io_macRead_valid_INST_0_i_27/O
                         net (fo=15, unplaced)        0.292     8.040    mem/returnBuffer/ram_ext/Memory_reg_0_201
                         LUT6 (Prop_LUT6_I5_O)        0.040     8.080 f  mem/returnBuffer/ram_ext/memory_reg_1_i_78/O
                         net (fo=4, unplaced)         0.264     8.344    mem/returnBuffer/ram_ext/operandRow_reg[1]
                         LUT4 (Prop_LUT4_I0_O)        0.132     8.476 r  mem/returnBuffer/ram_ext/io_loadRegisterComplete_valid_INST_0_i_4/O
                         net (fo=6, unplaced)         0.271     8.747    mem/returnBuffer/ram_ext/_vrf_io_write_0_ready
                         LUT3 (Prop_LUT3_I2_O)        0.040     8.787 r  mem/returnBuffer/ram_ext/io_loadRegisterComplete_valid_INST_0_i_1/O
                         net (fo=1078, unplaced)      0.389     9.176    mem/returnBuffer/ram_ext/maybe_full_reg_1
                         LUT2 (Prop_LUT2_I0_O)        0.040     9.216 r  mem/returnBuffer/ram_ext/writes_62[11]_i_39/O
                         net (fo=132, unplaced)       0.372     9.588    sb/_mem_io_progress_1_bits_slot[2]
                         MUXF7 (Prop_MUXF7_S_O)       0.103     9.691 r  sb/writes_62_reg[0]_i_73/O
                         net (fo=1, unplaced)         0.000     9.691    sb/writes_62_reg[0]_i_73_n_0
                         MUXF8 (Prop_MUXF8_I1_O)      0.059     9.750 r  sb/writes_62_reg[0]_i_34/O
                         net (fo=1, unplaced)         0.262    10.012    sb/writes_62_reg[0]_i_34_n_0
                         LUT6 (Prop_LUT6_I0_O)        0.132    10.144 r  sb/writes_62[0]_i_17/O
                         net (fo=1, unplaced)         0.216    10.360    sb/writes_62[0]_i_17_n_0
                         LUT6 (Prop_LUT6_I0_O)        0.071    10.431 r  sb/writes_62[0]_i_6/O
                         net (fo=83, unplaced)        0.330    10.761    mem/returnBuffer/ram_ext/writes_00[0]
                         LUT5 (Prop_LUT5_I1_O)        0.040    10.801 r  mem/returnBuffer/ram_ext/writes_0[0]_i_2/O
                         net (fo=1, unplaced)         0.249    11.050    cross_0/writes_0_reg[0]
                         LUT3 (Prop_LUT3_I0_O)        0.040    11.090 r  cross_0/writes_0[0]_i_1/O
                         net (fo=1, unplaced)         0.023    11.113    sb/writes_0_reg[31]_10[0]
                         FDRE                                         r  sb/writes_0_reg[0]/D
  -------------------------------------------------------------------    -------------------

                         (clock rvv_clock rise edge)
                                                     10.000    10.000 r  
                                                      0.000    10.000 r  clock (IN)
                         net (fo=60035, unset)        0.000    10.000    sb/clock
                         FDRE                                         r  sb/writes_0_reg[0]/C
                         clock pessimism              0.000    10.000    
                         clock uncertainty           -0.035     9.965    
                         FDRE (Setup_FDRE_C_D)        0.059    10.024    sb/writes_0_reg[0]
  -------------------------------------------------------------------
                         required time                         10.024    
                         arrival time                         -11.113    
  -------------------------------------------------------------------
                         slack                                 -1.089    





Min Delay Paths
--------------------------------------------------------------------------------------
Slack (MET) :             0.078ns  (arrival time - required time)
  Source:                 queues_4/enq_ptr_value_reg[1]/C
                            (rising edge-triggered cell FDRE clocked by rvv_clock  {rise@0.000ns fall@5.000ns period=10.000ns})
  Destination:            queues_4/ram_ext/Memory_reg_0_3_0_13/RAMH/ADR1
                            (rising edge-triggered cell RAMS32 clocked by rvv_clock  {rise@0.000ns fall@5.000ns period=10.000ns})
  Path Group:             rvv_clock
  Path Type:              Hold (Min at Fast Process Corner)
  Requirement:            0.000ns  (rvv_clock rise@0.000ns - rvv_clock rise@0.000ns)
  Data Path Delay:        0.153ns  (logic 0.049ns (32.101%)  route 0.104ns (67.899%))
  Logic Levels:           0  

    Location             Delay type                Incr(ns)  Path(ns)    Netlist Resource(s)
  -------------------------------------------------------------------    -------------------
                         (clock rvv_clock rise edge)
                                                      0.000     0.000 r  
                                                      0.000     0.000 r  clock (IN)
                         net (fo=60035, unset)        0.000     0.000    queues_4/clock
                         FDRE                                         r  queues_4/enq_ptr_value_reg[1]/C
  -------------------------------------------------------------------    -------------------
                         FDRE (Prop_FDRE_C_Q)         0.049     0.049 r  queues_4/enq_ptr_value_reg[1]/Q
                         net (fo=28, unplaced)        0.104     0.153    queues_4/ram_ext/Memory_reg_0_3_0_13/ADDRH1
                         RAMS32                                       r  queues_4/ram_ext/Memory_reg_0_3_0_13/RAMH/ADR1
  -------------------------------------------------------------------    -------------------

                         (clock rvv_clock rise edge)
                                                      0.000     0.000 r  
                                                      0.000     0.000 r  clock (IN)
                         net (fo=60035, unset)        0.000     0.000    queues_4/ram_ext/Memory_reg_0_3_0_13/WCLK
                         RAMS32                                       r  queues_4/ram_ext/Memory_reg_0_3_0_13/RAMH/CLK
                         clock pessimism              0.000     0.000    
                         RAMS32 (Hold_RAMS32_CLK_ADR1)
                                                      0.075     0.075    queues_4/ram_ext/Memory_reg_0_3_0_13/RAMH
  -------------------------------------------------------------------
                         required time                         -0.075    
                         arrival time                           0.153    
  -------------------------------------------------------------------
                         slack                                  0.078    





Pulse Width Checks
--------------------------------------------------------------------------------------
Clock Name:         rvv_clock
Waveform(ns):       { 0.000 5.000 }
Period(ns):         10.000
Sources:            { clock }

Check Type        Corner  Lib Pin             Reference Pin  Required(ns)  Actual(ns)  Slack(ns)  Location  Pin
Min Period        n/a     RAMB36E2/CLKARDCLK  n/a            1.961         10.000      8.039                mem/returnBuffer/ram_ext/Memory_reg_0/CLKARDCLK
Low Pulse Width   Slow    RAMB36E2/CLKARDCLK  n/a            0.980         5.000       4.020                mem/returnBuffer/ram_ext/Memory_reg_0/CLKARDCLK
High Pulse Width  Slow    RAMB36E2/CLKARDCLK  n/a            0.980         5.000       4.020                mem/returnBuffer/ram_ext/Memory_reg_0/CLKARDCLK



