Copyright 1986-2022 Xilinx, Inc. All Rights Reserved.
--------------------------------------------------------------------------------------------------------------------------
| Tool Version      : Vivado v.2022.2 (lin64) Build 3671981 Fri Oct 14 04:59:54 MDT 2022
| Date              : Wed Oct  7 19:11:39 2026
| Host              : chen-System-Product-Name running 64-bit Ubuntu 24.04.4 LTS
| Command           : report_timing_summary -file /home/chen/FUN/flow-r04-evidence/physical/s1/reports/timing-summary.rpt
| Design            : RvvCoprocessor
| Device            : xcku040-ffva1156
| Speed File        : -2  PRODUCTION 1.25 12-04-2018
| Temperature Grade : E
--------------------------------------------------------------------------------------------------------------------------

Timing Summary Report

------------------------------------------------------------------------------------------------
| Timer Settings
| --------------
------------------------------------------------------------------------------------------------

  Enable Multi Corner Analysis               :  Yes
  Enable Pessimism Removal                   :  Yes
  Pessimism Removal Resolution               :  Nearest Common Node
  Enable Input Delay Default Clock           :  No
  Enable Preset / Clear Arcs                 :  No
  Disable Flight Delays                      :  No
  Ignore I/O Paths                           :  No
  Timing Early Launch at Borrowing Latches   :  No
  Borrow Time for Max Delay Exceptions       :  Yes
  Merge Timing Exceptions                    :  Yes

  Corner  Analyze    Analyze    
  Name    Max Paths  Min Paths  
  ------  ---------  ---------  
  Slow    Yes        Yes        
  Fast    Yes        Yes        


------------------------------------------------------------------------------------------------
| Report Methodology
| ------------------
------------------------------------------------------------------------------------------------

No report available as report_methodology has not been run prior. Run report_methodology on the current design for the summary of methodology violations.



check_timing report

Table of Contents
-----------------
1. checking no_clock (0)
2. checking constant_clock (0)
3. checking pulse_width_clock (0)
4. checking unconstrained_internal_endpoints (0)
5. checking no_input_delay (689)
6. checking no_output_delay (2418)
7. checking multiple_clock (0)
8. checking generated_clocks (0)
9. checking loops (0)
10. checking partial_input_delay (0)
11. checking partial_output_delay (0)
12. checking latch_loops (0)

1. checking no_clock (0)
------------------------
 There are 0 register/latch pins with no clock.


2. checking constant_clock (0)
------------------------------
 There are 0 register/latch pins with constant_clock.


3. checking pulse_width_clock (0)
---------------------------------
 There are 0 register/latch pins which need pulse_width check


4. checking unconstrained_internal_endpoints (0)
------------------------------------------------
 There are 0 pins that are not constrained for maximum delay.

 There are 0 pins that are not constrained for maximum delay due to constant clock.


5. checking no_input_delay (689)
--------------------------------
 There are 689 input ports with no input delay specified. (HIGH)

 There are 0 input ports with no input delay but user has a false path constraint.


6. checking no_output_delay (2418)
----------------------------------
 There are 2418 ports with no output delay specified. (HIGH)

 There are 0 ports with no output delay but user has a false path constraint

 There are 0 ports with no output delay but with a timing clock defined on it or propagating through it


7. checking multiple_clock (0)
------------------------------
 There are 0 register/latch pins with multiple clocks.


8. checking generated_clocks (0)
--------------------------------
 There are 0 generated clocks that are not connected to a clock source.


9. checking loops (0)
---------------------
 There are 0 combinational loops in the design.


10. checking partial_input_delay (0)
------------------------------------
 There are 0 input ports with partial input delay specified.


11. checking partial_output_delay (0)
-------------------------------------
 There are 0 ports with partial output delay specified.


12. checking latch_loops (0)
----------------------------
 There are 0 combinational latch loops in the design through latch input



------------------------------------------------------------------------------------------------
| Design Timing Summary
| ---------------------
------------------------------------------------------------------------------------------------

    WNS(ns)      TNS(ns)  TNS Failing Endpoints  TNS Total Endpoints      WHS(ns)      THS(ns)  THS Failing Endpoints  THS Total Endpoints     WPWS(ns)     TPWS(ns)  TPWS Failing Endpoints  TPWS Total Endpoints  
    -------      -------  ---------------------  -------------------      -------      -------  ---------------------  -------------------     --------     --------  ----------------------  --------------------  
      1.447        0.000                      0               112800        0.068        0.000                      0               112800        4.020        0.000                       0                 31720  


All user specified timing constraints are met.


------------------------------------------------------------------------------------------------
| Clock Summary
| -------------
------------------------------------------------------------------------------------------------

Clock      Waveform(ns)       Period(ns)      Frequency(MHz)
-----      ------------       ----------      --------------
rvv_clock  {0.000 5.000}      10.000          100.000         


------------------------------------------------------------------------------------------------
| Intra Clock Table
| -----------------
------------------------------------------------------------------------------------------------

Clock             WNS(ns)      TNS(ns)  TNS Failing Endpoints  TNS Total Endpoints      WHS(ns)      THS(ns)  THS Failing Endpoints  THS Total Endpoints     WPWS(ns)     TPWS(ns)  TPWS Failing Endpoints  TPWS Total Endpoints  
-----             -------      -------  ---------------------  -------------------      -------      -------  ---------------------  -------------------     --------     --------  ----------------------  --------------------  
rvv_clock           1.447        0.000                      0               112800        0.068        0.000                      0               112800        4.020        0.000                       0                 31720  


------------------------------------------------------------------------------------------------
| Inter Clock Table
| -----------------
------------------------------------------------------------------------------------------------

From Clock    To Clock          WNS(ns)      TNS(ns)  TNS Failing Endpoints  TNS Total Endpoints      WHS(ns)      THS(ns)  THS Failing Endpoints  THS Total Endpoints  
----------    --------          -------      -------  ---------------------  -------------------      -------      -------  ---------------------  -------------------  


------------------------------------------------------------------------------------------------
| Other Path Groups Table
| -----------------------
------------------------------------------------------------------------------------------------

Path Group    From Clock    To Clock          WNS(ns)      TNS(ns)  TNS Failing Endpoints  TNS Total Endpoints      WHS(ns)      THS(ns)  THS Failing Endpoints  THS Total Endpoints  
----------    ----------    --------          -------      -------  ---------------------  -------------------      -------      -------  ---------------------  -------------------  


------------------------------------------------------------------------------------------------
| Timing Details
| --------------
------------------------------------------------------------------------------------------------


---------------------------------------------------------------------------------------------------
From Clock:  rvv_clock
  To Clock:  rvv_clock

Setup :            0  Failing Endpoints,  Worst Slack        1.447ns,  Total Violation        0.000ns
Hold  :            0  Failing Endpoints,  Worst Slack        0.068ns,  Total Violation        0.000ns
PW    :            0  Failing Endpoints,  Worst Slack        4.020ns,  Total Violation        0.000ns
---------------------------------------------------------------------------------------------------


Max Delay Paths
--------------------------------------------------------------------------------------
Slack (MET) :             1.447ns  (required time - arrival time)
  Source:                 mac/dot/reserved_reg[1]/C
                            (rising edge-triggered cell FDRE clocked by rvv_clock  {rise@0.000ns fall@5.000ns period=10.000ns})
  Destination:            mem/returnBuffer/ram_ext/Memory_reg_0/ADDRARDADDR[8]
                            (rising edge-triggered cell RAMB36E2 clocked by rvv_clock  {rise@0.000ns fall@5.000ns period=10.000ns})
  Path Group:             rvv_clock
  Path Type:              Setup (Max at Slow Process Corner)
  Requirement:            10.000ns  (rvv_clock rise@10.000ns - rvv_clock rise@0.000ns)
  Data Path Delay:        8.024ns  (logic 1.803ns (22.470%)  route 6.221ns (77.530%))
  Logic Levels:           22  (LUT3=4 LUT4=2 LUT5=5 LUT6=9 MUXF7=1 MUXF8=1)
  Clock Uncertainty:      0.035ns  ((TSJ^2 + TIJ^2)^1/2 + DJ) / 2 + PE
    Total System Jitter     (TSJ):    0.071ns
    Total Input Jitter      (TIJ):    0.000ns
    Discrete Jitter          (DJ):    0.000ns
    Phase Error              (PE):    0.000ns

    Location             Delay type                Incr(ns)  Path(ns)    Netlist Resource(s)
  -------------------------------------------------------------------    -------------------
                         (clock rvv_clock rise edge)
                                                      0.000     0.000 r  
                                                      0.000     0.000 r  clock (IN)
                         net (fo=32534, unset)        0.000     0.000    mac/dot/clock
                         FDRE                                         r  mac/dot/reserved_reg[1]/C
  -------------------------------------------------------------------    -------------------
                         FDRE (Prop_FDRE_C_Q)         0.115     0.115 r  mac/dot/reserved_reg[1]/Q
                         net (fo=17, unplaced)        0.369     0.484    mac/dot/reserved__0__0[1]
                         LUT6 (Prop_LUT6_I0_O)        0.190     0.674 r  mac/dot/macReady_valid_INST_0_i_1/O
                         net (fo=101, unplaced)       0.335     1.009    mac/dot/reserved_reg[1]_12
                         LUT3 (Prop_LUT3_I1_O)        0.040     1.049 r  mac/dot/io_counters_rawStall_2_x[63]_i_994/O
                         net (fo=16, unplaced)        0.324     1.373    sb/_mac_io_hazard_slot[2]
                         MUXF7 (Prop_MUXF7_S_O)       0.103     1.476 f  sb/io_counters_rawStall_2_x_reg[63]_i_1041/O
                         net (fo=1, unplaced)         0.000     1.476    sb/io_counters_rawStall_2_x_reg[63]_i_1041_n_0
                         MUXF8 (Prop_MUXF8_I1_O)      0.059     1.535 f  sb/io_counters_rawStall_2_x_reg[63]_i_1031/O
                         net (fo=16, unplaced)        0.288     1.823    sb/io_counters_rawStall_2_x_reg[63]_i_1031_n_0
                         LUT6 (Prop_LUT6_I0_O)        0.115     1.938 r  sb/io_counters_rawStall_2_x[63]_i_1021/O
                         net (fo=1, unplaced)         0.249     2.187    sb/io_counters_rawStall_2_x[63]_i_1021_n_0
                         LUT5 (Prop_LUT5_I2_O)        0.040     2.227 r  sb/io_counters_rawStall_2_x[63]_i_942/O
                         net (fo=1, unplaced)         0.249     2.476    sb/io_counters_rawStall_2_x[63]_i_942_n_0
                         LUT3 (Prop_LUT3_I2_O)        0.040     2.516 r  sb/io_counters_rawStall_2_x[63]_i_676/O
                         net (fo=34, unplaced)        0.310     2.826    sb/io_counters_rawStall_2_x[63]_i_676_n_0
                         LUT6 (Prop_LUT6_I0_O)        0.040     2.866 r  sb/io_counters_warStall_2_x[63]_i_357/O
                         net (fo=32, unplaced)        0.309     3.175    sb/io_war_315217_out
                         LUT6 (Prop_LUT6_I5_O)        0.040     3.215 r  sb/io_counters_warStall_2_x[63]_i_170/O
                         net (fo=1, unplaced)         0.249     3.464    sb/io_counters_warStall_2_x[63]_i_170_n_0
                         LUT6 (Prop_LUT6_I5_O)        0.040     3.504 r  sb/io_counters_warStall_2_x[63]_i_35/O
                         net (fo=1, unplaced)         0.251     3.755    sb/io_counters_warStall_2_x[63]_i_35_n_0
                         LUT5 (Prop_LUT5_I1_O)        0.132     3.887 r  sb/io_counters_warStall_2_x[63]_i_8/O
                         net (fo=1, unplaced)         0.232     4.119    sb/io_war_31[18]
                         LUT6 (Prop_LUT6_I0_O)        0.190     4.309 r  sb/io_counters_warStall_2_x[63]_i_3/O
                         net (fo=1, unplaced)         0.230     4.539    sb/io_counters_warStall_2_x[63]_i_3_n_0
                         LUT6 (Prop_LUT6_I1_O)        0.176     4.715 r  sb/io_counters_warStall_2_x[63]_i_1/O
                         net (fo=69, unplaced)        0.293     5.008    sb/_sb_io_war_3
                         LUT3 (Prop_LUT3_I1_O)        0.071     5.079 r  sb/pending_i_5/O
                         net (fo=1, unplaced)         0.249     5.328    mac/legacy/io_blocked00_out
                         LUT6 (Prop_LUT6_I5_O)        0.040     5.368 f  mac/legacy/pending_i_4/O
                         net (fo=3, unplaced)         0.255     5.623    mac/dot/out/_legacy_io_write_valid
                         LUT3 (Prop_LUT3_I2_O)        0.040     5.663 f  mac/dot/out/cacheValid_6_i_18__0/O
                         net (fo=5, unplaced)         0.267     5.930    mac/dot/out/ram_ext/physicalValid_3_i_3
                         LUT6 (Prop_LUT6_I0_O)        0.040     5.970 r  mac/dot/out/ram_ext/physicalValid_2_i_7/O
                         net (fo=12, unplaced)        0.287     6.257    mem/piece_reg[5]_5
                         LUT5 (Prop_LUT5_I4_O)        0.040     6.297 f  mem/physicalValid_2_i_3/O
                         net (fo=588, unplaced)       0.377     6.674    mem/returnBuffer/ram_ext/piece_reg[5]_0
                         LUT5 (Prop_LUT5_I0_O)        0.132     6.806 r  mem/returnBuffer/ram_ext/sb_io_progress_1_valid_REG_i_1/O
                         net (fo=26, unplaced)        0.304     7.110    mem/returnBuffer/ram_ext/writeBound_reg
                         LUT5 (Prop_LUT5_I3_O)        0.040     7.150 r  mem/returnBuffer/ram_ext/Memory_reg_1_i_2/O
                         net (fo=3, unplaced)         0.255     7.405    mem/returnBuffer/ram_ext/returnBuffer_io_deq_ready
                         LUT4 (Prop_LUT4_I0_O)        0.040     7.445 r  mem/returnBuffer/ram_ext/deq_ptr_value[7]_i_1/O
                         net (fo=17, unplaced)        0.294     7.739    mem/returnBuffer/ram_ext/do_deq
                         LUT4 (Prop_LUT4_I2_O)        0.040     7.779 r  mem/returnBuffer/ram_ext/Memory_reg_0_i_6/O
                         net (fo=8, unplaced)         0.245     8.024    mem/returnBuffer/ram_ext/Memory_reg_0_i_6_n_0
                         RAMB36E2                                     r  mem/returnBuffer/ram_ext/Memory_reg_0/ADDRARDADDR[8]
  -------------------------------------------------------------------    -------------------

                         (clock rvv_clock rise edge)
                                                     10.000    10.000 r  
                                                      0.000    10.000 r  clock (IN)
                         net (fo=32534, unset)        0.000    10.000    mem/returnBuffer/ram_ext/clock
                         RAMB36E2                                     r  mem/returnBuffer/ram_ext/Memory_reg_0/CLKARDCLK
                         clock pessimism              0.000    10.000    
                         clock uncertainty           -0.035     9.965    
                         RAMB36E2 (Setup_RAMB36E2_CLKARDCLK_ADDRARDADDR[8])
                                                     -0.494     9.471    mem/returnBuffer/ram_ext/Memory_reg_0
  -------------------------------------------------------------------
                         required time                          9.471    
                         arrival time                          -8.024    
  -------------------------------------------------------------------
                         slack                                  1.447    





Min Delay Paths
--------------------------------------------------------------------------------------
Slack (MET) :             0.068ns  (arrival time - required time)
  Source:                 mem/bSlots/enq_ptr_value_reg[1]/C
                            (rising edge-triggered cell FDRE clocked by rvv_clock  {rise@0.000ns fall@5.000ns period=10.000ns})
  Destination:            mem/bSlots/ram_ext/Memory_reg_0_15_0_3/RAMD/ADR1
                            (rising edge-triggered cell RAMS32 clocked by rvv_clock  {rise@0.000ns fall@5.000ns period=10.000ns})
  Path Group:             rvv_clock
  Path Type:              Hold (Min at Fast Process Corner)
  Requirement:            0.000ns  (rvv_clock rise@0.000ns - rvv_clock rise@0.000ns)
  Data Path Delay:        0.143ns  (logic 0.049ns (34.331%)  route 0.094ns (65.669%))
  Logic Levels:           0  

    Location             Delay type                Incr(ns)  Path(ns)    Netlist Resource(s)
  -------------------------------------------------------------------    -------------------
                         (clock rvv_clock rise edge)
                                                      0.000     0.000 r  
                                                      0.000     0.000 r  clock (IN)
                         net (fo=32534, unset)        0.000     0.000    mem/bSlots/clock
                         FDRE                                         r  mem/bSlots/enq_ptr_value_reg[1]/C
  -------------------------------------------------------------------    -------------------
                         FDRE (Prop_FDRE_C_Q)         0.049     0.049 r  mem/bSlots/enq_ptr_value_reg[1]/Q
                         net (fo=12, unplaced)        0.094     0.143    mem/bSlots/ram_ext/Memory_reg_0_15_0_3/ADDRD1
                         RAMS32                                       r  mem/bSlots/ram_ext/Memory_reg_0_15_0_3/RAMD/ADR1
  -------------------------------------------------------------------    -------------------

                         (clock rvv_clock rise edge)
                                                      0.000     0.000 r  
                                                      0.000     0.000 r  clock (IN)
                         net (fo=32534, unset)        0.000     0.000    mem/bSlots/ram_ext/Memory_reg_0_15_0_3/WCLK
                         RAMS32                                       r  mem/bSlots/ram_ext/Memory_reg_0_15_0_3/RAMD/CLK
                         clock pessimism              0.000     0.000    
                         RAMS32 (Hold_RAMS32_CLK_ADR1)
                                                      0.075     0.075    mem/bSlots/ram_ext/Memory_reg_0_15_0_3/RAMD
  -------------------------------------------------------------------
                         required time                         -0.075    
                         arrival time                           0.143    
  -------------------------------------------------------------------
                         slack                                  0.068    





Pulse Width Checks
--------------------------------------------------------------------------------------
Clock Name:         rvv_clock
Waveform(ns):       { 0.000 5.000 }
Period(ns):         10.000
Sources:            { clock }

Check Type        Corner  Lib Pin             Reference Pin  Required(ns)  Actual(ns)  Slack(ns)  Location  Pin
Min Period        n/a     RAMB36E2/CLKARDCLK  n/a            1.961         10.000      8.039                mem/returnBuffer/ram_ext/Memory_reg_0/CLKARDCLK
Low Pulse Width   Slow    RAMB36E2/CLKARDCLK  n/a            0.980         5.000       4.020                mem/returnBuffer/ram_ext/Memory_reg_0/CLKARDCLK
High Pulse Width  Slow    RAMB36E2/CLKARDCLK  n/a            0.980         5.000       4.020                mem/returnBuffer/ram_ext/Memory_reg_0/CLKARDCLK



