Copyright 1986-2022 Xilinx, Inc. All Rights Reserved.
------------------------------------------------------------------------------------------------------------------------------------------
| Tool Version : Vivado v.2022.2 (lin64) Build 3671981 Fri Oct 14 04:59:54 MDT 2022
| Date         : Wed Oct  7 19:11:19 2026
| Host         : chen-System-Product-Name running 64-bit Ubuntu 24.04.4 LTS
| Command      : report_utilization -hierarchical -file /home/chen/FUN/flow-r04-evidence/physical/s1/reports/utilization-hierarchical.rpt
| Design       : RvvCoprocessor
| Device       : xcku040-ffva1156-2-e
| Speed File   : -2
| Design State : Synthesized
------------------------------------------------------------------------------------------------------------------------------------------

Utilization Design Information

Table of Contents
-----------------
1. Utilization by Hierarchy

1. Utilization by Hierarchy
---------------------------

+-------------------------------+---------------------------+------------+------------+---------+------+-------+--------+--------+------+------------+
|            Instance           |           Module          | Total LUTs | Logic LUTs | LUTRAMs | SRLs |  FFs  | RAMB36 | RAMB18 | URAM | DSP Blocks |
+-------------------------------+---------------------------+------------+------------+---------+------+-------+--------+--------+------+------------+
| RvvCoprocessor                |                     (top) |      58061 |      53950 |    3858 |  253 | 23926 |    199 |      1 |    0 |        154 |
|   (RvvCoprocessor)            |                     (top) |       2209 |       2209 |       0 |    0 |  1327 |      0 |      0 |    0 |          0 |
|   alu                         |       RvvIntegerSequencer |      11245 |       8688 |    2392 |  165 |  2779 |      0 |      0 |    0 |          0 |
|     alu                       |            RvvAluPipeline |      11245 |       8688 |    2392 |  165 |  2779 |      0 |      0 |    0 |          0 |
|       (alu)                   |            RvvAluPipeline |       1757 |       1592 |       0 |  165 |  2772 |      0 |      0 |    0 |          0 |
|       cacheData_ext           |          cacheData_32x512 |       9054 |       7006 |    2048 |    0 |     0 |      0 |      0 |    0 |          0 |
|       out                     |             Queue8_Result |        434 |         90 |     344 |    0 |     7 |      0 |      0 |    0 |          0 |
|         (out)                 |             Queue8_Result |         15 |         15 |       0 |    0 |     7 |      0 |      0 |    0 |          0 |
|         ram_ext               |                 ram_8x600 |        419 |         75 |     344 |    0 |     0 |      0 |      0 |    0 |          0 |
|   cross_0                     |     RvvCrossLaneSequencer |         51 |         51 |       0 |    0 |    93 |      0 |      0 |    0 |          0 |
|   front                       |               RvvFrontend |       5856 |       5612 |     244 |    0 |  4170 |      0 |      0 |    0 |          0 |
|     (front)                   |               RvvFrontend |       4240 |       4240 |       0 |    0 |  4138 |      0 |      0 |    0 |          0 |
|     requests                  |            RvvLutramQueue |       1160 |       1044 |     116 |    0 |    16 |      0 |      0 |    0 |          0 |
|       (requests)              |            RvvLutramQueue |         22 |         22 |       0 |    0 |    16 |      0 |      0 |    0 |          0 |
|       ram                     |      RvvDistributedRam_30 |       1138 |       1022 |     116 |    0 |     0 |      0 |      0 |    0 |          0 |
|     viq                       |         RvvLutramQueue_29 |        456 |        328 |     128 |    0 |    16 |      0 |      0 |    0 |          0 |
|       (viq)                   |         RvvLutramQueue_29 |         13 |         13 |       0 |    0 |    16 |      0 |      0 |    0 |          0 |
|       ram                     |         RvvDistributedRam |        443 |        315 |     128 |    0 |     0 |      0 |      0 |    0 |          0 |
|   mac                         |     RvvIntegerSequencer_1 |      14886 |      13942 |     856 |   88 |  8548 |      0 |      0 |    0 |        154 |
|     dot                       |            RvvDotPipeline |       7761 |       6817 |     856 |   88 |  2681 |      0 |      0 |    0 |         64 |
|       (dot)                   |            RvvDotPipeline |       2952 |       2864 |       0 |   88 |  2663 |      0 |      0 |    0 |         64 |
|       cacheData_ext           |        cacheData_32x512_0 |       1681 |       1169 |     512 |    0 |     0 |      0 |      0 |    0 |          0 |
|       out                     |            Queue16_Result |       3128 |       2784 |     344 |    0 |    18 |      0 |      0 |    0 |          0 |
|         (out)                 |            Queue16_Result |         18 |         18 |       0 |    0 |    18 |      0 |      0 |    0 |          0 |
|         ram_ext               |                ram_16x600 |       3110 |       2766 |     344 |    0 |     0 |      0 |      0 |    0 |          0 |
|     legacy                    | RvvLegacyIntegerSequencer |       7125 |       7125 |       0 |    0 |  5867 |      0 |      0 |    0 |         90 |
|       (legacy)                | RvvLegacyIntegerSequencer |       7124 |       7124 |       0 |    0 |  5865 |      0 |      0 |    0 |         90 |
|       resultLanes_localEnable |            RvvLocalEnable |          1 |          1 |       0 |    0 |     1 |      0 |      0 |    0 |          0 |
|       slowLanes_localEnable   |         RvvLocalEnable_28 |          0 |          0 |       0 |    0 |     1 |      0 |      0 |    0 |          0 |
|   mem                         |              RvvLoadStore |       8821 |       8689 |     132 |    0 |  2362 |      7 |      1 |    0 |          0 |
|     (mem)                     |              RvvLoadStore |       6064 |       6064 |       0 |    0 |  2319 |      0 |      0 |    0 |          0 |
|     bSlots                    |             Queue16_UInt4 |         74 |         70 |       4 |    0 |     9 |      0 |      0 |    0 |          0 |
|       (bSlots)                |             Queue16_UInt4 |         52 |         52 |       0 |    0 |     9 |      0 |      0 |    0 |          0 |
|       ram_ext                 |                  ram_16x4 |         22 |         18 |       4 |    0 |     0 |      0 |      0 |    0 |          0 |
|     bursts                    |            Queue256_Burst |        973 |        845 |     128 |    0 |    17 |      0 |      0 |    0 |          0 |
|       (bursts)                |            Queue256_Burst |        217 |        217 |       0 |    0 |    17 |      0 |      0 |    0 |          0 |
|       ram_ext                 |                ram_256x26 |        758 |        630 |     128 |    0 |     0 |      0 |      0 |    0 |          0 |
|     returnBuffer              |       Queue256_ReturnBeat |       1725 |       1725 |       0 |    0 |    17 |      7 |      1 |    0 |          0 |
|       (returnBuffer)          |       Queue256_ReturnBeat |         36 |         36 |       0 |    0 |    17 |      0 |      0 |    0 |          0 |
|       ram_ext                 |               ram_256x529 |       1689 |       1689 |       0 |    0 |     0 |      7 |      1 |    0 |          0 |
|   queues_0                    |      Queue4_RvvDescriptor |         66 |         58 |       8 |    0 |     5 |      0 |      0 |    0 |          0 |
|     (queues_0)                |      Queue4_RvvDescriptor |          9 |          9 |       0 |    0 |     5 |      0 |      0 |    0 |          0 |
|     ram_ext                   |                  ram_4x12 |         57 |         49 |       8 |    0 |     0 |      0 |      0 |    0 |          0 |
|   queues_1                    |      Queue2_RvvDescriptor |        109 |          5 |     104 |    0 |     3 |      0 |      0 |    0 |          0 |
|     (queues_1)                |      Queue2_RvvDescriptor |          4 |          4 |       0 |    0 |     3 |      0 |      0 |    0 |          0 |
|     ram_ext                   |              ram_2x308_27 |        105 |          1 |     104 |    0 |     0 |      0 |      0 |    0 |          0 |
|   queues_2                    |    Queue2_RvvDescriptor_0 |         99 |         11 |      88 |    0 |     3 |      0 |      0 |    0 |          0 |
|     (queues_2)                |    Queue2_RvvDescriptor_0 |          5 |          5 |       0 |    0 |     3 |      0 |      0 |    0 |          0 |
|     ram_ext                   |              ram_2x308_26 |         94 |          6 |      88 |    0 |     0 |      0 |      0 |    0 |          0 |
|   queues_3                    |    Queue2_RvvDescriptor_1 |          3 |          3 |       0 |    0 |     2 |      0 |      0 |    0 |          0 |
|   queues_4                    |    Queue2_RvvDescriptor_2 |         39 |          5 |      34 |    0 |     3 |      0 |      0 |    0 |          0 |
|     (queues_4)                |    Queue2_RvvDescriptor_2 |          4 |          4 |       0 |    0 |     3 |      0 |      0 |    0 |          0 |
|     ram_ext                   |                 ram_2x308 |         35 |          1 |      34 |    0 |     0 |      0 |      0 |    0 |          0 |
|   sb                          |             RvvScoreboard |       6421 |       6421 |       0 |    0 |  1712 |      0 |      0 |    0 |          0 |
|   vrf                         |           RvvRegisterFile |       9129 |       9129 |       0 |    0 |  2919 |    192 |      0 |    0 |          0 |
|     (vrf)                     |           RvvRegisterFile |       6009 |       6009 |       0 |    0 |  2919 |      0 |      0 |    0 |          0 |
|     banks_0_0                 |                RvvVrfBank |          0 |          0 |       0 |    0 |     0 |      8 |      0 |    0 |          0 |
|     banks_0_1                 |              RvvVrfBank_3 |          0 |          0 |       0 |    0 |     0 |      8 |      0 |    0 |          0 |
|     banks_0_2                 |              RvvVrfBank_4 |          0 |          0 |       0 |    0 |     0 |      8 |      0 |    0 |          0 |
|     banks_0_3                 |              RvvVrfBank_5 |          0 |          0 |       0 |    0 |     0 |      8 |      0 |    0 |          0 |
|     banks_0_4                 |              RvvVrfBank_6 |          0 |          0 |       0 |    0 |     0 |      8 |      0 |    0 |          0 |
|     banks_0_5                 |              RvvVrfBank_7 |          0 |          0 |       0 |    0 |     0 |      8 |      0 |    0 |          0 |
|     banks_1_0                 |              RvvVrfBank_8 |          0 |          0 |       0 |    0 |     0 |      8 |      0 |    0 |          0 |
|     banks_1_1                 |              RvvVrfBank_9 |          0 |          0 |       0 |    0 |     0 |      8 |      0 |    0 |          0 |
|     banks_1_2                 |             RvvVrfBank_10 |          0 |          0 |       0 |    0 |     0 |      8 |      0 |    0 |          0 |
|     banks_1_3                 |             RvvVrfBank_11 |          0 |          0 |       0 |    0 |     0 |      8 |      0 |    0 |          0 |
|     banks_1_4                 |             RvvVrfBank_12 |          0 |          0 |       0 |    0 |     0 |      8 |      0 |    0 |          0 |
|     banks_1_5                 |             RvvVrfBank_13 |          0 |          0 |       0 |    0 |     0 |      8 |      0 |    0 |          0 |
|     banks_2_0                 |             RvvVrfBank_14 |          0 |          0 |       0 |    0 |     0 |      8 |      0 |    0 |          0 |
|     banks_2_1                 |             RvvVrfBank_15 |          0 |          0 |       0 |    0 |     0 |      8 |      0 |    0 |          0 |
|     banks_2_2                 |             RvvVrfBank_16 |          0 |          0 |       0 |    0 |     0 |      8 |      0 |    0 |          0 |
|     banks_2_3                 |             RvvVrfBank_17 |          0 |          0 |       0 |    0 |     0 |      8 |      0 |    0 |          0 |
|     banks_2_4                 |             RvvVrfBank_18 |          0 |          0 |       0 |    0 |     0 |      8 |      0 |    0 |          0 |
|     banks_2_5                 |             RvvVrfBank_19 |          0 |          0 |       0 |    0 |     0 |      8 |      0 |    0 |          0 |
|     banks_3_0                 |             RvvVrfBank_20 |          0 |          0 |       0 |    0 |     0 |      8 |      0 |    0 |          0 |
|     banks_3_1                 |             RvvVrfBank_21 |          0 |          0 |       0 |    0 |     0 |      8 |      0 |    0 |          0 |
|     banks_3_2                 |             RvvVrfBank_22 |          0 |          0 |       0 |    0 |     0 |      8 |      0 |    0 |          0 |
|     banks_3_3                 |             RvvVrfBank_23 |        512 |        512 |       0 |    0 |     0 |      8 |      0 |    0 |          0 |
|     banks_3_4                 |             RvvVrfBank_24 |       2048 |       2048 |       0 |    0 |     0 |      8 |      0 |    0 |          0 |
|     banks_3_5                 |             RvvVrfBank_25 |        560 |        560 |       0 |    0 |     0 |      8 |      0 |    0 |          0 |
+-------------------------------+---------------------------+------------+------------+---------+------+-------+--------+--------+------+------------+


