Copyright 1986-2022 Xilinx, Inc. All Rights Reserved.
---------------------------------------------------------------------------------------------------------------------------------------------
| Tool Version      : Vivado v.2022.2 (lin64) Build 3671981 Fri Oct 14 04:59:54 MDT 2022
| Date              : Wed Oct  7 19:11:39 2026
| Host              : chen-System-Product-Name running 64-bit Ubuntu 24.04.4 LTS
| Command           : report_timing -max_paths 10 -path_type full -file /home/chen/FUN/flow-r04-evidence/physical/s1/reports/worst-paths.rpt
| Design            : RvvCoprocessor
| Device            : xcku040-ffva1156
| Speed File        : -2  PRODUCTION 1.25 12-04-2018
| Temperature Grade : E
---------------------------------------------------------------------------------------------------------------------------------------------

Timing Report

Slack (MET) :             1.447ns  (required time - arrival time)
  Source:                 mac/dot/reserved_reg[1]/C
                            (rising edge-triggered cell FDRE clocked by rvv_clock  {rise@0.000ns fall@5.000ns period=10.000ns})
  Destination:            mem/returnBuffer/ram_ext/Memory_reg_0/ADDRARDADDR[8]
                            (rising edge-triggered cell RAMB36E2 clocked by rvv_clock  {rise@0.000ns fall@5.000ns period=10.000ns})
  Path Group:             rvv_clock
  Path Type:              Setup (Max at Slow Process Corner)
  Requirement:            10.000ns  (rvv_clock rise@10.000ns - rvv_clock rise@0.000ns)
  Data Path Delay:        8.024ns  (logic 1.803ns (22.470%)  route 6.221ns (77.530%))
  Logic Levels:           22  (LUT3=4 LUT4=2 LUT5=5 LUT6=9 MUXF7=1 MUXF8=1)
  Clock Uncertainty:      0.035ns  ((TSJ^2 + TIJ^2)^1/2 + DJ) / 2 + PE
    Total System Jitter     (TSJ):    0.071ns
    Total Input Jitter      (TIJ):    0.000ns
    Discrete Jitter          (DJ):    0.000ns
    Phase Error              (PE):    0.000ns

    Location             Delay type                Incr(ns)  Path(ns)    Netlist Resource(s)
  -------------------------------------------------------------------    -------------------
                         (clock rvv_clock rise edge)
                                                      0.000     0.000 r  
                         propagated clock network latency
                                                      0.000     0.000    
                         FDRE                         0.000     0.000 r  mac/dot/reserved_reg[1]/C
                         FDRE (Prop_FDRE_C_Q)         0.115     0.115 r  mac/dot/reserved_reg[1]/Q
                         net (fo=17, unplaced)        0.369     0.484    mac/dot/reserved__0__0[1]
                         LUT6 (Prop_LUT6_I0_O)        0.190     0.674 r  mac/dot/macReady_valid_INST_0_i_1/O
                         net (fo=101, unplaced)       0.335     1.009    mac/dot/reserved_reg[1]_12
                         LUT3 (Prop_LUT3_I1_O)        0.040     1.049 r  mac/dot/io_counters_rawStall_2_x[63]_i_994/O
                         net (fo=16, unplaced)        0.324     1.373    sb/_mac_io_hazard_slot[2]
                         MUXF7 (Prop_MUXF7_S_O)       0.103     1.476 f  sb/io_counters_rawStall_2_x_reg[63]_i_1041/O
                         net (fo=1, unplaced)         0.000     1.476    sb/io_counters_rawStall_2_x_reg[63]_i_1041_n_0
                         MUXF8 (Prop_MUXF8_I1_O)      0.059     1.535 f  sb/io_counters_rawStall_2_x_reg[63]_i_1031/O
                         net (fo=16, unplaced)        0.288     1.823    sb/io_counters_rawStall_2_x_reg[63]_i_1031_n_0
                         LUT6 (Prop_LUT6_I0_O)        0.115     1.938 r  sb/io_counters_rawStall_2_x[63]_i_1021/O
                         net (fo=1, unplaced)         0.249     2.187    sb/io_counters_rawStall_2_x[63]_i_1021_n_0
                         LUT5 (Prop_LUT5_I2_O)        0.040     2.227 r  sb/io_counters_rawStall_2_x[63]_i_942/O
                         net (fo=1, unplaced)         0.249     2.476    sb/io_counters_rawStall_2_x[63]_i_942_n_0
                         LUT3 (Prop_LUT3_I2_O)        0.040     2.516 r  sb/io_counters_rawStall_2_x[63]_i_676/O
                         net (fo=34, unplaced)        0.310     2.826    sb/io_counters_rawStall_2_x[63]_i_676_n_0
                         LUT6 (Prop_LUT6_I0_O)        0.040     2.866 r  sb/io_counters_warStall_2_x[63]_i_357/O
                         net (fo=32, unplaced)        0.309     3.175    sb/io_war_315217_out
                         LUT6 (Prop_LUT6_I5_O)        0.040     3.215 r  sb/io_counters_warStall_2_x[63]_i_170/O
                         net (fo=1, unplaced)         0.249     3.464    sb/io_counters_warStall_2_x[63]_i_170_n_0
                         LUT6 (Prop_LUT6_I5_O)        0.040     3.504 r  sb/io_counters_warStall_2_x[63]_i_35/O
                         net (fo=1, unplaced)         0.251     3.755    sb/io_counters_warStall_2_x[63]_i_35_n_0
                         LUT5 (Prop_LUT5_I1_O)        0.132     3.887 r  sb/io_counters_warStall_2_x[63]_i_8/O
                         net (fo=1, unplaced)         0.232     4.119    sb/io_war_31[18]
                         LUT6 (Prop_LUT6_I0_O)        0.190     4.309 r  sb/io_counters_warStall_2_x[63]_i_3/O
                         net (fo=1, unplaced)         0.230     4.539    sb/io_counters_warStall_2_x[63]_i_3_n_0
                         LUT6 (Prop_LUT6_I1_O)        0.176     4.715 r  sb/io_counters_warStall_2_x[63]_i_1/O
                         net (fo=69, unplaced)        0.293     5.008    sb/_sb_io_war_3
                         LUT3 (Prop_LUT3_I1_O)        0.071     5.079 r  sb/pending_i_5/O
                         net (fo=1, unplaced)         0.249     5.328    mac/legacy/io_blocked00_out
                         LUT6 (Prop_LUT6_I5_O)        0.040     5.368 f  mac/legacy/pending_i_4/O
                         net (fo=3, unplaced)         0.255     5.623    mac/dot/out/_legacy_io_write_valid
                         LUT3 (Prop_LUT3_I2_O)        0.040     5.663 f  mac/dot/out/cacheValid_6_i_18__0/O
                         net (fo=5, unplaced)         0.267     5.930    mac/dot/out/ram_ext/physicalValid_3_i_3
                         LUT6 (Prop_LUT6_I0_O)        0.040     5.970 r  mac/dot/out/ram_ext/physicalValid_2_i_7/O
                         net (fo=12, unplaced)        0.287     6.257    mem/piece_reg[5]_5
                         LUT5 (Prop_LUT5_I4_O)        0.040     6.297 f  mem/physicalValid_2_i_3/O
                         net (fo=588, unplaced)       0.377     6.674    mem/returnBuffer/ram_ext/piece_reg[5]_0
                         LUT5 (Prop_LUT5_I0_O)        0.132     6.806 r  mem/returnBuffer/ram_ext/sb_io_progress_1_valid_REG_i_1/O
                         net (fo=26, unplaced)        0.304     7.110    mem/returnBuffer/ram_ext/writeBound_reg
                         LUT5 (Prop_LUT5_I3_O)        0.040     7.150 r  mem/returnBuffer/ram_ext/Memory_reg_1_i_2/O
                         net (fo=3, unplaced)         0.255     7.405    mem/returnBuffer/ram_ext/returnBuffer_io_deq_ready
                         LUT4 (Prop_LUT4_I0_O)        0.040     7.445 r  mem/returnBuffer/ram_ext/deq_ptr_value[7]_i_1/O
                         net (fo=17, unplaced)        0.294     7.739    mem/returnBuffer/ram_ext/do_deq
                         LUT4 (Prop_LUT4_I2_O)        0.040     7.779 r  mem/returnBuffer/ram_ext/Memory_reg_0_i_6/O
                         net (fo=8, unplaced)         0.245     8.024    mem/returnBuffer/ram_ext/Memory_reg_0_i_6_n_0
                         RAMB36E2                                     r  mem/returnBuffer/ram_ext/Memory_reg_0/ADDRARDADDR[8]
  -------------------------------------------------------------------    -------------------

                         (clock rvv_clock rise edge)
                                                     10.000    10.000 r  
                         propagated clock network latency
                                                      0.000    10.000    
                         clock pessimism              0.000    10.000    
                         clock uncertainty           -0.035     9.965    
                         RAMB36E2 (Setup_RAMB36E2_CLKARDCLK_ADDRARDADDR[8])
                                                     -0.494     9.471    mem/returnBuffer/ram_ext/Memory_reg_0
  -------------------------------------------------------------------
                         required time                          9.471    
                         arrival time                          -8.024    
  -------------------------------------------------------------------
                         slack                                  1.447    

Slack (MET) :             1.447ns  (required time - arrival time)
  Source:                 mac/dot/reserved_reg[1]/C
                            (rising edge-triggered cell FDRE clocked by rvv_clock  {rise@0.000ns fall@5.000ns period=10.000ns})
  Destination:            mem/returnBuffer/ram_ext/Memory_reg_1/ADDRARDADDR[8]
                            (rising edge-triggered cell RAMB36E2 clocked by rvv_clock  {rise@0.000ns fall@5.000ns period=10.000ns})
  Path Group:             rvv_clock
  Path Type:              Setup (Max at Slow Process Corner)
  Requirement:            10.000ns  (rvv_clock rise@10.000ns - rvv_clock rise@0.000ns)
  Data Path Delay:        8.024ns  (logic 1.803ns (22.470%)  route 6.221ns (77.530%))
  Logic Levels:           22  (LUT3=4 LUT4=2 LUT5=5 LUT6=9 MUXF7=1 MUXF8=1)
  Clock Uncertainty:      0.035ns  ((TSJ^2 + TIJ^2)^1/2 + DJ) / 2 + PE
    Total System Jitter     (TSJ):    0.071ns
    Total Input Jitter      (TIJ):    0.000ns
    Discrete Jitter          (DJ):    0.000ns
    Phase Error              (PE):    0.000ns

    Location             Delay type                Incr(ns)  Path(ns)    Netlist Resource(s)
  -------------------------------------------------------------------    -------------------
                         (clock rvv_clock rise edge)
                                                      0.000     0.000 r  
                         propagated clock network latency
                                                      0.000     0.000    
                         FDRE                         0.000     0.000 r  mac/dot/reserved_reg[1]/C
                         FDRE (Prop_FDRE_C_Q)         0.115     0.115 r  mac/dot/reserved_reg[1]/Q
                         net (fo=17, unplaced)        0.369     0.484    mac/dot/reserved__0__0[1]
                         LUT6 (Prop_LUT6_I0_O)        0.190     0.674 r  mac/dot/macReady_valid_INST_0_i_1/O
                         net (fo=101, unplaced)       0.335     1.009    mac/dot/reserved_reg[1]_12
                         LUT3 (Prop_LUT3_I1_O)        0.040     1.049 r  mac/dot/io_counters_rawStall_2_x[63]_i_994/O
                         net (fo=16, unplaced)        0.324     1.373    sb/_mac_io_hazard_slot[2]
                         MUXF7 (Prop_MUXF7_S_O)       0.103     1.476 f  sb/io_counters_rawStall_2_x_reg[63]_i_1041/O
                         net (fo=1, unplaced)         0.000     1.476    sb/io_counters_rawStall_2_x_reg[63]_i_1041_n_0
                         MUXF8 (Prop_MUXF8_I1_O)      0.059     1.535 f  sb/io_counters_rawStall_2_x_reg[63]_i_1031/O
                         net (fo=16, unplaced)        0.288     1.823    sb/io_counters_rawStall_2_x_reg[63]_i_1031_n_0
                         LUT6 (Prop_LUT6_I0_O)        0.115     1.938 r  sb/io_counters_rawStall_2_x[63]_i_1021/O
                         net (fo=1, unplaced)         0.249     2.187    sb/io_counters_rawStall_2_x[63]_i_1021_n_0
                         LUT5 (Prop_LUT5_I2_O)        0.040     2.227 r  sb/io_counters_rawStall_2_x[63]_i_942/O
                         net (fo=1, unplaced)         0.249     2.476    sb/io_counters_rawStall_2_x[63]_i_942_n_0
                         LUT3 (Prop_LUT3_I2_O)        0.040     2.516 r  sb/io_counters_rawStall_2_x[63]_i_676/O
                         net (fo=34, unplaced)        0.310     2.826    sb/io_counters_rawStall_2_x[63]_i_676_n_0
                         LUT6 (Prop_LUT6_I0_O)        0.040     2.866 r  sb/io_counters_warStall_2_x[63]_i_357/O
                         net (fo=32, unplaced)        0.309     3.175    sb/io_war_315217_out
                         LUT6 (Prop_LUT6_I5_O)        0.040     3.215 r  sb/io_counters_warStall_2_x[63]_i_170/O
                         net (fo=1, unplaced)         0.249     3.464    sb/io_counters_warStall_2_x[63]_i_170_n_0
                         LUT6 (Prop_LUT6_I5_O)        0.040     3.504 r  sb/io_counters_warStall_2_x[63]_i_35/O
                         net (fo=1, unplaced)         0.251     3.755    sb/io_counters_warStall_2_x[63]_i_35_n_0
                         LUT5 (Prop_LUT5_I1_O)        0.132     3.887 r  sb/io_counters_warStall_2_x[63]_i_8/O
                         net (fo=1, unplaced)         0.232     4.119    sb/io_war_31[18]
                         LUT6 (Prop_LUT6_I0_O)        0.190     4.309 r  sb/io_counters_warStall_2_x[63]_i_3/O
                         net (fo=1, unplaced)         0.230     4.539    sb/io_counters_warStall_2_x[63]_i_3_n_0
                         LUT6 (Prop_LUT6_I1_O)        0.176     4.715 r  sb/io_counters_warStall_2_x[63]_i_1/O
                         net (fo=69, unplaced)        0.293     5.008    sb/_sb_io_war_3
                         LUT3 (Prop_LUT3_I1_O)        0.071     5.079 r  sb/pending_i_5/O
                         net (fo=1, unplaced)         0.249     5.328    mac/legacy/io_blocked00_out
                         LUT6 (Prop_LUT6_I5_O)        0.040     5.368 f  mac/legacy/pending_i_4/O
                         net (fo=3, unplaced)         0.255     5.623    mac/dot/out/_legacy_io_write_valid
                         LUT3 (Prop_LUT3_I2_O)        0.040     5.663 f  mac/dot/out/cacheValid_6_i_18__0/O
                         net (fo=5, unplaced)         0.267     5.930    mac/dot/out/ram_ext/physicalValid_3_i_3
                         LUT6 (Prop_LUT6_I0_O)        0.040     5.970 r  mac/dot/out/ram_ext/physicalValid_2_i_7/O
                         net (fo=12, unplaced)        0.287     6.257    mem/piece_reg[5]_5
                         LUT5 (Prop_LUT5_I4_O)        0.040     6.297 f  mem/physicalValid_2_i_3/O
                         net (fo=588, unplaced)       0.377     6.674    mem/returnBuffer/ram_ext/piece_reg[5]_0
                         LUT5 (Prop_LUT5_I0_O)        0.132     6.806 r  mem/returnBuffer/ram_ext/sb_io_progress_1_valid_REG_i_1/O
                         net (fo=26, unplaced)        0.304     7.110    mem/returnBuffer/ram_ext/writeBound_reg
                         LUT5 (Prop_LUT5_I3_O)        0.040     7.150 r  mem/returnBuffer/ram_ext/Memory_reg_1_i_2/O
                         net (fo=3, unplaced)         0.255     7.405    mem/returnBuffer/ram_ext/returnBuffer_io_deq_ready
                         LUT4 (Prop_LUT4_I0_O)        0.040     7.445 r  mem/returnBuffer/ram_ext/deq_ptr_value[7]_i_1/O
                         net (fo=17, unplaced)        0.294     7.739    mem/returnBuffer/ram_ext/do_deq
                         LUT4 (Prop_LUT4_I2_O)        0.040     7.779 r  mem/returnBuffer/ram_ext/Memory_reg_0_i_6/O
                         net (fo=8, unplaced)         0.245     8.024    mem/returnBuffer/ram_ext/Memory_reg_0_i_6_n_0
                         RAMB36E2                                     r  mem/returnBuffer/ram_ext/Memory_reg_1/ADDRARDADDR[8]
  -------------------------------------------------------------------    -------------------

                         (clock rvv_clock rise edge)
                                                     10.000    10.000 r  
                         propagated clock network latency
                                                      0.000    10.000    
                         clock pessimism              0.000    10.000    
                         clock uncertainty           -0.035     9.965    
                         RAMB36E2 (Setup_RAMB36E2_CLKARDCLK_ADDRARDADDR[8])
                                                     -0.494     9.471    mem/returnBuffer/ram_ext/Memory_reg_1
  -------------------------------------------------------------------
                         required time                          9.471    
                         arrival time                          -8.024    
  -------------------------------------------------------------------
                         slack                                  1.447    

Slack (MET) :             1.447ns  (required time - arrival time)
  Source:                 mac/dot/reserved_reg[1]/C
                            (rising edge-triggered cell FDRE clocked by rvv_clock  {rise@0.000ns fall@5.000ns period=10.000ns})
  Destination:            mem/returnBuffer/ram_ext/Memory_reg_2/ADDRARDADDR[8]
                            (rising edge-triggered cell RAMB36E2 clocked by rvv_clock  {rise@0.000ns fall@5.000ns period=10.000ns})
  Path Group:             rvv_clock
  Path Type:              Setup (Max at Slow Process Corner)
  Requirement:            10.000ns  (rvv_clock rise@10.000ns - rvv_clock rise@0.000ns)
  Data Path Delay:        8.024ns  (logic 1.803ns (22.470%)  route 6.221ns (77.530%))
  Logic Levels:           22  (LUT3=4 LUT4=2 LUT5=5 LUT6=9 MUXF7=1 MUXF8=1)
  Clock Uncertainty:      0.035ns  ((TSJ^2 + TIJ^2)^1/2 + DJ) / 2 + PE
    Total System Jitter     (TSJ):    0.071ns
    Total Input Jitter      (TIJ):    0.000ns
    Discrete Jitter          (DJ):    0.000ns
    Phase Error              (PE):    0.000ns

    Location             Delay type                Incr(ns)  Path(ns)    Netlist Resource(s)
  -------------------------------------------------------------------    -------------------
                         (clock rvv_clock rise edge)
                                                      0.000     0.000 r  
                         propagated clock network latency
                                                      0.000     0.000    
                         FDRE                         0.000     0.000 r  mac/dot/reserved_reg[1]/C
                         FDRE (Prop_FDRE_C_Q)         0.115     0.115 r  mac/dot/reserved_reg[1]/Q
                         net (fo=17, unplaced)        0.369     0.484    mac/dot/reserved__0__0[1]
                         LUT6 (Prop_LUT6_I0_O)        0.190     0.674 r  mac/dot/macReady_valid_INST_0_i_1/O
                         net (fo=101, unplaced)       0.335     1.009    mac/dot/reserved_reg[1]_12
                         LUT3 (Prop_LUT3_I1_O)        0.040     1.049 r  mac/dot/io_counters_rawStall_2_x[63]_i_994/O
                         net (fo=16, unplaced)        0.324     1.373    sb/_mac_io_hazard_slot[2]
                         MUXF7 (Prop_MUXF7_S_O)       0.103     1.476 f  sb/io_counters_rawStall_2_x_reg[63]_i_1041/O
                         net (fo=1, unplaced)         0.000     1.476    sb/io_counters_rawStall_2_x_reg[63]_i_1041_n_0
                         MUXF8 (Prop_MUXF8_I1_O)      0.059     1.535 f  sb/io_counters_rawStall_2_x_reg[63]_i_1031/O
                         net (fo=16, unplaced)        0.288     1.823    sb/io_counters_rawStall_2_x_reg[63]_i_1031_n_0
                         LUT6 (Prop_LUT6_I0_O)        0.115     1.938 r  sb/io_counters_rawStall_2_x[63]_i_1021/O
                         net (fo=1, unplaced)         0.249     2.187    sb/io_counters_rawStall_2_x[63]_i_1021_n_0
                         LUT5 (Prop_LUT5_I2_O)        0.040     2.227 r  sb/io_counters_rawStall_2_x[63]_i_942/O
                         net (fo=1, unplaced)         0.249     2.476    sb/io_counters_rawStall_2_x[63]_i_942_n_0
                         LUT3 (Prop_LUT3_I2_O)        0.040     2.516 r  sb/io_counters_rawStall_2_x[63]_i_676/O
                         net (fo=34, unplaced)        0.310     2.826    sb/io_counters_rawStall_2_x[63]_i_676_n_0
                         LUT6 (Prop_LUT6_I0_O)        0.040     2.866 r  sb/io_counters_warStall_2_x[63]_i_357/O
                         net (fo=32, unplaced)        0.309     3.175    sb/io_war_315217_out
                         LUT6 (Prop_LUT6_I5_O)        0.040     3.215 r  sb/io_counters_warStall_2_x[63]_i_170/O
                         net (fo=1, unplaced)         0.249     3.464    sb/io_counters_warStall_2_x[63]_i_170_n_0
                         LUT6 (Prop_LUT6_I5_O)        0.040     3.504 r  sb/io_counters_warStall_2_x[63]_i_35/O
                         net (fo=1, unplaced)         0.251     3.755    sb/io_counters_warStall_2_x[63]_i_35_n_0
                         LUT5 (Prop_LUT5_I1_O)        0.132     3.887 r  sb/io_counters_warStall_2_x[63]_i_8/O
                         net (fo=1, unplaced)         0.232     4.119    sb/io_war_31[18]
                         LUT6 (Prop_LUT6_I0_O)        0.190     4.309 r  sb/io_counters_warStall_2_x[63]_i_3/O
                         net (fo=1, unplaced)         0.230     4.539    sb/io_counters_warStall_2_x[63]_i_3_n_0
                         LUT6 (Prop_LUT6_I1_O)        0.176     4.715 r  sb/io_counters_warStall_2_x[63]_i_1/O
                         net (fo=69, unplaced)        0.293     5.008    sb/_sb_io_war_3
                         LUT3 (Prop_LUT3_I1_O)        0.071     5.079 r  sb/pending_i_5/O
                         net (fo=1, unplaced)         0.249     5.328    mac/legacy/io_blocked00_out
                         LUT6 (Prop_LUT6_I5_O)        0.040     5.368 f  mac/legacy/pending_i_4/O
                         net (fo=3, unplaced)         0.255     5.623    mac/dot/out/_legacy_io_write_valid
                         LUT3 (Prop_LUT3_I2_O)        0.040     5.663 f  mac/dot/out/cacheValid_6_i_18__0/O
                         net (fo=5, unplaced)         0.267     5.930    mac/dot/out/ram_ext/physicalValid_3_i_3
                         LUT6 (Prop_LUT6_I0_O)        0.040     5.970 r  mac/dot/out/ram_ext/physicalValid_2_i_7/O
                         net (fo=12, unplaced)        0.287     6.257    mem/piece_reg[5]_5
                         LUT5 (Prop_LUT5_I4_O)        0.040     6.297 f  mem/physicalValid_2_i_3/O
                         net (fo=588, unplaced)       0.377     6.674    mem/returnBuffer/ram_ext/piece_reg[5]_0
                         LUT5 (Prop_LUT5_I0_O)        0.132     6.806 r  mem/returnBuffer/ram_ext/sb_io_progress_1_valid_REG_i_1/O
                         net (fo=26, unplaced)        0.304     7.110    mem/returnBuffer/ram_ext/writeBound_reg
                         LUT5 (Prop_LUT5_I3_O)        0.040     7.150 r  mem/returnBuffer/ram_ext/Memory_reg_1_i_2/O
                         net (fo=3, unplaced)         0.255     7.405    mem/returnBuffer/ram_ext/returnBuffer_io_deq_ready
                         LUT4 (Prop_LUT4_I0_O)        0.040     7.445 r  mem/returnBuffer/ram_ext/deq_ptr_value[7]_i_1/O
                         net (fo=17, unplaced)        0.294     7.739    mem/returnBuffer/ram_ext/do_deq
                         LUT4 (Prop_LUT4_I2_O)        0.040     7.779 r  mem/returnBuffer/ram_ext/Memory_reg_0_i_6/O
                         net (fo=8, unplaced)         0.245     8.024    mem/returnBuffer/ram_ext/Memory_reg_0_i_6_n_0
                         RAMB36E2                                     r  mem/returnBuffer/ram_ext/Memory_reg_2/ADDRARDADDR[8]
  -------------------------------------------------------------------    -------------------

                         (clock rvv_clock rise edge)
                                                     10.000    10.000 r  
                         propagated clock network latency
                                                      0.000    10.000    
                         clock pessimism              0.000    10.000    
                         clock uncertainty           -0.035     9.965    
                         RAMB36E2 (Setup_RAMB36E2_CLKARDCLK_ADDRARDADDR[8])
                                                     -0.494     9.471    mem/returnBuffer/ram_ext/Memory_reg_2
  -------------------------------------------------------------------
                         required time                          9.471    
                         arrival time                          -8.024    
  -------------------------------------------------------------------
                         slack                                  1.447    

Slack (MET) :             1.447ns  (required time - arrival time)
  Source:                 mac/dot/reserved_reg[1]/C
                            (rising edge-triggered cell FDRE clocked by rvv_clock  {rise@0.000ns fall@5.000ns period=10.000ns})
  Destination:            mem/returnBuffer/ram_ext/Memory_reg_3/ADDRARDADDR[8]
                            (rising edge-triggered cell RAMB36E2 clocked by rvv_clock  {rise@0.000ns fall@5.000ns period=10.000ns})
  Path Group:             rvv_clock
  Path Type:              Setup (Max at Slow Process Corner)
  Requirement:            10.000ns  (rvv_clock rise@10.000ns - rvv_clock rise@0.000ns)
  Data Path Delay:        8.024ns  (logic 1.803ns (22.470%)  route 6.221ns (77.530%))
  Logic Levels:           22  (LUT3=4 LUT4=2 LUT5=5 LUT6=9 MUXF7=1 MUXF8=1)
  Clock Uncertainty:      0.035ns  ((TSJ^2 + TIJ^2)^1/2 + DJ) / 2 + PE
    Total System Jitter     (TSJ):    0.071ns
    Total Input Jitter      (TIJ):    0.000ns
    Discrete Jitter          (DJ):    0.000ns
    Phase Error              (PE):    0.000ns

    Location             Delay type                Incr(ns)  Path(ns)    Netlist Resource(s)
  -------------------------------------------------------------------    -------------------
                         (clock rvv_clock rise edge)
                                                      0.000     0.000 r  
                         propagated clock network latency
                                                      0.000     0.000    
                         FDRE                         0.000     0.000 r  mac/dot/reserved_reg[1]/C
                         FDRE (Prop_FDRE_C_Q)         0.115     0.115 r  mac/dot/reserved_reg[1]/Q
                         net (fo=17, unplaced)        0.369     0.484    mac/dot/reserved__0__0[1]
                         LUT6 (Prop_LUT6_I0_O)        0.190     0.674 r  mac/dot/macReady_valid_INST_0_i_1/O
                         net (fo=101, unplaced)       0.335     1.009    mac/dot/reserved_reg[1]_12
                         LUT3 (Prop_LUT3_I1_O)        0.040     1.049 r  mac/dot/io_counters_rawStall_2_x[63]_i_994/O
                         net (fo=16, unplaced)        0.324     1.373    sb/_mac_io_hazard_slot[2]
                         MUXF7 (Prop_MUXF7_S_O)       0.103     1.476 f  sb/io_counters_rawStall_2_x_reg[63]_i_1041/O
                         net (fo=1, unplaced)         0.000     1.476    sb/io_counters_rawStall_2_x_reg[63]_i_1041_n_0
                         MUXF8 (Prop_MUXF8_I1_O)      0.059     1.535 f  sb/io_counters_rawStall_2_x_reg[63]_i_1031/O
                         net (fo=16, unplaced)        0.288     1.823    sb/io_counters_rawStall_2_x_reg[63]_i_1031_n_0
                         LUT6 (Prop_LUT6_I0_O)        0.115     1.938 r  sb/io_counters_rawStall_2_x[63]_i_1021/O
                         net (fo=1, unplaced)         0.249     2.187    sb/io_counters_rawStall_2_x[63]_i_1021_n_0
                         LUT5 (Prop_LUT5_I2_O)        0.040     2.227 r  sb/io_counters_rawStall_2_x[63]_i_942/O
                         net (fo=1, unplaced)         0.249     2.476    sb/io_counters_rawStall_2_x[63]_i_942_n_0
                         LUT3 (Prop_LUT3_I2_O)        0.040     2.516 r  sb/io_counters_rawStall_2_x[63]_i_676/O
                         net (fo=34, unplaced)        0.310     2.826    sb/io_counters_rawStall_2_x[63]_i_676_n_0
                         LUT6 (Prop_LUT6_I0_O)        0.040     2.866 r  sb/io_counters_warStall_2_x[63]_i_357/O
                         net (fo=32, unplaced)        0.309     3.175    sb/io_war_315217_out
                         LUT6 (Prop_LUT6_I5_O)        0.040     3.215 r  sb/io_counters_warStall_2_x[63]_i_170/O
                         net (fo=1, unplaced)         0.249     3.464    sb/io_counters_warStall_2_x[63]_i_170_n_0
                         LUT6 (Prop_LUT6_I5_O)        0.040     3.504 r  sb/io_counters_warStall_2_x[63]_i_35/O
                         net (fo=1, unplaced)         0.251     3.755    sb/io_counters_warStall_2_x[63]_i_35_n_0
                         LUT5 (Prop_LUT5_I1_O)        0.132     3.887 r  sb/io_counters_warStall_2_x[63]_i_8/O
                         net (fo=1, unplaced)         0.232     4.119    sb/io_war_31[18]
                         LUT6 (Prop_LUT6_I0_O)        0.190     4.309 r  sb/io_counters_warStall_2_x[63]_i_3/O
                         net (fo=1, unplaced)         0.230     4.539    sb/io_counters_warStall_2_x[63]_i_3_n_0
                         LUT6 (Prop_LUT6_I1_O)        0.176     4.715 r  sb/io_counters_warStall_2_x[63]_i_1/O
                         net (fo=69, unplaced)        0.293     5.008    sb/_sb_io_war_3
                         LUT3 (Prop_LUT3_I1_O)        0.071     5.079 r  sb/pending_i_5/O
                         net (fo=1, unplaced)         0.249     5.328    mac/legacy/io_blocked00_out
                         LUT6 (Prop_LUT6_I5_O)        0.040     5.368 f  mac/legacy/pending_i_4/O
                         net (fo=3, unplaced)         0.255     5.623    mac/dot/out/_legacy_io_write_valid
                         LUT3 (Prop_LUT3_I2_O)        0.040     5.663 f  mac/dot/out/cacheValid_6_i_18__0/O
                         net (fo=5, unplaced)         0.267     5.930    mac/dot/out/ram_ext/physicalValid_3_i_3
                         LUT6 (Prop_LUT6_I0_O)        0.040     5.970 r  mac/dot/out/ram_ext/physicalValid_2_i_7/O
                         net (fo=12, unplaced)        0.287     6.257    mem/piece_reg[5]_5
                         LUT5 (Prop_LUT5_I4_O)        0.040     6.297 f  mem/physicalValid_2_i_3/O
                         net (fo=588, unplaced)       0.377     6.674    mem/returnBuffer/ram_ext/piece_reg[5]_0
                         LUT5 (Prop_LUT5_I0_O)        0.132     6.806 r  mem/returnBuffer/ram_ext/sb_io_progress_1_valid_REG_i_1/O
                         net (fo=26, unplaced)        0.304     7.110    mem/returnBuffer/ram_ext/writeBound_reg
                         LUT5 (Prop_LUT5_I3_O)        0.040     7.150 r  mem/returnBuffer/ram_ext/Memory_reg_1_i_2/O
                         net (fo=3, unplaced)         0.255     7.405    mem/returnBuffer/ram_ext/returnBuffer_io_deq_ready
                         LUT4 (Prop_LUT4_I0_O)        0.040     7.445 r  mem/returnBuffer/ram_ext/deq_ptr_value[7]_i_1/O
                         net (fo=17, unplaced)        0.294     7.739    mem/returnBuffer/ram_ext/do_deq
                         LUT4 (Prop_LUT4_I2_O)        0.040     7.779 r  mem/returnBuffer/ram_ext/Memory_reg_0_i_6/O
                         net (fo=8, unplaced)         0.245     8.024    mem/returnBuffer/ram_ext/Memory_reg_0_i_6_n_0
                         RAMB36E2                                     r  mem/returnBuffer/ram_ext/Memory_reg_3/ADDRARDADDR[8]
  -------------------------------------------------------------------    -------------------

                         (clock rvv_clock rise edge)
                                                     10.000    10.000 r  
                         propagated clock network latency
                                                      0.000    10.000    
                         clock pessimism              0.000    10.000    
                         clock uncertainty           -0.035     9.965    
                         RAMB36E2 (Setup_RAMB36E2_CLKARDCLK_ADDRARDADDR[8])
                                                     -0.494     9.471    mem/returnBuffer/ram_ext/Memory_reg_3
  -------------------------------------------------------------------
                         required time                          9.471    
                         arrival time                          -8.024    
  -------------------------------------------------------------------
                         slack                                  1.447    

Slack (MET) :             1.447ns  (required time - arrival time)
  Source:                 mac/dot/reserved_reg[1]/C
                            (rising edge-triggered cell FDRE clocked by rvv_clock  {rise@0.000ns fall@5.000ns period=10.000ns})
  Destination:            mem/returnBuffer/ram_ext/Memory_reg_4/ADDRARDADDR[8]
                            (rising edge-triggered cell RAMB36E2 clocked by rvv_clock  {rise@0.000ns fall@5.000ns period=10.000ns})
  Path Group:             rvv_clock
  Path Type:              Setup (Max at Slow Process Corner)
  Requirement:            10.000ns  (rvv_clock rise@10.000ns - rvv_clock rise@0.000ns)
  Data Path Delay:        8.024ns  (logic 1.803ns (22.470%)  route 6.221ns (77.530%))
  Logic Levels:           22  (LUT3=4 LUT4=2 LUT5=5 LUT6=9 MUXF7=1 MUXF8=1)
  Clock Uncertainty:      0.035ns  ((TSJ^2 + TIJ^2)^1/2 + DJ) / 2 + PE
    Total System Jitter     (TSJ):    0.071ns
    Total Input Jitter      (TIJ):    0.000ns
    Discrete Jitter          (DJ):    0.000ns
    Phase Error              (PE):    0.000ns

    Location             Delay type                Incr(ns)  Path(ns)    Netlist Resource(s)
  -------------------------------------------------------------------    -------------------
                         (clock rvv_clock rise edge)
                                                      0.000     0.000 r  
                         propagated clock network latency
                                                      0.000     0.000    
                         FDRE                         0.000     0.000 r  mac/dot/reserved_reg[1]/C
                         FDRE (Prop_FDRE_C_Q)         0.115     0.115 r  mac/dot/reserved_reg[1]/Q
                         net (fo=17, unplaced)        0.369     0.484    mac/dot/reserved__0__0[1]
                         LUT6 (Prop_LUT6_I0_O)        0.190     0.674 r  mac/dot/macReady_valid_INST_0_i_1/O
                         net (fo=101, unplaced)       0.335     1.009    mac/dot/reserved_reg[1]_12
                         LUT3 (Prop_LUT3_I1_O)        0.040     1.049 r  mac/dot/io_counters_rawStall_2_x[63]_i_994/O
                         net (fo=16, unplaced)        0.324     1.373    sb/_mac_io_hazard_slot[2]
                         MUXF7 (Prop_MUXF7_S_O)       0.103     1.476 f  sb/io_counters_rawStall_2_x_reg[63]_i_1041/O
                         net (fo=1, unplaced)         0.000     1.476    sb/io_counters_rawStall_2_x_reg[63]_i_1041_n_0
                         MUXF8 (Prop_MUXF8_I1_O)      0.059     1.535 f  sb/io_counters_rawStall_2_x_reg[63]_i_1031/O
                         net (fo=16, unplaced)        0.288     1.823    sb/io_counters_rawStall_2_x_reg[63]_i_1031_n_0
                         LUT6 (Prop_LUT6_I0_O)        0.115     1.938 r  sb/io_counters_rawStall_2_x[63]_i_1021/O
                         net (fo=1, unplaced)         0.249     2.187    sb/io_counters_rawStall_2_x[63]_i_1021_n_0
                         LUT5 (Prop_LUT5_I2_O)        0.040     2.227 r  sb/io_counters_rawStall_2_x[63]_i_942/O
                         net (fo=1, unplaced)         0.249     2.476    sb/io_counters_rawStall_2_x[63]_i_942_n_0
                         LUT3 (Prop_LUT3_I2_O)        0.040     2.516 r  sb/io_counters_rawStall_2_x[63]_i_676/O
                         net (fo=34, unplaced)        0.310     2.826    sb/io_counters_rawStall_2_x[63]_i_676_n_0
                         LUT6 (Prop_LUT6_I0_O)        0.040     2.866 r  sb/io_counters_warStall_2_x[63]_i_357/O
                         net (fo=32, unplaced)        0.309     3.175    sb/io_war_315217_out
                         LUT6 (Prop_LUT6_I5_O)        0.040     3.215 r  sb/io_counters_warStall_2_x[63]_i_170/O
                         net (fo=1, unplaced)         0.249     3.464    sb/io_counters_warStall_2_x[63]_i_170_n_0
                         LUT6 (Prop_LUT6_I5_O)        0.040     3.504 r  sb/io_counters_warStall_2_x[63]_i_35/O
                         net (fo=1, unplaced)         0.251     3.755    sb/io_counters_warStall_2_x[63]_i_35_n_0
                         LUT5 (Prop_LUT5_I1_O)        0.132     3.887 r  sb/io_counters_warStall_2_x[63]_i_8/O
                         net (fo=1, unplaced)         0.232     4.119    sb/io_war_31[18]
                         LUT6 (Prop_LUT6_I0_O)        0.190     4.309 r  sb/io_counters_warStall_2_x[63]_i_3/O
                         net (fo=1, unplaced)         0.230     4.539    sb/io_counters_warStall_2_x[63]_i_3_n_0
                         LUT6 (Prop_LUT6_I1_O)        0.176     4.715 r  sb/io_counters_warStall_2_x[63]_i_1/O
                         net (fo=69, unplaced)        0.293     5.008    sb/_sb_io_war_3
                         LUT3 (Prop_LUT3_I1_O)        0.071     5.079 r  sb/pending_i_5/O
                         net (fo=1, unplaced)         0.249     5.328    mac/legacy/io_blocked00_out
                         LUT6 (Prop_LUT6_I5_O)        0.040     5.368 f  mac/legacy/pending_i_4/O
                         net (fo=3, unplaced)         0.255     5.623    mac/dot/out/_legacy_io_write_valid
                         LUT3 (Prop_LUT3_I2_O)        0.040     5.663 f  mac/dot/out/cacheValid_6_i_18__0/O
                         net (fo=5, unplaced)         0.267     5.930    mac/dot/out/ram_ext/physicalValid_3_i_3
                         LUT6 (Prop_LUT6_I0_O)        0.040     5.970 r  mac/dot/out/ram_ext/physicalValid_2_i_7/O
                         net (fo=12, unplaced)        0.287     6.257    mem/piece_reg[5]_5
                         LUT5 (Prop_LUT5_I4_O)        0.040     6.297 f  mem/physicalValid_2_i_3/O
                         net (fo=588, unplaced)       0.377     6.674    mem/returnBuffer/ram_ext/piece_reg[5]_0
                         LUT5 (Prop_LUT5_I0_O)        0.132     6.806 r  mem/returnBuffer/ram_ext/sb_io_progress_1_valid_REG_i_1/O
                         net (fo=26, unplaced)        0.304     7.110    mem/returnBuffer/ram_ext/writeBound_reg
                         LUT5 (Prop_LUT5_I3_O)        0.040     7.150 r  mem/returnBuffer/ram_ext/Memory_reg_1_i_2/O
                         net (fo=3, unplaced)         0.255     7.405    mem/returnBuffer/ram_ext/returnBuffer_io_deq_ready
                         LUT4 (Prop_LUT4_I0_O)        0.040     7.445 r  mem/returnBuffer/ram_ext/deq_ptr_value[7]_i_1/O
                         net (fo=17, unplaced)        0.294     7.739    mem/returnBuffer/ram_ext/do_deq
                         LUT4 (Prop_LUT4_I2_O)        0.040     7.779 r  mem/returnBuffer/ram_ext/Memory_reg_0_i_6/O
                         net (fo=8, unplaced)         0.245     8.024    mem/returnBuffer/ram_ext/Memory_reg_0_i_6_n_0
                         RAMB36E2                                     r  mem/returnBuffer/ram_ext/Memory_reg_4/ADDRARDADDR[8]
  -------------------------------------------------------------------    -------------------

                         (clock rvv_clock rise edge)
                                                     10.000    10.000 r  
                         propagated clock network latency
                                                      0.000    10.000    
                         clock pessimism              0.000    10.000    
                         clock uncertainty           -0.035     9.965    
                         RAMB36E2 (Setup_RAMB36E2_CLKARDCLK_ADDRARDADDR[8])
                                                     -0.494     9.471    mem/returnBuffer/ram_ext/Memory_reg_4
  -------------------------------------------------------------------
                         required time                          9.471    
                         arrival time                          -8.024    
  -------------------------------------------------------------------
                         slack                                  1.447    

Slack (MET) :             1.447ns  (required time - arrival time)
  Source:                 mac/dot/reserved_reg[1]/C
                            (rising edge-triggered cell FDRE clocked by rvv_clock  {rise@0.000ns fall@5.000ns period=10.000ns})
  Destination:            mem/returnBuffer/ram_ext/Memory_reg_5/ADDRARDADDR[8]
                            (rising edge-triggered cell RAMB36E2 clocked by rvv_clock  {rise@0.000ns fall@5.000ns period=10.000ns})
  Path Group:             rvv_clock
  Path Type:              Setup (Max at Slow Process Corner)
  Requirement:            10.000ns  (rvv_clock rise@10.000ns - rvv_clock rise@0.000ns)
  Data Path Delay:        8.024ns  (logic 1.803ns (22.470%)  route 6.221ns (77.530%))
  Logic Levels:           22  (LUT3=4 LUT4=2 LUT5=5 LUT6=9 MUXF7=1 MUXF8=1)
  Clock Uncertainty:      0.035ns  ((TSJ^2 + TIJ^2)^1/2 + DJ) / 2 + PE
    Total System Jitter     (TSJ):    0.071ns
    Total Input Jitter      (TIJ):    0.000ns
    Discrete Jitter          (DJ):    0.000ns
    Phase Error              (PE):    0.000ns

    Location             Delay type                Incr(ns)  Path(ns)    Netlist Resource(s)
  -------------------------------------------------------------------    -------------------
                         (clock rvv_clock rise edge)
                                                      0.000     0.000 r  
                         propagated clock network latency
                                                      0.000     0.000    
                         FDRE                         0.000     0.000 r  mac/dot/reserved_reg[1]/C
                         FDRE (Prop_FDRE_C_Q)         0.115     0.115 r  mac/dot/reserved_reg[1]/Q
                         net (fo=17, unplaced)        0.369     0.484    mac/dot/reserved__0__0[1]
                         LUT6 (Prop_LUT6_I0_O)        0.190     0.674 r  mac/dot/macReady_valid_INST_0_i_1/O
                         net (fo=101, unplaced)       0.335     1.009    mac/dot/reserved_reg[1]_12
                         LUT3 (Prop_LUT3_I1_O)        0.040     1.049 r  mac/dot/io_counters_rawStall_2_x[63]_i_994/O
                         net (fo=16, unplaced)        0.324     1.373    sb/_mac_io_hazard_slot[2]
                         MUXF7 (Prop_MUXF7_S_O)       0.103     1.476 f  sb/io_counters_rawStall_2_x_reg[63]_i_1041/O
                         net (fo=1, unplaced)         0.000     1.476    sb/io_counters_rawStall_2_x_reg[63]_i_1041_n_0
                         MUXF8 (Prop_MUXF8_I1_O)      0.059     1.535 f  sb/io_counters_rawStall_2_x_reg[63]_i_1031/O
                         net (fo=16, unplaced)        0.288     1.823    sb/io_counters_rawStall_2_x_reg[63]_i_1031_n_0
                         LUT6 (Prop_LUT6_I0_O)        0.115     1.938 r  sb/io_counters_rawStall_2_x[63]_i_1021/O
                         net (fo=1, unplaced)         0.249     2.187    sb/io_counters_rawStall_2_x[63]_i_1021_n_0
                         LUT5 (Prop_LUT5_I2_O)        0.040     2.227 r  sb/io_counters_rawStall_2_x[63]_i_942/O
                         net (fo=1, unplaced)         0.249     2.476    sb/io_counters_rawStall_2_x[63]_i_942_n_0
                         LUT3 (Prop_LUT3_I2_O)        0.040     2.516 r  sb/io_counters_rawStall_2_x[63]_i_676/O
                         net (fo=34, unplaced)        0.310     2.826    sb/io_counters_rawStall_2_x[63]_i_676_n_0
                         LUT6 (Prop_LUT6_I0_O)        0.040     2.866 r  sb/io_counters_warStall_2_x[63]_i_357/O
                         net (fo=32, unplaced)        0.309     3.175    sb/io_war_315217_out
                         LUT6 (Prop_LUT6_I5_O)        0.040     3.215 r  sb/io_counters_warStall_2_x[63]_i_170/O
                         net (fo=1, unplaced)         0.249     3.464    sb/io_counters_warStall_2_x[63]_i_170_n_0
                         LUT6 (Prop_LUT6_I5_O)        0.040     3.504 r  sb/io_counters_warStall_2_x[63]_i_35/O
                         net (fo=1, unplaced)         0.251     3.755    sb/io_counters_warStall_2_x[63]_i_35_n_0
                         LUT5 (Prop_LUT5_I1_O)        0.132     3.887 r  sb/io_counters_warStall_2_x[63]_i_8/O
                         net (fo=1, unplaced)         0.232     4.119    sb/io_war_31[18]
                         LUT6 (Prop_LUT6_I0_O)        0.190     4.309 r  sb/io_counters_warStall_2_x[63]_i_3/O
                         net (fo=1, unplaced)         0.230     4.539    sb/io_counters_warStall_2_x[63]_i_3_n_0
                         LUT6 (Prop_LUT6_I1_O)        0.176     4.715 r  sb/io_counters_warStall_2_x[63]_i_1/O
                         net (fo=69, unplaced)        0.293     5.008    sb/_sb_io_war_3
                         LUT3 (Prop_LUT3_I1_O)        0.071     5.079 r  sb/pending_i_5/O
                         net (fo=1, unplaced)         0.249     5.328    mac/legacy/io_blocked00_out
                         LUT6 (Prop_LUT6_I5_O)        0.040     5.368 f  mac/legacy/pending_i_4/O
                         net (fo=3, unplaced)         0.255     5.623    mac/dot/out/_legacy_io_write_valid
                         LUT3 (Prop_LUT3_I2_O)        0.040     5.663 f  mac/dot/out/cacheValid_6_i_18__0/O
                         net (fo=5, unplaced)         0.267     5.930    mac/dot/out/ram_ext/physicalValid_3_i_3
                         LUT6 (Prop_LUT6_I0_O)        0.040     5.970 r  mac/dot/out/ram_ext/physicalValid_2_i_7/O
                         net (fo=12, unplaced)        0.287     6.257    mem/piece_reg[5]_5
                         LUT5 (Prop_LUT5_I4_O)        0.040     6.297 f  mem/physicalValid_2_i_3/O
                         net (fo=588, unplaced)       0.377     6.674    mem/returnBuffer/ram_ext/piece_reg[5]_0
                         LUT5 (Prop_LUT5_I0_O)        0.132     6.806 r  mem/returnBuffer/ram_ext/sb_io_progress_1_valid_REG_i_1/O
                         net (fo=26, unplaced)        0.304     7.110    mem/returnBuffer/ram_ext/writeBound_reg
                         LUT5 (Prop_LUT5_I3_O)        0.040     7.150 r  mem/returnBuffer/ram_ext/Memory_reg_1_i_2/O
                         net (fo=3, unplaced)         0.255     7.405    mem/returnBuffer/ram_ext/returnBuffer_io_deq_ready
                         LUT4 (Prop_LUT4_I0_O)        0.040     7.445 r  mem/returnBuffer/ram_ext/deq_ptr_value[7]_i_1/O
                         net (fo=17, unplaced)        0.294     7.739    mem/returnBuffer/ram_ext/do_deq
                         LUT4 (Prop_LUT4_I2_O)        0.040     7.779 r  mem/returnBuffer/ram_ext/Memory_reg_0_i_6/O
                         net (fo=8, unplaced)         0.245     8.024    mem/returnBuffer/ram_ext/Memory_reg_0_i_6_n_0
                         RAMB36E2                                     r  mem/returnBuffer/ram_ext/Memory_reg_5/ADDRARDADDR[8]
  -------------------------------------------------------------------    -------------------

                         (clock rvv_clock rise edge)
                                                     10.000    10.000 r  
                         propagated clock network latency
                                                      0.000    10.000    
                         clock pessimism              0.000    10.000    
                         clock uncertainty           -0.035     9.965    
                         RAMB36E2 (Setup_RAMB36E2_CLKARDCLK_ADDRARDADDR[8])
                                                     -0.494     9.471    mem/returnBuffer/ram_ext/Memory_reg_5
  -------------------------------------------------------------------
                         required time                          9.471    
                         arrival time                          -8.024    
  -------------------------------------------------------------------
                         slack                                  1.447    

Slack (MET) :             1.447ns  (required time - arrival time)
  Source:                 mac/dot/reserved_reg[1]/C
                            (rising edge-triggered cell FDRE clocked by rvv_clock  {rise@0.000ns fall@5.000ns period=10.000ns})
  Destination:            mem/returnBuffer/ram_ext/Memory_reg_6/ADDRARDADDR[8]
                            (rising edge-triggered cell RAMB36E2 clocked by rvv_clock  {rise@0.000ns fall@5.000ns period=10.000ns})
  Path Group:             rvv_clock
  Path Type:              Setup (Max at Slow Process Corner)
  Requirement:            10.000ns  (rvv_clock rise@10.000ns - rvv_clock rise@0.000ns)
  Data Path Delay:        8.024ns  (logic 1.803ns (22.470%)  route 6.221ns (77.530%))
  Logic Levels:           22  (LUT3=4 LUT4=2 LUT5=5 LUT6=9 MUXF7=1 MUXF8=1)
  Clock Uncertainty:      0.035ns  ((TSJ^2 + TIJ^2)^1/2 + DJ) / 2 + PE
    Total System Jitter     (TSJ):    0.071ns
    Total Input Jitter      (TIJ):    0.000ns
    Discrete Jitter          (DJ):    0.000ns
    Phase Error              (PE):    0.000ns

    Location             Delay type                Incr(ns)  Path(ns)    Netlist Resource(s)
  -------------------------------------------------------------------    -------------------
                         (clock rvv_clock rise edge)
                                                      0.000     0.000 r  
                         propagated clock network latency
                                                      0.000     0.000    
                         FDRE                         0.000     0.000 r  mac/dot/reserved_reg[1]/C
                         FDRE (Prop_FDRE_C_Q)         0.115     0.115 r  mac/dot/reserved_reg[1]/Q
                         net (fo=17, unplaced)        0.369     0.484    mac/dot/reserved__0__0[1]
                         LUT6 (Prop_LUT6_I0_O)        0.190     0.674 r  mac/dot/macReady_valid_INST_0_i_1/O
                         net (fo=101, unplaced)       0.335     1.009    mac/dot/reserved_reg[1]_12
                         LUT3 (Prop_LUT3_I1_O)        0.040     1.049 r  mac/dot/io_counters_rawStall_2_x[63]_i_994/O
                         net (fo=16, unplaced)        0.324     1.373    sb/_mac_io_hazard_slot[2]
                         MUXF7 (Prop_MUXF7_S_O)       0.103     1.476 f  sb/io_counters_rawStall_2_x_reg[63]_i_1041/O
                         net (fo=1, unplaced)         0.000     1.476    sb/io_counters_rawStall_2_x_reg[63]_i_1041_n_0
                         MUXF8 (Prop_MUXF8_I1_O)      0.059     1.535 f  sb/io_counters_rawStall_2_x_reg[63]_i_1031/O
                         net (fo=16, unplaced)        0.288     1.823    sb/io_counters_rawStall_2_x_reg[63]_i_1031_n_0
                         LUT6 (Prop_LUT6_I0_O)        0.115     1.938 r  sb/io_counters_rawStall_2_x[63]_i_1021/O
                         net (fo=1, unplaced)         0.249     2.187    sb/io_counters_rawStall_2_x[63]_i_1021_n_0
                         LUT5 (Prop_LUT5_I2_O)        0.040     2.227 r  sb/io_counters_rawStall_2_x[63]_i_942/O
                         net (fo=1, unplaced)         0.249     2.476    sb/io_counters_rawStall_2_x[63]_i_942_n_0
                         LUT3 (Prop_LUT3_I2_O)        0.040     2.516 r  sb/io_counters_rawStall_2_x[63]_i_676/O
                         net (fo=34, unplaced)        0.310     2.826    sb/io_counters_rawStall_2_x[63]_i_676_n_0
                         LUT6 (Prop_LUT6_I0_O)        0.040     2.866 r  sb/io_counters_warStall_2_x[63]_i_357/O
                         net (fo=32, unplaced)        0.309     3.175    sb/io_war_315217_out
                         LUT6 (Prop_LUT6_I5_O)        0.040     3.215 r  sb/io_counters_warStall_2_x[63]_i_170/O
                         net (fo=1, unplaced)         0.249     3.464    sb/io_counters_warStall_2_x[63]_i_170_n_0
                         LUT6 (Prop_LUT6_I5_O)        0.040     3.504 r  sb/io_counters_warStall_2_x[63]_i_35/O
                         net (fo=1, unplaced)         0.251     3.755    sb/io_counters_warStall_2_x[63]_i_35_n_0
                         LUT5 (Prop_LUT5_I1_O)        0.132     3.887 r  sb/io_counters_warStall_2_x[63]_i_8/O
                         net (fo=1, unplaced)         0.232     4.119    sb/io_war_31[18]
                         LUT6 (Prop_LUT6_I0_O)        0.190     4.309 r  sb/io_counters_warStall_2_x[63]_i_3/O
                         net (fo=1, unplaced)         0.230     4.539    sb/io_counters_warStall_2_x[63]_i_3_n_0
                         LUT6 (Prop_LUT6_I1_O)        0.176     4.715 r  sb/io_counters_warStall_2_x[63]_i_1/O
                         net (fo=69, unplaced)        0.293     5.008    sb/_sb_io_war_3
                         LUT3 (Prop_LUT3_I1_O)        0.071     5.079 r  sb/pending_i_5/O
                         net (fo=1, unplaced)         0.249     5.328    mac/legacy/io_blocked00_out
                         LUT6 (Prop_LUT6_I5_O)        0.040     5.368 f  mac/legacy/pending_i_4/O
                         net (fo=3, unplaced)         0.255     5.623    mac/dot/out/_legacy_io_write_valid
                         LUT3 (Prop_LUT3_I2_O)        0.040     5.663 f  mac/dot/out/cacheValid_6_i_18__0/O
                         net (fo=5, unplaced)         0.267     5.930    mac/dot/out/ram_ext/physicalValid_3_i_3
                         LUT6 (Prop_LUT6_I0_O)        0.040     5.970 r  mac/dot/out/ram_ext/physicalValid_2_i_7/O
                         net (fo=12, unplaced)        0.287     6.257    mem/piece_reg[5]_5
                         LUT5 (Prop_LUT5_I4_O)        0.040     6.297 f  mem/physicalValid_2_i_3/O
                         net (fo=588, unplaced)       0.377     6.674    mem/returnBuffer/ram_ext/piece_reg[5]_0
                         LUT5 (Prop_LUT5_I0_O)        0.132     6.806 r  mem/returnBuffer/ram_ext/sb_io_progress_1_valid_REG_i_1/O
                         net (fo=26, unplaced)        0.304     7.110    mem/returnBuffer/ram_ext/writeBound_reg
                         LUT5 (Prop_LUT5_I3_O)        0.040     7.150 r  mem/returnBuffer/ram_ext/Memory_reg_1_i_2/O
                         net (fo=3, unplaced)         0.255     7.405    mem/returnBuffer/ram_ext/returnBuffer_io_deq_ready
                         LUT4 (Prop_LUT4_I0_O)        0.040     7.445 r  mem/returnBuffer/ram_ext/deq_ptr_value[7]_i_1/O
                         net (fo=17, unplaced)        0.294     7.739    mem/returnBuffer/ram_ext/do_deq
                         LUT4 (Prop_LUT4_I2_O)        0.040     7.779 r  mem/returnBuffer/ram_ext/Memory_reg_0_i_6/O
                         net (fo=8, unplaced)         0.245     8.024    mem/returnBuffer/ram_ext/Memory_reg_0_i_6_n_0
                         RAMB36E2                                     r  mem/returnBuffer/ram_ext/Memory_reg_6/ADDRARDADDR[8]
  -------------------------------------------------------------------    -------------------

                         (clock rvv_clock rise edge)
                                                     10.000    10.000 r  
                         propagated clock network latency
                                                      0.000    10.000    
                         clock pessimism              0.000    10.000    
                         clock uncertainty           -0.035     9.965    
                         RAMB36E2 (Setup_RAMB36E2_CLKARDCLK_ADDRARDADDR[8])
                                                     -0.494     9.471    mem/returnBuffer/ram_ext/Memory_reg_6
  -------------------------------------------------------------------
                         required time                          9.471    
                         arrival time                          -8.024    
  -------------------------------------------------------------------
                         slack                                  1.447    

Slack (MET) :             1.447ns  (required time - arrival time)
  Source:                 mac/dot/reserved_reg[1]/C
                            (rising edge-triggered cell FDRE clocked by rvv_clock  {rise@0.000ns fall@5.000ns period=10.000ns})
  Destination:            mem/returnBuffer/ram_ext/Memory_reg_7/ADDRARDADDR[7]
                            (rising edge-triggered cell RAMB18E2 clocked by rvv_clock  {rise@0.000ns fall@5.000ns period=10.000ns})
  Path Group:             rvv_clock
  Path Type:              Setup (Max at Slow Process Corner)
  Requirement:            10.000ns  (rvv_clock rise@10.000ns - rvv_clock rise@0.000ns)
  Data Path Delay:        8.024ns  (logic 1.803ns (22.470%)  route 6.221ns (77.530%))
  Logic Levels:           22  (LUT3=4 LUT4=2 LUT5=5 LUT6=9 MUXF7=1 MUXF8=1)
  Clock Uncertainty:      0.035ns  ((TSJ^2 + TIJ^2)^1/2 + DJ) / 2 + PE
    Total System Jitter     (TSJ):    0.071ns
    Total Input Jitter      (TIJ):    0.000ns
    Discrete Jitter          (DJ):    0.000ns
    Phase Error              (PE):    0.000ns

    Location             Delay type                Incr(ns)  Path(ns)    Netlist Resource(s)
  -------------------------------------------------------------------    -------------------
                         (clock rvv_clock rise edge)
                                                      0.000     0.000 r  
                         propagated clock network latency
                                                      0.000     0.000    
                         FDRE                         0.000     0.000 r  mac/dot/reserved_reg[1]/C
                         FDRE (Prop_FDRE_C_Q)         0.115     0.115 r  mac/dot/reserved_reg[1]/Q
                         net (fo=17, unplaced)        0.369     0.484    mac/dot/reserved__0__0[1]
                         LUT6 (Prop_LUT6_I0_O)        0.190     0.674 r  mac/dot/macReady_valid_INST_0_i_1/O
                         net (fo=101, unplaced)       0.335     1.009    mac/dot/reserved_reg[1]_12
                         LUT3 (Prop_LUT3_I1_O)        0.040     1.049 r  mac/dot/io_counters_rawStall_2_x[63]_i_994/O
                         net (fo=16, unplaced)        0.324     1.373    sb/_mac_io_hazard_slot[2]
                         MUXF7 (Prop_MUXF7_S_O)       0.103     1.476 f  sb/io_counters_rawStall_2_x_reg[63]_i_1041/O
                         net (fo=1, unplaced)         0.000     1.476    sb/io_counters_rawStall_2_x_reg[63]_i_1041_n_0
                         MUXF8 (Prop_MUXF8_I1_O)      0.059     1.535 f  sb/io_counters_rawStall_2_x_reg[63]_i_1031/O
                         net (fo=16, unplaced)        0.288     1.823    sb/io_counters_rawStall_2_x_reg[63]_i_1031_n_0
                         LUT6 (Prop_LUT6_I0_O)        0.115     1.938 r  sb/io_counters_rawStall_2_x[63]_i_1021/O
                         net (fo=1, unplaced)         0.249     2.187    sb/io_counters_rawStall_2_x[63]_i_1021_n_0
                         LUT5 (Prop_LUT5_I2_O)        0.040     2.227 r  sb/io_counters_rawStall_2_x[63]_i_942/O
                         net (fo=1, unplaced)         0.249     2.476    sb/io_counters_rawStall_2_x[63]_i_942_n_0
                         LUT3 (Prop_LUT3_I2_O)        0.040     2.516 r  sb/io_counters_rawStall_2_x[63]_i_676/O
                         net (fo=34, unplaced)        0.310     2.826    sb/io_counters_rawStall_2_x[63]_i_676_n_0
                         LUT6 (Prop_LUT6_I0_O)        0.040     2.866 r  sb/io_counters_warStall_2_x[63]_i_357/O
                         net (fo=32, unplaced)        0.309     3.175    sb/io_war_315217_out
                         LUT6 (Prop_LUT6_I5_O)        0.040     3.215 r  sb/io_counters_warStall_2_x[63]_i_170/O
                         net (fo=1, unplaced)         0.249     3.464    sb/io_counters_warStall_2_x[63]_i_170_n_0
                         LUT6 (Prop_LUT6_I5_O)        0.040     3.504 r  sb/io_counters_warStall_2_x[63]_i_35/O
                         net (fo=1, unplaced)         0.251     3.755    sb/io_counters_warStall_2_x[63]_i_35_n_0
                         LUT5 (Prop_LUT5_I1_O)        0.132     3.887 r  sb/io_counters_warStall_2_x[63]_i_8/O
                         net (fo=1, unplaced)         0.232     4.119    sb/io_war_31[18]
                         LUT6 (Prop_LUT6_I0_O)        0.190     4.309 r  sb/io_counters_warStall_2_x[63]_i_3/O
                         net (fo=1, unplaced)         0.230     4.539    sb/io_counters_warStall_2_x[63]_i_3_n_0
                         LUT6 (Prop_LUT6_I1_O)        0.176     4.715 r  sb/io_counters_warStall_2_x[63]_i_1/O
                         net (fo=69, unplaced)        0.293     5.008    sb/_sb_io_war_3
                         LUT3 (Prop_LUT3_I1_O)        0.071     5.079 r  sb/pending_i_5/O
                         net (fo=1, unplaced)         0.249     5.328    mac/legacy/io_blocked00_out
                         LUT6 (Prop_LUT6_I5_O)        0.040     5.368 f  mac/legacy/pending_i_4/O
                         net (fo=3, unplaced)         0.255     5.623    mac/dot/out/_legacy_io_write_valid
                         LUT3 (Prop_LUT3_I2_O)        0.040     5.663 f  mac/dot/out/cacheValid_6_i_18__0/O
                         net (fo=5, unplaced)         0.267     5.930    mac/dot/out/ram_ext/physicalValid_3_i_3
                         LUT6 (Prop_LUT6_I0_O)        0.040     5.970 r  mac/dot/out/ram_ext/physicalValid_2_i_7/O
                         net (fo=12, unplaced)        0.287     6.257    mem/piece_reg[5]_5
                         LUT5 (Prop_LUT5_I4_O)        0.040     6.297 f  mem/physicalValid_2_i_3/O
                         net (fo=588, unplaced)       0.377     6.674    mem/returnBuffer/ram_ext/piece_reg[5]_0
                         LUT5 (Prop_LUT5_I0_O)        0.132     6.806 r  mem/returnBuffer/ram_ext/sb_io_progress_1_valid_REG_i_1/O
                         net (fo=26, unplaced)        0.304     7.110    mem/returnBuffer/ram_ext/writeBound_reg
                         LUT5 (Prop_LUT5_I3_O)        0.040     7.150 r  mem/returnBuffer/ram_ext/Memory_reg_1_i_2/O
                         net (fo=3, unplaced)         0.255     7.405    mem/returnBuffer/ram_ext/returnBuffer_io_deq_ready
                         LUT4 (Prop_LUT4_I0_O)        0.040     7.445 r  mem/returnBuffer/ram_ext/deq_ptr_value[7]_i_1/O
                         net (fo=17, unplaced)        0.294     7.739    mem/returnBuffer/ram_ext/do_deq
                         LUT4 (Prop_LUT4_I2_O)        0.040     7.779 r  mem/returnBuffer/ram_ext/Memory_reg_0_i_6/O
                         net (fo=8, unplaced)         0.245     8.024    mem/returnBuffer/ram_ext/Memory_reg_0_i_6_n_0
                         RAMB18E2                                     r  mem/returnBuffer/ram_ext/Memory_reg_7/ADDRARDADDR[7]
  -------------------------------------------------------------------    -------------------

                         (clock rvv_clock rise edge)
                                                     10.000    10.000 r  
                         propagated clock network latency
                                                      0.000    10.000    
                         clock pessimism              0.000    10.000    
                         clock uncertainty           -0.035     9.965    
                         RAMB18E2 (Setup_RAMB18E2_CLKARDCLK_ADDRARDADDR[7])
                                                     -0.494     9.471    mem/returnBuffer/ram_ext/Memory_reg_7
  -------------------------------------------------------------------
                         required time                          9.471    
                         arrival time                          -8.024    
  -------------------------------------------------------------------
                         slack                                  1.447    

Slack (MET) :             1.477ns  (required time - arrival time)
  Source:                 mac/dot/reserved_reg[1]/C
                            (rising edge-triggered cell FDRE clocked by rvv_clock  {rise@0.000ns fall@5.000ns period=10.000ns})
  Destination:            mem/returnBuffer/ram_ext/Memory_reg_0/ADDRARDADDR[12]
                            (rising edge-triggered cell RAMB36E2 clocked by rvv_clock  {rise@0.000ns fall@5.000ns period=10.000ns})
  Path Group:             rvv_clock
  Path Type:              Setup (Max at Slow Process Corner)
  Requirement:            10.000ns  (rvv_clock rise@10.000ns - rvv_clock rise@0.000ns)
  Data Path Delay:        8.019ns  (logic 1.803ns (22.484%)  route 6.216ns (77.516%))
  Logic Levels:           22  (LUT3=5 LUT4=1 LUT5=5 LUT6=9 MUXF7=1 MUXF8=1)
  Clock Uncertainty:      0.035ns  ((TSJ^2 + TIJ^2)^1/2 + DJ) / 2 + PE
    Total System Jitter     (TSJ):    0.071ns
    Total Input Jitter      (TIJ):    0.000ns
    Discrete Jitter          (DJ):    0.000ns
    Phase Error              (PE):    0.000ns

    Location             Delay type                Incr(ns)  Path(ns)    Netlist Resource(s)
  -------------------------------------------------------------------    -------------------
                         (clock rvv_clock rise edge)
                                                      0.000     0.000 r  
                         propagated clock network latency
                                                      0.000     0.000    
                         FDRE                         0.000     0.000 r  mac/dot/reserved_reg[1]/C
                         FDRE (Prop_FDRE_C_Q)         0.115     0.115 r  mac/dot/reserved_reg[1]/Q
                         net (fo=17, unplaced)        0.369     0.484    mac/dot/reserved__0__0[1]
                         LUT6 (Prop_LUT6_I0_O)        0.190     0.674 r  mac/dot/macReady_valid_INST_0_i_1/O
                         net (fo=101, unplaced)       0.335     1.009    mac/dot/reserved_reg[1]_12
                         LUT3 (Prop_LUT3_I1_O)        0.040     1.049 r  mac/dot/io_counters_rawStall_2_x[63]_i_994/O
                         net (fo=16, unplaced)        0.324     1.373    sb/_mac_io_hazard_slot[2]
                         MUXF7 (Prop_MUXF7_S_O)       0.103     1.476 f  sb/io_counters_rawStall_2_x_reg[63]_i_1041/O
                         net (fo=1, unplaced)         0.000     1.476    sb/io_counters_rawStall_2_x_reg[63]_i_1041_n_0
                         MUXF8 (Prop_MUXF8_I1_O)      0.059     1.535 f  sb/io_counters_rawStall_2_x_reg[63]_i_1031/O
                         net (fo=16, unplaced)        0.288     1.823    sb/io_counters_rawStall_2_x_reg[63]_i_1031_n_0
                         LUT6 (Prop_LUT6_I0_O)        0.115     1.938 r  sb/io_counters_rawStall_2_x[63]_i_1021/O
                         net (fo=1, unplaced)         0.249     2.187    sb/io_counters_rawStall_2_x[63]_i_1021_n_0
                         LUT5 (Prop_LUT5_I2_O)        0.040     2.227 r  sb/io_counters_rawStall_2_x[63]_i_942/O
                         net (fo=1, unplaced)         0.249     2.476    sb/io_counters_rawStall_2_x[63]_i_942_n_0
                         LUT3 (Prop_LUT3_I2_O)        0.040     2.516 r  sb/io_counters_rawStall_2_x[63]_i_676/O
                         net (fo=34, unplaced)        0.310     2.826    sb/io_counters_rawStall_2_x[63]_i_676_n_0
                         LUT6 (Prop_LUT6_I0_O)        0.040     2.866 r  sb/io_counters_warStall_2_x[63]_i_357/O
                         net (fo=32, unplaced)        0.309     3.175    sb/io_war_315217_out
                         LUT6 (Prop_LUT6_I5_O)        0.040     3.215 r  sb/io_counters_warStall_2_x[63]_i_170/O
                         net (fo=1, unplaced)         0.249     3.464    sb/io_counters_warStall_2_x[63]_i_170_n_0
                         LUT6 (Prop_LUT6_I5_O)        0.040     3.504 r  sb/io_counters_warStall_2_x[63]_i_35/O
                         net (fo=1, unplaced)         0.251     3.755    sb/io_counters_warStall_2_x[63]_i_35_n_0
                         LUT5 (Prop_LUT5_I1_O)        0.132     3.887 r  sb/io_counters_warStall_2_x[63]_i_8/O
                         net (fo=1, unplaced)         0.232     4.119    sb/io_war_31[18]
                         LUT6 (Prop_LUT6_I0_O)        0.190     4.309 r  sb/io_counters_warStall_2_x[63]_i_3/O
                         net (fo=1, unplaced)         0.230     4.539    sb/io_counters_warStall_2_x[63]_i_3_n_0
                         LUT6 (Prop_LUT6_I1_O)        0.176     4.715 r  sb/io_counters_warStall_2_x[63]_i_1/O
                         net (fo=69, unplaced)        0.293     5.008    sb/_sb_io_war_3
                         LUT3 (Prop_LUT3_I1_O)        0.071     5.079 r  sb/pending_i_5/O
                         net (fo=1, unplaced)         0.249     5.328    mac/legacy/io_blocked00_out
                         LUT6 (Prop_LUT6_I5_O)        0.040     5.368 f  mac/legacy/pending_i_4/O
                         net (fo=3, unplaced)         0.255     5.623    mac/dot/out/_legacy_io_write_valid
                         LUT3 (Prop_LUT3_I2_O)        0.040     5.663 f  mac/dot/out/cacheValid_6_i_18__0/O
                         net (fo=5, unplaced)         0.267     5.930    mac/dot/out/ram_ext/physicalValid_3_i_3
                         LUT6 (Prop_LUT6_I0_O)        0.040     5.970 r  mac/dot/out/ram_ext/physicalValid_2_i_7/O
                         net (fo=12, unplaced)        0.287     6.257    mem/piece_reg[5]_5
                         LUT5 (Prop_LUT5_I4_O)        0.040     6.297 f  mem/physicalValid_2_i_3/O
                         net (fo=588, unplaced)       0.377     6.674    mem/returnBuffer/ram_ext/piece_reg[5]_0
                         LUT5 (Prop_LUT5_I0_O)        0.132     6.806 r  mem/returnBuffer/ram_ext/sb_io_progress_1_valid_REG_i_1/O
                         net (fo=26, unplaced)        0.304     7.110    mem/returnBuffer/ram_ext/writeBound_reg
                         LUT5 (Prop_LUT5_I3_O)        0.040     7.150 r  mem/returnBuffer/ram_ext/Memory_reg_1_i_2/O
                         net (fo=3, unplaced)         0.255     7.405    mem/returnBuffer/ram_ext/returnBuffer_io_deq_ready
                         LUT4 (Prop_LUT4_I0_O)        0.040     7.445 r  mem/returnBuffer/ram_ext/deq_ptr_value[7]_i_1/O
                         net (fo=17, unplaced)        0.294     7.739    mem/returnBuffer/ram_ext/do_deq
                         LUT3 (Prop_LUT3_I1_O)        0.040     7.779 r  mem/returnBuffer/ram_ext/Memory_reg_0_i_2/O
                         net (fo=8, unplaced)         0.240     8.019    mem/returnBuffer/ram_ext/Memory_reg_0_i_2_n_0
                         RAMB36E2                                     r  mem/returnBuffer/ram_ext/Memory_reg_0/ADDRARDADDR[12]
  -------------------------------------------------------------------    -------------------

                         (clock rvv_clock rise edge)
                                                     10.000    10.000 r  
                         propagated clock network latency
                                                      0.000    10.000    
                         clock pessimism              0.000    10.000    
                         clock uncertainty           -0.035     9.965    
                         RAMB36E2 (Setup_RAMB36E2_CLKARDCLK_ADDRARDADDR[12])
                                                     -0.469     9.496    mem/returnBuffer/ram_ext/Memory_reg_0
  -------------------------------------------------------------------
                         required time                          9.496    
                         arrival time                          -8.019    
  -------------------------------------------------------------------
                         slack                                  1.477    

Slack (MET) :             1.477ns  (required time - arrival time)
  Source:                 mac/dot/reserved_reg[1]/C
                            (rising edge-triggered cell FDRE clocked by rvv_clock  {rise@0.000ns fall@5.000ns period=10.000ns})
  Destination:            mem/returnBuffer/ram_ext/Memory_reg_1/ADDRARDADDR[12]
                            (rising edge-triggered cell RAMB36E2 clocked by rvv_clock  {rise@0.000ns fall@5.000ns period=10.000ns})
  Path Group:             rvv_clock
  Path Type:              Setup (Max at Slow Process Corner)
  Requirement:            10.000ns  (rvv_clock rise@10.000ns - rvv_clock rise@0.000ns)
  Data Path Delay:        8.019ns  (logic 1.803ns (22.484%)  route 6.216ns (77.516%))
  Logic Levels:           22  (LUT3=5 LUT4=1 LUT5=5 LUT6=9 MUXF7=1 MUXF8=1)
  Clock Uncertainty:      0.035ns  ((TSJ^2 + TIJ^2)^1/2 + DJ) / 2 + PE
    Total System Jitter     (TSJ):    0.071ns
    Total Input Jitter      (TIJ):    0.000ns
    Discrete Jitter          (DJ):    0.000ns
    Phase Error              (PE):    0.000ns

    Location             Delay type                Incr(ns)  Path(ns)    Netlist Resource(s)
  -------------------------------------------------------------------    -------------------
                         (clock rvv_clock rise edge)
                                                      0.000     0.000 r  
                         propagated clock network latency
                                                      0.000     0.000    
                         FDRE                         0.000     0.000 r  mac/dot/reserved_reg[1]/C
                         FDRE (Prop_FDRE_C_Q)         0.115     0.115 r  mac/dot/reserved_reg[1]/Q
                         net (fo=17, unplaced)        0.369     0.484    mac/dot/reserved__0__0[1]
                         LUT6 (Prop_LUT6_I0_O)        0.190     0.674 r  mac/dot/macReady_valid_INST_0_i_1/O
                         net (fo=101, unplaced)       0.335     1.009    mac/dot/reserved_reg[1]_12
                         LUT3 (Prop_LUT3_I1_O)        0.040     1.049 r  mac/dot/io_counters_rawStall_2_x[63]_i_994/O
                         net (fo=16, unplaced)        0.324     1.373    sb/_mac_io_hazard_slot[2]
                         MUXF7 (Prop_MUXF7_S_O)       0.103     1.476 f  sb/io_counters_rawStall_2_x_reg[63]_i_1041/O
                         net (fo=1, unplaced)         0.000     1.476    sb/io_counters_rawStall_2_x_reg[63]_i_1041_n_0
                         MUXF8 (Prop_MUXF8_I1_O)      0.059     1.535 f  sb/io_counters_rawStall_2_x_reg[63]_i_1031/O
                         net (fo=16, unplaced)        0.288     1.823    sb/io_counters_rawStall_2_x_reg[63]_i_1031_n_0
                         LUT6 (Prop_LUT6_I0_O)        0.115     1.938 r  sb/io_counters_rawStall_2_x[63]_i_1021/O
                         net (fo=1, unplaced)         0.249     2.187    sb/io_counters_rawStall_2_x[63]_i_1021_n_0
                         LUT5 (Prop_LUT5_I2_O)        0.040     2.227 r  sb/io_counters_rawStall_2_x[63]_i_942/O
                         net (fo=1, unplaced)         0.249     2.476    sb/io_counters_rawStall_2_x[63]_i_942_n_0
                         LUT3 (Prop_LUT3_I2_O)        0.040     2.516 r  sb/io_counters_rawStall_2_x[63]_i_676/O
                         net (fo=34, unplaced)        0.310     2.826    sb/io_counters_rawStall_2_x[63]_i_676_n_0
                         LUT6 (Prop_LUT6_I0_O)        0.040     2.866 r  sb/io_counters_warStall_2_x[63]_i_357/O
                         net (fo=32, unplaced)        0.309     3.175    sb/io_war_315217_out
                         LUT6 (Prop_LUT6_I5_O)        0.040     3.215 r  sb/io_counters_warStall_2_x[63]_i_170/O
                         net (fo=1, unplaced)         0.249     3.464    sb/io_counters_warStall_2_x[63]_i_170_n_0
                         LUT6 (Prop_LUT6_I5_O)        0.040     3.504 r  sb/io_counters_warStall_2_x[63]_i_35/O
                         net (fo=1, unplaced)         0.251     3.755    sb/io_counters_warStall_2_x[63]_i_35_n_0
                         LUT5 (Prop_LUT5_I1_O)        0.132     3.887 r  sb/io_counters_warStall_2_x[63]_i_8/O
                         net (fo=1, unplaced)         0.232     4.119    sb/io_war_31[18]
                         LUT6 (Prop_LUT6_I0_O)        0.190     4.309 r  sb/io_counters_warStall_2_x[63]_i_3/O
                         net (fo=1, unplaced)         0.230     4.539    sb/io_counters_warStall_2_x[63]_i_3_n_0
                         LUT6 (Prop_LUT6_I1_O)        0.176     4.715 r  sb/io_counters_warStall_2_x[63]_i_1/O
                         net (fo=69, unplaced)        0.293     5.008    sb/_sb_io_war_3
                         LUT3 (Prop_LUT3_I1_O)        0.071     5.079 r  sb/pending_i_5/O
                         net (fo=1, unplaced)         0.249     5.328    mac/legacy/io_blocked00_out
                         LUT6 (Prop_LUT6_I5_O)        0.040     5.368 f  mac/legacy/pending_i_4/O
                         net (fo=3, unplaced)         0.255     5.623    mac/dot/out/_legacy_io_write_valid
                         LUT3 (Prop_LUT3_I2_O)        0.040     5.663 f  mac/dot/out/cacheValid_6_i_18__0/O
                         net (fo=5, unplaced)         0.267     5.930    mac/dot/out/ram_ext/physicalValid_3_i_3
                         LUT6 (Prop_LUT6_I0_O)        0.040     5.970 r  mac/dot/out/ram_ext/physicalValid_2_i_7/O
                         net (fo=12, unplaced)        0.287     6.257    mem/piece_reg[5]_5
                         LUT5 (Prop_LUT5_I4_O)        0.040     6.297 f  mem/physicalValid_2_i_3/O
                         net (fo=588, unplaced)       0.377     6.674    mem/returnBuffer/ram_ext/piece_reg[5]_0
                         LUT5 (Prop_LUT5_I0_O)        0.132     6.806 r  mem/returnBuffer/ram_ext/sb_io_progress_1_valid_REG_i_1/O
                         net (fo=26, unplaced)        0.304     7.110    mem/returnBuffer/ram_ext/writeBound_reg
                         LUT5 (Prop_LUT5_I3_O)        0.040     7.150 r  mem/returnBuffer/ram_ext/Memory_reg_1_i_2/O
                         net (fo=3, unplaced)         0.255     7.405    mem/returnBuffer/ram_ext/returnBuffer_io_deq_ready
                         LUT4 (Prop_LUT4_I0_O)        0.040     7.445 r  mem/returnBuffer/ram_ext/deq_ptr_value[7]_i_1/O
                         net (fo=17, unplaced)        0.294     7.739    mem/returnBuffer/ram_ext/do_deq
                         LUT3 (Prop_LUT3_I1_O)        0.040     7.779 r  mem/returnBuffer/ram_ext/Memory_reg_0_i_2/O
                         net (fo=8, unplaced)         0.240     8.019    mem/returnBuffer/ram_ext/Memory_reg_0_i_2_n_0
                         RAMB36E2                                     r  mem/returnBuffer/ram_ext/Memory_reg_1/ADDRARDADDR[12]
  -------------------------------------------------------------------    -------------------

                         (clock rvv_clock rise edge)
                                                     10.000    10.000 r  
                         propagated clock network latency
                                                      0.000    10.000    
                         clock pessimism              0.000    10.000    
                         clock uncertainty           -0.035     9.965    
                         RAMB36E2 (Setup_RAMB36E2_CLKARDCLK_ADDRARDADDR[12])
                                                     -0.469     9.496    mem/returnBuffer/ram_ext/Memory_reg_1
  -------------------------------------------------------------------
                         required time                          9.496    
                         arrival time                          -8.019    
  -------------------------------------------------------------------
                         slack                                  1.477    




