Copyright 1986-2022 Xilinx, Inc. All Rights Reserved.
-------------------------------------------------------------------------------------------------------------------------
| Tool Version      : Vivado v.2022.2 (lin64) Build 3671981 Fri Oct 14 04:59:54 MDT 2022
| Date              : Wed Oct  7 19:09:33 2026
| Host              : chen-System-Product-Name running 64-bit Ubuntu 24.04.4 LTS
| Command           : report_timing_summary -file /home/chen/FUN/flow-r04-evidence/closure/s2/reports/timing-summary.rpt
| Design            : RvvCoprocessor
| Device            : xcku040-ffva1156
| Speed File        : -2  PRODUCTION 1.25 12-04-2018
| Temperature Grade : E
-------------------------------------------------------------------------------------------------------------------------

Timing Summary Report

------------------------------------------------------------------------------------------------
| Timer Settings
| --------------
------------------------------------------------------------------------------------------------

  Enable Multi Corner Analysis               :  Yes
  Enable Pessimism Removal                   :  Yes
  Pessimism Removal Resolution               :  Nearest Common Node
  Enable Input Delay Default Clock           :  No
  Enable Preset / Clear Arcs                 :  No
  Disable Flight Delays                      :  No
  Ignore I/O Paths                           :  No
  Timing Early Launch at Borrowing Latches   :  No
  Borrow Time for Max Delay Exceptions       :  Yes
  Merge Timing Exceptions                    :  Yes

  Corner  Analyze    Analyze    
  Name    Max Paths  Min Paths  
  ------  ---------  ---------  
  Slow    Yes        Yes        
  Fast    Yes        Yes        


------------------------------------------------------------------------------------------------
| Report Methodology
| ------------------
------------------------------------------------------------------------------------------------

No report available as report_methodology has not been run prior. Run report_methodology on the current design for the summary of methodology violations.



check_timing report

Table of Contents
-----------------
1. checking no_clock (0)
2. checking constant_clock (0)
3. checking pulse_width_clock (0)
4. checking unconstrained_internal_endpoints (0)
5. checking no_input_delay (689)
6. checking no_output_delay (2418)
7. checking multiple_clock (0)
8. checking generated_clocks (0)
9. checking loops (0)
10. checking partial_input_delay (0)
11. checking partial_output_delay (0)
12. checking latch_loops (0)

1. checking no_clock (0)
------------------------
 There are 0 register/latch pins with no clock.


2. checking constant_clock (0)
------------------------------
 There are 0 register/latch pins with constant_clock.


3. checking pulse_width_clock (0)
---------------------------------
 There are 0 register/latch pins which need pulse_width check


4. checking unconstrained_internal_endpoints (0)
------------------------------------------------
 There are 0 pins that are not constrained for maximum delay.

 There are 0 pins that are not constrained for maximum delay due to constant clock.


5. checking no_input_delay (689)
--------------------------------
 There are 689 input ports with no input delay specified. (HIGH)

 There are 0 input ports with no input delay but user has a false path constraint.


6. checking no_output_delay (2418)
----------------------------------
 There are 2418 ports with no output delay specified. (HIGH)

 There are 0 ports with no output delay but user has a false path constraint

 There are 0 ports with no output delay but with a timing clock defined on it or propagating through it


7. checking multiple_clock (0)
------------------------------
 There are 0 register/latch pins with multiple clocks.


8. checking generated_clocks (0)
--------------------------------
 There are 0 generated clocks that are not connected to a clock source.


9. checking loops (0)
---------------------
 There are 0 combinational loops in the design.


10. checking partial_input_delay (0)
------------------------------------
 There are 0 input ports with partial input delay specified.


11. checking partial_output_delay (0)
-------------------------------------
 There are 0 ports with partial output delay specified.


12. checking latch_loops (0)
----------------------------
 There are 0 combinational latch loops in the design through latch input



------------------------------------------------------------------------------------------------
| Design Timing Summary
| ---------------------
------------------------------------------------------------------------------------------------

    WNS(ns)      TNS(ns)  TNS Failing Endpoints  TNS Total Endpoints      WHS(ns)      THS(ns)  THS Failing Endpoints  THS Total Endpoints     WPWS(ns)     TPWS(ns)  TPWS Failing Endpoints  TPWS Total Endpoints  
    -------      -------  ---------------------  -------------------      -------      -------  ---------------------  -------------------     --------     --------  ----------------------  --------------------  
     -0.447      -33.363                    224               112898        0.047        0.000                      0               112898        4.020        0.000                       0                 31748  


Timing constraints are not met.


------------------------------------------------------------------------------------------------
| Clock Summary
| -------------
------------------------------------------------------------------------------------------------

Clock      Waveform(ns)       Period(ns)      Frequency(MHz)
-----      ------------       ----------      --------------
rvv_clock  {0.000 5.000}      10.000          100.000         


------------------------------------------------------------------------------------------------
| Intra Clock Table
| -----------------
------------------------------------------------------------------------------------------------

Clock             WNS(ns)      TNS(ns)  TNS Failing Endpoints  TNS Total Endpoints      WHS(ns)      THS(ns)  THS Failing Endpoints  THS Total Endpoints     WPWS(ns)     TPWS(ns)  TPWS Failing Endpoints  TPWS Total Endpoints  
-----             -------      -------  ---------------------  -------------------      -------      -------  ---------------------  -------------------     --------     --------  ----------------------  --------------------  
rvv_clock          -0.447      -33.363                    224               112898        0.047        0.000                      0               112898        4.020        0.000                       0                 31748  


------------------------------------------------------------------------------------------------
| Inter Clock Table
| -----------------
------------------------------------------------------------------------------------------------

From Clock    To Clock          WNS(ns)      TNS(ns)  TNS Failing Endpoints  TNS Total Endpoints      WHS(ns)      THS(ns)  THS Failing Endpoints  THS Total Endpoints  
----------    --------          -------      -------  ---------------------  -------------------      -------      -------  ---------------------  -------------------  


------------------------------------------------------------------------------------------------
| Other Path Groups Table
| -----------------------
------------------------------------------------------------------------------------------------

Path Group    From Clock    To Clock          WNS(ns)      TNS(ns)  TNS Failing Endpoints  TNS Total Endpoints      WHS(ns)      THS(ns)  THS Failing Endpoints  THS Total Endpoints  
----------    ----------    --------          -------      -------  ---------------------  -------------------      -------      -------  ---------------------  -------------------  


------------------------------------------------------------------------------------------------
| Timing Details
| --------------
------------------------------------------------------------------------------------------------


---------------------------------------------------------------------------------------------------
From Clock:  rvv_clock
  To Clock:  rvv_clock

Setup :          224  Failing Endpoints,  Worst Slack       -0.447ns,  Total Violation      -33.363ns
Hold  :            0  Failing Endpoints,  Worst Slack        0.047ns,  Total Violation        0.000ns
PW    :            0  Failing Endpoints,  Worst Slack        4.020ns,  Total Violation        0.000ns
---------------------------------------------------------------------------------------------------


Max Delay Paths
--------------------------------------------------------------------------------------
Slack (VIOLATED) :        -0.447ns  (required time - arrival time)
  Source:                 alu/alu/d_slot_reg[3]/C
                            (rising edge-triggered cell FDRE clocked by rvv_clock  {rise@0.000ns fall@5.000ns period=10.000ns})
  Destination:            vrf/banks_2_1/memory_reg_2/ENARDEN
                            (rising edge-triggered cell RAMB36E2 clocked by rvv_clock  {rise@0.000ns fall@5.000ns period=10.000ns})
  Path Group:             rvv_clock
  Path Type:              Setup (Max at Slow Process Corner)
  Requirement:            10.000ns  (rvv_clock rise@10.000ns - rvv_clock rise@0.000ns)
  Data Path Delay:        9.950ns  (logic 1.821ns (18.302%)  route 8.129ns (81.698%))
  Logic Levels:           16  (LUT2=1 LUT3=3 LUT4=1 LUT5=3 LUT6=6 MUXF7=1 MUXF8=1)
  Clock Uncertainty:      0.035ns  ((TSJ^2 + TIJ^2)^1/2 + DJ) / 2 + PE
    Total System Jitter     (TSJ):    0.071ns
    Total Input Jitter      (TIJ):    0.000ns
    Discrete Jitter          (DJ):    0.000ns
    Phase Error              (PE):    0.000ns

    Location             Delay type                Incr(ns)  Path(ns)    Netlist Resource(s)
  -------------------------------------------------------------------    -------------------
                         (clock rvv_clock rise edge)
                                                      0.000     0.000 r  
                                                      0.000     0.000 r  clock (IN)
                         net (fo=32547, unset)        0.000     0.000    alu/alu/clock
    SLICE_X31Y129        FDRE                                         r  alu/alu/d_slot_reg[3]/C
  -------------------------------------------------------------------    -------------------
    SLICE_X31Y129        FDRE (Prop_HFF2_SLICEL_C_Q)
                                                      0.117     0.117 r  alu/alu/d_slot_reg[3]/Q
                         net (fo=10, routed)          0.817     0.934    sb/io_counters_rawStall_1_x[63]_i_473_0[3]
    SLICE_X36Y135        MUXF8 (Prop_F8MUX_BOT_SLICEM_S_O)
                                                      0.116     1.050 f  sb/io_counters_rawStall_1_x_reg[63]_i_491/O
                         net (fo=16, routed)          0.361     1.411    sb/_GEN[2]
    SLICE_X34Y136        LUT6 (Prop_G6LUT_SLICEL_I0_O)
                                                      0.132     1.543 r  sb/io_counters_rawStall_1_x[63]_i_481/O
                         net (fo=1, routed)           0.253     1.796    sb/io_counters_rawStall_1_x[63]_i_481_n_0
    SLICE_X33Y136        LUT5 (Prop_C6LUT_SLICEL_I2_O)
                                                      0.115     1.911 r  sb/io_counters_rawStall_1_x[63]_i_455/O
                         net (fo=1, routed)           0.388     2.299    sb/io_counters_rawStall_1_x[63]_i_455_n_0
    SLICE_X27Y135        LUT3 (Prop_A6LUT_SLICEL_I2_O)
                                                      0.071     2.370 r  sb/io_counters_rawStall_1_x[63]_i_436/O
                         net (fo=1, routed)           0.326     2.696    sb/io_counters_rawStall_1_x[63]_i_436_n_0
    SLICE_X23Y135        LUT6 (Prop_D6LUT_SLICEM_I5_O)
                                                      0.177     2.873 f  sb/io_counters_rawStall_1_x[63]_i_416/O
                         net (fo=65, routed)          0.724     3.597    sb/p_335_in
    SLICE_X15Y141        LUT2 (Prop_A6LUT_SLICEM_I0_O)
                                                      0.071     3.668 f  sb/selectedBank_r[1]_i_346/O
                         net (fo=32, routed)          0.707     4.375    sb/io_internalWriteRows_211
    SLICE_X9Y149         LUT6 (Prop_H6LUT_SLICEL_I2_O)
                                                      0.132     4.507 f  sb/selectedBank_r[1]_i_258/O
                         net (fo=1, routed)           0.416     4.923    sb/selectedBank_r[1]_i_258_n_0
    SLICE_X6Y150         LUT4 (Prop_B6LUT_SLICEL_I0_O)
                                                      0.173     5.096 f  sb/selectedBank_r[1]_i_104/O
                         net (fo=1, routed)           0.267     5.363    sb/selectedBank_r[1]_i_104_n_0
    SLICE_X5Y152         LUT5 (Prop_E6LUT_SLICEM_I4_O)
                                                      0.117     5.480 f  sb/selectedBank_r[1]_i_28/O
                         net (fo=3, routed)           0.420     5.900    sb/_sb_io_internalWriteRows_2[20]
    SLICE_X4Y157         LUT6 (Prop_D6LUT_SLICEM_I3_O)
                                                      0.177     6.077 f  sb/selectedBank_r_1[1]_i_58/O
                         net (fo=1, routed)           0.223     6.300    sb/selectedBank_r_1[1]_i_58_n_0
    SLICE_X6Y157         LUT6 (Prop_H6LUT_SLICEL_I3_O)
                                                      0.132     6.432 f  sb/selectedBank_r_1[1]_i_21/O
                         net (fo=1, routed)           0.000     6.432    sb/selectedBank_r_1[1]_i_21_n_0
    SLICE_X6Y157         MUXF7 (Prop_F7MUX_GH_SLICEL_I0_O)
                                                      0.066     6.498 f  sb/selectedBank_r_1_reg[1]_i_11/O
                         net (fo=1, routed)           0.989     7.487    alu/alu/p_0_in1153_in
    SLICE_X23Y135        LUT6 (Prop_H6LUT_SLICEM_I1_O)
                                                      0.043     7.530 r  alu/alu/selectedBank_r_1[1]_i_6/O
                         net (fo=1, routed)           0.404     7.934    alu/alu/_alu_io_readEnables[1]
    SLICE_X22Y145        LUT3 (Prop_A6LUT_SLICEL_I1_O)
                                                      0.071     8.005 r  alu/alu/selectedBank_r_1[1]_i_3/O
                         net (fo=1, routed)           0.263     8.268    alu/alu/selectedBank_r_1[1]_i_3_n_0
    SLICE_X22Y151        LUT5 (Prop_A6LUT_SLICEL_I1_O)
                                                      0.071     8.339 r  alu/alu/selectedBank_r_1[1]_i_1/O
                         net (fo=6, routed)           0.318     8.657    mac/dot/memory_reg_0_1
    SLICE_X23Y150        LUT3 (Prop_A6LUT_SLICEM_I2_O)
                                                      0.040     8.697 r  mac/dot/memory_reg_0_i_1__7/O
                         net (fo=8, routed)           1.253     9.950    vrf/banks_2_1/readEnable033_out
    RAMB36_X5Y27         RAMB36E2                                     r  vrf/banks_2_1/memory_reg_2/ENARDEN
  -------------------------------------------------------------------    -------------------

                         (clock rvv_clock rise edge)
                                                     10.000    10.000 r  
                                                      0.000    10.000 r  clock (IN)
                         net (fo=32547, unset)        0.000    10.000    vrf/banks_2_1/clock
    RAMB36_X5Y27         RAMB36E2                                     r  vrf/banks_2_1/memory_reg_2/CLKARDCLK
                         clock pessimism              0.000    10.000    
                         clock uncertainty           -0.035     9.965    
    RAMB36_X5Y27         RAMB36E2 (Setup_RAMB36E2_RAMB36_CLKARDCLK_ENARDEN)
                                                     -0.462     9.503    vrf/banks_2_1/memory_reg_2
  -------------------------------------------------------------------
                         required time                          9.503    
                         arrival time                          -9.950    
  -------------------------------------------------------------------
                         slack                                 -0.447    





Min Delay Paths
--------------------------------------------------------------------------------------
Slack (MET) :             0.047ns  (arrival time - required time)
  Source:                 alu/alu/d_issue_rs1_reg[58]/C
                            (rising edge-triggered cell FDRE clocked by rvv_clock  {rise@0.000ns fall@5.000ns period=10.000ns})
  Destination:            alu/alu/tokens_2_desc_issue_rs1_reg[58]_srl2/D
                            (rising edge-triggered cell SRL16E clocked by rvv_clock  {rise@0.000ns fall@5.000ns period=10.000ns})
  Path Group:             rvv_clock
  Path Type:              Hold (Min at Fast Process Corner)
  Requirement:            0.000ns  (rvv_clock rise@0.000ns - rvv_clock rise@0.000ns)
  Data Path Delay:        0.170ns  (logic 0.049ns (28.824%)  route 0.121ns (71.176%))
  Logic Levels:           0  

    Location             Delay type                Incr(ns)  Path(ns)    Netlist Resource(s)
  -------------------------------------------------------------------    -------------------
                         (clock rvv_clock rise edge)
                                                      0.000     0.000 r  
                                                      0.000     0.000 r  clock (IN)
                         net (fo=32547, unset)        0.000     0.000    alu/alu/clock
    SLICE_X21Y82         FDRE                                         r  alu/alu/d_issue_rs1_reg[58]/C
  -------------------------------------------------------------------    -------------------
    SLICE_X21Y82         FDRE (Prop_FFF_SLICEL_C_Q)
                                                      0.049     0.049 r  alu/alu/d_issue_rs1_reg[58]/Q
                         net (fo=1, routed)           0.121     0.170    alu/alu/d_issue_rs1[58]
    SLICE_X20Y82         SRL16E                                       r  alu/alu/tokens_2_desc_issue_rs1_reg[58]_srl2/D
  -------------------------------------------------------------------    -------------------

                         (clock rvv_clock rise edge)
                                                      0.000     0.000 r  
                                                      0.000     0.000 r  clock (IN)
                         net (fo=32547, unset)        0.000     0.000    alu/alu/clock
    SLICE_X20Y82         SRL16E                                       r  alu/alu/tokens_2_desc_issue_rs1_reg[58]_srl2/CLK
                         clock pessimism              0.000     0.000    
    SLICE_X20Y82         SRL16E (Hold_C5LUT_SLICEM_CLK_D)
                                                      0.123     0.123    alu/alu/tokens_2_desc_issue_rs1_reg[58]_srl2
  -------------------------------------------------------------------
                         required time                         -0.123    
                         arrival time                           0.170    
  -------------------------------------------------------------------
                         slack                                  0.047    





Pulse Width Checks
--------------------------------------------------------------------------------------
Clock Name:         rvv_clock
Waveform(ns):       { 0.000 5.000 }
Period(ns):         10.000
Sources:            { clock }

Check Type        Corner  Lib Pin             Reference Pin  Required(ns)  Actual(ns)  Slack(ns)  Location      Pin
Min Period        n/a     RAMB36E2/CLKARDCLK  n/a            1.961         10.000      8.039      RAMB36_X1Y17  mem/returnBuffer/ram_ext/Memory_reg_0/CLKARDCLK
Low Pulse Width   Slow    RAMB36E2/CLKARDCLK  n/a            0.980         5.000       4.020      RAMB36_X1Y17  mem/returnBuffer/ram_ext/Memory_reg_0/CLKARDCLK
High Pulse Width  Slow    RAMB36E2/CLKARDCLK  n/a            0.980         5.000       4.020      RAMB36_X1Y17  mem/returnBuffer/ram_ext/Memory_reg_0/CLKARDCLK



