Copyright 1986-2022 Xilinx, Inc. All Rights Reserved.
-----------------------------------------------------------------------------------------------------------------------------------------
| Tool Version : Vivado v.2022.2 (lin64) Build 3671981 Fri Oct 14 04:59:54 MDT 2022
| Date         : Wed Oct  7 19:09:25 2026
| Host         : chen-System-Product-Name running 64-bit Ubuntu 24.04.4 LTS
| Command      : report_utilization -hierarchical -file /home/chen/FUN/flow-r04-evidence/closure/s2/reports/utilization-hierarchical.rpt
| Design       : RvvCoprocessor
| Device       : xcku040-ffva1156-2-e
| Speed File   : -2
| Design State : Routed
-----------------------------------------------------------------------------------------------------------------------------------------

Utilization Design Information

Table of Contents
-----------------
1. Utilization by Hierarchy

1. Utilization by Hierarchy
---------------------------

+----------------------+---------------------------+------------+------------+---------+------+-------+--------+--------+------+------------+
|       Instance       |           Module          | Total LUTs | Logic LUTs | LUTRAMs | SRLs |  FFs  | RAMB36 | RAMB18 | URAM | DSP Blocks |
+----------------------+---------------------------+------------+------------+---------+------+-------+--------+--------+------+------------+
| RvvCoprocessor       |                     (top) |      57983 |      54217 |    3609 |  157 | 23957 |    199 |      1 |    0 |        154 |
|   (RvvCoprocessor)   |                     (top) |       2283 |       2283 |       0 |    0 |  1327 |      0 |      0 |    0 |          0 |
|   alu                |       RvvIntegerSequencer |      11577 |       9084 |    2392 |  101 |  2801 |      0 |      0 |    0 |          0 |
|     alu              |            RvvAluPipeline |      11577 |       9084 |    2392 |  101 |  2801 |      0 |      0 |    0 |          0 |
|       (alu)          |            RvvAluPipeline |       1720 |       1619 |       0 |  101 |  2794 |      0 |      0 |    0 |          0 |
|       cacheData_ext  |          cacheData_32x512 |       9406 |       7358 |    2048 |    0 |     0 |      0 |      0 |    0 |          0 |
|       out            |             Queue8_Result |        453 |        109 |     344 |    0 |     7 |      0 |      0 |    0 |          0 |
|         (out)        |             Queue8_Result |         16 |         16 |       0 |    0 |     7 |      0 |      0 |    0 |          0 |
|         ram_ext      |                 ram_8x600 |        437 |         93 |     344 |    0 |     0 |      0 |      0 |    0 |          0 |
|   cross_0            |     RvvCrossLaneSequencer |         62 |         62 |       0 |    0 |    93 |      0 |      0 |    0 |          0 |
|   front              |               RvvFrontend |       5833 |       5589 |     244 |    0 |  4170 |      0 |      0 |    0 |          0 |
|     (front)          |               RvvFrontend |       4195 |       4195 |       0 |    0 |  4138 |      0 |      0 |    0 |          0 |
|     requests         |            RvvLutramQueue |       1185 |       1069 |     116 |    0 |    16 |      0 |      0 |    0 |          0 |
|       (requests)     |            RvvLutramQueue |         22 |         22 |       0 |    0 |    16 |      0 |      0 |    0 |          0 |
|       ram            |      RvvDistributedRam_29 |       1164 |       1048 |     116 |    0 |     0 |      0 |      0 |    0 |          0 |
|     viq              |         RvvLutramQueue_28 |        454 |        326 |     128 |    0 |    16 |      0 |      0 |    0 |          0 |
|       (viq)          |         RvvLutramQueue_28 |         12 |         12 |       0 |    0 |    16 |      0 |      0 |    0 |          0 |
|       ram            |         RvvDistributedRam |        442 |        314 |     128 |    0 |     0 |      0 |      0 |    0 |          0 |
|   mac                |     RvvIntegerSequencer_1 |      14342 |      13679 |     607 |   56 |  8553 |      0 |      0 |    0 |        154 |
|     dot              |            RvvDotPipeline |       5217 |       4554 |     607 |   56 |  2677 |      0 |      0 |    0 |         64 |
|       (dot)          |            RvvDotPipeline |       2769 |       2713 |       0 |   56 |  2660 |      0 |      0 |    0 |         64 |
|       cacheData_ext  |        cacheData_32x512_0 |       1458 |       1195 |     263 |    0 |     0 |      0 |      0 |    0 |          0 |
|       out            |            Queue16_Result |        991 |        647 |     344 |    0 |    17 |      0 |      0 |    0 |          0 |
|         (out)        |            Queue16_Result |         20 |         20 |       0 |    0 |    17 |      0 |      0 |    0 |          0 |
|         ram_ext      |                ram_16x600 |        971 |        627 |     344 |    0 |     0 |      0 |      0 |    0 |          0 |
|     legacy           | RvvLegacyIntegerSequencer |       9127 |       9127 |       0 |    0 |  5876 |      0 |      0 |    0 |         90 |
|   mem                |              RvvLoadStore |       8728 |       8596 |     132 |    0 |  2366 |      7 |      1 |    0 |          0 |
|     (mem)            |              RvvLoadStore |       5960 |       5960 |       0 |    0 |  2323 |      0 |      0 |    0 |          0 |
|     bSlots           |             Queue16_UInt4 |        182 |        178 |       4 |    0 |     9 |      0 |      0 |    0 |          0 |
|       (bSlots)       |             Queue16_UInt4 |         52 |         52 |       0 |    0 |     9 |      0 |      0 |    0 |          0 |
|       ram_ext        |                  ram_16x4 |        130 |        126 |       4 |    0 |     0 |      0 |      0 |    0 |          0 |
|     bursts           |            Queue256_Burst |        859 |        731 |     128 |    0 |    17 |      0 |      0 |    0 |          0 |
|       (bursts)       |            Queue256_Burst |        234 |        234 |       0 |    0 |    17 |      0 |      0 |    0 |          0 |
|       ram_ext        |                ram_256x26 |        626 |        498 |     128 |    0 |     0 |      0 |      0 |    0 |          0 |
|     returnBuffer     |       Queue256_ReturnBeat |       1756 |       1756 |       0 |    0 |    17 |      7 |      1 |    0 |          0 |
|       (returnBuffer) |       Queue256_ReturnBeat |         36 |         36 |       0 |    0 |    17 |      0 |      0 |    0 |          0 |
|       ram_ext        |               ram_256x529 |       1720 |       1720 |       0 |    0 |     0 |      7 |      1 |    0 |          0 |
|   queues_0           |      Queue4_RvvDescriptor |        127 |        119 |       8 |    0 |     5 |      0 |      0 |    0 |          0 |
|     (queues_0)       |      Queue4_RvvDescriptor |          5 |          5 |       0 |    0 |     5 |      0 |      0 |    0 |          0 |
|     ram_ext          |                  ram_4x12 |        122 |        114 |       8 |    0 |     0 |      0 |      0 |    0 |          0 |
|   queues_1           |      Queue2_RvvDescriptor |        109 |          5 |     104 |    0 |     3 |      0 |      0 |    0 |          0 |
|     (queues_1)       |      Queue2_RvvDescriptor |          4 |          4 |       0 |    0 |     3 |      0 |      0 |    0 |          0 |
|     ram_ext          |              ram_2x308_27 |        105 |          1 |     104 |    0 |     0 |      0 |      0 |    0 |          0 |
|   queues_2           |    Queue2_RvvDescriptor_0 |        100 |         12 |      88 |    0 |     3 |      0 |      0 |    0 |          0 |
|     (queues_2)       |    Queue2_RvvDescriptor_0 |          4 |          4 |       0 |    0 |     3 |      0 |      0 |    0 |          0 |
|     ram_ext          |              ram_2x308_26 |         96 |          8 |      88 |    0 |     0 |      0 |      0 |    0 |          0 |
|   queues_3           |    Queue2_RvvDescriptor_1 |          3 |          3 |       0 |    0 |     2 |      0 |      0 |    0 |          0 |
|   queues_4           |    Queue2_RvvDescriptor_2 |         40 |          6 |      34 |    0 |     3 |      0 |      0 |    0 |          0 |
|     (queues_4)       |    Queue2_RvvDescriptor_2 |          5 |          5 |       0 |    0 |     3 |      0 |      0 |    0 |          0 |
|     ram_ext          |                 ram_2x308 |         35 |          1 |      34 |    0 |     0 |      0 |      0 |    0 |          0 |
|   sb                 |             RvvScoreboard |       6447 |       6447 |       0 |    0 |  1712 |      0 |      0 |    0 |          0 |
|   vrf                |           RvvRegisterFile |       9220 |       9220 |       0 |    0 |  2919 |    192 |      0 |    0 |          0 |
|     (vrf)            |           RvvRegisterFile |       5990 |       5990 |       0 |    0 |  2919 |      0 |      0 |    0 |          0 |
|     banks_0_0        |                RvvVrfBank |          6 |          6 |       0 |    0 |     0 |      8 |      0 |    0 |          0 |
|     banks_0_1        |              RvvVrfBank_3 |          7 |          7 |       0 |    0 |     0 |      8 |      0 |    0 |          0 |
|     banks_0_2        |              RvvVrfBank_4 |          6 |          6 |       0 |    0 |     0 |      8 |      0 |    0 |          0 |
|     banks_0_3        |              RvvVrfBank_5 |          6 |          6 |       0 |    0 |     0 |      8 |      0 |    0 |          0 |
|     banks_0_4        |              RvvVrfBank_6 |          5 |          5 |       0 |    0 |     0 |      8 |      0 |    0 |          0 |
|     banks_0_5        |              RvvVrfBank_7 |          6 |          6 |       0 |    0 |     0 |      8 |      0 |    0 |          0 |
|     banks_1_0        |              RvvVrfBank_8 |          7 |          7 |       0 |    0 |     0 |      8 |      0 |    0 |          0 |
|     banks_1_1        |              RvvVrfBank_9 |          5 |          5 |       0 |    0 |     0 |      8 |      0 |    0 |          0 |
|     banks_1_2        |             RvvVrfBank_10 |          4 |          4 |       0 |    0 |     0 |      8 |      0 |    0 |          0 |
|     banks_1_3        |             RvvVrfBank_11 |          6 |          6 |       0 |    0 |     0 |      8 |      0 |    0 |          0 |
|     banks_1_4        |             RvvVrfBank_12 |          5 |          5 |       0 |    0 |     0 |      8 |      0 |    0 |          0 |
|     banks_1_5        |             RvvVrfBank_13 |          6 |          6 |       0 |    0 |     0 |      8 |      0 |    0 |          0 |
|     banks_2_0        |             RvvVrfBank_14 |          6 |          6 |       0 |    0 |     0 |      8 |      0 |    0 |          0 |
|     banks_2_1        |             RvvVrfBank_15 |          6 |          6 |       0 |    0 |     0 |      8 |      0 |    0 |          0 |
|     banks_2_2        |             RvvVrfBank_16 |          6 |          6 |       0 |    0 |     0 |      8 |      0 |    0 |          0 |
|     banks_2_3        |             RvvVrfBank_17 |          6 |          6 |       0 |    0 |     0 |      8 |      0 |    0 |          0 |
|     banks_2_4        |             RvvVrfBank_18 |          5 |          5 |       0 |    0 |     0 |      8 |      0 |    0 |          0 |
|     banks_2_5        |             RvvVrfBank_19 |          5 |          5 |       0 |    0 |     0 |      8 |      0 |    0 |          0 |
|     banks_3_0        |             RvvVrfBank_20 |          6 |          6 |       0 |    0 |     0 |      8 |      0 |    0 |          0 |
|     banks_3_1        |             RvvVrfBank_21 |          6 |          6 |       0 |    0 |     0 |      8 |      0 |    0 |          0 |
|     banks_3_2        |             RvvVrfBank_22 |          4 |          4 |       0 |    0 |     0 |      8 |      0 |    0 |          0 |
|     banks_3_3        |             RvvVrfBank_23 |        518 |        518 |       0 |    0 |     0 |      8 |      0 |    0 |          0 |
|     banks_3_4        |             RvvVrfBank_24 |       2053 |       2053 |       0 |    0 |     0 |      8 |      0 |    0 |          0 |
|     banks_3_5        |             RvvVrfBank_25 |        565 |        565 |       0 |    0 |     0 |      8 |      0 |    0 |          0 |
+----------------------+---------------------------+------------+------------+---------+------+-------+--------+--------+------+------------+
* Note: The sum of lower-level cells may be larger than their parent cells total, due to cross-hierarchy LUT combining


