Copyright 1986-2022 Xilinx, Inc. All Rights Reserved.
----------------------------------------------------------------------------------------------------------------------------
| Tool Version      : Vivado v.2022.2 (lin64) Build 3671981 Fri Oct 14 04:59:54 MDT 2022
| Date              : Wed Oct  7 14:55:16 2026
| Host              : chen-System-Product-Name running 64-bit Ubuntu 24.04.4 LTS
| Command           : report_timing_summary -file /home/chen/FUN/flow-r02-evidence/vrf-inline-s1/reports/timing-summary.rpt
| Design            : RvvCoprocessor
| Device            : xcku040-ffva1156
| Speed File        : -2  PRODUCTION 1.25 12-04-2018
| Temperature Grade : E
----------------------------------------------------------------------------------------------------------------------------

Timing Summary Report

------------------------------------------------------------------------------------------------
| Timer Settings
| --------------
------------------------------------------------------------------------------------------------

  Enable Multi Corner Analysis               :  Yes
  Enable Pessimism Removal                   :  Yes
  Pessimism Removal Resolution               :  Nearest Common Node
  Enable Input Delay Default Clock           :  No
  Enable Preset / Clear Arcs                 :  No
  Disable Flight Delays                      :  No
  Ignore I/O Paths                           :  No
  Timing Early Launch at Borrowing Latches   :  No
  Borrow Time for Max Delay Exceptions       :  Yes
  Merge Timing Exceptions                    :  Yes

  Corner  Analyze    Analyze    
  Name    Max Paths  Min Paths  
  ------  ---------  ---------  
  Slow    Yes        Yes        
  Fast    Yes        Yes        


------------------------------------------------------------------------------------------------
| Report Methodology
| ------------------
------------------------------------------------------------------------------------------------

No report available as report_methodology has not been run prior. Run report_methodology on the current design for the summary of methodology violations.



check_timing report

Table of Contents
-----------------
1. checking no_clock (0)
2. checking constant_clock (0)
3. checking pulse_width_clock (0)
4. checking unconstrained_internal_endpoints (0)
5. checking no_input_delay (741)
6. checking no_output_delay (2606)
7. checking multiple_clock (0)
8. checking generated_clocks (0)
9. checking loops (0)
10. checking partial_input_delay (0)
11. checking partial_output_delay (0)
12. checking latch_loops (0)

1. checking no_clock (0)
------------------------
 There are 0 register/latch pins with no clock.


2. checking constant_clock (0)
------------------------------
 There are 0 register/latch pins with constant_clock.


3. checking pulse_width_clock (0)
---------------------------------
 There are 0 register/latch pins which need pulse_width check


4. checking unconstrained_internal_endpoints (0)
------------------------------------------------
 There are 0 pins that are not constrained for maximum delay.

 There are 0 pins that are not constrained for maximum delay due to constant clock.


5. checking no_input_delay (741)
--------------------------------
 There are 741 input ports with no input delay specified. (HIGH)

 There are 0 input ports with no input delay but user has a false path constraint.


6. checking no_output_delay (2606)
----------------------------------
 There are 2606 ports with no output delay specified. (HIGH)

 There are 0 ports with no output delay but user has a false path constraint

 There are 0 ports with no output delay but with a timing clock defined on it or propagating through it


7. checking multiple_clock (0)
------------------------------
 There are 0 register/latch pins with multiple clocks.


8. checking generated_clocks (0)
--------------------------------
 There are 0 generated clocks that are not connected to a clock source.


9. checking loops (0)
---------------------
 There are 0 combinational loops in the design.


10. checking partial_input_delay (0)
------------------------------------
 There are 0 input ports with partial input delay specified.


11. checking partial_output_delay (0)
-------------------------------------
 There are 0 ports with partial output delay specified.


12. checking latch_loops (0)
----------------------------
 There are 0 combinational latch loops in the design through latch input



------------------------------------------------------------------------------------------------
| Design Timing Summary
| ---------------------
------------------------------------------------------------------------------------------------

    WNS(ns)      TNS(ns)  TNS Failing Endpoints  TNS Total Endpoints      WHS(ns)      THS(ns)  THS Failing Endpoints  THS Total Endpoints     WPWS(ns)     TPWS(ns)  TPWS Failing Endpoints  TPWS Total Endpoints  
    -------      -------  ---------------------  -------------------      -------      -------  ---------------------  -------------------     --------     --------  ----------------------  --------------------  
     -2.117   -49117.223                  59097               250206        0.078        0.000                      0               250206        4.020        0.000                       0                 81805  


Timing constraints are not met.


------------------------------------------------------------------------------------------------
| Clock Summary
| -------------
------------------------------------------------------------------------------------------------

Clock      Waveform(ns)       Period(ns)      Frequency(MHz)
-----      ------------       ----------      --------------
rvv_clock  {0.000 5.000}      10.000          100.000         


------------------------------------------------------------------------------------------------
| Intra Clock Table
| -----------------
------------------------------------------------------------------------------------------------

Clock             WNS(ns)      TNS(ns)  TNS Failing Endpoints  TNS Total Endpoints      WHS(ns)      THS(ns)  THS Failing Endpoints  THS Total Endpoints     WPWS(ns)     TPWS(ns)  TPWS Failing Endpoints  TPWS Total Endpoints  
-----             -------      -------  ---------------------  -------------------      -------      -------  ---------------------  -------------------     --------     --------  ----------------------  --------------------  
rvv_clock          -2.117   -49117.223                  59097               250206        0.078        0.000                      0               250206        4.020        0.000                       0                 81805  


------------------------------------------------------------------------------------------------
| Inter Clock Table
| -----------------
------------------------------------------------------------------------------------------------

From Clock    To Clock          WNS(ns)      TNS(ns)  TNS Failing Endpoints  TNS Total Endpoints      WHS(ns)      THS(ns)  THS Failing Endpoints  THS Total Endpoints  
----------    --------          -------      -------  ---------------------  -------------------      -------      -------  ---------------------  -------------------  


------------------------------------------------------------------------------------------------
| Other Path Groups Table
| -----------------------
------------------------------------------------------------------------------------------------

Path Group    From Clock    To Clock          WNS(ns)      TNS(ns)  TNS Failing Endpoints  TNS Total Endpoints      WHS(ns)      THS(ns)  THS Failing Endpoints  THS Total Endpoints  
----------    ----------    --------          -------      -------  ---------------------  -------------------      -------      -------  ---------------------  -------------------  


------------------------------------------------------------------------------------------------
| Timing Details
| --------------
------------------------------------------------------------------------------------------------


---------------------------------------------------------------------------------------------------
From Clock:  rvv_clock
  To Clock:  rvv_clock

Setup :        59097  Failing Endpoints,  Worst Slack       -2.117ns,  Total Violation   -49117.221ns
Hold  :            0  Failing Endpoints,  Worst Slack        0.078ns,  Total Violation        0.000ns
PW    :            0  Failing Endpoints,  Worst Slack        4.020ns,  Total Violation        0.000ns
---------------------------------------------------------------------------------------------------


Max Delay Paths
--------------------------------------------------------------------------------------
Slack (VIOLATED) :        -2.117ns  (required time - arrival time)
  Source:                 mem/returnBuffer/ram_ext/Memory_reg_0/CLKARDCLK
                            (rising edge-triggered cell RAMB36E2 clocked by rvv_clock  {rise@0.000ns fall@5.000ns period=10.000ns})
  Destination:            sb/writes_0_reg[0]/D
                            (rising edge-triggered cell FDRE clocked by rvv_clock  {rise@0.000ns fall@5.000ns period=10.000ns})
  Path Group:             rvv_clock
  Path Type:              Setup (Max at Slow Process Corner)
  Requirement:            10.000ns  (rvv_clock rise@10.000ns - rvv_clock rise@0.000ns)
  Data Path Delay:        12.141ns  (logic 3.818ns (31.447%)  route 8.323ns (68.553%))
  Logic Levels:           36  (CARRY8=4 LUT2=5 LUT3=1 LUT4=4 LUT5=6 LUT6=10 MUXF7=4 MUXF8=2)
  Clock Uncertainty:      0.035ns  ((TSJ^2 + TIJ^2)^1/2 + DJ) / 2 + PE
    Total System Jitter     (TSJ):    0.071ns
    Total Input Jitter      (TIJ):    0.000ns
    Discrete Jitter          (DJ):    0.000ns
    Phase Error              (PE):    0.000ns

    Location             Delay type                Incr(ns)  Path(ns)    Netlist Resource(s)
  -------------------------------------------------------------------    -------------------
                         (clock rvv_clock rise edge)
                                                      0.000     0.000 r  
                                                      0.000     0.000 r  clock (IN)
                         net (fo=81804, unset)        0.000     0.000    mem/returnBuffer/ram_ext/clock
                         RAMB36E2                                     r  mem/returnBuffer/ram_ext/Memory_reg_0/CLKARDCLK
  -------------------------------------------------------------------    -------------------
                         RAMB36E2 (Prop_RAMB36E2_CLKARDCLK_DOUTADOUT[13])
                                                      1.216     1.216 r  mem/returnBuffer/ram_ext/Memory_reg_0/DOUTADOUT[13]
                         net (fo=690, unplaced)       0.531     1.747    mem/returnBuffer/ram_ext/_returnBuffer_io_deq_bits_slot[0]
                         LUT6 (Prop_LUT6_I4_O)        0.074     1.821 r  mem/returnBuffer/ram_ext/writes_50[31]_i_56/O
                         net (fo=1, unplaced)         0.000     1.821    mem/returnBuffer/ram_ext/writes_50[31]_i_56_n_0
                         MUXF7 (Prop_MUXF7_I0_O)      0.068     1.889 r  mem/returnBuffer/ram_ext/writes_50_reg[31]_i_32/O
                         net (fo=5, unplaced)         0.282     2.171    mem/returnBuffer/ram_ext/writes_50_reg[31]_i_32_n_0
                         LUT6 (Prop_LUT6_I0_O)        0.132     2.303 r  mem/returnBuffer/ram_ext/writes_50[31]_i_22/O
                         net (fo=129, unplaced)       0.371     2.674    sb/io_counters_wawStall_0_x_reg[63]_i_2439[2]
                         MUXF7 (Prop_MUXF7_S_O)       0.103     2.777 f  sb/io_counters_wawStall_0_x_reg[63]_i_4141/O
                         net (fo=1, unplaced)         0.000     2.777    sb/io_counters_wawStall_0_x_reg[63]_i_4141_n_0
                         MUXF8 (Prop_MUXF8_I1_O)      0.059     2.836 f  sb/io_counters_wawStall_0_x_reg[63]_i_3492/O
                         net (fo=1, unplaced)         0.262     3.098    sb/io_counters_wawStall_0_x_reg[63]_i_3492_n_0
                         LUT6 (Prop_LUT6_I0_O)        0.136     3.234 f  sb/io_counters_wawStall_0_x[63]_i_2816/O
                         net (fo=1, unplaced)         0.000     3.234    mem/returnBuffer/ram_ext/io_counters_warStall_0_x[63]_i_5390_1
                         MUXF7 (Prop_MUXF7_I0_O)      0.068     3.302 f  mem/returnBuffer/ram_ext/io_counters_wawStall_0_x_reg[63]_i_2440/O
                         net (fo=166, unplaced)       0.345     3.647    mem/returnBuffer/ram_ext/io_counters_wawStall_0_x_reg[63]_i_2440_n_0
                         LUT4 (Prop_LUT4_I3_O)        0.095     3.742 f  mem/returnBuffer/ram_ext/io_counters_warStall_0_x[63]_i_5511/O
                         net (fo=1, unplaced)         0.294     4.036    mem/returnBuffer/ram_ext/io_counters_warStall_0_x[63]_i_5511_n_0
                         CARRY8 (Prop_CARRY8_DI[0]_CO[7])
                                                      0.373     4.409 f  mem/returnBuffer/ram_ext/io_counters_warStall_0_x_reg[63]_i_4316/CO[7]
                         net (fo=1, unplaced)         0.000     4.409    mem/returnBuffer/ram_ext/io_counters_warStall_0_x_reg[63]_i_4316_n_0
                         CARRY8 (Prop_CARRY8_CI_CO[7])
                                                      0.028     4.437 f  mem/returnBuffer/ram_ext/io_counters_warStall_0_x_reg[63]_i_3109/CO[7]
                         net (fo=1, unplaced)         0.000     4.437    mem/returnBuffer/ram_ext/io_counters_warStall_0_x_reg[63]_i_3109_n_0
                         CARRY8 (Prop_CARRY8_CI_CO[7])
                                                      0.028     4.465 f  mem/returnBuffer/ram_ext/io_counters_warStall_0_x_reg[63]_i_1506/CO[7]
                         net (fo=1, unplaced)         0.000     4.465    mem/returnBuffer/ram_ext/io_counters_warStall_0_x_reg[63]_i_1506_n_0
                         CARRY8 (Prop_CARRY8_CI_CO[7])
                                                      0.028     4.493 f  mem/returnBuffer/ram_ext/io_counters_warStall_0_x_reg[63]_i_606/CO[7]
                         net (fo=1, unplaced)         0.033     4.526    sb/io_counters_wawStall_0_x[63]_i_1534_1[0]
                         LUT2 (Prop_LUT2_I1_O)        0.040     4.566 f  sb/io_counters_warStall_0_x[63]_i_204/O
                         net (fo=64, unplaced)        0.325     4.891    sb/older_49_1
                         LUT4 (Prop_LUT4_I3_O)        0.040     4.931 f  sb/io_counters_wawStall_0_x[63]_i_1998/O
                         net (fo=1, unplaced)         0.249     5.180    sb/io_counters_wawStall_0_x[63]_i_1998_n_0
                         LUT5 (Prop_LUT5_I4_O)        0.040     5.220 f  sb/io_counters_wawStall_0_x[63]_i_1523/O
                         net (fo=1, unplaced)         0.249     5.469    sb/io_counters_wawStall_0_x[63]_i_1523_n_0
                         LUT6 (Prop_LUT6_I5_O)        0.040     5.509 f  sb/io_counters_wawStall_0_x[63]_i_902/O
                         net (fo=1, unplaced)         0.251     5.760    sb/io_counters_wawStall_0_x[63]_i_902_n_0
                         LUT4 (Prop_LUT4_I0_O)        0.132     5.892 f  sb/io_counters_wawStall_0_x[63]_i_387/O
                         net (fo=1, unplaced)         0.249     6.141    sb/io_counters_wawStall_0_x[63]_i_387_n_0
                         LUT5 (Prop_LUT5_I4_O)        0.040     6.181 f  sb/io_counters_wawStall_0_x[63]_i_143/O
                         net (fo=1, unplaced)         0.249     6.430    mem/returnBuffer/ram_ext/io_waw_12[23]
                         LUT5 (Prop_LUT5_I4_O)        0.040     6.470 f  mem/returnBuffer/ram_ext/io_counters_wawStall_0_x[63]_i_45/O
                         net (fo=1, unplaced)         0.249     6.719    mem/returnBuffer/ram_ext/io_counters_wawStall_0_x[63]_i_45_n_0
                         LUT6 (Prop_LUT6_I5_O)        0.040     6.759 f  mem/returnBuffer/ram_ext/io_counters_wawStall_0_x[63]_i_12/O
                         net (fo=1, unplaced)         0.249     7.008    mem/returnBuffer/ram_ext/io_counters_wawStall_0_x[63]_i_12_n_0
                         LUT6 (Prop_LUT6_I5_O)        0.040     7.048 f  mem/returnBuffer/ram_ext/io_counters_wawStall_0_x[63]_i_3/O
                         net (fo=1, unplaced)         0.251     7.299    mem/returnBuffer/ram_ext/io_counters_wawStall_0_x[63]_i_3_n_0
                         LUT5 (Prop_LUT5_I0_O)        0.132     7.431 f  mem/returnBuffer/ram_ext/io_counters_wawStall_0_x[63]_i_1/O
                         net (fo=65, unplaced)        0.325     7.756    mem/returnBuffer/ram_ext/_sb_io_waw_1
                         LUT2 (Prop_LUT2_I1_O)        0.040     7.796 f  mem/returnBuffer/ram_ext/io_loadRegisterComplete_valid_INST_0_i_3/O
                         net (fo=5, unplaced)         0.267     8.063    mem/returnBuffer/ram_ext/io_blocked_10
                         LUT2 (Prop_LUT2_I1_O)        0.040     8.103 r  mem/returnBuffer/ram_ext/io_macRead_valid_INST_0_i_87/O
                         net (fo=4, unplaced)         0.262     8.365    mem/returnBuffer/ram_ext/_mem_io_write_valid
                         LUT6 (Prop_LUT6_I4_O)        0.040     8.405 f  mem/returnBuffer/ram_ext/io_macRead_valid_INST_0_i_22/O
                         net (fo=20, unplaced)        0.298     8.703    alu/shadow_reg[0]_4
                         LUT6 (Prop_LUT6_I5_O)        0.040     8.743 f  alu/memory_reg_0_7_0_0_i_21__0/O
                         net (fo=5, unplaced)         0.269     9.012    alu/active_reg_58
                         LUT4 (Prop_LUT4_I0_O)        0.132     9.144 r  alu/io_loadRegisterComplete_valid_INST_0_i_4/O
                         net (fo=4, unplaced)         0.262     9.406    mem/returnBuffer/ram_ext/_vrf_io_write_0_ready
                         LUT3 (Prop_LUT3_I1_O)        0.040     9.446 r  mem/returnBuffer/ram_ext/io_loadRegisterComplete_valid_INST_0_i_1/O
                         net (fo=868, unplaced)       0.384     9.830    mem/returnBuffer/ram_ext/maybe_full_reg
                         LUT2 (Prop_LUT2_I0_O)        0.040     9.870 r  mem/returnBuffer/ram_ext/writes_50[31]_i_15/O
                         net (fo=800, unplaced)       0.413    10.283    sb/_mem_io_progress_1_bits_slot[2]
                         MUXF7 (Prop_MUXF7_S_O)       0.103    10.386 r  sb/writes_46_reg[0]_i_23/O
                         net (fo=1, unplaced)         0.000    10.386    sb/writes_46_reg[0]_i_23_n_0
                         MUXF8 (Prop_MUXF8_I1_O)      0.059    10.445 r  sb/writes_46_reg[0]_i_16/O
                         net (fo=1, unplaced)         0.262    10.707    sb/writes_46_reg[0]_i_16_n_0
                         LUT6 (Prop_LUT6_I0_O)        0.132    10.839 r  sb/writes_46[0]_i_12/O
                         net (fo=1, unplaced)         0.249    11.088    mem/returnBuffer/ram_ext/writes_81[0]_i_2_0
                         LUT6 (Prop_LUT6_I5_O)        0.040    11.128 r  mem/returnBuffer/ram_ext/writes_46[0]_i_7/O
                         net (fo=18, unplaced)        0.296    11.424    mem/returnBuffer/ram_ext/writes_46[0]_i_7_n_0
                         LUT2 (Prop_LUT2_I0_O)        0.040    11.464 r  mem/returnBuffer/ram_ext/writes_46[0]_i_4/O
                         net (fo=66, unplaced)        0.325    11.789    mem/returnBuffer/ram_ext/sb/writes_00[0]
                         LUT5 (Prop_LUT5_I1_O)        0.040    11.829 r  mem/returnBuffer/ram_ext/writes_0[0]_i_2/O
                         net (fo=1, unplaced)         0.249    12.078    mac/writes_0_reg[0]
                         LUT5 (Prop_LUT5_I0_O)        0.040    12.118 r  mac/writes_0[0]_i_1/O
                         net (fo=1, unplaced)         0.023    12.141    sb/writes_0_reg[31]_6[0]
                         FDRE                                         r  sb/writes_0_reg[0]/D
  -------------------------------------------------------------------    -------------------

                         (clock rvv_clock rise edge)
                                                     10.000    10.000 r  
                                                      0.000    10.000 r  clock (IN)
                         net (fo=81804, unset)        0.000    10.000    sb/clock
                         FDRE                                         r  sb/writes_0_reg[0]/C
                         clock pessimism              0.000    10.000    
                         clock uncertainty           -0.035     9.965    
                         FDRE (Setup_FDRE_C_D)        0.059    10.024    sb/writes_0_reg[0]
  -------------------------------------------------------------------
                         required time                         10.024    
                         arrival time                         -12.141    
  -------------------------------------------------------------------
                         slack                                 -2.117    





Min Delay Paths
--------------------------------------------------------------------------------------
Slack (MET) :             0.078ns  (arrival time - required time)
  Source:                 queues_4/enq_ptr_value_reg[1]/C
                            (rising edge-triggered cell FDRE clocked by rvv_clock  {rise@0.000ns fall@5.000ns period=10.000ns})
  Destination:            queues_4/ram_ext/Memory_reg_0_3_0_13/RAMH/ADR1
                            (rising edge-triggered cell RAMS32 clocked by rvv_clock  {rise@0.000ns fall@5.000ns period=10.000ns})
  Path Group:             rvv_clock
  Path Type:              Hold (Min at Fast Process Corner)
  Requirement:            0.000ns  (rvv_clock rise@0.000ns - rvv_clock rise@0.000ns)
  Data Path Delay:        0.153ns  (logic 0.049ns (32.101%)  route 0.104ns (67.899%))
  Logic Levels:           0  

    Location             Delay type                Incr(ns)  Path(ns)    Netlist Resource(s)
  -------------------------------------------------------------------    -------------------
                         (clock rvv_clock rise edge)
                                                      0.000     0.000 r  
                                                      0.000     0.000 r  clock (IN)
                         net (fo=81804, unset)        0.000     0.000    queues_4/clock
                         FDRE                                         r  queues_4/enq_ptr_value_reg[1]/C
  -------------------------------------------------------------------    -------------------
                         FDRE (Prop_FDRE_C_Q)         0.049     0.049 r  queues_4/enq_ptr_value_reg[1]/Q
                         net (fo=29, unplaced)        0.104     0.153    queues_4/ram_ext/Memory_reg_0_3_0_13/ADDRH1
                         RAMS32                                       r  queues_4/ram_ext/Memory_reg_0_3_0_13/RAMH/ADR1
  -------------------------------------------------------------------    -------------------

                         (clock rvv_clock rise edge)
                                                      0.000     0.000 r  
                                                      0.000     0.000 r  clock (IN)
                         net (fo=81804, unset)        0.000     0.000    queues_4/ram_ext/Memory_reg_0_3_0_13/WCLK
                         RAMS32                                       r  queues_4/ram_ext/Memory_reg_0_3_0_13/RAMH/CLK
                         clock pessimism              0.000     0.000    
                         RAMS32 (Hold_RAMS32_CLK_ADR1)
                                                      0.075     0.075    queues_4/ram_ext/Memory_reg_0_3_0_13/RAMH
  -------------------------------------------------------------------
                         required time                         -0.075    
                         arrival time                           0.153    
  -------------------------------------------------------------------
                         slack                                  0.078    





Pulse Width Checks
--------------------------------------------------------------------------------------
Clock Name:         rvv_clock
Waveform(ns):       { 0.000 5.000 }
Period(ns):         10.000
Sources:            { clock }

Check Type        Corner  Lib Pin             Reference Pin  Required(ns)  Actual(ns)  Slack(ns)  Location  Pin
Min Period        n/a     RAMB36E2/CLKARDCLK  n/a            1.961         10.000      8.039                mem/returnBuffer/ram_ext/Memory_reg_0/CLKARDCLK
Low Pulse Width   Slow    RAMB36E2/CLKARDCLK  n/a            0.980         5.000       4.020                mem/returnBuffer/ram_ext/Memory_reg_0/CLKARDCLK
High Pulse Width  Slow    RAMB36E2/CLKARDCLK  n/a            0.980         5.000       4.020                mem/returnBuffer/ram_ext/Memory_reg_0/CLKARDCLK



