Copyright 1986-2022 Xilinx, Inc. All Rights Reserved.
--------------------------------------------------------------------------------------------------------------------------
| Tool Version      : Vivado v.2022.2 (lin64) Build 3671981 Fri Oct 14 04:59:54 MDT 2022
| Date              : Wed Oct  7 17:21:30 2026
| Host              : chen-System-Product-Name running 64-bit Ubuntu 24.04.4 LTS
| Command           : report_timing_summary -file /home/chen/FUN/flow-r03-evidence/final/s2/reports/post-place-timing.rpt
| Design            : RvvCoprocessor
| Device            : xcku040-ffva1156
| Speed File        : -2  PRODUCTION 1.25 12-04-2018
| Temperature Grade : E
--------------------------------------------------------------------------------------------------------------------------

Timing Summary Report

------------------------------------------------------------------------------------------------
| Timer Settings
| --------------
------------------------------------------------------------------------------------------------

  Enable Multi Corner Analysis               :  Yes
  Enable Pessimism Removal                   :  Yes
  Pessimism Removal Resolution               :  Nearest Common Node
  Enable Input Delay Default Clock           :  No
  Enable Preset / Clear Arcs                 :  No
  Disable Flight Delays                      :  No
  Ignore I/O Paths                           :  No
  Timing Early Launch at Borrowing Latches   :  No
  Borrow Time for Max Delay Exceptions       :  Yes
  Merge Timing Exceptions                    :  Yes

  Corner  Analyze    Analyze    
  Name    Max Paths  Min Paths  
  ------  ---------  ---------  
  Slow    Yes        Yes        
  Fast    Yes        Yes        


------------------------------------------------------------------------------------------------
| Report Methodology
| ------------------
------------------------------------------------------------------------------------------------

No report available as report_methodology has not been run prior. Run report_methodology on the current design for the summary of methodology violations.



check_timing report

Table of Contents
-----------------
1. checking no_clock (0)
2. checking constant_clock (0)
3. checking pulse_width_clock (0)
4. checking unconstrained_internal_endpoints (0)
5. checking no_input_delay (689)
6. checking no_output_delay (2349)
7. checking multiple_clock (0)
8. checking generated_clocks (0)
9. checking loops (0)
10. checking partial_input_delay (0)
11. checking partial_output_delay (0)
12. checking latch_loops (0)

1. checking no_clock (0)
------------------------
 There are 0 register/latch pins with no clock.


2. checking constant_clock (0)
------------------------------
 There are 0 register/latch pins with constant_clock.


3. checking pulse_width_clock (0)
---------------------------------
 There are 0 register/latch pins which need pulse_width check


4. checking unconstrained_internal_endpoints (0)
------------------------------------------------
 There are 0 pins that are not constrained for maximum delay.

 There are 0 pins that are not constrained for maximum delay due to constant clock.


5. checking no_input_delay (689)
--------------------------------
 There are 689 input ports with no input delay specified. (HIGH)

 There are 0 input ports with no input delay but user has a false path constraint.


6. checking no_output_delay (2349)
----------------------------------
 There are 2349 ports with no output delay specified. (HIGH)

 There are 0 ports with no output delay but user has a false path constraint

 There are 0 ports with no output delay but with a timing clock defined on it or propagating through it


7. checking multiple_clock (0)
------------------------------
 There are 0 register/latch pins with multiple clocks.


8. checking generated_clocks (0)
--------------------------------
 There are 0 generated clocks that are not connected to a clock source.


9. checking loops (0)
---------------------
 There are 0 combinational loops in the design.


10. checking partial_input_delay (0)
------------------------------------
 There are 0 input ports with partial input delay specified.


11. checking partial_output_delay (0)
-------------------------------------
 There are 0 ports with partial output delay specified.


12. checking latch_loops (0)
----------------------------
 There are 0 combinational latch loops in the design through latch input



------------------------------------------------------------------------------------------------
| Design Timing Summary
| ---------------------
------------------------------------------------------------------------------------------------

    WNS(ns)      TNS(ns)  TNS Failing Endpoints  TNS Total Endpoints      WHS(ns)      THS(ns)  THS Failing Endpoints  THS Total Endpoints     WPWS(ns)     TPWS(ns)  TPWS Failing Endpoints  TPWS Total Endpoints  
    -------      -------  ---------------------  -------------------      -------      -------  ---------------------  -------------------     --------     --------  ----------------------  --------------------  
     -3.684   -42109.875                  18839                52172        0.054        0.000                      0                52172        4.020        0.000                       0                 17274  


Timing constraints are not met.


------------------------------------------------------------------------------------------------
| Clock Summary
| -------------
------------------------------------------------------------------------------------------------

Clock      Waveform(ns)       Period(ns)      Frequency(MHz)
-----      ------------       ----------      --------------
rvv_clock  {0.000 5.000}      10.000          100.000         


------------------------------------------------------------------------------------------------
| Intra Clock Table
| -----------------
------------------------------------------------------------------------------------------------

Clock             WNS(ns)      TNS(ns)  TNS Failing Endpoints  TNS Total Endpoints      WHS(ns)      THS(ns)  THS Failing Endpoints  THS Total Endpoints     WPWS(ns)     TPWS(ns)  TPWS Failing Endpoints  TPWS Total Endpoints  
-----             -------      -------  ---------------------  -------------------      -------      -------  ---------------------  -------------------     --------     --------  ----------------------  --------------------  
rvv_clock          -3.684   -42109.875                  18839                52172        0.054        0.000                      0                52172        4.020        0.000                       0                 17274  


------------------------------------------------------------------------------------------------
| Inter Clock Table
| -----------------
------------------------------------------------------------------------------------------------

From Clock    To Clock          WNS(ns)      TNS(ns)  TNS Failing Endpoints  TNS Total Endpoints      WHS(ns)      THS(ns)  THS Failing Endpoints  THS Total Endpoints  
----------    --------          -------      -------  ---------------------  -------------------      -------      -------  ---------------------  -------------------  


------------------------------------------------------------------------------------------------
| Other Path Groups Table
| -----------------------
------------------------------------------------------------------------------------------------

Path Group    From Clock    To Clock          WNS(ns)      TNS(ns)  TNS Failing Endpoints  TNS Total Endpoints      WHS(ns)      THS(ns)  THS Failing Endpoints  THS Total Endpoints  
----------    ----------    --------          -------      -------  ---------------------  -------------------      -------      -------  ---------------------  -------------------  


------------------------------------------------------------------------------------------------
| Timing Details
| --------------
------------------------------------------------------------------------------------------------


---------------------------------------------------------------------------------------------------
From Clock:  rvv_clock
  To Clock:  rvv_clock

Setup :        18839  Failing Endpoints,  Worst Slack       -3.684ns,  Total Violation   -42109.874ns
Hold  :            0  Failing Endpoints,  Worst Slack        0.054ns,  Total Violation        0.000ns
PW    :            0  Failing Endpoints,  Worst Slack        4.020ns,  Total Violation        0.000ns
---------------------------------------------------------------------------------------------------


Max Delay Paths
--------------------------------------------------------------------------------------
Slack (VIOLATED) :        -3.684ns  (required time - arrival time)
  Source:                 vrf/banks_1_2/memory_reg_6/CLKARDCLK
                            (rising edge-triggered cell RAMB36E2 clocked by rvv_clock  {rise@0.000ns fall@5.000ns period=10.000ns})
  Destination:            vrf/banks_1_5/memory_reg_6/DINBDIN[25]
                            (rising edge-triggered cell RAMB36E2 clocked by rvv_clock  {rise@0.000ns fall@5.000ns period=10.000ns})
  Path Group:             rvv_clock
  Path Type:              Setup (Max at Slow Process Corner)
  Requirement:            10.000ns  (rvv_clock rise@10.000ns - rvv_clock rise@0.000ns)
  Data Path Delay:        13.326ns  (logic 5.813ns (43.621%)  route 7.513ns (56.379%))
  Logic Levels:           22  (CARRY8=7 DSP_A_B_DATA=1 DSP_ALU=1 DSP_M_DATA=1 DSP_MULTIPLIER=1 DSP_OUTPUT=1 DSP_PREADD_DATA=1 LUT2=2 LUT3=1 LUT4=1 LUT6=5)
  Clock Uncertainty:      0.035ns  ((TSJ^2 + TIJ^2)^1/2 + DJ) / 2 + PE
    Total System Jitter     (TSJ):    0.071ns
    Total Input Jitter      (TIJ):    0.000ns
    Discrete Jitter          (DJ):    0.000ns
    Phase Error              (PE):    0.000ns

    Location             Delay type                Incr(ns)  Path(ns)    Netlist Resource(s)
  -------------------------------------------------------------------    -------------------
                         (clock rvv_clock rise edge)
                                                      0.000     0.000 r  
                                                      0.000     0.000 r  clock (IN)
                         net (fo=17273, unset)        0.000     0.000    vrf/banks_1_2/clock
    RAMB36_X6Y8          RAMB36E2                                     r  vrf/banks_1_2/memory_reg_6/CLKARDCLK
  -------------------------------------------------------------------    -------------------
    RAMB36_X6Y8          RAMB36E2 (Prop_RAMB36E2_RAMB36_CLKARDCLK_DOUTBDOUT[4])
                                                      1.274     1.274 f  vrf/banks_1_2/memory_reg_6/DOUTBDOUT[4]
                         net (fo=1, estimated)        1.087     2.361    vrf/_banks_1_2_readData[420]
    SLICE_X63Y103        LUT6 (Prop_E6LUT_SLICEL_I3_O)
                                                      0.115     2.476 f  vrf/heldOperands_1[420]_i_3/O
                         net (fo=3, estimated)        0.389     2.865    vrf/banks_3_3/_vrf_io_readData_2[420]
    SLICE_X63Y121        LUT6 (Prop_A6LUT_SLICEL_I3_O)
                                                      0.071     2.936 f  vrf/banks_3_3/heldOperands_0[420]_i_1__0/O
                         net (fo=2, estimated)        0.569     3.505    mac/heldOperands_0_reg[511]_0[382]
    SLICE_X63Y152        LUT3 (Prop_H6LUT_SLICEL_I1_O)
                                                      0.040     3.545 f  mac/_GEN_10[1]0__25_i_28/O
                         net (fo=11, estimated)       0.825     4.370    mac/resultData_candidates_values_dotProducts_0_13/A[4]
    DSP48E2_X10Y80       DSP_A_B_DATA (Prop_DSP_A_B_DATA_DSP48E2_A[4]_A2_DATA[4])
                                                      0.337     4.707 r  mac/resultData_candidates_values_dotProducts_0_13/DSP_A_B_DATA_INST/A2_DATA[4]
                         net (fo=1, routed)           0.000     4.707    mac/resultData_candidates_values_dotProducts_0_13/DSP_A_B_DATA.A2_DATA<4>
    DSP48E2_X10Y80       DSP_PREADD_DATA (Prop_DSP_PREADD_DATA_DSP48E2_A2_DATA[4]_A2A1[4])
                                                      0.155     4.862 r  mac/resultData_candidates_values_dotProducts_0_13/DSP_PREADD_DATA_INST/A2A1[4]
                         net (fo=1, routed)           0.000     4.862    mac/resultData_candidates_values_dotProducts_0_13/DSP_PREADD_DATA.A2A1<4>
    DSP48E2_X10Y80       DSP_MULTIPLIER (Prop_DSP_MULTIPLIER_DSP48E2_A2A1[4]_U[5])
                                                      0.866     5.728 f  mac/resultData_candidates_values_dotProducts_0_13/DSP_MULTIPLIER_INST/U[5]
                         net (fo=1, routed)           0.000     5.728    mac/resultData_candidates_values_dotProducts_0_13/DSP_MULTIPLIER.U<5>
    DSP48E2_X10Y80       DSP_M_DATA (Prop_DSP_M_DATA_DSP48E2_U[5]_U_DATA[5])
                                                      0.110     5.838 r  mac/resultData_candidates_values_dotProducts_0_13/DSP_M_DATA_INST/U_DATA[5]
                         net (fo=1, routed)           0.000     5.838    mac/resultData_candidates_values_dotProducts_0_13/DSP_M_DATA.U_DATA<5>
    DSP48E2_X10Y80       DSP_ALU (Prop_DSP_ALU_DSP48E2_U_DATA[5]_ALU_OUT[5])
                                                      0.702     6.540 f  mac/resultData_candidates_values_dotProducts_0_13/DSP_ALU_INST/ALU_OUT[5]
                         net (fo=1, routed)           0.000     6.540    mac/resultData_candidates_values_dotProducts_0_13/DSP_ALU.ALU_OUT<5>
    DSP48E2_X10Y80       DSP_OUTPUT (Prop_DSP_OUTPUT_DSP48E2_ALU_OUT[5]_P[5])
                                                      0.193     6.733 r  mac/resultData_candidates_values_dotProducts_0_13/DSP_OUTPUT_INST/P[5]
                         net (fo=2, estimated)        0.379     7.112    mac/resultData_candidates_values_dotProducts_0_13_n_100
    SLICE_X66Y200        LUT2 (Prop_F6LUT_SLICEM_I0_O)
                                                      0.075     7.187 r  mac/memory_reg_6_i_2747/O
                         net (fo=1, routed)           0.000     7.187    mac/memory_reg_6_i_2747_n_0
    SLICE_X66Y200        CARRY8 (Prop_CARRY8_SLICEM_S[5]_CO[7])
                                                      0.253     7.440 r  mac/memory_reg_6_i_2704/CO[7]
                         net (fo=1, estimated)        0.027     7.467    mac/memory_reg_6_i_2704_n_0
    SLICE_X66Y201        CARRY8 (Prop_CARRY8_SLICEM_CI_O[0])
                                                      0.099     7.566 r  mac/memory_reg_6_i_2691/O[0]
                         net (fo=2, estimated)        0.407     7.973    mac/memory_reg_6_i_2691_n_15
    SLICE_X65Y196        LUT2 (Prop_A6LUT_SLICEL_I0_O)
                                                      0.040     8.013 r  mac/memory_reg_6_i_2699/O
                         net (fo=1, routed)           0.000     8.013    mac/memory_reg_6_i_2699_n_0
    SLICE_X65Y196        CARRY8 (Prop_CARRY8_SLICEL_S[0]_CO[7])
                                                      0.404     8.417 r  mac/memory_reg_6_i_2529/CO[7]
                         net (fo=1, estimated)        0.027     8.444    mac/memory_reg_6_i_2529_n_0
    SLICE_X65Y197        CARRY8 (Prop_CARRY8_SLICEL_CI_O[1])
                                                      0.133     8.577 r  mac/memory_reg_6_i_2493/O[1]
                         net (fo=3, estimated)        0.755     9.332    mac/memory_reg_6_i_2682_1[0]
    SLICE_X61Y175        CARRY8 (Prop_CARRY8_SLICEM_DI[2]_O[3])
                                                      0.186     9.518 r  mac/memory_reg_6_i_2305/O[3]
                         net (fo=13, estimated)       0.708    10.226    mac/p_1_in39_out__0[19]
    SLICE_X61Y149        LUT4 (Prop_D6LUT_SLICEM_I1_O)
                                                      0.043    10.269 r  mac/memory_reg_6_i_1823/O
                         net (fo=1, routed)           0.000    10.269    mac/memory_reg_6_i_1823_n_0
    SLICE_X61Y149        CARRY8 (Prop_CARRY8_SLICEM_S[3]_CO[7])
                                                      0.324    10.593 r  mac/memory_reg_6_i_938/CO[7]
                         net (fo=1, estimated)        0.040    10.633    mac/memory_reg_6_i_938_n_0
    SLICE_X61Y150        CARRY8 (Prop_CARRY8_SLICEM_CI_O[1])
                                                      0.133    10.766 r  mac/memory_reg_6_i_877/O[1]
                         net (fo=1, estimated)        0.550    11.316    mac/_GEN_10[2]07_out[25]
    SLICE_X62Y131        LUT6 (Prop_C6LUT_SLICEM_I0_O)
                                                      0.040    11.356 r  mac/memory_reg_6_i_481/O
                         net (fo=1, estimated)        0.369    11.725    mac/memory_reg_6_i_481_n_0
    SLICE_X62Y119        LUT6 (Prop_D6LUT_SLICEM_I5_O)
                                                      0.043    11.768 r  mac/memory_reg_6_i_187/O
                         net (fo=4, estimated)        0.412    12.180    alu/_mac_io_write_bits_data[441]
    SLICE_X62Y103        LUT6 (Prop_D6LUT_SLICEM_I0_O)
                                                      0.177    12.357 r  alu/memory_reg_6_i_39__0/O
                         net (fo=6, estimated)        0.969    13.326    vrf/banks_1_5/p_1_in[441]
    RAMB36_X6Y9          RAMB36E2                                     r  vrf/banks_1_5/memory_reg_6/DINBDIN[25]
  -------------------------------------------------------------------    -------------------

                         (clock rvv_clock rise edge)
                                                     10.000    10.000 r  
                                                      0.000    10.000 r  clock (IN)
                         net (fo=17273, unset)        0.000    10.000    vrf/banks_1_5/clock
    RAMB36_X6Y9          RAMB36E2                                     r  vrf/banks_1_5/memory_reg_6/CLKBWRCLK
                         clock pessimism              0.000    10.000    
                         clock uncertainty           -0.035     9.965    
    RAMB36_X6Y9          RAMB36E2 (Setup_RAMB36E2_RAMB36_CLKBWRCLK_DINBDIN[25])
                                                     -0.323     9.642    vrf/banks_1_5/memory_reg_6
  -------------------------------------------------------------------
                         required time                          9.642    
                         arrival time                         -13.326    
  -------------------------------------------------------------------
                         slack                                 -3.684    





Min Delay Paths
--------------------------------------------------------------------------------------
Slack (MET) :             0.054ns  (arrival time - required time)
  Source:                 front/pending_7_decoded_scalarOperand_reg/C
                            (rising edge-triggered cell FDRE clocked by rvv_clock  {rise@0.000ns fall@5.000ns period=10.000ns})
  Destination:            front/pending_7_decoded_scalarOperand_reg/D
                            (rising edge-triggered cell FDRE clocked by rvv_clock  {rise@0.000ns fall@5.000ns period=10.000ns})
  Path Group:             rvv_clock
  Path Type:              Hold (Min at Fast Process Corner)
  Requirement:            0.000ns  (rvv_clock rise@0.000ns - rvv_clock rise@0.000ns)
  Data Path Delay:        0.110ns  (logic 0.064ns (58.312%)  route 0.046ns (41.688%))
  Logic Levels:           1  (LUT6=1)

    Location             Delay type                Incr(ns)  Path(ns)    Netlist Resource(s)
  -------------------------------------------------------------------    -------------------
                         (clock rvv_clock rise edge)
                                                      0.000     0.000 r  
                                                      0.000     0.000 r  clock (IN)
                         net (fo=17273, unset)        0.000     0.000    front/clock
    SLICE_X6Y241         FDRE                                         r  front/pending_7_decoded_scalarOperand_reg/C
  -------------------------------------------------------------------    -------------------
    SLICE_X6Y241         FDRE (Prop_DFF_SLICEL_C_Q)
                                                      0.049     0.049 r  front/pending_7_decoded_scalarOperand_reg/Q
                         net (fo=2, estimated)        0.030     0.079    front/pending_7_decoded_scalarOperand
    SLICE_X6Y241         LUT6 (Prop_D6LUT_SLICEL_I5_O)
                                                      0.015     0.094 r  front/pending_7_decoded_scalarOperand_i_1/O
                         net (fo=1, routed)           0.016     0.110    front/pending_7_decoded_scalarOperand_i_1_n_0
    SLICE_X6Y241         FDRE                                         r  front/pending_7_decoded_scalarOperand_reg/D
  -------------------------------------------------------------------    -------------------

                         (clock rvv_clock rise edge)
                                                      0.000     0.000 r  
                                                      0.000     0.000 r  clock (IN)
                         net (fo=17273, unset)        0.000     0.000    front/clock
    SLICE_X6Y241         FDRE                                         r  front/pending_7_decoded_scalarOperand_reg/C
                         clock pessimism              0.000     0.000    
    SLICE_X6Y241         FDRE (Hold_DFF_SLICEL_C_D)
                                                      0.056     0.056    front/pending_7_decoded_scalarOperand_reg
  -------------------------------------------------------------------
                         required time                         -0.056    
                         arrival time                           0.110    
  -------------------------------------------------------------------
                         slack                                  0.054    





Pulse Width Checks
--------------------------------------------------------------------------------------
Clock Name:         rvv_clock
Waveform(ns):       { 0.000 5.000 }
Period(ns):         10.000
Sources:            { clock }

Check Type        Corner  Lib Pin             Reference Pin  Required(ns)  Actual(ns)  Slack(ns)  Location      Pin
Min Period        n/a     RAMB36E2/CLKARDCLK  n/a            1.961         10.000      8.039      RAMB36_X1Y46  mem/returnBuffer/ram_ext/Memory_reg_0/CLKARDCLK
Low Pulse Width   Slow    RAMB36E2/CLKARDCLK  n/a            0.980         5.000       4.020      RAMB36_X1Y46  mem/returnBuffer/ram_ext/Memory_reg_0/CLKARDCLK
High Pulse Width  Slow    RAMB36E2/CLKARDCLK  n/a            0.980         5.000       4.020      RAMB36_X1Y46  mem/returnBuffer/ram_ext/Memory_reg_0/CLKARDCLK



