Copyright 1986-2022 Xilinx, Inc. All Rights Reserved.
-----------------------------------------------------------------------------------------------------------------------
| Tool Version      : Vivado v.2022.2 (lin64) Build 3671981 Fri Oct 14 04:59:54 MDT 2022
| Date              : Wed Oct  7 17:26:34 2026
| Host              : chen-System-Product-Name running 64-bit Ubuntu 24.04.4 LTS
| Command           : report_timing_summary -file /home/chen/FUN/flow-r03-evidence/final/s2/reports/timing-summary.rpt
| Design            : RvvCoprocessor
| Device            : xcku040-ffva1156
| Speed File        : -2  PRODUCTION 1.25 12-04-2018
| Temperature Grade : E
-----------------------------------------------------------------------------------------------------------------------

Timing Summary Report

------------------------------------------------------------------------------------------------
| Timer Settings
| --------------
------------------------------------------------------------------------------------------------

  Enable Multi Corner Analysis               :  Yes
  Enable Pessimism Removal                   :  Yes
  Pessimism Removal Resolution               :  Nearest Common Node
  Enable Input Delay Default Clock           :  No
  Enable Preset / Clear Arcs                 :  No
  Disable Flight Delays                      :  No
  Ignore I/O Paths                           :  No
  Timing Early Launch at Borrowing Latches   :  No
  Borrow Time for Max Delay Exceptions       :  Yes
  Merge Timing Exceptions                    :  Yes

  Corner  Analyze    Analyze    
  Name    Max Paths  Min Paths  
  ------  ---------  ---------  
  Slow    Yes        Yes        
  Fast    Yes        Yes        


------------------------------------------------------------------------------------------------
| Report Methodology
| ------------------
------------------------------------------------------------------------------------------------

No report available as report_methodology has not been run prior. Run report_methodology on the current design for the summary of methodology violations.



check_timing report

Table of Contents
-----------------
1. checking no_clock (0)
2. checking constant_clock (0)
3. checking pulse_width_clock (0)
4. checking unconstrained_internal_endpoints (0)
5. checking no_input_delay (689)
6. checking no_output_delay (2349)
7. checking multiple_clock (0)
8. checking generated_clocks (0)
9. checking loops (0)
10. checking partial_input_delay (0)
11. checking partial_output_delay (0)
12. checking latch_loops (0)

1. checking no_clock (0)
------------------------
 There are 0 register/latch pins with no clock.


2. checking constant_clock (0)
------------------------------
 There are 0 register/latch pins with constant_clock.


3. checking pulse_width_clock (0)
---------------------------------
 There are 0 register/latch pins which need pulse_width check


4. checking unconstrained_internal_endpoints (0)
------------------------------------------------
 There are 0 pins that are not constrained for maximum delay.

 There are 0 pins that are not constrained for maximum delay due to constant clock.


5. checking no_input_delay (689)
--------------------------------
 There are 689 input ports with no input delay specified. (HIGH)

 There are 0 input ports with no input delay but user has a false path constraint.


6. checking no_output_delay (2349)
----------------------------------
 There are 2349 ports with no output delay specified. (HIGH)

 There are 0 ports with no output delay but user has a false path constraint

 There are 0 ports with no output delay but with a timing clock defined on it or propagating through it


7. checking multiple_clock (0)
------------------------------
 There are 0 register/latch pins with multiple clocks.


8. checking generated_clocks (0)
--------------------------------
 There are 0 generated clocks that are not connected to a clock source.


9. checking loops (0)
---------------------
 There are 0 combinational loops in the design.


10. checking partial_input_delay (0)
------------------------------------
 There are 0 input ports with partial input delay specified.


11. checking partial_output_delay (0)
-------------------------------------
 There are 0 ports with partial output delay specified.


12. checking latch_loops (0)
----------------------------
 There are 0 combinational latch loops in the design through latch input



------------------------------------------------------------------------------------------------
| Design Timing Summary
| ---------------------
------------------------------------------------------------------------------------------------

    WNS(ns)      TNS(ns)  TNS Failing Endpoints  TNS Total Endpoints      WHS(ns)      THS(ns)  THS Failing Endpoints  THS Total Endpoints     WPWS(ns)     TPWS(ns)  TPWS Failing Endpoints  TPWS Total Endpoints  
    -------      -------  ---------------------  -------------------      -------      -------  ---------------------  -------------------     --------     --------  ----------------------  --------------------  
     -3.350   -39396.062                  19629                52172        0.053        0.000                      0                52172        4.020        0.000                       0                 17274  


Timing constraints are not met.


------------------------------------------------------------------------------------------------
| Clock Summary
| -------------
------------------------------------------------------------------------------------------------

Clock      Waveform(ns)       Period(ns)      Frequency(MHz)
-----      ------------       ----------      --------------
rvv_clock  {0.000 5.000}      10.000          100.000         


------------------------------------------------------------------------------------------------
| Intra Clock Table
| -----------------
------------------------------------------------------------------------------------------------

Clock             WNS(ns)      TNS(ns)  TNS Failing Endpoints  TNS Total Endpoints      WHS(ns)      THS(ns)  THS Failing Endpoints  THS Total Endpoints     WPWS(ns)     TPWS(ns)  TPWS Failing Endpoints  TPWS Total Endpoints  
-----             -------      -------  ---------------------  -------------------      -------      -------  ---------------------  -------------------     --------     --------  ----------------------  --------------------  
rvv_clock          -3.350   -39396.062                  19629                52172        0.053        0.000                      0                52172        4.020        0.000                       0                 17274  


------------------------------------------------------------------------------------------------
| Inter Clock Table
| -----------------
------------------------------------------------------------------------------------------------

From Clock    To Clock          WNS(ns)      TNS(ns)  TNS Failing Endpoints  TNS Total Endpoints      WHS(ns)      THS(ns)  THS Failing Endpoints  THS Total Endpoints  
----------    --------          -------      -------  ---------------------  -------------------      -------      -------  ---------------------  -------------------  


------------------------------------------------------------------------------------------------
| Other Path Groups Table
| -----------------------
------------------------------------------------------------------------------------------------

Path Group    From Clock    To Clock          WNS(ns)      TNS(ns)  TNS Failing Endpoints  TNS Total Endpoints      WHS(ns)      THS(ns)  THS Failing Endpoints  THS Total Endpoints  
----------    ----------    --------          -------      -------  ---------------------  -------------------      -------      -------  ---------------------  -------------------  


------------------------------------------------------------------------------------------------
| Timing Details
| --------------
------------------------------------------------------------------------------------------------


---------------------------------------------------------------------------------------------------
From Clock:  rvv_clock
  To Clock:  rvv_clock

Setup :        19629  Failing Endpoints,  Worst Slack       -3.350ns,  Total Violation   -39396.062ns
Hold  :            0  Failing Endpoints,  Worst Slack        0.053ns,  Total Violation        0.000ns
PW    :            0  Failing Endpoints,  Worst Slack        4.020ns,  Total Violation        0.000ns
---------------------------------------------------------------------------------------------------


Max Delay Paths
--------------------------------------------------------------------------------------
Slack (VIOLATED) :        -3.350ns  (required time - arrival time)
  Source:                 vrf/banks_0_3/memory_reg_0/CLKARDCLK
                            (rising edge-triggered cell RAMB36E2 clocked by rvv_clock  {rise@0.000ns fall@5.000ns period=10.000ns})
  Destination:            vrf/banks_0_2/memory_reg_0/DINBDIN[31]
                            (rising edge-triggered cell RAMB36E2 clocked by rvv_clock  {rise@0.000ns fall@5.000ns period=10.000ns})
  Path Group:             rvv_clock
  Path Type:              Setup (Max at Slow Process Corner)
  Requirement:            10.000ns  (rvv_clock rise@10.000ns - rvv_clock rise@0.000ns)
  Data Path Delay:        13.013ns  (logic 6.125ns (47.068%)  route 6.888ns (52.932%))
  Logic Levels:           22  (CARRY8=7 DSP_A_B_DATA=1 DSP_ALU=1 DSP_M_DATA=1 DSP_MULTIPLIER=1 DSP_OUTPUT=1 DSP_PREADD_DATA=1 LUT2=2 LUT3=1 LUT4=1 LUT6=5)
  Clock Uncertainty:      0.035ns  ((TSJ^2 + TIJ^2)^1/2 + DJ) / 2 + PE
    Total System Jitter     (TSJ):    0.071ns
    Total Input Jitter      (TIJ):    0.000ns
    Discrete Jitter          (DJ):    0.000ns
    Phase Error              (PE):    0.000ns

    Location             Delay type                Incr(ns)  Path(ns)    Netlist Resource(s)
  -------------------------------------------------------------------    -------------------
                         (clock rvv_clock rise edge)
                                                      0.000     0.000 r  
                                                      0.000     0.000 r  clock (IN)
                         net (fo=17273, unset)        0.000     0.000    vrf/banks_0_3/clock
    RAMB36_X5Y30         RAMB36E2                                     r  vrf/banks_0_3/memory_reg_0/CLKARDCLK
  -------------------------------------------------------------------    -------------------
    RAMB36_X5Y30         RAMB36E2 (Prop_RAMB36E2_RAMB36_CLKARDCLK_DOUTBDOUT[2])
                                                      1.275     1.275 f  vrf/banks_0_3/memory_reg_0/DOUTBDOUT[2]
                         net (fo=1, routed)           0.716     1.991    vrf/_banks_0_3_readData[34]
    SLICE_X35Y147        LUT6 (Prop_A6LUT_SLICEM_I5_O)
                                                      0.040     2.031 f  vrf/heldOperands_1[34]_i_4/O
                         net (fo=3, routed)           0.669     2.700    vrf/banks_3_3/_vrf_io_readData_3[34]
    SLICE_X23Y159        LUT6 (Prop_H6LUT_SLICEM_I0_O)
                                                      0.137     2.837 f  vrf/banks_3_3/heldOperands_0[34]_i_1__0/O
                         net (fo=2, routed)           0.506     3.343    mac/heldOperands_0_reg[511]_0[32]
    SLICE_X18Y172        LUT3 (Prop_H6LUT_SLICEM_I1_O)
                                                      0.043     3.386 f  mac/_GEN_10[1]0__1_i_30/O
                         net (fo=15, routed)          0.650     4.036    mac/resultData_candidates_values_dotProducts_0_1/A[2]
    DSP48E2_X1Y76        DSP_A_B_DATA (Prop_DSP_A_B_DATA_DSP48E2_A[2]_A2_DATA[2])
                                                      0.337     4.373 r  mac/resultData_candidates_values_dotProducts_0_1/DSP_A_B_DATA_INST/A2_DATA[2]
                         net (fo=1, routed)           0.000     4.373    mac/resultData_candidates_values_dotProducts_0_1/DSP_A_B_DATA.A2_DATA<2>
    DSP48E2_X1Y76        DSP_PREADD_DATA (Prop_DSP_PREADD_DATA_DSP48E2_A2_DATA[2]_A2A1[2])
                                                      0.155     4.528 r  mac/resultData_candidates_values_dotProducts_0_1/DSP_PREADD_DATA_INST/A2A1[2]
                         net (fo=1, routed)           0.000     4.528    mac/resultData_candidates_values_dotProducts_0_1/DSP_PREADD_DATA.A2A1<2>
    DSP48E2_X1Y76        DSP_MULTIPLIER (Prop_DSP_MULTIPLIER_DSP48E2_A2A1[2]_U[2])
                                                      0.866     5.394 f  mac/resultData_candidates_values_dotProducts_0_1/DSP_MULTIPLIER_INST/U[2]
                         net (fo=1, routed)           0.000     5.394    mac/resultData_candidates_values_dotProducts_0_1/DSP_MULTIPLIER.U<2>
    DSP48E2_X1Y76        DSP_M_DATA (Prop_DSP_M_DATA_DSP48E2_U[2]_U_DATA[2])
                                                      0.110     5.504 r  mac/resultData_candidates_values_dotProducts_0_1/DSP_M_DATA_INST/U_DATA[2]
                         net (fo=1, routed)           0.000     5.504    mac/resultData_candidates_values_dotProducts_0_1/DSP_M_DATA.U_DATA<2>
    DSP48E2_X1Y76        DSP_ALU (Prop_DSP_ALU_DSP48E2_U_DATA[2]_ALU_OUT[2])
                                                      0.702     6.206 f  mac/resultData_candidates_values_dotProducts_0_1/DSP_ALU_INST/ALU_OUT[2]
                         net (fo=1, routed)           0.000     6.206    mac/resultData_candidates_values_dotProducts_0_1/DSP_ALU.ALU_OUT<2>
    DSP48E2_X1Y76        DSP_OUTPUT (Prop_DSP_OUTPUT_DSP48E2_ALU_OUT[2]_P[2])
                                                      0.193     6.399 r  mac/resultData_candidates_values_dotProducts_0_1/DSP_OUTPUT_INST/P[2]
                         net (fo=2, routed)           0.690     7.089    mac/resultData_candidates_values_dotProducts_0_1_n_103
    SLICE_X4Y190         CARRY8 (Prop_CARRY8_SLICEM_DI[2]_CO[7])
                                                      0.342     7.431 r  mac/memory_reg_0_i_3042/CO[7]
                         net (fo=1, routed)           0.027     7.458    mac/memory_reg_0_i_3042_n_0
    SLICE_X4Y191         CARRY8 (Prop_CARRY8_SLICEM_CI_O[0])
                                                      0.099     7.557 r  mac/memory_reg_0_i_3029/O[0]
                         net (fo=2, routed)           0.519     8.076    mac/memory_reg_0_i_3029_n_15
    SLICE_X12Y191        LUT2 (Prop_A6LUT_SLICEL_I0_O)
                                                      0.071     8.147 r  mac/memory_reg_0_i_3037/O
                         net (fo=1, routed)           0.000     8.147    mac/memory_reg_0_i_3037_n_0
    SLICE_X12Y191        CARRY8 (Prop_CARRY8_SLICEL_S[0]_O[5])
                                                      0.379     8.526 r  mac/memory_reg_0_i_2835/O[5]
                         net (fo=2, routed)           0.439     8.965    mac/memory_reg_0_i_2835_n_10
    SLICE_X17Y187        LUT2 (Prop_F6LUT_SLICEM_I0_O)
                                                      0.075     9.040 r  mac/memory_reg_0_i_2838/O
                         net (fo=1, routed)           0.000     9.040    mac/memory_reg_0_i_2838_n_0
    SLICE_X17Y187        CARRY8 (Prop_CARRY8_SLICEM_S[5]_CO[7])
                                                      0.253     9.293 r  mac/memory_reg_0_i_2620/CO[7]
                         net (fo=1, routed)           0.027     9.320    mac/memory_reg_0_i_2620_n_0
    SLICE_X17Y188        CARRY8 (Prop_CARRY8_SLICEM_CI_O[0])
                                                      0.099     9.419 r  mac/memory_reg_0_i_2599/O[0]
                         net (fo=1, routed)           0.646    10.065    mac/p_1_in3_out[16]
    SLICE_X23Y178        LUT4 (Prop_A6LUT_SLICEM_I1_O)
                                                      0.071    10.136 r  mac/memory_reg_0_i_2240/O
                         net (fo=1, routed)           0.000    10.136    mac/memory_reg_0_i_2240_n_0
    SLICE_X23Y178        CARRY8 (Prop_CARRY8_SLICEM_S[0]_CO[7])
                                                      0.404    10.540 r  mac/memory_reg_0_i_1121/CO[7]
                         net (fo=1, routed)           0.027    10.567    mac/memory_reg_0_i_1121_n_0
    SLICE_X23Y179        CARRY8 (Prop_CARRY8_SLICEM_CI_O[7])
                                                      0.186    10.753 r  mac/memory_reg_0_i_1070/O[7]
                         net (fo=1, routed)           0.699    11.452    mac/_GEN_10[2]043_out[31]
    SLICE_X30Y161        LUT6 (Prop_A6LUT_SLICEM_I0_O)
                                                      0.071    11.523 r  mac/memory_reg_0_i_556/O
                         net (fo=1, routed)           0.216    11.739    mac/memory_reg_0_i_556_n_0
    SLICE_X30Y157        LUT6 (Prop_A6LUT_SLICEM_I5_O)
                                                      0.040    11.779 r  mac/memory_reg_0_i_198/O
                         net (fo=4, routed)           0.227    12.006    alu/_mac_io_write_bits_data[63]
    SLICE_X30Y157        LUT6 (Prop_B6LUT_SLICEM_I0_O)
                                                      0.177    12.183 r  alu/memory_reg_0_i_38__0/O
                         net (fo=7, routed)           0.830    13.013    vrf/banks_0_2/memory_reg_7_0[63]
    RAMB36_X5Y27         RAMB36E2                                     r  vrf/banks_0_2/memory_reg_0/DINBDIN[31]
  -------------------------------------------------------------------    -------------------

                         (clock rvv_clock rise edge)
                                                     10.000    10.000 r  
                                                      0.000    10.000 r  clock (IN)
                         net (fo=17273, unset)        0.000    10.000    vrf/banks_0_2/clock
    RAMB36_X5Y27         RAMB36E2                                     r  vrf/banks_0_2/memory_reg_0/CLKBWRCLK
                         clock pessimism              0.000    10.000    
                         clock uncertainty           -0.035     9.965    
    RAMB36_X5Y27         RAMB36E2 (Setup_RAMB36E2_RAMB36_CLKBWRCLK_DINBDIN[31])
                                                     -0.302     9.663    vrf/banks_0_2/memory_reg_0
  -------------------------------------------------------------------
                         required time                          9.663    
                         arrival time                         -13.013    
  -------------------------------------------------------------------
                         slack                                 -3.350    





Min Delay Paths
--------------------------------------------------------------------------------------
Slack (MET) :             0.053ns  (arrival time - required time)
  Source:                 front/pending_1_decoded_store_reg/C
                            (rising edge-triggered cell FDRE clocked by rvv_clock  {rise@0.000ns fall@5.000ns period=10.000ns})
  Destination:            front/pending_1_decoded_store_reg/D
                            (rising edge-triggered cell FDRE clocked by rvv_clock  {rise@0.000ns fall@5.000ns period=10.000ns})
  Path Group:             rvv_clock
  Path Type:              Hold (Min at Fast Process Corner)
  Requirement:            0.000ns  (rvv_clock rise@0.000ns - rvv_clock rise@0.000ns)
  Data Path Delay:        0.109ns  (logic 0.064ns (58.716%)  route 0.045ns (41.284%))
  Logic Levels:           1  (LUT5=1)

    Location             Delay type                Incr(ns)  Path(ns)    Netlist Resource(s)
  -------------------------------------------------------------------    -------------------
                         (clock rvv_clock rise edge)
                                                      0.000     0.000 r  
                                                      0.000     0.000 r  clock (IN)
                         net (fo=17273, unset)        0.000     0.000    front/clock
    SLICE_X7Y255         FDRE                                         r  front/pending_1_decoded_store_reg/C
  -------------------------------------------------------------------    -------------------
    SLICE_X7Y255         FDRE (Prop_AFF_SLICEM_C_Q)
                                                      0.049     0.049 r  front/pending_1_decoded_store_reg/Q
                         net (fo=3, routed)           0.033     0.082    front/viq/ram/_GEN_5[0]
    SLICE_X7Y255         LUT5 (Prop_A6LUT_SLICEM_I4_O)
                                                      0.015     0.097 r  front/viq/ram/pending_1_decoded_store_i_1/O
                         net (fo=1, routed)           0.012     0.109    front/viq_n_966
    SLICE_X7Y255         FDRE                                         r  front/pending_1_decoded_store_reg/D
  -------------------------------------------------------------------    -------------------

                         (clock rvv_clock rise edge)
                                                      0.000     0.000 r  
                                                      0.000     0.000 r  clock (IN)
                         net (fo=17273, unset)        0.000     0.000    front/clock
    SLICE_X7Y255         FDRE                                         r  front/pending_1_decoded_store_reg/C
                         clock pessimism              0.000     0.000    
    SLICE_X7Y255         FDRE (Hold_AFF_SLICEM_C_D)
                                                      0.056     0.056    front/pending_1_decoded_store_reg
  -------------------------------------------------------------------
                         required time                         -0.056    
                         arrival time                           0.109    
  -------------------------------------------------------------------
                         slack                                  0.053    





Pulse Width Checks
--------------------------------------------------------------------------------------
Clock Name:         rvv_clock
Waveform(ns):       { 0.000 5.000 }
Period(ns):         10.000
Sources:            { clock }

Check Type        Corner  Lib Pin             Reference Pin  Required(ns)  Actual(ns)  Slack(ns)  Location      Pin
Min Period        n/a     RAMB36E2/CLKARDCLK  n/a            1.961         10.000      8.039      RAMB36_X1Y46  mem/returnBuffer/ram_ext/Memory_reg_0/CLKARDCLK
Low Pulse Width   Slow    RAMB36E2/CLKARDCLK  n/a            0.980         5.000       4.020      RAMB36_X1Y46  mem/returnBuffer/ram_ext/Memory_reg_0/CLKARDCLK
High Pulse Width  Slow    RAMB36E2/CLKARDCLK  n/a            0.980         5.000       4.020      RAMB36_X1Y46  mem/returnBuffer/ram_ext/Memory_reg_0/CLKARDCLK



