Copyright 1986-2022 Xilinx, Inc. All Rights Reserved.
------------------------------------------------------------------------------------------------------------------------------------
| Tool Version : Vivado v.2022.2 (lin64) Build 3671981 Fri Oct 14 04:59:54 MDT 2022
| Date         : Wed Oct  7 16:32:28 2026
| Host         : chen-System-Product-Name running 64-bit Ubuntu 24.04.4 LTS
| Command      : report_utilization -hierarchical -file /home/chen/FUN/flow-r03-evidence/a4/s1/reports/utilization-hierarchical.rpt
| Design       : RvvCoprocessor
| Device       : xcku040-ffva1156-2-e
| Speed File   : -2
| Design State : Synthesized
------------------------------------------------------------------------------------------------------------------------------------

Utilization Design Information

Table of Contents
-----------------
1. Utilization by Hierarchy

1. Utilization by Hierarchy
---------------------------

+----------------------+------------------------+------------+------------+---------+------+-------+--------+--------+------+------------+
|       Instance       |         Module         | Total LUTs | Logic LUTs | LUTRAMs | SRLs |  FFs  | RAMB36 | RAMB18 | URAM | DSP Blocks |
+----------------------+------------------------+------------+------------+---------+------+-------+--------+--------+------+------------+
| RvvCoprocessor       |                  (top) |      72679 |      72087 |     592 |    0 | 15533 |    199 |      1 |    0 |        154 |
|   (RvvCoprocessor)   |                  (top) |       2225 |       2225 |       0 |    0 |  1004 |      0 |      0 |    0 |          0 |
|   alu                |    RvvIntegerSequencer |      17099 |      17099 |       0 |    0 |  1271 |      0 |      0 |    0 |          0 |
|   cross_0            |  RvvCrossLaneSequencer |         34 |         34 |       0 |    0 |    91 |      0 |      0 |    0 |          0 |
|   front              |            RvvFrontend |       5545 |       5369 |     176 |    0 |  4158 |      0 |      0 |    0 |          0 |
|     (front)          |            RvvFrontend |       4317 |       4317 |       0 |    0 |  4148 |      0 |      0 |    0 |          0 |
|     viq              |         RvvLutramQueue |       1228 |       1052 |     176 |    0 |    10 |      0 |      0 |    0 |          0 |
|       (viq)          |         RvvLutramQueue |         17 |         17 |       0 |    0 |    10 |      0 |      0 |    0 |          0 |
|       ram            |      RvvDistributedRam |       1211 |       1035 |     176 |    0 |     0 |      0 |      0 |    0 |          0 |
|   mac                |  RvvIntegerSequencer_1 |      10758 |      10758 |       0 |    0 |  3740 |      0 |      0 |    0 |        154 |
|   mem                |           RvvLoadStore |      15472 |      15312 |     160 |    0 |  3511 |      7 |      1 |    0 |          0 |
|     (mem)            |           RvvLoadStore |       3372 |       3372 |       0 |    0 |  3460 |      0 |      0 |    0 |          0 |
|     bSlots           |         Queue256_UInt4 |        252 |        220 |      32 |    0 |    17 |      0 |      0 |    0 |          0 |
|       (bSlots)       |         Queue256_UInt4 |        181 |        181 |       0 |    0 |    17 |      0 |      0 |    0 |          0 |
|       ram_ext        |              ram_256x4 |         71 |         39 |      32 |    0 |     0 |      0 |      0 |    0 |          0 |
|     bursts           |         Queue256_Burst |       1540 |       1412 |     128 |    0 |    17 |      0 |      0 |    0 |          0 |
|       (bursts)       |         Queue256_Burst |        121 |        121 |       0 |    0 |    17 |      0 |      0 |    0 |          0 |
|       ram_ext        |             ram_256x26 |       1419 |       1291 |     128 |    0 |     0 |      0 |      0 |    0 |          0 |
|     returnBuffer     |    Queue256_ReturnBeat |      10311 |      10311 |       0 |    0 |    17 |      7 |      1 |    0 |          0 |
|       (returnBuffer) |    Queue256_ReturnBeat |         22 |         22 |       0 |    0 |    17 |      0 |      0 |    0 |          0 |
|       ram_ext        |            ram_256x529 |      10289 |      10289 |       0 |    0 |     0 |      7 |      1 |    0 |          0 |
|   queues_0           |   Queue4_RvvDescriptor |         90 |         10 |      80 |    0 |     5 |      0 |      0 |    0 |          0 |
|     (queues_0)       |   Queue4_RvvDescriptor |          7 |          7 |       0 |    0 |     5 |      0 |      0 |    0 |          0 |
|     ram_ext          |              ram_4x136 |         83 |          3 |      80 |    0 |     0 |      0 |      0 |    0 |          0 |
|   queues_1           |   Queue2_RvvDescriptor |         81 |          1 |      80 |    0 |     3 |      0 |      0 |    0 |          0 |
|     (queues_1)       |   Queue2_RvvDescriptor |          1 |          1 |       0 |    0 |     3 |      0 |      0 |    0 |          0 |
|     ram_ext          |           ram_2x134_27 |         80 |          0 |      80 |    0 |     0 |      0 |      0 |    0 |          0 |
|   queues_2           | Queue2_RvvDescriptor_0 |         71 |          7 |      64 |    0 |     3 |      0 |      0 |    0 |          0 |
|     (queues_2)       | Queue2_RvvDescriptor_0 |          6 |          6 |       0 |    0 |     3 |      0 |      0 |    0 |          0 |
|     ram_ext          |           ram_2x134_26 |         65 |          1 |      64 |    0 |     0 |      0 |      0 |    0 |          0 |
|   queues_3           | Queue2_RvvDescriptor_1 |          2 |          2 |       0 |    0 |     2 |      0 |      0 |    0 |          0 |
|   queues_4           | Queue2_RvvDescriptor_2 |         36 |          4 |      32 |    0 |     3 |      0 |      0 |    0 |          0 |
|     (queues_4)       | Queue2_RvvDescriptor_2 |          3 |          3 |       0 |    0 |     3 |      0 |      0 |    0 |          0 |
|     ram_ext          |              ram_2x134 |         33 |          1 |      32 |    0 |     0 |      0 |      0 |    0 |          0 |
|   sb                 |          RvvScoreboard |       7463 |       7463 |       0 |    0 |  1174 |      0 |      0 |    0 |          0 |
|   vrf                |        RvvRegisterFile |      14516 |      14516 |       0 |    0 |   568 |    192 |      0 |    0 |          0 |
|     (vrf)            |        RvvRegisterFile |       3072 |       3072 |       0 |    0 |   568 |      0 |      0 |    0 |          0 |
|     banks_0_0        |             RvvVrfBank |          0 |          0 |       0 |    0 |     0 |      8 |      0 |    0 |          0 |
|     banks_0_1        |           RvvVrfBank_3 |          0 |          0 |       0 |    0 |     0 |      8 |      0 |    0 |          0 |
|     banks_0_2        |           RvvVrfBank_4 |          0 |          0 |       0 |    0 |     0 |      8 |      0 |    0 |          0 |
|     banks_0_3        |           RvvVrfBank_5 |          0 |          0 |       0 |    0 |     0 |      8 |      0 |    0 |          0 |
|     banks_0_4        |           RvvVrfBank_6 |          0 |          0 |       0 |    0 |     0 |      8 |      0 |    0 |          0 |
|     banks_0_5        |           RvvVrfBank_7 |          0 |          0 |       0 |    0 |     0 |      8 |      0 |    0 |          0 |
|     banks_1_0        |           RvvVrfBank_8 |          0 |          0 |       0 |    0 |     0 |      8 |      0 |    0 |          0 |
|     banks_1_1        |           RvvVrfBank_9 |        511 |        511 |       0 |    0 |     0 |      8 |      0 |    0 |          0 |
|     banks_1_2        |          RvvVrfBank_10 |          0 |          0 |       0 |    0 |     0 |      8 |      0 |    0 |          0 |
|     banks_1_3        |          RvvVrfBank_11 |          0 |          0 |       0 |    0 |     0 |      8 |      0 |    0 |          0 |
|     banks_1_4        |          RvvVrfBank_12 |          0 |          0 |       0 |    0 |     0 |      8 |      0 |    0 |          0 |
|     banks_1_5        |          RvvVrfBank_13 |          0 |          0 |       0 |    0 |     0 |      8 |      0 |    0 |          0 |
|     banks_2_0        |          RvvVrfBank_14 |          0 |          0 |       0 |    0 |     0 |      8 |      0 |    0 |          0 |
|     banks_2_1        |          RvvVrfBank_15 |          0 |          0 |       0 |    0 |     0 |      8 |      0 |    0 |          0 |
|     banks_2_2        |          RvvVrfBank_16 |          0 |          0 |       0 |    0 |     0 |      8 |      0 |    0 |          0 |
|     banks_2_3        |          RvvVrfBank_17 |          0 |          0 |       0 |    0 |     0 |      8 |      0 |    0 |          0 |
|     banks_2_4        |          RvvVrfBank_18 |          0 |          0 |       0 |    0 |     0 |      8 |      0 |    0 |          0 |
|     banks_2_5        |          RvvVrfBank_19 |          0 |          0 |       0 |    0 |     0 |      8 |      0 |    0 |          0 |
|     banks_3_0        |          RvvVrfBank_20 |          0 |          0 |       0 |    0 |     0 |      8 |      0 |    0 |          0 |
|     banks_3_1        |          RvvVrfBank_21 |        192 |        192 |       0 |    0 |     0 |      8 |      0 |    0 |          0 |
|     banks_3_2        |          RvvVrfBank_22 |        389 |        389 |       0 |    0 |     0 |      8 |      0 |    0 |          0 |
|     banks_3_3        |          RvvVrfBank_23 |        512 |        512 |       0 |    0 |     0 |      8 |      0 |    0 |          0 |
|     banks_3_4        |          RvvVrfBank_24 |       9280 |       9280 |       0 |    0 |     0 |      8 |      0 |    0 |          0 |
|     banks_3_5        |          RvvVrfBank_25 |        560 |        560 |       0 |    0 |     0 |      8 |      0 |    0 |          0 |
+----------------------+------------------------+------------+------------+---------+------+-------+--------+--------+------+------------+


