Copyright 1986-2022 Xilinx, Inc. All Rights Reserved.
---------------------------------------------------------------------------------------------------------------------------------------
| Tool Version      : Vivado v.2022.2 (lin64) Build 3671981 Fri Oct 14 04:59:54 MDT 2022
| Date              : Wed Oct  7 16:32:48 2026
| Host              : chen-System-Product-Name running 64-bit Ubuntu 24.04.4 LTS
| Command           : report_timing -max_paths 10 -path_type full -file /home/chen/FUN/flow-r03-evidence/a4/s1/reports/worst-paths.rpt
| Design            : RvvCoprocessor
| Device            : xcku040-ffva1156
| Speed File        : -2  PRODUCTION 1.25 12-04-2018
| Temperature Grade : E
---------------------------------------------------------------------------------------------------------------------------------------

Timing Report

Slack (MET) :             0.242ns  (required time - arrival time)
  Source:                 vrf/banks_2_3/memory_reg_0/CLKARDCLK
                            (rising edge-triggered cell RAMB36E2 clocked by rvv_clock  {rise@0.000ns fall@5.000ns period=10.000ns})
  Destination:            vrf/banks_0_0/memory_reg_0/DINBDIN[25]
                            (rising edge-triggered cell RAMB36E2 clocked by rvv_clock  {rise@0.000ns fall@5.000ns period=10.000ns})
  Path Group:             rvv_clock
  Path Type:              Setup (Max at Slow Process Corner)
  Requirement:            10.000ns  (rvv_clock rise@10.000ns - rvv_clock rise@0.000ns)
  Data Path Delay:        9.400ns  (logic 6.073ns (64.606%)  route 3.327ns (35.394%))
  Logic Levels:           22  (CARRY8=7 DSP_A_B_DATA=1 DSP_ALU=1 DSP_M_DATA=1 DSP_MULTIPLIER=1 DSP_OUTPUT=1 DSP_PREADD_DATA=1 LUT2=2 LUT3=1 LUT4=1 LUT6=5)
  Clock Uncertainty:      0.035ns  ((TSJ^2 + TIJ^2)^1/2 + DJ) / 2 + PE
    Total System Jitter     (TSJ):    0.071ns
    Total Input Jitter      (TIJ):    0.000ns
    Discrete Jitter          (DJ):    0.000ns
    Phase Error              (PE):    0.000ns

    Location             Delay type                Incr(ns)  Path(ns)    Netlist Resource(s)
  -------------------------------------------------------------------    -------------------
                         (clock rvv_clock rise edge)
                                                      0.000     0.000 r  
                         propagated clock network latency
                                                      0.000     0.000    
                         RAMB36E2                     0.000     0.000 r  vrf/banks_2_3/memory_reg_0/CLKARDCLK
                         RAMB36E2 (Prop_RAMB36E2_CLKARDCLK_DOUTBDOUT[1])
                                                      1.249     1.249 f  vrf/banks_2_3/memory_reg_0/DOUTBDOUT[1]
                         net (fo=1, unplaced)         0.366     1.615    vrf/_banks_2_3_readData[33]
                         LUT6 (Prop_LUT6_I1_O)        0.176     1.791 f  vrf/heldOperands_1[33]_i_4/O
                         net (fo=4, unplaced)         0.264     2.055    vrf/banks_3_3/_vrf_io_readData_3[33]
                         LUT6 (Prop_LUT6_I0_O)        0.132     2.187 f  vrf/banks_3_3/heldOperands_0[33]_i_1__0/O
                         net (fo=2, unplaced)         0.249     2.436    mac/heldOperands_0_reg[511]_0[33]
                         LUT3 (Prop_LUT3_I1_O)        0.040     2.476 f  mac/_GEN_10[1]0__1_i_31/O
                         net (fo=19, unplaced)        0.259     2.735    mac/candidates_values_dotProducts_0_1/A[1]
                         DSP_A_B_DATA (Prop_DSP_A_B_DATA_A[1]_A2_DATA[1])
                                                      0.337     3.072 r  mac/candidates_values_dotProducts_0_1/DSP_A_B_DATA_INST/A2_DATA[1]
                         net (fo=1, unplaced)         0.000     3.072    mac/candidates_values_dotProducts_0_1/DSP_A_B_DATA.A2_DATA<1>
                         DSP_PREADD_DATA (Prop_DSP_PREADD_DATA_A2_DATA[1]_A2A1[1])
                                                      0.155     3.227 r  mac/candidates_values_dotProducts_0_1/DSP_PREADD_DATA_INST/A2A1[1]
                         net (fo=1, unplaced)         0.000     3.227    mac/candidates_values_dotProducts_0_1/DSP_PREADD_DATA.A2A1<1>
                         DSP_MULTIPLIER (Prop_DSP_MULTIPLIER_A2A1[1]_U[2])
                                                      0.866     4.093 f  mac/candidates_values_dotProducts_0_1/DSP_MULTIPLIER_INST/U[2]
                         net (fo=1, unplaced)         0.000     4.093    mac/candidates_values_dotProducts_0_1/DSP_MULTIPLIER.U<2>
                         DSP_M_DATA (Prop_DSP_M_DATA_U[2]_U_DATA[2])
                                                      0.110     4.203 r  mac/candidates_values_dotProducts_0_1/DSP_M_DATA_INST/U_DATA[2]
                         net (fo=1, unplaced)         0.000     4.203    mac/candidates_values_dotProducts_0_1/DSP_M_DATA.U_DATA<2>
                         DSP_ALU (Prop_DSP_ALU_U_DATA[2]_ALU_OUT[2])
                                                      0.702     4.905 f  mac/candidates_values_dotProducts_0_1/DSP_ALU_INST/ALU_OUT[2]
                         net (fo=1, unplaced)         0.000     4.905    mac/candidates_values_dotProducts_0_1/DSP_ALU.ALU_OUT<2>
                         DSP_OUTPUT (Prop_DSP_OUTPUT_ALU_OUT[2]_P[2])
                                                      0.193     5.098 r  mac/candidates_values_dotProducts_0_1/DSP_OUTPUT_INST/P[2]
                         net (fo=2, unplaced)         0.417     5.515    mac/candidates_values_dotProducts_0_1_n_103
                         CARRY8 (Prop_CARRY8_DI[2]_CO[7])
                                                      0.349     5.864 r  mac/memory_reg_0_i_5818/CO[7]
                         net (fo=1, unplaced)         0.000     5.864    mac/memory_reg_0_i_5818_n_0
                         CARRY8 (Prop_CARRY8_CI_O[0])
                                                      0.099     5.963 r  mac/memory_reg_0_i_5766/O[0]
                         net (fo=2, unplaced)         0.249     6.212    mac/memory_reg_0_i_5766_n_15
                         LUT2 (Prop_LUT2_I0_O)        0.040     6.252 r  mac/memory_reg_0_i_5774/O
                         net (fo=1, unplaced)         0.000     6.252    mac/memory_reg_0_i_5774_n_0
                         CARRY8 (Prop_CARRY8_S[0]_O[5])
                                                      0.379     6.631 r  mac/memory_reg_0_i_5086/O[5]
                         net (fo=2, unplaced)         0.310     6.941    mac/memory_reg_0_i_5086_n_10
                         LUT2 (Prop_LUT2_I0_O)        0.043     6.984 r  mac/memory_reg_0_i_5089/O
                         net (fo=1, unplaced)         0.000     6.984    mac/memory_reg_0_i_5089_n_0
                         CARRY8 (Prop_CARRY8_S[5]_CO[7])
                                                      0.262     7.246 r  mac/memory_reg_0_i_3686/CO[7]
                         net (fo=1, unplaced)         0.000     7.246    mac/memory_reg_0_i_3686_n_0
                         CARRY8 (Prop_CARRY8_CI_O[0])
                                                      0.099     7.345 r  mac/memory_reg_0_i_3269/O[0]
                         net (fo=1, unplaced)         0.249     7.594    mac/p_1_in3_out[16]
                         LUT4 (Prop_LUT4_I1_O)        0.040     7.634 r  mac/memory_reg_0_i_1508/O
                         net (fo=1, unplaced)         0.000     7.634    mac/memory_reg_0_i_1508_n_0
                         CARRY8 (Prop_CARRY8_S[0]_CO[7])
                                                      0.413     8.047 r  mac/memory_reg_0_i_616/CO[7]
                         net (fo=1, unplaced)         0.000     8.047    mac/memory_reg_0_i_616_n_0
                         CARRY8 (Prop_CARRY8_CI_O[1])
                                                      0.133     8.180 r  mac/memory_reg_0_i_559/O[1]
                         net (fo=1, unplaced)         0.248     8.428    mac/_GEN_10[2]043_out[25]
                         LUT6 (Prop_LUT6_I0_O)        0.040     8.468 r  mac/memory_reg_0_i_594/O
                         net (fo=1, unplaced)         0.249     8.717    mac/memory_reg_0_i_594_n_0
                         LUT6 (Prop_LUT6_I5_O)        0.040     8.757 r  mac/memory_reg_0_i_202/O
                         net (fo=4, unplaced)         0.243     9.000    alu/_mac_io_write_bits_data[36]
                         LUT6 (Prop_LUT6_I0_O)        0.176     9.176 r  alu/memory_reg_0_i_47__2/O
                         net (fo=7, unplaced)         0.224     9.400    vrf/banks_0_0/p_1_in[57]
                         RAMB36E2                                     r  vrf/banks_0_0/memory_reg_0/DINBDIN[25]
  -------------------------------------------------------------------    -------------------

                         (clock rvv_clock rise edge)
                                                     10.000    10.000 r  
                         propagated clock network latency
                                                      0.000    10.000    
                         clock pessimism              0.000    10.000    
                         clock uncertainty           -0.035     9.965    
                         RAMB36E2 (Setup_RAMB36E2_CLKBWRCLK_DINBDIN[25])
                                                     -0.323     9.642    vrf/banks_0_0/memory_reg_0
  -------------------------------------------------------------------
                         required time                          9.642    
                         arrival time                          -9.400    
  -------------------------------------------------------------------
                         slack                                  0.242    

Slack (MET) :             0.242ns  (required time - arrival time)
  Source:                 vrf/banks_2_3/memory_reg_1/CLKARDCLK
                            (rising edge-triggered cell RAMB36E2 clocked by rvv_clock  {rise@0.000ns fall@5.000ns period=10.000ns})
  Destination:            vrf/banks_0_0/memory_reg_1/DINBDIN[25]
                            (rising edge-triggered cell RAMB36E2 clocked by rvv_clock  {rise@0.000ns fall@5.000ns period=10.000ns})
  Path Group:             rvv_clock
  Path Type:              Setup (Max at Slow Process Corner)
  Requirement:            10.000ns  (rvv_clock rise@10.000ns - rvv_clock rise@0.000ns)
  Data Path Delay:        9.400ns  (logic 6.073ns (64.606%)  route 3.327ns (35.394%))
  Logic Levels:           22  (CARRY8=7 DSP_A_B_DATA=1 DSP_ALU=1 DSP_M_DATA=1 DSP_MULTIPLIER=1 DSP_OUTPUT=1 DSP_PREADD_DATA=1 LUT2=2 LUT3=1 LUT4=1 LUT6=5)
  Clock Uncertainty:      0.035ns  ((TSJ^2 + TIJ^2)^1/2 + DJ) / 2 + PE
    Total System Jitter     (TSJ):    0.071ns
    Total Input Jitter      (TIJ):    0.000ns
    Discrete Jitter          (DJ):    0.000ns
    Phase Error              (PE):    0.000ns

    Location             Delay type                Incr(ns)  Path(ns)    Netlist Resource(s)
  -------------------------------------------------------------------    -------------------
                         (clock rvv_clock rise edge)
                                                      0.000     0.000 r  
                         propagated clock network latency
                                                      0.000     0.000    
                         RAMB36E2                     0.000     0.000 r  vrf/banks_2_3/memory_reg_1/CLKARDCLK
                         RAMB36E2 (Prop_RAMB36E2_CLKARDCLK_DOUTBDOUT[1])
                                                      1.249     1.249 f  vrf/banks_2_3/memory_reg_1/DOUTBDOUT[1]
                         net (fo=1, unplaced)         0.366     1.615    vrf/_banks_2_3_readData[97]
                         LUT6 (Prop_LUT6_I1_O)        0.176     1.791 f  vrf/heldOperands_1[97]_i_4/O
                         net (fo=4, unplaced)         0.264     2.055    vrf/banks_3_3/_vrf_io_readData_3[97]
                         LUT6 (Prop_LUT6_I0_O)        0.132     2.187 f  vrf/banks_3_3/heldOperands_0[97]_i_1__0/O
                         net (fo=2, unplaced)         0.249     2.436    mac/heldOperands_0_reg[511]_0[97]
                         LUT3 (Prop_LUT3_I1_O)        0.040     2.476 f  mac/_GEN_10[1]0__5_i_31/O
                         net (fo=19, unplaced)        0.259     2.735    mac/candidates_values_dotProducts_0_3/A[1]
                         DSP_A_B_DATA (Prop_DSP_A_B_DATA_A[1]_A2_DATA[1])
                                                      0.337     3.072 r  mac/candidates_values_dotProducts_0_3/DSP_A_B_DATA_INST/A2_DATA[1]
                         net (fo=1, unplaced)         0.000     3.072    mac/candidates_values_dotProducts_0_3/DSP_A_B_DATA.A2_DATA<1>
                         DSP_PREADD_DATA (Prop_DSP_PREADD_DATA_A2_DATA[1]_A2A1[1])
                                                      0.155     3.227 r  mac/candidates_values_dotProducts_0_3/DSP_PREADD_DATA_INST/A2A1[1]
                         net (fo=1, unplaced)         0.000     3.227    mac/candidates_values_dotProducts_0_3/DSP_PREADD_DATA.A2A1<1>
                         DSP_MULTIPLIER (Prop_DSP_MULTIPLIER_A2A1[1]_U[2])
                                                      0.866     4.093 f  mac/candidates_values_dotProducts_0_3/DSP_MULTIPLIER_INST/U[2]
                         net (fo=1, unplaced)         0.000     4.093    mac/candidates_values_dotProducts_0_3/DSP_MULTIPLIER.U<2>
                         DSP_M_DATA (Prop_DSP_M_DATA_U[2]_U_DATA[2])
                                                      0.110     4.203 r  mac/candidates_values_dotProducts_0_3/DSP_M_DATA_INST/U_DATA[2]
                         net (fo=1, unplaced)         0.000     4.203    mac/candidates_values_dotProducts_0_3/DSP_M_DATA.U_DATA<2>
                         DSP_ALU (Prop_DSP_ALU_U_DATA[2]_ALU_OUT[2])
                                                      0.702     4.905 f  mac/candidates_values_dotProducts_0_3/DSP_ALU_INST/ALU_OUT[2]
                         net (fo=1, unplaced)         0.000     4.905    mac/candidates_values_dotProducts_0_3/DSP_ALU.ALU_OUT<2>
                         DSP_OUTPUT (Prop_DSP_OUTPUT_ALU_OUT[2]_P[2])
                                                      0.193     5.098 r  mac/candidates_values_dotProducts_0_3/DSP_OUTPUT_INST/P[2]
                         net (fo=2, unplaced)         0.417     5.515    mac/candidates_values_dotProducts_0_3_n_103
                         CARRY8 (Prop_CARRY8_DI[2]_CO[7])
                                                      0.349     5.864 r  mac/memory_reg_1_i_5620/CO[7]
                         net (fo=1, unplaced)         0.000     5.864    mac/memory_reg_1_i_5620_n_0
                         CARRY8 (Prop_CARRY8_CI_O[0])
                                                      0.099     5.963 r  mac/memory_reg_1_i_5586/O[0]
                         net (fo=2, unplaced)         0.249     6.212    mac/memory_reg_1_i_5586_n_15
                         LUT2 (Prop_LUT2_I0_O)        0.040     6.252 r  mac/memory_reg_1_i_5594/O
                         net (fo=1, unplaced)         0.000     6.252    mac/memory_reg_1_i_5594_n_0
                         CARRY8 (Prop_CARRY8_S[0]_O[5])
                                                      0.379     6.631 r  mac/memory_reg_1_i_4996/O[5]
                         net (fo=2, unplaced)         0.310     6.941    mac/memory_reg_1_i_4996_n_10
                         LUT2 (Prop_LUT2_I0_O)        0.043     6.984 r  mac/memory_reg_1_i_4999/O
                         net (fo=1, unplaced)         0.000     6.984    mac/memory_reg_1_i_4999_n_0
                         CARRY8 (Prop_CARRY8_S[5]_CO[7])
                                                      0.262     7.246 r  mac/memory_reg_1_i_3657/CO[7]
                         net (fo=1, unplaced)         0.000     7.246    mac/memory_reg_1_i_3657_n_0
                         CARRY8 (Prop_CARRY8_CI_O[0])
                                                      0.099     7.345 r  mac/memory_reg_1_i_3248/O[0]
                         net (fo=1, unplaced)         0.249     7.594    mac/p_1_in9_out[16]
                         LUT4 (Prop_LUT4_I1_O)        0.040     7.634 r  mac/memory_reg_1_i_1438/O
                         net (fo=1, unplaced)         0.000     7.634    mac/memory_reg_1_i_1438_n_0
                         CARRY8 (Prop_CARRY8_S[0]_CO[7])
                                                      0.413     8.047 r  mac/memory_reg_1_i_560/CO[7]
                         net (fo=1, unplaced)         0.000     8.047    mac/memory_reg_1_i_560_n_0
                         CARRY8 (Prop_CARRY8_CI_O[1])
                                                      0.133     8.180 r  mac/memory_reg_1_i_506/O[1]
                         net (fo=1, unplaced)         0.248     8.428    mac/_GEN_10[2]037_out[25]
                         LUT6 (Prop_LUT6_I0_O)        0.040     8.468 r  mac/memory_reg_1_i_540/O
                         net (fo=1, unplaced)         0.249     8.717    mac/memory_reg_1_i_540_n_0
                         LUT6 (Prop_LUT6_I5_O)        0.040     8.757 r  mac/memory_reg_1_i_182/O
                         net (fo=4, unplaced)         0.243     9.000    alu/_mac_io_write_bits_data[76]
                         LUT6 (Prop_LUT6_I0_O)        0.176     9.176 r  alu/memory_reg_1_i_43/O
                         net (fo=7, unplaced)         0.224     9.400    vrf/banks_0_0/p_1_in[121]
                         RAMB36E2                                     r  vrf/banks_0_0/memory_reg_1/DINBDIN[25]
  -------------------------------------------------------------------    -------------------

                         (clock rvv_clock rise edge)
                                                     10.000    10.000 r  
                         propagated clock network latency
                                                      0.000    10.000    
                         clock pessimism              0.000    10.000    
                         clock uncertainty           -0.035     9.965    
                         RAMB36E2 (Setup_RAMB36E2_CLKBWRCLK_DINBDIN[25])
                                                     -0.323     9.642    vrf/banks_0_0/memory_reg_1
  -------------------------------------------------------------------
                         required time                          9.642    
                         arrival time                          -9.400    
  -------------------------------------------------------------------
                         slack                                  0.242    

Slack (MET) :             0.242ns  (required time - arrival time)
  Source:                 vrf/banks_2_3/memory_reg_2/CLKARDCLK
                            (rising edge-triggered cell RAMB36E2 clocked by rvv_clock  {rise@0.000ns fall@5.000ns period=10.000ns})
  Destination:            vrf/banks_0_0/memory_reg_2/DINBDIN[25]
                            (rising edge-triggered cell RAMB36E2 clocked by rvv_clock  {rise@0.000ns fall@5.000ns period=10.000ns})
  Path Group:             rvv_clock
  Path Type:              Setup (Max at Slow Process Corner)
  Requirement:            10.000ns  (rvv_clock rise@10.000ns - rvv_clock rise@0.000ns)
  Data Path Delay:        9.400ns  (logic 6.073ns (64.606%)  route 3.327ns (35.394%))
  Logic Levels:           22  (CARRY8=7 DSP_A_B_DATA=1 DSP_ALU=1 DSP_M_DATA=1 DSP_MULTIPLIER=1 DSP_OUTPUT=1 DSP_PREADD_DATA=1 LUT2=2 LUT3=1 LUT4=1 LUT6=5)
  Clock Uncertainty:      0.035ns  ((TSJ^2 + TIJ^2)^1/2 + DJ) / 2 + PE
    Total System Jitter     (TSJ):    0.071ns
    Total Input Jitter      (TIJ):    0.000ns
    Discrete Jitter          (DJ):    0.000ns
    Phase Error              (PE):    0.000ns

    Location             Delay type                Incr(ns)  Path(ns)    Netlist Resource(s)
  -------------------------------------------------------------------    -------------------
                         (clock rvv_clock rise edge)
                                                      0.000     0.000 r  
                         propagated clock network latency
                                                      0.000     0.000    
                         RAMB36E2                     0.000     0.000 r  vrf/banks_2_3/memory_reg_2/CLKARDCLK
                         RAMB36E2 (Prop_RAMB36E2_CLKARDCLK_DOUTBDOUT[1])
                                                      1.249     1.249 f  vrf/banks_2_3/memory_reg_2/DOUTBDOUT[1]
                         net (fo=1, unplaced)         0.366     1.615    vrf/_banks_2_3_readData[161]
                         LUT6 (Prop_LUT6_I1_O)        0.176     1.791 f  vrf/heldOperands_1[161]_i_4/O
                         net (fo=4, unplaced)         0.264     2.055    vrf/banks_3_3/_vrf_io_readData_3[161]
                         LUT6 (Prop_LUT6_I0_O)        0.132     2.187 f  vrf/banks_3_3/heldOperands_0[161]_i_1__0/O
                         net (fo=2, unplaced)         0.249     2.436    mac/heldOperands_0_reg[511]_0[161]
                         LUT3 (Prop_LUT3_I1_O)        0.040     2.476 f  mac/_GEN_10[1]0__9_i_31/O
                         net (fo=19, unplaced)        0.259     2.735    mac/candidates_values_dotProducts_0_5/A[1]
                         DSP_A_B_DATA (Prop_DSP_A_B_DATA_A[1]_A2_DATA[1])
                                                      0.337     3.072 r  mac/candidates_values_dotProducts_0_5/DSP_A_B_DATA_INST/A2_DATA[1]
                         net (fo=1, unplaced)         0.000     3.072    mac/candidates_values_dotProducts_0_5/DSP_A_B_DATA.A2_DATA<1>
                         DSP_PREADD_DATA (Prop_DSP_PREADD_DATA_A2_DATA[1]_A2A1[1])
                                                      0.155     3.227 r  mac/candidates_values_dotProducts_0_5/DSP_PREADD_DATA_INST/A2A1[1]
                         net (fo=1, unplaced)         0.000     3.227    mac/candidates_values_dotProducts_0_5/DSP_PREADD_DATA.A2A1<1>
                         DSP_MULTIPLIER (Prop_DSP_MULTIPLIER_A2A1[1]_U[2])
                                                      0.866     4.093 f  mac/candidates_values_dotProducts_0_5/DSP_MULTIPLIER_INST/U[2]
                         net (fo=1, unplaced)         0.000     4.093    mac/candidates_values_dotProducts_0_5/DSP_MULTIPLIER.U<2>
                         DSP_M_DATA (Prop_DSP_M_DATA_U[2]_U_DATA[2])
                                                      0.110     4.203 r  mac/candidates_values_dotProducts_0_5/DSP_M_DATA_INST/U_DATA[2]
                         net (fo=1, unplaced)         0.000     4.203    mac/candidates_values_dotProducts_0_5/DSP_M_DATA.U_DATA<2>
                         DSP_ALU (Prop_DSP_ALU_U_DATA[2]_ALU_OUT[2])
                                                      0.702     4.905 f  mac/candidates_values_dotProducts_0_5/DSP_ALU_INST/ALU_OUT[2]
                         net (fo=1, unplaced)         0.000     4.905    mac/candidates_values_dotProducts_0_5/DSP_ALU.ALU_OUT<2>
                         DSP_OUTPUT (Prop_DSP_OUTPUT_ALU_OUT[2]_P[2])
                                                      0.193     5.098 r  mac/candidates_values_dotProducts_0_5/DSP_OUTPUT_INST/P[2]
                         net (fo=2, unplaced)         0.417     5.515    mac/candidates_values_dotProducts_0_5_n_103
                         CARRY8 (Prop_CARRY8_DI[2]_CO[7])
                                                      0.349     5.864 r  mac/memory_reg_2_i_5687/CO[7]
                         net (fo=1, unplaced)         0.000     5.864    mac/memory_reg_2_i_5687_n_0
                         CARRY8 (Prop_CARRY8_CI_O[0])
                                                      0.099     5.963 r  mac/memory_reg_2_i_5660/O[0]
                         net (fo=2, unplaced)         0.249     6.212    mac/memory_reg_2_i_5660_n_15
                         LUT2 (Prop_LUT2_I0_O)        0.040     6.252 r  mac/memory_reg_2_i_5668/O
                         net (fo=1, unplaced)         0.000     6.252    mac/memory_reg_2_i_5668_n_0
                         CARRY8 (Prop_CARRY8_S[0]_O[5])
                                                      0.379     6.631 r  mac/memory_reg_2_i_5133/O[5]
                         net (fo=2, unplaced)         0.310     6.941    mac/memory_reg_2_i_5133_n_10
                         LUT2 (Prop_LUT2_I0_O)        0.043     6.984 r  mac/memory_reg_2_i_5136/O
                         net (fo=1, unplaced)         0.000     6.984    mac/memory_reg_2_i_5136_n_0
                         CARRY8 (Prop_CARRY8_S[5]_CO[7])
                                                      0.262     7.246 r  mac/memory_reg_2_i_3700/CO[7]
                         net (fo=1, unplaced)         0.000     7.246    mac/memory_reg_2_i_3700_n_0
                         CARRY8 (Prop_CARRY8_CI_O[0])
                                                      0.099     7.345 r  mac/memory_reg_2_i_3265/O[0]
                         net (fo=1, unplaced)         0.249     7.594    mac/p_1_in15_out[16]
                         LUT4 (Prop_LUT4_I1_O)        0.040     7.634 r  mac/memory_reg_2_i_1441/O
                         net (fo=1, unplaced)         0.000     7.634    mac/memory_reg_2_i_1441_n_0
                         CARRY8 (Prop_CARRY8_S[0]_CO[7])
                                                      0.413     8.047 r  mac/memory_reg_2_i_556/CO[7]
                         net (fo=1, unplaced)         0.000     8.047    mac/memory_reg_2_i_556_n_0
                         CARRY8 (Prop_CARRY8_CI_O[1])
                                                      0.133     8.180 r  mac/memory_reg_2_i_503/O[1]
                         net (fo=1, unplaced)         0.248     8.428    mac/_GEN_10[2]031_out[25]
                         LUT6 (Prop_LUT6_I0_O)        0.040     8.468 r  mac/memory_reg_2_i_536/O
                         net (fo=1, unplaced)         0.249     8.717    mac/memory_reg_2_i_536_n_0
                         LUT6 (Prop_LUT6_I5_O)        0.040     8.757 r  mac/memory_reg_2_i_176/O
                         net (fo=4, unplaced)         0.243     9.000    alu/_mac_io_write_bits_data[116]
                         LUT6 (Prop_LUT6_I0_O)        0.176     9.176 r  alu/memory_reg_2_i_42__2/O
                         net (fo=7, unplaced)         0.224     9.400    vrf/banks_0_0/p_1_in[185]
                         RAMB36E2                                     r  vrf/banks_0_0/memory_reg_2/DINBDIN[25]
  -------------------------------------------------------------------    -------------------

                         (clock rvv_clock rise edge)
                                                     10.000    10.000 r  
                         propagated clock network latency
                                                      0.000    10.000    
                         clock pessimism              0.000    10.000    
                         clock uncertainty           -0.035     9.965    
                         RAMB36E2 (Setup_RAMB36E2_CLKBWRCLK_DINBDIN[25])
                                                     -0.323     9.642    vrf/banks_0_0/memory_reg_2
  -------------------------------------------------------------------
                         required time                          9.642    
                         arrival time                          -9.400    
  -------------------------------------------------------------------
                         slack                                  0.242    

Slack (MET) :             0.242ns  (required time - arrival time)
  Source:                 vrf/banks_2_3/memory_reg_3/CLKARDCLK
                            (rising edge-triggered cell RAMB36E2 clocked by rvv_clock  {rise@0.000ns fall@5.000ns period=10.000ns})
  Destination:            vrf/banks_0_0/memory_reg_3/DINBDIN[25]
                            (rising edge-triggered cell RAMB36E2 clocked by rvv_clock  {rise@0.000ns fall@5.000ns period=10.000ns})
  Path Group:             rvv_clock
  Path Type:              Setup (Max at Slow Process Corner)
  Requirement:            10.000ns  (rvv_clock rise@10.000ns - rvv_clock rise@0.000ns)
  Data Path Delay:        9.400ns  (logic 6.073ns (64.606%)  route 3.327ns (35.394%))
  Logic Levels:           22  (CARRY8=7 DSP_A_B_DATA=1 DSP_ALU=1 DSP_M_DATA=1 DSP_MULTIPLIER=1 DSP_OUTPUT=1 DSP_PREADD_DATA=1 LUT2=2 LUT3=1 LUT4=1 LUT6=5)
  Clock Uncertainty:      0.035ns  ((TSJ^2 + TIJ^2)^1/2 + DJ) / 2 + PE
    Total System Jitter     (TSJ):    0.071ns
    Total Input Jitter      (TIJ):    0.000ns
    Discrete Jitter          (DJ):    0.000ns
    Phase Error              (PE):    0.000ns

    Location             Delay type                Incr(ns)  Path(ns)    Netlist Resource(s)
  -------------------------------------------------------------------    -------------------
                         (clock rvv_clock rise edge)
                                                      0.000     0.000 r  
                         propagated clock network latency
                                                      0.000     0.000    
                         RAMB36E2                     0.000     0.000 r  vrf/banks_2_3/memory_reg_3/CLKARDCLK
                         RAMB36E2 (Prop_RAMB36E2_CLKARDCLK_DOUTBDOUT[1])
                                                      1.249     1.249 f  vrf/banks_2_3/memory_reg_3/DOUTBDOUT[1]
                         net (fo=1, unplaced)         0.366     1.615    vrf/_banks_2_3_readData[225]
                         LUT6 (Prop_LUT6_I1_O)        0.176     1.791 f  vrf/heldOperands_1[225]_i_4/O
                         net (fo=4, unplaced)         0.264     2.055    vrf/banks_3_3/_vrf_io_readData_3[225]
                         LUT6 (Prop_LUT6_I0_O)        0.132     2.187 f  vrf/banks_3_3/heldOperands_0[225]_i_1__0/O
                         net (fo=2, unplaced)         0.249     2.436    mac/heldOperands_0_reg[511]_0[225]
                         LUT3 (Prop_LUT3_I1_O)        0.040     2.476 f  mac/_GEN_10[1]0__13_i_31/O
                         net (fo=19, unplaced)        0.259     2.735    mac/candidates_values_dotProducts_0_7/A[1]
                         DSP_A_B_DATA (Prop_DSP_A_B_DATA_A[1]_A2_DATA[1])
                                                      0.337     3.072 r  mac/candidates_values_dotProducts_0_7/DSP_A_B_DATA_INST/A2_DATA[1]
                         net (fo=1, unplaced)         0.000     3.072    mac/candidates_values_dotProducts_0_7/DSP_A_B_DATA.A2_DATA<1>
                         DSP_PREADD_DATA (Prop_DSP_PREADD_DATA_A2_DATA[1]_A2A1[1])
                                                      0.155     3.227 r  mac/candidates_values_dotProducts_0_7/DSP_PREADD_DATA_INST/A2A1[1]
                         net (fo=1, unplaced)         0.000     3.227    mac/candidates_values_dotProducts_0_7/DSP_PREADD_DATA.A2A1<1>
                         DSP_MULTIPLIER (Prop_DSP_MULTIPLIER_A2A1[1]_U[2])
                                                      0.866     4.093 f  mac/candidates_values_dotProducts_0_7/DSP_MULTIPLIER_INST/U[2]
                         net (fo=1, unplaced)         0.000     4.093    mac/candidates_values_dotProducts_0_7/DSP_MULTIPLIER.U<2>
                         DSP_M_DATA (Prop_DSP_M_DATA_U[2]_U_DATA[2])
                                                      0.110     4.203 r  mac/candidates_values_dotProducts_0_7/DSP_M_DATA_INST/U_DATA[2]
                         net (fo=1, unplaced)         0.000     4.203    mac/candidates_values_dotProducts_0_7/DSP_M_DATA.U_DATA<2>
                         DSP_ALU (Prop_DSP_ALU_U_DATA[2]_ALU_OUT[2])
                                                      0.702     4.905 f  mac/candidates_values_dotProducts_0_7/DSP_ALU_INST/ALU_OUT[2]
                         net (fo=1, unplaced)         0.000     4.905    mac/candidates_values_dotProducts_0_7/DSP_ALU.ALU_OUT<2>
                         DSP_OUTPUT (Prop_DSP_OUTPUT_ALU_OUT[2]_P[2])
                                                      0.193     5.098 r  mac/candidates_values_dotProducts_0_7/DSP_OUTPUT_INST/P[2]
                         net (fo=2, unplaced)         0.417     5.515    mac/candidates_values_dotProducts_0_7_n_103
                         CARRY8 (Prop_CARRY8_DI[2]_CO[7])
                                                      0.349     5.864 r  mac/memory_reg_3_i_5570/CO[7]
                         net (fo=1, unplaced)         0.000     5.864    mac/memory_reg_3_i_5570_n_0
                         CARRY8 (Prop_CARRY8_CI_O[0])
                                                      0.099     5.963 r  mac/memory_reg_3_i_5502/O[0]
                         net (fo=2, unplaced)         0.249     6.212    mac/memory_reg_3_i_5502_n_15
                         LUT2 (Prop_LUT2_I0_O)        0.040     6.252 r  mac/memory_reg_3_i_5510/O
                         net (fo=1, unplaced)         0.000     6.252    mac/memory_reg_3_i_5510_n_0
                         CARRY8 (Prop_CARRY8_S[0]_O[5])
                                                      0.379     6.631 r  mac/memory_reg_3_i_4994/O[5]
                         net (fo=2, unplaced)         0.310     6.941    mac/memory_reg_3_i_4994_n_10
                         LUT2 (Prop_LUT2_I0_O)        0.043     6.984 r  mac/memory_reg_3_i_4997/O
                         net (fo=1, unplaced)         0.000     6.984    mac/memory_reg_3_i_4997_n_0
                         CARRY8 (Prop_CARRY8_S[5]_CO[7])
                                                      0.262     7.246 r  mac/memory_reg_3_i_3525/CO[7]
                         net (fo=1, unplaced)         0.000     7.246    mac/memory_reg_3_i_3525_n_0
                         CARRY8 (Prop_CARRY8_CI_O[0])
                                                      0.099     7.345 r  mac/memory_reg_3_i_3114/O[0]
                         net (fo=1, unplaced)         0.249     7.594    mac/p_1_in21_out[16]
                         LUT4 (Prop_LUT4_I1_O)        0.040     7.634 r  mac/memory_reg_3_i_1434/O
                         net (fo=1, unplaced)         0.000     7.634    mac/memory_reg_3_i_1434_n_0
                         CARRY8 (Prop_CARRY8_S[0]_CO[7])
                                                      0.413     8.047 r  mac/memory_reg_3_i_560/CO[7]
                         net (fo=1, unplaced)         0.000     8.047    mac/memory_reg_3_i_560_n_0
                         CARRY8 (Prop_CARRY8_CI_O[1])
                                                      0.133     8.180 r  mac/memory_reg_3_i_502/O[1]
                         net (fo=1, unplaced)         0.248     8.428    mac/_GEN_10[2]025_out[25]
                         LUT6 (Prop_LUT6_I0_O)        0.040     8.468 r  mac/memory_reg_3_i_538/O
                         net (fo=1, unplaced)         0.249     8.717    mac/memory_reg_3_i_538_n_0
                         LUT6 (Prop_LUT6_I5_O)        0.040     8.757 r  mac/memory_reg_3_i_173/O
                         net (fo=4, unplaced)         0.243     9.000    alu/_mac_io_write_bits_data[156]
                         LUT6 (Prop_LUT6_I0_O)        0.176     9.176 r  alu/memory_reg_3_i_39/O
                         net (fo=7, unplaced)         0.224     9.400    vrf/banks_0_0/p_1_in[249]
                         RAMB36E2                                     r  vrf/banks_0_0/memory_reg_3/DINBDIN[25]
  -------------------------------------------------------------------    -------------------

                         (clock rvv_clock rise edge)
                                                     10.000    10.000 r  
                         propagated clock network latency
                                                      0.000    10.000    
                         clock pessimism              0.000    10.000    
                         clock uncertainty           -0.035     9.965    
                         RAMB36E2 (Setup_RAMB36E2_CLKBWRCLK_DINBDIN[25])
                                                     -0.323     9.642    vrf/banks_0_0/memory_reg_3
  -------------------------------------------------------------------
                         required time                          9.642    
                         arrival time                          -9.400    
  -------------------------------------------------------------------
                         slack                                  0.242    

Slack (MET) :             0.242ns  (required time - arrival time)
  Source:                 vrf/banks_2_3/memory_reg_4/CLKARDCLK
                            (rising edge-triggered cell RAMB36E2 clocked by rvv_clock  {rise@0.000ns fall@5.000ns period=10.000ns})
  Destination:            vrf/banks_0_0/memory_reg_4/DINBDIN[25]
                            (rising edge-triggered cell RAMB36E2 clocked by rvv_clock  {rise@0.000ns fall@5.000ns period=10.000ns})
  Path Group:             rvv_clock
  Path Type:              Setup (Max at Slow Process Corner)
  Requirement:            10.000ns  (rvv_clock rise@10.000ns - rvv_clock rise@0.000ns)
  Data Path Delay:        9.400ns  (logic 6.073ns (64.606%)  route 3.327ns (35.394%))
  Logic Levels:           22  (CARRY8=7 DSP_A_B_DATA=1 DSP_ALU=1 DSP_M_DATA=1 DSP_MULTIPLIER=1 DSP_OUTPUT=1 DSP_PREADD_DATA=1 LUT2=2 LUT3=1 LUT4=1 LUT6=5)
  Clock Uncertainty:      0.035ns  ((TSJ^2 + TIJ^2)^1/2 + DJ) / 2 + PE
    Total System Jitter     (TSJ):    0.071ns
    Total Input Jitter      (TIJ):    0.000ns
    Discrete Jitter          (DJ):    0.000ns
    Phase Error              (PE):    0.000ns

    Location             Delay type                Incr(ns)  Path(ns)    Netlist Resource(s)
  -------------------------------------------------------------------    -------------------
                         (clock rvv_clock rise edge)
                                                      0.000     0.000 r  
                         propagated clock network latency
                                                      0.000     0.000    
                         RAMB36E2                     0.000     0.000 r  vrf/banks_2_3/memory_reg_4/CLKARDCLK
                         RAMB36E2 (Prop_RAMB36E2_CLKARDCLK_DOUTBDOUT[1])
                                                      1.249     1.249 f  vrf/banks_2_3/memory_reg_4/DOUTBDOUT[1]
                         net (fo=1, unplaced)         0.366     1.615    vrf/_banks_2_3_readData[289]
                         LUT6 (Prop_LUT6_I1_O)        0.176     1.791 f  vrf/heldOperands_1[289]_i_4/O
                         net (fo=4, unplaced)         0.264     2.055    vrf/banks_3_3/_vrf_io_readData_3[289]
                         LUT6 (Prop_LUT6_I0_O)        0.132     2.187 f  vrf/banks_3_3/heldOperands_0[289]_i_1__0/O
                         net (fo=2, unplaced)         0.249     2.436    mac/heldOperands_0_reg[511]_0[289]
                         LUT3 (Prop_LUT3_I1_O)        0.040     2.476 f  mac/_GEN_10[1]0__17_i_31/O
                         net (fo=19, unplaced)        0.259     2.735    mac/candidates_values_dotProducts_0_9/A[1]
                         DSP_A_B_DATA (Prop_DSP_A_B_DATA_A[1]_A2_DATA[1])
                                                      0.337     3.072 r  mac/candidates_values_dotProducts_0_9/DSP_A_B_DATA_INST/A2_DATA[1]
                         net (fo=1, unplaced)         0.000     3.072    mac/candidates_values_dotProducts_0_9/DSP_A_B_DATA.A2_DATA<1>
                         DSP_PREADD_DATA (Prop_DSP_PREADD_DATA_A2_DATA[1]_A2A1[1])
                                                      0.155     3.227 r  mac/candidates_values_dotProducts_0_9/DSP_PREADD_DATA_INST/A2A1[1]
                         net (fo=1, unplaced)         0.000     3.227    mac/candidates_values_dotProducts_0_9/DSP_PREADD_DATA.A2A1<1>
                         DSP_MULTIPLIER (Prop_DSP_MULTIPLIER_A2A1[1]_U[2])
                                                      0.866     4.093 f  mac/candidates_values_dotProducts_0_9/DSP_MULTIPLIER_INST/U[2]
                         net (fo=1, unplaced)         0.000     4.093    mac/candidates_values_dotProducts_0_9/DSP_MULTIPLIER.U<2>
                         DSP_M_DATA (Prop_DSP_M_DATA_U[2]_U_DATA[2])
                                                      0.110     4.203 r  mac/candidates_values_dotProducts_0_9/DSP_M_DATA_INST/U_DATA[2]
                         net (fo=1, unplaced)         0.000     4.203    mac/candidates_values_dotProducts_0_9/DSP_M_DATA.U_DATA<2>
                         DSP_ALU (Prop_DSP_ALU_U_DATA[2]_ALU_OUT[2])
                                                      0.702     4.905 f  mac/candidates_values_dotProducts_0_9/DSP_ALU_INST/ALU_OUT[2]
                         net (fo=1, unplaced)         0.000     4.905    mac/candidates_values_dotProducts_0_9/DSP_ALU.ALU_OUT<2>
                         DSP_OUTPUT (Prop_DSP_OUTPUT_ALU_OUT[2]_P[2])
                                                      0.193     5.098 r  mac/candidates_values_dotProducts_0_9/DSP_OUTPUT_INST/P[2]
                         net (fo=2, unplaced)         0.417     5.515    mac/candidates_values_dotProducts_0_9_n_103
                         CARRY8 (Prop_CARRY8_DI[2]_CO[7])
                                                      0.349     5.864 r  mac/memory_reg_4_i_5571/CO[7]
                         net (fo=1, unplaced)         0.000     5.864    mac/memory_reg_4_i_5571_n_0
                         CARRY8 (Prop_CARRY8_CI_O[0])
                                                      0.099     5.963 r  mac/memory_reg_4_i_5524/O[0]
                         net (fo=2, unplaced)         0.249     6.212    mac/memory_reg_4_i_5524_n_15
                         LUT2 (Prop_LUT2_I0_O)        0.040     6.252 r  mac/memory_reg_4_i_5532/O
                         net (fo=1, unplaced)         0.000     6.252    mac/memory_reg_4_i_5532_n_0
                         CARRY8 (Prop_CARRY8_S[0]_O[5])
                                                      0.379     6.631 r  mac/memory_reg_4_i_4928/O[5]
                         net (fo=2, unplaced)         0.310     6.941    mac/memory_reg_4_i_4928_n_10
                         LUT2 (Prop_LUT2_I0_O)        0.043     6.984 r  mac/memory_reg_4_i_4931/O
                         net (fo=1, unplaced)         0.000     6.984    mac/memory_reg_4_i_4931_n_0
                         CARRY8 (Prop_CARRY8_S[5]_CO[7])
                                                      0.262     7.246 r  mac/memory_reg_4_i_3641/CO[7]
                         net (fo=1, unplaced)         0.000     7.246    mac/memory_reg_4_i_3641_n_0
                         CARRY8 (Prop_CARRY8_CI_O[0])
                                                      0.099     7.345 r  mac/memory_reg_4_i_3221/O[0]
                         net (fo=1, unplaced)         0.249     7.594    mac/p_1_in27_out[16]
                         LUT4 (Prop_LUT4_I1_O)        0.040     7.634 r  mac/memory_reg_4_i_1433/O
                         net (fo=1, unplaced)         0.000     7.634    mac/memory_reg_4_i_1433_n_0
                         CARRY8 (Prop_CARRY8_S[0]_CO[7])
                                                      0.413     8.047 r  mac/memory_reg_4_i_562/CO[7]
                         net (fo=1, unplaced)         0.000     8.047    mac/memory_reg_4_i_562_n_0
                         CARRY8 (Prop_CARRY8_CI_O[1])
                                                      0.133     8.180 r  mac/memory_reg_4_i_504/O[1]
                         net (fo=1, unplaced)         0.248     8.428    mac/_GEN_10[2]019_out[25]
                         LUT6 (Prop_LUT6_I0_O)        0.040     8.468 r  mac/memory_reg_4_i_540/O
                         net (fo=1, unplaced)         0.249     8.717    mac/memory_reg_4_i_540_n_0
                         LUT6 (Prop_LUT6_I5_O)        0.040     8.757 r  mac/memory_reg_4_i_172/O
                         net (fo=4, unplaced)         0.243     9.000    alu/_mac_io_write_bits_data[196]
                         LUT6 (Prop_LUT6_I0_O)        0.176     9.176 r  alu/memory_reg_4_i_39/O
                         net (fo=7, unplaced)         0.224     9.400    vrf/banks_0_0/p_1_in[313]
                         RAMB36E2                                     r  vrf/banks_0_0/memory_reg_4/DINBDIN[25]
  -------------------------------------------------------------------    -------------------

                         (clock rvv_clock rise edge)
                                                     10.000    10.000 r  
                         propagated clock network latency
                                                      0.000    10.000    
                         clock pessimism              0.000    10.000    
                         clock uncertainty           -0.035     9.965    
                         RAMB36E2 (Setup_RAMB36E2_CLKBWRCLK_DINBDIN[25])
                                                     -0.323     9.642    vrf/banks_0_0/memory_reg_4
  -------------------------------------------------------------------
                         required time                          9.642    
                         arrival time                          -9.400    
  -------------------------------------------------------------------
                         slack                                  0.242    

Slack (MET) :             0.242ns  (required time - arrival time)
  Source:                 vrf/banks_2_3/memory_reg_5/CLKARDCLK
                            (rising edge-triggered cell RAMB36E2 clocked by rvv_clock  {rise@0.000ns fall@5.000ns period=10.000ns})
  Destination:            vrf/banks_0_0/memory_reg_5/DINBDIN[25]
                            (rising edge-triggered cell RAMB36E2 clocked by rvv_clock  {rise@0.000ns fall@5.000ns period=10.000ns})
  Path Group:             rvv_clock
  Path Type:              Setup (Max at Slow Process Corner)
  Requirement:            10.000ns  (rvv_clock rise@10.000ns - rvv_clock rise@0.000ns)
  Data Path Delay:        9.400ns  (logic 6.073ns (64.606%)  route 3.327ns (35.394%))
  Logic Levels:           22  (CARRY8=7 DSP_A_B_DATA=1 DSP_ALU=1 DSP_M_DATA=1 DSP_MULTIPLIER=1 DSP_OUTPUT=1 DSP_PREADD_DATA=1 LUT2=2 LUT3=1 LUT4=1 LUT6=5)
  Clock Uncertainty:      0.035ns  ((TSJ^2 + TIJ^2)^1/2 + DJ) / 2 + PE
    Total System Jitter     (TSJ):    0.071ns
    Total Input Jitter      (TIJ):    0.000ns
    Discrete Jitter          (DJ):    0.000ns
    Phase Error              (PE):    0.000ns

    Location             Delay type                Incr(ns)  Path(ns)    Netlist Resource(s)
  -------------------------------------------------------------------    -------------------
                         (clock rvv_clock rise edge)
                                                      0.000     0.000 r  
                         propagated clock network latency
                                                      0.000     0.000    
                         RAMB36E2                     0.000     0.000 r  vrf/banks_2_3/memory_reg_5/CLKARDCLK
                         RAMB36E2 (Prop_RAMB36E2_CLKARDCLK_DOUTBDOUT[1])
                                                      1.249     1.249 f  vrf/banks_2_3/memory_reg_5/DOUTBDOUT[1]
                         net (fo=1, unplaced)         0.366     1.615    vrf/_banks_2_3_readData[353]
                         LUT6 (Prop_LUT6_I1_O)        0.176     1.791 f  vrf/heldOperands_1[353]_i_4/O
                         net (fo=4, unplaced)         0.264     2.055    vrf/banks_3_3/_vrf_io_readData_3[353]
                         LUT6 (Prop_LUT6_I0_O)        0.132     2.187 f  vrf/banks_3_3/heldOperands_0[353]_i_1__0/O
                         net (fo=2, unplaced)         0.249     2.436    mac/heldOperands_0_reg[511]_0[353]
                         LUT3 (Prop_LUT3_I1_O)        0.040     2.476 f  mac/_GEN_10[1]0__21_i_31/O
                         net (fo=19, unplaced)        0.259     2.735    mac/candidates_values_dotProducts_0_11/A[1]
                         DSP_A_B_DATA (Prop_DSP_A_B_DATA_A[1]_A2_DATA[1])
                                                      0.337     3.072 r  mac/candidates_values_dotProducts_0_11/DSP_A_B_DATA_INST/A2_DATA[1]
                         net (fo=1, unplaced)         0.000     3.072    mac/candidates_values_dotProducts_0_11/DSP_A_B_DATA.A2_DATA<1>
                         DSP_PREADD_DATA (Prop_DSP_PREADD_DATA_A2_DATA[1]_A2A1[1])
                                                      0.155     3.227 r  mac/candidates_values_dotProducts_0_11/DSP_PREADD_DATA_INST/A2A1[1]
                         net (fo=1, unplaced)         0.000     3.227    mac/candidates_values_dotProducts_0_11/DSP_PREADD_DATA.A2A1<1>
                         DSP_MULTIPLIER (Prop_DSP_MULTIPLIER_A2A1[1]_U[2])
                                                      0.866     4.093 f  mac/candidates_values_dotProducts_0_11/DSP_MULTIPLIER_INST/U[2]
                         net (fo=1, unplaced)         0.000     4.093    mac/candidates_values_dotProducts_0_11/DSP_MULTIPLIER.U<2>
                         DSP_M_DATA (Prop_DSP_M_DATA_U[2]_U_DATA[2])
                                                      0.110     4.203 r  mac/candidates_values_dotProducts_0_11/DSP_M_DATA_INST/U_DATA[2]
                         net (fo=1, unplaced)         0.000     4.203    mac/candidates_values_dotProducts_0_11/DSP_M_DATA.U_DATA<2>
                         DSP_ALU (Prop_DSP_ALU_U_DATA[2]_ALU_OUT[2])
                                                      0.702     4.905 f  mac/candidates_values_dotProducts_0_11/DSP_ALU_INST/ALU_OUT[2]
                         net (fo=1, unplaced)         0.000     4.905    mac/candidates_values_dotProducts_0_11/DSP_ALU.ALU_OUT<2>
                         DSP_OUTPUT (Prop_DSP_OUTPUT_ALU_OUT[2]_P[2])
                                                      0.193     5.098 r  mac/candidates_values_dotProducts_0_11/DSP_OUTPUT_INST/P[2]
                         net (fo=2, unplaced)         0.417     5.515    mac/candidates_values_dotProducts_0_11_n_103
                         CARRY8 (Prop_CARRY8_DI[2]_CO[7])
                                                      0.349     5.864 r  mac/memory_reg_5_i_5546/CO[7]
                         net (fo=1, unplaced)         0.000     5.864    mac/memory_reg_5_i_5546_n_0
                         CARRY8 (Prop_CARRY8_CI_O[0])
                                                      0.099     5.963 r  mac/memory_reg_5_i_5499/O[0]
                         net (fo=2, unplaced)         0.249     6.212    mac/memory_reg_5_i_5499_n_15
                         LUT2 (Prop_LUT2_I0_O)        0.040     6.252 r  mac/memory_reg_5_i_5507/O
                         net (fo=1, unplaced)         0.000     6.252    mac/memory_reg_5_i_5507_n_0
                         CARRY8 (Prop_CARRY8_S[0]_O[5])
                                                      0.379     6.631 r  mac/memory_reg_5_i_4927/O[5]
                         net (fo=2, unplaced)         0.310     6.941    mac/memory_reg_5_i_4927_n_10
                         LUT2 (Prop_LUT2_I0_O)        0.043     6.984 r  mac/memory_reg_5_i_4930/O
                         net (fo=1, unplaced)         0.000     6.984    mac/memory_reg_5_i_4930_n_0
                         CARRY8 (Prop_CARRY8_S[5]_CO[7])
                                                      0.262     7.246 r  mac/memory_reg_5_i_3670/CO[7]
                         net (fo=1, unplaced)         0.000     7.246    mac/memory_reg_5_i_3670_n_0
                         CARRY8 (Prop_CARRY8_CI_O[0])
                                                      0.099     7.345 r  mac/memory_reg_5_i_3240/O[0]
                         net (fo=1, unplaced)         0.249     7.594    mac/p_1_in33_out[16]
                         LUT4 (Prop_LUT4_I1_O)        0.040     7.634 r  mac/memory_reg_5_i_1455/O
                         net (fo=1, unplaced)         0.000     7.634    mac/memory_reg_5_i_1455_n_0
                         CARRY8 (Prop_CARRY8_S[0]_CO[7])
                                                      0.413     8.047 r  mac/memory_reg_5_i_564/CO[7]
                         net (fo=1, unplaced)         0.000     8.047    mac/memory_reg_5_i_564_n_0
                         CARRY8 (Prop_CARRY8_CI_O[1])
                                                      0.133     8.180 r  mac/memory_reg_5_i_506/O[1]
                         net (fo=1, unplaced)         0.248     8.428    mac/_GEN_10[2]013_out[25]
                         LUT6 (Prop_LUT6_I0_O)        0.040     8.468 r  mac/memory_reg_5_i_542/O
                         net (fo=1, unplaced)         0.249     8.717    mac/memory_reg_5_i_542_n_0
                         LUT6 (Prop_LUT6_I5_O)        0.040     8.757 r  mac/memory_reg_5_i_172/O
                         net (fo=4, unplaced)         0.243     9.000    alu/_mac_io_write_bits_data[236]
                         LUT6 (Prop_LUT6_I0_O)        0.176     9.176 r  alu/memory_reg_5_i_39/O
                         net (fo=7, unplaced)         0.224     9.400    vrf/banks_0_0/p_1_in[377]
                         RAMB36E2                                     r  vrf/banks_0_0/memory_reg_5/DINBDIN[25]
  -------------------------------------------------------------------    -------------------

                         (clock rvv_clock rise edge)
                                                     10.000    10.000 r  
                         propagated clock network latency
                                                      0.000    10.000    
                         clock pessimism              0.000    10.000    
                         clock uncertainty           -0.035     9.965    
                         RAMB36E2 (Setup_RAMB36E2_CLKBWRCLK_DINBDIN[25])
                                                     -0.323     9.642    vrf/banks_0_0/memory_reg_5
  -------------------------------------------------------------------
                         required time                          9.642    
                         arrival time                          -9.400    
  -------------------------------------------------------------------
                         slack                                  0.242    

Slack (MET) :             0.242ns  (required time - arrival time)
  Source:                 vrf/banks_2_3/memory_reg_6/CLKARDCLK
                            (rising edge-triggered cell RAMB36E2 clocked by rvv_clock  {rise@0.000ns fall@5.000ns period=10.000ns})
  Destination:            vrf/banks_0_0/memory_reg_6/DINBDIN[25]
                            (rising edge-triggered cell RAMB36E2 clocked by rvv_clock  {rise@0.000ns fall@5.000ns period=10.000ns})
  Path Group:             rvv_clock
  Path Type:              Setup (Max at Slow Process Corner)
  Requirement:            10.000ns  (rvv_clock rise@10.000ns - rvv_clock rise@0.000ns)
  Data Path Delay:        9.400ns  (logic 6.073ns (64.606%)  route 3.327ns (35.394%))
  Logic Levels:           22  (CARRY8=7 DSP_A_B_DATA=1 DSP_ALU=1 DSP_M_DATA=1 DSP_MULTIPLIER=1 DSP_OUTPUT=1 DSP_PREADD_DATA=1 LUT2=2 LUT3=1 LUT4=1 LUT6=5)
  Clock Uncertainty:      0.035ns  ((TSJ^2 + TIJ^2)^1/2 + DJ) / 2 + PE
    Total System Jitter     (TSJ):    0.071ns
    Total Input Jitter      (TIJ):    0.000ns
    Discrete Jitter          (DJ):    0.000ns
    Phase Error              (PE):    0.000ns

    Location             Delay type                Incr(ns)  Path(ns)    Netlist Resource(s)
  -------------------------------------------------------------------    -------------------
                         (clock rvv_clock rise edge)
                                                      0.000     0.000 r  
                         propagated clock network latency
                                                      0.000     0.000    
                         RAMB36E2                     0.000     0.000 r  vrf/banks_2_3/memory_reg_6/CLKARDCLK
                         RAMB36E2 (Prop_RAMB36E2_CLKARDCLK_DOUTBDOUT[1])
                                                      1.249     1.249 f  vrf/banks_2_3/memory_reg_6/DOUTBDOUT[1]
                         net (fo=1, unplaced)         0.366     1.615    vrf/_banks_2_3_readData[417]
                         LUT6 (Prop_LUT6_I1_O)        0.176     1.791 f  vrf/heldOperands_1[417]_i_4/O
                         net (fo=4, unplaced)         0.264     2.055    vrf/banks_3_3/_vrf_io_readData_3[417]
                         LUT6 (Prop_LUT6_I0_O)        0.132     2.187 f  vrf/banks_3_3/heldOperands_0[417]_i_1__0/O
                         net (fo=2, unplaced)         0.249     2.436    mac/heldOperands_0_reg[511]_0[417]
                         LUT3 (Prop_LUT3_I1_O)        0.040     2.476 f  mac/_GEN_10[1]0__25_i_31/O
                         net (fo=19, unplaced)        0.259     2.735    mac/candidates_values_dotProducts_0_13/A[1]
                         DSP_A_B_DATA (Prop_DSP_A_B_DATA_A[1]_A2_DATA[1])
                                                      0.337     3.072 r  mac/candidates_values_dotProducts_0_13/DSP_A_B_DATA_INST/A2_DATA[1]
                         net (fo=1, unplaced)         0.000     3.072    mac/candidates_values_dotProducts_0_13/DSP_A_B_DATA.A2_DATA<1>
                         DSP_PREADD_DATA (Prop_DSP_PREADD_DATA_A2_DATA[1]_A2A1[1])
                                                      0.155     3.227 r  mac/candidates_values_dotProducts_0_13/DSP_PREADD_DATA_INST/A2A1[1]
                         net (fo=1, unplaced)         0.000     3.227    mac/candidates_values_dotProducts_0_13/DSP_PREADD_DATA.A2A1<1>
                         DSP_MULTIPLIER (Prop_DSP_MULTIPLIER_A2A1[1]_U[2])
                                                      0.866     4.093 f  mac/candidates_values_dotProducts_0_13/DSP_MULTIPLIER_INST/U[2]
                         net (fo=1, unplaced)         0.000     4.093    mac/candidates_values_dotProducts_0_13/DSP_MULTIPLIER.U<2>
                         DSP_M_DATA (Prop_DSP_M_DATA_U[2]_U_DATA[2])
                                                      0.110     4.203 r  mac/candidates_values_dotProducts_0_13/DSP_M_DATA_INST/U_DATA[2]
                         net (fo=1, unplaced)         0.000     4.203    mac/candidates_values_dotProducts_0_13/DSP_M_DATA.U_DATA<2>
                         DSP_ALU (Prop_DSP_ALU_U_DATA[2]_ALU_OUT[2])
                                                      0.702     4.905 f  mac/candidates_values_dotProducts_0_13/DSP_ALU_INST/ALU_OUT[2]
                         net (fo=1, unplaced)         0.000     4.905    mac/candidates_values_dotProducts_0_13/DSP_ALU.ALU_OUT<2>
                         DSP_OUTPUT (Prop_DSP_OUTPUT_ALU_OUT[2]_P[2])
                                                      0.193     5.098 r  mac/candidates_values_dotProducts_0_13/DSP_OUTPUT_INST/P[2]
                         net (fo=2, unplaced)         0.417     5.515    mac/candidates_values_dotProducts_0_13_n_103
                         CARRY8 (Prop_CARRY8_DI[2]_CO[7])
                                                      0.349     5.864 r  mac/memory_reg_6_i_5524/CO[7]
                         net (fo=1, unplaced)         0.000     5.864    mac/memory_reg_6_i_5524_n_0
                         CARRY8 (Prop_CARRY8_CI_O[0])
                                                      0.099     5.963 r  mac/memory_reg_6_i_5470/O[0]
                         net (fo=2, unplaced)         0.249     6.212    mac/memory_reg_6_i_5470_n_15
                         LUT2 (Prop_LUT2_I0_O)        0.040     6.252 r  mac/memory_reg_6_i_5478/O
                         net (fo=1, unplaced)         0.000     6.252    mac/memory_reg_6_i_5478_n_0
                         CARRY8 (Prop_CARRY8_S[0]_O[5])
                                                      0.379     6.631 r  mac/memory_reg_6_i_4923/O[5]
                         net (fo=2, unplaced)         0.310     6.941    mac/memory_reg_6_i_4923_n_10
                         LUT2 (Prop_LUT2_I0_O)        0.043     6.984 r  mac/memory_reg_6_i_4926/O
                         net (fo=1, unplaced)         0.000     6.984    mac/memory_reg_6_i_4926_n_0
                         CARRY8 (Prop_CARRY8_S[5]_CO[7])
                                                      0.262     7.246 r  mac/memory_reg_6_i_3538/CO[7]
                         net (fo=1, unplaced)         0.000     7.246    mac/memory_reg_6_i_3538_n_0
                         CARRY8 (Prop_CARRY8_CI_O[0])
                                                      0.099     7.345 r  mac/memory_reg_6_i_3129/O[0]
                         net (fo=1, unplaced)         0.249     7.594    mac/p_1_in39_out[16]
                         LUT4 (Prop_LUT4_I1_O)        0.040     7.634 r  mac/memory_reg_6_i_1422/O
                         net (fo=1, unplaced)         0.000     7.634    mac/memory_reg_6_i_1422_n_0
                         CARRY8 (Prop_CARRY8_S[0]_CO[7])
                                                      0.413     8.047 r  mac/memory_reg_6_i_555/CO[7]
                         net (fo=1, unplaced)         0.000     8.047    mac/memory_reg_6_i_555_n_0
                         CARRY8 (Prop_CARRY8_CI_O[1])
                                                      0.133     8.180 r  mac/memory_reg_6_i_497/O[1]
                         net (fo=1, unplaced)         0.248     8.428    mac/_GEN_10[2]07_out[25]
                         LUT6 (Prop_LUT6_I0_O)        0.040     8.468 r  mac/memory_reg_6_i_533/O
                         net (fo=1, unplaced)         0.249     8.717    mac/memory_reg_6_i_533_n_0
                         LUT6 (Prop_LUT6_I5_O)        0.040     8.757 r  mac/memory_reg_6_i_172/O
                         net (fo=4, unplaced)         0.243     9.000    alu/_mac_io_write_bits_data[276]
                         LUT6 (Prop_LUT6_I0_O)        0.176     9.176 r  alu/memory_reg_6_i_39/O
                         net (fo=7, unplaced)         0.224     9.400    vrf/banks_0_0/p_1_in[441]
                         RAMB36E2                                     r  vrf/banks_0_0/memory_reg_6/DINBDIN[25]
  -------------------------------------------------------------------    -------------------

                         (clock rvv_clock rise edge)
                                                     10.000    10.000 r  
                         propagated clock network latency
                                                      0.000    10.000    
                         clock pessimism              0.000    10.000    
                         clock uncertainty           -0.035     9.965    
                         RAMB36E2 (Setup_RAMB36E2_CLKBWRCLK_DINBDIN[25])
                                                     -0.323     9.642    vrf/banks_0_0/memory_reg_6
  -------------------------------------------------------------------
                         required time                          9.642    
                         arrival time                          -9.400    
  -------------------------------------------------------------------
                         slack                                  0.242    

Slack (MET) :             0.242ns  (required time - arrival time)
  Source:                 vrf/banks_2_3/memory_reg_7/CLKARDCLK
                            (rising edge-triggered cell RAMB36E2 clocked by rvv_clock  {rise@0.000ns fall@5.000ns period=10.000ns})
  Destination:            vrf/banks_0_0/memory_reg_7/DINBDIN[25]
                            (rising edge-triggered cell RAMB36E2 clocked by rvv_clock  {rise@0.000ns fall@5.000ns period=10.000ns})
  Path Group:             rvv_clock
  Path Type:              Setup (Max at Slow Process Corner)
  Requirement:            10.000ns  (rvv_clock rise@10.000ns - rvv_clock rise@0.000ns)
  Data Path Delay:        9.400ns  (logic 6.073ns (64.606%)  route 3.327ns (35.394%))
  Logic Levels:           22  (CARRY8=7 DSP_A_B_DATA=1 DSP_ALU=1 DSP_M_DATA=1 DSP_MULTIPLIER=1 DSP_OUTPUT=1 DSP_PREADD_DATA=1 LUT2=2 LUT3=1 LUT4=1 LUT6=5)
  Clock Uncertainty:      0.035ns  ((TSJ^2 + TIJ^2)^1/2 + DJ) / 2 + PE
    Total System Jitter     (TSJ):    0.071ns
    Total Input Jitter      (TIJ):    0.000ns
    Discrete Jitter          (DJ):    0.000ns
    Phase Error              (PE):    0.000ns

    Location             Delay type                Incr(ns)  Path(ns)    Netlist Resource(s)
  -------------------------------------------------------------------    -------------------
                         (clock rvv_clock rise edge)
                                                      0.000     0.000 r  
                         propagated clock network latency
                                                      0.000     0.000    
                         RAMB36E2                     0.000     0.000 r  vrf/banks_2_3/memory_reg_7/CLKARDCLK
                         RAMB36E2 (Prop_RAMB36E2_CLKARDCLK_DOUTBDOUT[1])
                                                      1.249     1.249 f  vrf/banks_2_3/memory_reg_7/DOUTBDOUT[1]
                         net (fo=1, unplaced)         0.366     1.615    vrf/_banks_2_3_readData[481]
                         LUT6 (Prop_LUT6_I1_O)        0.176     1.791 f  vrf/heldOperands_1[481]_i_4/O
                         net (fo=4, unplaced)         0.264     2.055    vrf/banks_3_3/_vrf_io_readData_3[481]
                         LUT6 (Prop_LUT6_I0_O)        0.132     2.187 f  vrf/banks_3_3/heldOperands_0[481]_i_1__0/O
                         net (fo=2, unplaced)         0.249     2.436    mac/heldOperands_0_reg[511]_0[481]
                         LUT3 (Prop_LUT3_I1_O)        0.040     2.476 f  mac/_GEN_10[2]2__45_i_15/O
                         net (fo=19, unplaced)        0.259     2.735    mac/candidates_values_dotProducts_0_15/A[1]
                         DSP_A_B_DATA (Prop_DSP_A_B_DATA_A[1]_A2_DATA[1])
                                                      0.337     3.072 r  mac/candidates_values_dotProducts_0_15/DSP_A_B_DATA_INST/A2_DATA[1]
                         net (fo=1, unplaced)         0.000     3.072    mac/candidates_values_dotProducts_0_15/DSP_A_B_DATA.A2_DATA<1>
                         DSP_PREADD_DATA (Prop_DSP_PREADD_DATA_A2_DATA[1]_A2A1[1])
                                                      0.155     3.227 r  mac/candidates_values_dotProducts_0_15/DSP_PREADD_DATA_INST/A2A1[1]
                         net (fo=1, unplaced)         0.000     3.227    mac/candidates_values_dotProducts_0_15/DSP_PREADD_DATA.A2A1<1>
                         DSP_MULTIPLIER (Prop_DSP_MULTIPLIER_A2A1[1]_U[2])
                                                      0.866     4.093 f  mac/candidates_values_dotProducts_0_15/DSP_MULTIPLIER_INST/U[2]
                         net (fo=1, unplaced)         0.000     4.093    mac/candidates_values_dotProducts_0_15/DSP_MULTIPLIER.U<2>
                         DSP_M_DATA (Prop_DSP_M_DATA_U[2]_U_DATA[2])
                                                      0.110     4.203 r  mac/candidates_values_dotProducts_0_15/DSP_M_DATA_INST/U_DATA[2]
                         net (fo=1, unplaced)         0.000     4.203    mac/candidates_values_dotProducts_0_15/DSP_M_DATA.U_DATA<2>
                         DSP_ALU (Prop_DSP_ALU_U_DATA[2]_ALU_OUT[2])
                                                      0.702     4.905 f  mac/candidates_values_dotProducts_0_15/DSP_ALU_INST/ALU_OUT[2]
                         net (fo=1, unplaced)         0.000     4.905    mac/candidates_values_dotProducts_0_15/DSP_ALU.ALU_OUT<2>
                         DSP_OUTPUT (Prop_DSP_OUTPUT_ALU_OUT[2]_P[2])
                                                      0.193     5.098 r  mac/candidates_values_dotProducts_0_15/DSP_OUTPUT_INST/P[2]
                         net (fo=2, unplaced)         0.417     5.515    mac/candidates_values_dotProducts_0_15_n_103
                         CARRY8 (Prop_CARRY8_DI[2]_CO[7])
                                                      0.349     5.864 r  mac/memory_reg_7_i_5453/CO[7]
                         net (fo=1, unplaced)         0.000     5.864    mac/memory_reg_7_i_5453_n_0
                         CARRY8 (Prop_CARRY8_CI_O[0])
                                                      0.099     5.963 r  mac/memory_reg_7_i_5394/O[0]
                         net (fo=2, unplaced)         0.249     6.212    mac/memory_reg_7_i_5394_n_15
                         LUT2 (Prop_LUT2_I0_O)        0.040     6.252 r  mac/memory_reg_7_i_5402/O
                         net (fo=1, unplaced)         0.000     6.252    mac/memory_reg_7_i_5402_n_0
                         CARRY8 (Prop_CARRY8_S[0]_O[5])
                                                      0.379     6.631 r  mac/memory_reg_7_i_4804/O[5]
                         net (fo=2, unplaced)         0.310     6.941    mac/memory_reg_7_i_4804_n_10
                         LUT2 (Prop_LUT2_I0_O)        0.043     6.984 r  mac/memory_reg_7_i_4807/O
                         net (fo=1, unplaced)         0.000     6.984    mac/memory_reg_7_i_4807_n_0
                         CARRY8 (Prop_CARRY8_S[5]_CO[7])
                                                      0.262     7.246 r  mac/memory_reg_7_i_3481/CO[7]
                         net (fo=1, unplaced)         0.000     7.246    mac/memory_reg_7_i_3481_n_0
                         CARRY8 (Prop_CARRY8_CI_O[0])
                                                      0.099     7.345 r  mac/memory_reg_7_i_3068/O[0]
                         net (fo=1, unplaced)         0.249     7.594    mac/p_1_in45_out[16]
                         LUT4 (Prop_LUT4_I1_O)        0.040     7.634 r  mac/memory_reg_7_i_1409/O
                         net (fo=1, unplaced)         0.000     7.634    mac/memory_reg_7_i_1409_n_0
                         CARRY8 (Prop_CARRY8_S[0]_CO[7])
                                                      0.413     8.047 r  mac/memory_reg_7_i_557/CO[7]
                         net (fo=1, unplaced)         0.000     8.047    mac/memory_reg_7_i_557_n_0
                         CARRY8 (Prop_CARRY8_CI_O[1])
                                                      0.133     8.180 r  mac/memory_reg_7_i_501/O[1]
                         net (fo=1, unplaced)         0.248     8.428    mac/_GEN_10[2]0[25]
                         LUT6 (Prop_LUT6_I0_O)        0.040     8.468 r  mac/memory_reg_7_i_536/O
                         net (fo=1, unplaced)         0.249     8.717    mac/memory_reg_7_i_536_n_0
                         LUT6 (Prop_LUT6_I5_O)        0.040     8.757 r  mac/memory_reg_7_i_172/O
                         net (fo=4, unplaced)         0.243     9.000    alu/_mac_io_write_bits_data[316]
                         LUT6 (Prop_LUT6_I0_O)        0.176     9.176 r  alu/memory_reg_7_i_39/O
                         net (fo=7, unplaced)         0.224     9.400    vrf/banks_0_0/p_1_in[505]
                         RAMB36E2                                     r  vrf/banks_0_0/memory_reg_7/DINBDIN[25]
  -------------------------------------------------------------------    -------------------

                         (clock rvv_clock rise edge)
                                                     10.000    10.000 r  
                         propagated clock network latency
                                                      0.000    10.000    
                         clock pessimism              0.000    10.000    
                         clock uncertainty           -0.035     9.965    
                         RAMB36E2 (Setup_RAMB36E2_CLKBWRCLK_DINBDIN[25])
                                                     -0.323     9.642    vrf/banks_0_0/memory_reg_7
  -------------------------------------------------------------------
                         required time                          9.642    
                         arrival time                          -9.400    
  -------------------------------------------------------------------
                         slack                                  0.242    

Slack (MET) :             0.242ns  (required time - arrival time)
  Source:                 vrf/banks_2_3/memory_reg_0/CLKARDCLK
                            (rising edge-triggered cell RAMB36E2 clocked by rvv_clock  {rise@0.000ns fall@5.000ns period=10.000ns})
  Destination:            vrf/banks_0_1/memory_reg_0/DINBDIN[25]
                            (rising edge-triggered cell RAMB36E2 clocked by rvv_clock  {rise@0.000ns fall@5.000ns period=10.000ns})
  Path Group:             rvv_clock
  Path Type:              Setup (Max at Slow Process Corner)
  Requirement:            10.000ns  (rvv_clock rise@10.000ns - rvv_clock rise@0.000ns)
  Data Path Delay:        9.400ns  (logic 6.073ns (64.606%)  route 3.327ns (35.394%))
  Logic Levels:           22  (CARRY8=7 DSP_A_B_DATA=1 DSP_ALU=1 DSP_M_DATA=1 DSP_MULTIPLIER=1 DSP_OUTPUT=1 DSP_PREADD_DATA=1 LUT2=2 LUT3=1 LUT4=1 LUT6=5)
  Clock Uncertainty:      0.035ns  ((TSJ^2 + TIJ^2)^1/2 + DJ) / 2 + PE
    Total System Jitter     (TSJ):    0.071ns
    Total Input Jitter      (TIJ):    0.000ns
    Discrete Jitter          (DJ):    0.000ns
    Phase Error              (PE):    0.000ns

    Location             Delay type                Incr(ns)  Path(ns)    Netlist Resource(s)
  -------------------------------------------------------------------    -------------------
                         (clock rvv_clock rise edge)
                                                      0.000     0.000 r  
                         propagated clock network latency
                                                      0.000     0.000    
                         RAMB36E2                     0.000     0.000 r  vrf/banks_2_3/memory_reg_0/CLKARDCLK
                         RAMB36E2 (Prop_RAMB36E2_CLKARDCLK_DOUTBDOUT[1])
                                                      1.249     1.249 f  vrf/banks_2_3/memory_reg_0/DOUTBDOUT[1]
                         net (fo=1, unplaced)         0.366     1.615    vrf/_banks_2_3_readData[33]
                         LUT6 (Prop_LUT6_I1_O)        0.176     1.791 f  vrf/heldOperands_1[33]_i_4/O
                         net (fo=4, unplaced)         0.264     2.055    vrf/banks_3_3/_vrf_io_readData_3[33]
                         LUT6 (Prop_LUT6_I0_O)        0.132     2.187 f  vrf/banks_3_3/heldOperands_0[33]_i_1__0/O
                         net (fo=2, unplaced)         0.249     2.436    mac/heldOperands_0_reg[511]_0[33]
                         LUT3 (Prop_LUT3_I1_O)        0.040     2.476 f  mac/_GEN_10[1]0__1_i_31/O
                         net (fo=19, unplaced)        0.259     2.735    mac/candidates_values_dotProducts_0_1/A[1]
                         DSP_A_B_DATA (Prop_DSP_A_B_DATA_A[1]_A2_DATA[1])
                                                      0.337     3.072 r  mac/candidates_values_dotProducts_0_1/DSP_A_B_DATA_INST/A2_DATA[1]
                         net (fo=1, unplaced)         0.000     3.072    mac/candidates_values_dotProducts_0_1/DSP_A_B_DATA.A2_DATA<1>
                         DSP_PREADD_DATA (Prop_DSP_PREADD_DATA_A2_DATA[1]_A2A1[1])
                                                      0.155     3.227 r  mac/candidates_values_dotProducts_0_1/DSP_PREADD_DATA_INST/A2A1[1]
                         net (fo=1, unplaced)         0.000     3.227    mac/candidates_values_dotProducts_0_1/DSP_PREADD_DATA.A2A1<1>
                         DSP_MULTIPLIER (Prop_DSP_MULTIPLIER_A2A1[1]_U[2])
                                                      0.866     4.093 f  mac/candidates_values_dotProducts_0_1/DSP_MULTIPLIER_INST/U[2]
                         net (fo=1, unplaced)         0.000     4.093    mac/candidates_values_dotProducts_0_1/DSP_MULTIPLIER.U<2>
                         DSP_M_DATA (Prop_DSP_M_DATA_U[2]_U_DATA[2])
                                                      0.110     4.203 r  mac/candidates_values_dotProducts_0_1/DSP_M_DATA_INST/U_DATA[2]
                         net (fo=1, unplaced)         0.000     4.203    mac/candidates_values_dotProducts_0_1/DSP_M_DATA.U_DATA<2>
                         DSP_ALU (Prop_DSP_ALU_U_DATA[2]_ALU_OUT[2])
                                                      0.702     4.905 f  mac/candidates_values_dotProducts_0_1/DSP_ALU_INST/ALU_OUT[2]
                         net (fo=1, unplaced)         0.000     4.905    mac/candidates_values_dotProducts_0_1/DSP_ALU.ALU_OUT<2>
                         DSP_OUTPUT (Prop_DSP_OUTPUT_ALU_OUT[2]_P[2])
                                                      0.193     5.098 r  mac/candidates_values_dotProducts_0_1/DSP_OUTPUT_INST/P[2]
                         net (fo=2, unplaced)         0.417     5.515    mac/candidates_values_dotProducts_0_1_n_103
                         CARRY8 (Prop_CARRY8_DI[2]_CO[7])
                                                      0.349     5.864 r  mac/memory_reg_0_i_5818/CO[7]
                         net (fo=1, unplaced)         0.000     5.864    mac/memory_reg_0_i_5818_n_0
                         CARRY8 (Prop_CARRY8_CI_O[0])
                                                      0.099     5.963 r  mac/memory_reg_0_i_5766/O[0]
                         net (fo=2, unplaced)         0.249     6.212    mac/memory_reg_0_i_5766_n_15
                         LUT2 (Prop_LUT2_I0_O)        0.040     6.252 r  mac/memory_reg_0_i_5774/O
                         net (fo=1, unplaced)         0.000     6.252    mac/memory_reg_0_i_5774_n_0
                         CARRY8 (Prop_CARRY8_S[0]_O[5])
                                                      0.379     6.631 r  mac/memory_reg_0_i_5086/O[5]
                         net (fo=2, unplaced)         0.310     6.941    mac/memory_reg_0_i_5086_n_10
                         LUT2 (Prop_LUT2_I0_O)        0.043     6.984 r  mac/memory_reg_0_i_5089/O
                         net (fo=1, unplaced)         0.000     6.984    mac/memory_reg_0_i_5089_n_0
                         CARRY8 (Prop_CARRY8_S[5]_CO[7])
                                                      0.262     7.246 r  mac/memory_reg_0_i_3686/CO[7]
                         net (fo=1, unplaced)         0.000     7.246    mac/memory_reg_0_i_3686_n_0
                         CARRY8 (Prop_CARRY8_CI_O[0])
                                                      0.099     7.345 r  mac/memory_reg_0_i_3269/O[0]
                         net (fo=1, unplaced)         0.249     7.594    mac/p_1_in3_out[16]
                         LUT4 (Prop_LUT4_I1_O)        0.040     7.634 r  mac/memory_reg_0_i_1508/O
                         net (fo=1, unplaced)         0.000     7.634    mac/memory_reg_0_i_1508_n_0
                         CARRY8 (Prop_CARRY8_S[0]_CO[7])
                                                      0.413     8.047 r  mac/memory_reg_0_i_616/CO[7]
                         net (fo=1, unplaced)         0.000     8.047    mac/memory_reg_0_i_616_n_0
                         CARRY8 (Prop_CARRY8_CI_O[1])
                                                      0.133     8.180 r  mac/memory_reg_0_i_559/O[1]
                         net (fo=1, unplaced)         0.248     8.428    mac/_GEN_10[2]043_out[25]
                         LUT6 (Prop_LUT6_I0_O)        0.040     8.468 r  mac/memory_reg_0_i_594/O
                         net (fo=1, unplaced)         0.249     8.717    mac/memory_reg_0_i_594_n_0
                         LUT6 (Prop_LUT6_I5_O)        0.040     8.757 r  mac/memory_reg_0_i_202/O
                         net (fo=4, unplaced)         0.243     9.000    alu/_mac_io_write_bits_data[36]
                         LUT6 (Prop_LUT6_I0_O)        0.176     9.176 r  alu/memory_reg_0_i_47__2/O
                         net (fo=7, unplaced)         0.224     9.400    vrf/banks_0_1/p_1_in[57]
                         RAMB36E2                                     r  vrf/banks_0_1/memory_reg_0/DINBDIN[25]
  -------------------------------------------------------------------    -------------------

                         (clock rvv_clock rise edge)
                                                     10.000    10.000 r  
                         propagated clock network latency
                                                      0.000    10.000    
                         clock pessimism              0.000    10.000    
                         clock uncertainty           -0.035     9.965    
                         RAMB36E2 (Setup_RAMB36E2_CLKBWRCLK_DINBDIN[25])
                                                     -0.323     9.642    vrf/banks_0_1/memory_reg_0
  -------------------------------------------------------------------
                         required time                          9.642    
                         arrival time                          -9.400    
  -------------------------------------------------------------------
                         slack                                  0.242    

Slack (MET) :             0.242ns  (required time - arrival time)
  Source:                 vrf/banks_2_3/memory_reg_1/CLKARDCLK
                            (rising edge-triggered cell RAMB36E2 clocked by rvv_clock  {rise@0.000ns fall@5.000ns period=10.000ns})
  Destination:            vrf/banks_0_1/memory_reg_1/DINBDIN[25]
                            (rising edge-triggered cell RAMB36E2 clocked by rvv_clock  {rise@0.000ns fall@5.000ns period=10.000ns})
  Path Group:             rvv_clock
  Path Type:              Setup (Max at Slow Process Corner)
  Requirement:            10.000ns  (rvv_clock rise@10.000ns - rvv_clock rise@0.000ns)
  Data Path Delay:        9.400ns  (logic 6.073ns (64.606%)  route 3.327ns (35.394%))
  Logic Levels:           22  (CARRY8=7 DSP_A_B_DATA=1 DSP_ALU=1 DSP_M_DATA=1 DSP_MULTIPLIER=1 DSP_OUTPUT=1 DSP_PREADD_DATA=1 LUT2=2 LUT3=1 LUT4=1 LUT6=5)
  Clock Uncertainty:      0.035ns  ((TSJ^2 + TIJ^2)^1/2 + DJ) / 2 + PE
    Total System Jitter     (TSJ):    0.071ns
    Total Input Jitter      (TIJ):    0.000ns
    Discrete Jitter          (DJ):    0.000ns
    Phase Error              (PE):    0.000ns

    Location             Delay type                Incr(ns)  Path(ns)    Netlist Resource(s)
  -------------------------------------------------------------------    -------------------
                         (clock rvv_clock rise edge)
                                                      0.000     0.000 r  
                         propagated clock network latency
                                                      0.000     0.000    
                         RAMB36E2                     0.000     0.000 r  vrf/banks_2_3/memory_reg_1/CLKARDCLK
                         RAMB36E2 (Prop_RAMB36E2_CLKARDCLK_DOUTBDOUT[1])
                                                      1.249     1.249 f  vrf/banks_2_3/memory_reg_1/DOUTBDOUT[1]
                         net (fo=1, unplaced)         0.366     1.615    vrf/_banks_2_3_readData[97]
                         LUT6 (Prop_LUT6_I1_O)        0.176     1.791 f  vrf/heldOperands_1[97]_i_4/O
                         net (fo=4, unplaced)         0.264     2.055    vrf/banks_3_3/_vrf_io_readData_3[97]
                         LUT6 (Prop_LUT6_I0_O)        0.132     2.187 f  vrf/banks_3_3/heldOperands_0[97]_i_1__0/O
                         net (fo=2, unplaced)         0.249     2.436    mac/heldOperands_0_reg[511]_0[97]
                         LUT3 (Prop_LUT3_I1_O)        0.040     2.476 f  mac/_GEN_10[1]0__5_i_31/O
                         net (fo=19, unplaced)        0.259     2.735    mac/candidates_values_dotProducts_0_3/A[1]
                         DSP_A_B_DATA (Prop_DSP_A_B_DATA_A[1]_A2_DATA[1])
                                                      0.337     3.072 r  mac/candidates_values_dotProducts_0_3/DSP_A_B_DATA_INST/A2_DATA[1]
                         net (fo=1, unplaced)         0.000     3.072    mac/candidates_values_dotProducts_0_3/DSP_A_B_DATA.A2_DATA<1>
                         DSP_PREADD_DATA (Prop_DSP_PREADD_DATA_A2_DATA[1]_A2A1[1])
                                                      0.155     3.227 r  mac/candidates_values_dotProducts_0_3/DSP_PREADD_DATA_INST/A2A1[1]
                         net (fo=1, unplaced)         0.000     3.227    mac/candidates_values_dotProducts_0_3/DSP_PREADD_DATA.A2A1<1>
                         DSP_MULTIPLIER (Prop_DSP_MULTIPLIER_A2A1[1]_U[2])
                                                      0.866     4.093 f  mac/candidates_values_dotProducts_0_3/DSP_MULTIPLIER_INST/U[2]
                         net (fo=1, unplaced)         0.000     4.093    mac/candidates_values_dotProducts_0_3/DSP_MULTIPLIER.U<2>
                         DSP_M_DATA (Prop_DSP_M_DATA_U[2]_U_DATA[2])
                                                      0.110     4.203 r  mac/candidates_values_dotProducts_0_3/DSP_M_DATA_INST/U_DATA[2]
                         net (fo=1, unplaced)         0.000     4.203    mac/candidates_values_dotProducts_0_3/DSP_M_DATA.U_DATA<2>
                         DSP_ALU (Prop_DSP_ALU_U_DATA[2]_ALU_OUT[2])
                                                      0.702     4.905 f  mac/candidates_values_dotProducts_0_3/DSP_ALU_INST/ALU_OUT[2]
                         net (fo=1, unplaced)         0.000     4.905    mac/candidates_values_dotProducts_0_3/DSP_ALU.ALU_OUT<2>
                         DSP_OUTPUT (Prop_DSP_OUTPUT_ALU_OUT[2]_P[2])
                                                      0.193     5.098 r  mac/candidates_values_dotProducts_0_3/DSP_OUTPUT_INST/P[2]
                         net (fo=2, unplaced)         0.417     5.515    mac/candidates_values_dotProducts_0_3_n_103
                         CARRY8 (Prop_CARRY8_DI[2]_CO[7])
                                                      0.349     5.864 r  mac/memory_reg_1_i_5620/CO[7]
                         net (fo=1, unplaced)         0.000     5.864    mac/memory_reg_1_i_5620_n_0
                         CARRY8 (Prop_CARRY8_CI_O[0])
                                                      0.099     5.963 r  mac/memory_reg_1_i_5586/O[0]
                         net (fo=2, unplaced)         0.249     6.212    mac/memory_reg_1_i_5586_n_15
                         LUT2 (Prop_LUT2_I0_O)        0.040     6.252 r  mac/memory_reg_1_i_5594/O
                         net (fo=1, unplaced)         0.000     6.252    mac/memory_reg_1_i_5594_n_0
                         CARRY8 (Prop_CARRY8_S[0]_O[5])
                                                      0.379     6.631 r  mac/memory_reg_1_i_4996/O[5]
                         net (fo=2, unplaced)         0.310     6.941    mac/memory_reg_1_i_4996_n_10
                         LUT2 (Prop_LUT2_I0_O)        0.043     6.984 r  mac/memory_reg_1_i_4999/O
                         net (fo=1, unplaced)         0.000     6.984    mac/memory_reg_1_i_4999_n_0
                         CARRY8 (Prop_CARRY8_S[5]_CO[7])
                                                      0.262     7.246 r  mac/memory_reg_1_i_3657/CO[7]
                         net (fo=1, unplaced)         0.000     7.246    mac/memory_reg_1_i_3657_n_0
                         CARRY8 (Prop_CARRY8_CI_O[0])
                                                      0.099     7.345 r  mac/memory_reg_1_i_3248/O[0]
                         net (fo=1, unplaced)         0.249     7.594    mac/p_1_in9_out[16]
                         LUT4 (Prop_LUT4_I1_O)        0.040     7.634 r  mac/memory_reg_1_i_1438/O
                         net (fo=1, unplaced)         0.000     7.634    mac/memory_reg_1_i_1438_n_0
                         CARRY8 (Prop_CARRY8_S[0]_CO[7])
                                                      0.413     8.047 r  mac/memory_reg_1_i_560/CO[7]
                         net (fo=1, unplaced)         0.000     8.047    mac/memory_reg_1_i_560_n_0
                         CARRY8 (Prop_CARRY8_CI_O[1])
                                                      0.133     8.180 r  mac/memory_reg_1_i_506/O[1]
                         net (fo=1, unplaced)         0.248     8.428    mac/_GEN_10[2]037_out[25]
                         LUT6 (Prop_LUT6_I0_O)        0.040     8.468 r  mac/memory_reg_1_i_540/O
                         net (fo=1, unplaced)         0.249     8.717    mac/memory_reg_1_i_540_n_0
                         LUT6 (Prop_LUT6_I5_O)        0.040     8.757 r  mac/memory_reg_1_i_182/O
                         net (fo=4, unplaced)         0.243     9.000    alu/_mac_io_write_bits_data[76]
                         LUT6 (Prop_LUT6_I0_O)        0.176     9.176 r  alu/memory_reg_1_i_43/O
                         net (fo=7, unplaced)         0.224     9.400    vrf/banks_0_1/p_1_in[121]
                         RAMB36E2                                     r  vrf/banks_0_1/memory_reg_1/DINBDIN[25]
  -------------------------------------------------------------------    -------------------

                         (clock rvv_clock rise edge)
                                                     10.000    10.000 r  
                         propagated clock network latency
                                                      0.000    10.000    
                         clock pessimism              0.000    10.000    
                         clock uncertainty           -0.035     9.965    
                         RAMB36E2 (Setup_RAMB36E2_CLKBWRCLK_DINBDIN[25])
                                                     -0.323     9.642    vrf/banks_0_1/memory_reg_1
  -------------------------------------------------------------------
                         required time                          9.642    
                         arrival time                          -9.400    
  -------------------------------------------------------------------
                         slack                                  0.242    




