Copyright 1986-2022 Xilinx, Inc. All Rights Reserved.
-------------------------------------------------------------------------------------------------------------------------------
| Tool Version      : Vivado v.2022.2 (lin64) Build 3671981 Fri Oct 14 04:59:54 MDT 2022
| Date              : Wed Oct  7 15:55:45 2026
| Host              : chen-System-Product-Name running 64-bit Ubuntu 24.04.4 LTS
| Command           : report_timing_summary -file /home/chen/FUN/flow-r03-evidence/baseline-default/reports/timing-summary.rpt
| Design            : RvvCoprocessor
| Device            : xcku040-ffva1156
| Speed File        : -2  PRODUCTION 1.25 12-04-2018
| Temperature Grade : E
-------------------------------------------------------------------------------------------------------------------------------

Timing Summary Report

------------------------------------------------------------------------------------------------
| Timer Settings
| --------------
------------------------------------------------------------------------------------------------

  Enable Multi Corner Analysis               :  Yes
  Enable Pessimism Removal                   :  Yes
  Pessimism Removal Resolution               :  Nearest Common Node
  Enable Input Delay Default Clock           :  No
  Enable Preset / Clear Arcs                 :  No
  Disable Flight Delays                      :  No
  Ignore I/O Paths                           :  No
  Timing Early Launch at Borrowing Latches   :  No
  Borrow Time for Max Delay Exceptions       :  Yes
  Merge Timing Exceptions                    :  Yes

  Corner  Analyze    Analyze    
  Name    Max Paths  Min Paths  
  ------  ---------  ---------  
  Slow    Yes        Yes        
  Fast    Yes        Yes        


------------------------------------------------------------------------------------------------
| Report Methodology
| ------------------
------------------------------------------------------------------------------------------------

No report available as report_methodology has not been run prior. Run report_methodology on the current design for the summary of methodology violations.



check_timing report

Table of Contents
-----------------
1. checking no_clock (0)
2. checking constant_clock (0)
3. checking pulse_width_clock (0)
4. checking unconstrained_internal_endpoints (0)
5. checking no_input_delay (741)
6. checking no_output_delay (2606)
7. checking multiple_clock (0)
8. checking generated_clocks (0)
9. checking loops (0)
10. checking partial_input_delay (0)
11. checking partial_output_delay (0)
12. checking latch_loops (0)

1. checking no_clock (0)
------------------------
 There are 0 register/latch pins with no clock.


2. checking constant_clock (0)
------------------------------
 There are 0 register/latch pins with constant_clock.


3. checking pulse_width_clock (0)
---------------------------------
 There are 0 register/latch pins which need pulse_width check


4. checking unconstrained_internal_endpoints (0)
------------------------------------------------
 There are 0 pins that are not constrained for maximum delay.

 There are 0 pins that are not constrained for maximum delay due to constant clock.


5. checking no_input_delay (741)
--------------------------------
 There are 741 input ports with no input delay specified. (HIGH)

 There are 0 input ports with no input delay but user has a false path constraint.


6. checking no_output_delay (2606)
----------------------------------
 There are 2606 ports with no output delay specified. (HIGH)

 There are 0 ports with no output delay but user has a false path constraint

 There are 0 ports with no output delay but with a timing clock defined on it or propagating through it


7. checking multiple_clock (0)
------------------------------
 There are 0 register/latch pins with multiple clocks.


8. checking generated_clocks (0)
--------------------------------
 There are 0 generated clocks that are not connected to a clock source.


9. checking loops (0)
---------------------
 There are 0 combinational loops in the design.


10. checking partial_input_delay (0)
------------------------------------
 There are 0 input ports with partial input delay specified.


11. checking partial_output_delay (0)
-------------------------------------
 There are 0 ports with partial output delay specified.


12. checking latch_loops (0)
----------------------------
 There are 0 combinational latch loops in the design through latch input



------------------------------------------------------------------------------------------------
| Design Timing Summary
| ---------------------
------------------------------------------------------------------------------------------------

    WNS(ns)      TNS(ns)  TNS Failing Endpoints  TNS Total Endpoints      WHS(ns)      THS(ns)  THS Failing Endpoints  THS Total Endpoints     WPWS(ns)     TPWS(ns)  TPWS Failing Endpoints  TPWS Total Endpoints  
    -------      -------  ---------------------  -------------------      -------      -------  ---------------------  -------------------     --------     --------  ----------------------  --------------------  
     -1.412   -26869.848                  32024               249637        0.078        0.000                      0               249637        4.020        0.000                       0                 81550  


Timing constraints are not met.


------------------------------------------------------------------------------------------------
| Clock Summary
| -------------
------------------------------------------------------------------------------------------------

Clock      Waveform(ns)       Period(ns)      Frequency(MHz)
-----      ------------       ----------      --------------
rvv_clock  {0.000 5.000}      10.000          100.000         


------------------------------------------------------------------------------------------------
| Intra Clock Table
| -----------------
------------------------------------------------------------------------------------------------

Clock             WNS(ns)      TNS(ns)  TNS Failing Endpoints  TNS Total Endpoints      WHS(ns)      THS(ns)  THS Failing Endpoints  THS Total Endpoints     WPWS(ns)     TPWS(ns)  TPWS Failing Endpoints  TPWS Total Endpoints  
-----             -------      -------  ---------------------  -------------------      -------      -------  ---------------------  -------------------     --------     --------  ----------------------  --------------------  
rvv_clock          -1.412   -26869.848                  32024               249637        0.078        0.000                      0               249637        4.020        0.000                       0                 81550  


------------------------------------------------------------------------------------------------
| Inter Clock Table
| -----------------
------------------------------------------------------------------------------------------------

From Clock    To Clock          WNS(ns)      TNS(ns)  TNS Failing Endpoints  TNS Total Endpoints      WHS(ns)      THS(ns)  THS Failing Endpoints  THS Total Endpoints  
----------    --------          -------      -------  ---------------------  -------------------      -------      -------  ---------------------  -------------------  


------------------------------------------------------------------------------------------------
| Other Path Groups Table
| -----------------------
------------------------------------------------------------------------------------------------

Path Group    From Clock    To Clock          WNS(ns)      TNS(ns)  TNS Failing Endpoints  TNS Total Endpoints      WHS(ns)      THS(ns)  THS Failing Endpoints  THS Total Endpoints  
----------    ----------    --------          -------      -------  ---------------------  -------------------      -------      -------  ---------------------  -------------------  


------------------------------------------------------------------------------------------------
| Timing Details
| --------------
------------------------------------------------------------------------------------------------


---------------------------------------------------------------------------------------------------
From Clock:  rvv_clock
  To Clock:  rvv_clock

Setup :        32024  Failing Endpoints,  Worst Slack       -1.412ns,  Total Violation   -26869.848ns
Hold  :            0  Failing Endpoints,  Worst Slack        0.078ns,  Total Violation        0.000ns
PW    :            0  Failing Endpoints,  Worst Slack        4.020ns,  Total Violation        0.000ns
---------------------------------------------------------------------------------------------------


Max Delay Paths
--------------------------------------------------------------------------------------
Slack (VIOLATED) :        -1.412ns  (required time - arrival time)
  Source:                 mac/d_age_reg[0]/C
                            (rising edge-triggered cell FDRE clocked by rvv_clock  {rise@0.000ns fall@5.000ns period=10.000ns})
  Destination:            vrf/banks_0_0/memory_reg_0_7_124_124/DP/I
                            (rising edge-triggered cell RAMD32 clocked by rvv_clock  {rise@0.000ns fall@5.000ns period=10.000ns})
  Path Group:             rvv_clock
  Path Type:              Setup (Max at Slow Process Corner)
  Requirement:            10.000ns  (rvv_clock rise@10.000ns - rvv_clock rise@0.000ns)
  Data Path Delay:        11.328ns  (logic 5.929ns (52.339%)  route 5.399ns (47.661%))
  Logic Levels:           33  (CARRY8=11 DSP_A_B_DATA=1 DSP_ALU=1 DSP_M_DATA=1 DSP_MULTIPLIER=1 DSP_OUTPUT=1 DSP_PREADD_DATA=1 LUT2=4 LUT3=2 LUT4=2 LUT5=3 LUT6=4 RAMD32=1)
  Clock Uncertainty:      0.035ns  ((TSJ^2 + TIJ^2)^1/2 + DJ) / 2 + PE
    Total System Jitter     (TSJ):    0.071ns
    Total Input Jitter      (TIJ):    0.000ns
    Discrete Jitter          (DJ):    0.000ns
    Phase Error              (PE):    0.000ns

    Location             Delay type                Incr(ns)  Path(ns)    Netlist Resource(s)
  -------------------------------------------------------------------    -------------------
                         (clock rvv_clock rise edge)
                                                      0.000     0.000 r  
                                                      0.000     0.000 r  clock (IN)
                         net (fo=81549, unset)        0.000     0.000    mac/clock
                         FDRE                                         r  mac/d_age_reg[0]/C
  -------------------------------------------------------------------    -------------------
                         FDRE (Prop_FDRE_C_Q)         0.115     0.115 f  mac/d_age_reg[0]/Q
                         net (fo=14, unplaced)        0.300     0.415    mac/d_age_reg[63]_1[0]
                         LUT4 (Prop_LUT4_I0_O)        0.198     0.613 f  mac/row[5]_i_71/O
                         net (fo=1, unplaced)         0.294     0.907    mac/row[5]_i_71_n_0
                         CARRY8 (Prop_CARRY8_DI[0]_CO[7])
                                                      0.373     1.280 f  mac/row_reg[5]_i_47/CO[7]
                         net (fo=1, unplaced)         0.000     1.280    mac/row_reg[5]_i_47_n_0
                         CARRY8 (Prop_CARRY8_CI_CO[7])
                                                      0.028     1.308 f  mac/row_reg[5]_i_30/CO[7]
                         net (fo=1, unplaced)         0.000     1.308    mac/row_reg[5]_i_30_n_0
                         CARRY8 (Prop_CARRY8_CI_CO[7])
                                                      0.028     1.336 f  mac/row_reg[5]_i_12/CO[7]
                         net (fo=1, unplaced)         0.000     1.336    mac/row_reg[5]_i_12_n_0
                         CARRY8 (Prop_CARRY8_CI_CO[7])
                                                      0.028     1.364 f  mac/row_reg[5]_i_10/CO[7]
                         net (fo=54, unplaced)        0.186     1.550    mac/alu_io_grant0
                         LUT5 (Prop_LUT5_I0_O)        0.040     1.590 r  mac/memory_reg_0_7_320_320_i_10__0/O
                         net (fo=126, unplaced)       0.340     1.930    alu/candidates_values_dotProducts_0_14_i_28
                         LUT2 (Prop_LUT2_I1_O)        0.040     1.970 f  alu/memory_reg_0_7_0_0_i_68__1/O
                         net (fo=524, unplaced)       0.372     2.342    alu/active_reg_85
                         LUT3 (Prop_LUT3_I2_O)        0.040     2.382 r  alu/memory_reg_0_7_0_0_i_5__5/O
                         net (fo=56, unplaced)        0.289     2.671    alu/active_reg_83
                         LUT5 (Prop_LUT5_I1_O)        0.071     2.742 r  alu/memory_reg_0_7_96_96_i_2__0/O
                         net (fo=128, unplaced)       0.353     3.095    vrf/banks_2_2/memory_reg_0_7_109_109/DPRA1
                         RAMD32 (Prop_RAMD32_RADR1_O)
                                                      0.176     3.271 f  vrf/banks_2_2/memory_reg_0_7_109_109/DP/O
                         net (fo=1, unplaced)         0.251     3.522    vrf/_banks_2_2_readData[109]
                         LUT6 (Prop_LUT6_I1_O)        0.176     3.698 f  vrf/_GEN_7[1]0__5_i_168/O
                         net (fo=2, unplaced)         0.249     3.947    vrf/banks_3_3/slowInputs_2_reg[500]_0[10]
                         LUT3 (Prop_LUT3_I2_O)        0.040     3.987 f  vrf/banks_3_3/_GEN_7[1]0__5_i_55/O
                         net (fo=2, unplaced)         0.249     4.236    vrf/banks_3_3/_GEN_7[1]0__5_i_55_n_0
                         LUT6 (Prop_LUT6_I1_O)        0.040     4.276 f  vrf/banks_3_3/_GEN_7[1]0__5_i_19/O
                         net (fo=8, unplaced)         0.324     4.600    mac/candidates_values_dotProducts_1_3/A[5]
                         DSP_A_B_DATA (Prop_DSP_A_B_DATA_A[5]_A2_DATA[5])
                                                      0.337     4.937 r  mac/candidates_values_dotProducts_1_3/DSP_A_B_DATA_INST/A2_DATA[5]
                         net (fo=1, unplaced)         0.000     4.937    mac/candidates_values_dotProducts_1_3/DSP_A_B_DATA.A2_DATA<5>
                         DSP_PREADD_DATA (Prop_DSP_PREADD_DATA_A2_DATA[5]_A2A1[5])
                                                      0.155     5.092 r  mac/candidates_values_dotProducts_1_3/DSP_PREADD_DATA_INST/A2A1[5]
                         net (fo=1, unplaced)         0.000     5.092    mac/candidates_values_dotProducts_1_3/DSP_PREADD_DATA.A2A1<5>
                         DSP_MULTIPLIER (Prop_DSP_MULTIPLIER_A2A1[5]_V[5])
                                                      0.871     5.963 f  mac/candidates_values_dotProducts_1_3/DSP_MULTIPLIER_INST/V[5]
                         net (fo=1, unplaced)         0.000     5.963    mac/candidates_values_dotProducts_1_3/DSP_MULTIPLIER.V<5>
                         DSP_M_DATA (Prop_DSP_M_DATA_V[5]_V_DATA[5])
                                                      0.110     6.073 r  mac/candidates_values_dotProducts_1_3/DSP_M_DATA_INST/V_DATA[5]
                         net (fo=1, unplaced)         0.000     6.073    mac/candidates_values_dotProducts_1_3/DSP_M_DATA.V_DATA<5>
                         DSP_ALU (Prop_DSP_ALU_V_DATA[5]_ALU_OUT[5])
                                                      0.687     6.760 f  mac/candidates_values_dotProducts_1_3/DSP_ALU_INST/ALU_OUT[5]
                         net (fo=1, unplaced)         0.000     6.760    mac/candidates_values_dotProducts_1_3/DSP_ALU.ALU_OUT<5>
                         DSP_OUTPUT (Prop_DSP_OUTPUT_ALU_OUT[5]_P[5])
                                                      0.193     6.953 r  mac/candidates_values_dotProducts_1_3/DSP_OUTPUT_INST/P[5]
                         net (fo=1, unplaced)         0.420     7.373    mac/candidates_values_dotProducts_1_3_n_100
                         LUT2 (Prop_LUT2_I1_O)        0.043     7.416 r  mac/memory_reg_0_7_102_102_i_96/O
                         net (fo=1, unplaced)         0.000     7.416    mac/memory_reg_0_7_102_102_i_96_n_0
                         CARRY8 (Prop_CARRY8_S[5]_CO[7])
                                                      0.262     7.678 r  mac/memory_reg_0_7_102_102_i_78/CO[7]
                         net (fo=1, unplaced)         0.000     7.678    mac/memory_reg_0_7_102_102_i_78_n_0
                         CARRY8 (Prop_CARRY8_CI_O[0])
                                                      0.099     7.777 r  mac/memory_reg_0_7_110_110_i_75/O[0]
                         net (fo=2, unplaced)         0.249     8.026    mac/memory_reg_0_7_110_110_i_75_n_15
                         LUT2 (Prop_LUT2_I0_O)        0.040     8.066 r  mac/memory_reg_0_7_110_110_i_83/O
                         net (fo=1, unplaced)         0.000     8.066    mac/memory_reg_0_7_110_110_i_83_n_0
                         CARRY8 (Prop_CARRY8_S[0]_O[5])
                                                      0.379     8.445 r  mac/memory_reg_0_7_110_110_i_40/O[5]
                         net (fo=2, unplaced)         0.310     8.755    mac/memory_reg_0_7_110_110_i_40_n_10
                         LUT2 (Prop_LUT2_I0_O)        0.043     8.798 r  mac/memory_reg_0_7_110_110_i_43/O
                         net (fo=1, unplaced)         0.000     8.798    mac/memory_reg_0_7_110_110_i_43_n_0
                         CARRY8 (Prop_CARRY8_S[5]_CO[7])
                                                      0.262     9.060 r  mac/memory_reg_0_7_110_110_i_24/CO[7]
                         net (fo=1, unplaced)         0.000     9.060    mac/memory_reg_0_7_110_110_i_24_n_0
                         CARRY8 (Prop_CARRY8_CI_O[0])
                                                      0.099     9.159 r  mac/memory_reg_0_7_118_118_i_27/O[0]
                         net (fo=1, unplaced)         0.216     9.375    mac/p_1_in9_out[16]
                         LUT4 (Prop_LUT4_I1_O)        0.071     9.446 r  mac/memory_reg_0_7_118_118_i_19/O
                         net (fo=1, unplaced)         0.000     9.446    mac/memory_reg_0_7_118_118_i_19_n_0
                         CARRY8 (Prop_CARRY8_S[0]_CO[7])
                                                      0.413     9.859 r  mac/memory_reg_0_7_118_118_i_7/CO[7]
                         net (fo=1, unplaced)         0.000     9.859    mac/memory_reg_0_7_118_118_i_7_n_0
                         CARRY8 (Prop_CARRY8_CI_O[4])
                                                      0.141    10.000 r  mac/memory_reg_0_7_126_126_i_4/O[4]
                         net (fo=1, unplaced)         0.253    10.253    mac/_GEN_7[2]037_out[28]
                         LUT5 (Prop_LUT5_I0_O)        0.115    10.368 r  mac/memory_reg_0_7_124_124_i_5/O
                         net (fo=1, unplaced)         0.249    10.617    mac/memory_reg_0_7_124_124_i_5_n_0
                         LUT6 (Prop_LUT6_I5_O)        0.040    10.657 r  mac/memory_reg_0_7_124_124_i_2/O
                         net (fo=4, unplaced)         0.243    10.900    mem/returnBuffer/ram_ext/_mac_io_write_bits_data[94]
                         LUT6 (Prop_LUT6_I0_O)        0.176    11.076 r  mem/returnBuffer/ram_ext/memory_reg_0_7_124_124_i_1/O
                         net (fo=13, unplaced)        0.252    11.328    vrf/banks_0_0/memory_reg_0_7_124_124/D
                         RAMD32                                       r  vrf/banks_0_0/memory_reg_0_7_124_124/DP/I
  -------------------------------------------------------------------    -------------------

                         (clock rvv_clock rise edge)
                                                     10.000    10.000 r  
                                                      0.000    10.000 r  clock (IN)
                         net (fo=81549, unset)        0.000    10.000    vrf/banks_0_0/memory_reg_0_7_124_124/WCLK
                         RAMD32                                       r  vrf/banks_0_0/memory_reg_0_7_124_124/DP/CLK
                         clock pessimism              0.000    10.000    
                         clock uncertainty           -0.035     9.965    
                         RAMD32 (Setup_RAMD32_CLK_I)
                                                     -0.049     9.916    vrf/banks_0_0/memory_reg_0_7_124_124/DP
  -------------------------------------------------------------------
                         required time                          9.916    
                         arrival time                         -11.328    
  -------------------------------------------------------------------
                         slack                                 -1.412    





Min Delay Paths
--------------------------------------------------------------------------------------
Slack (MET) :             0.078ns  (arrival time - required time)
  Source:                 queues_4/enq_ptr_value_reg[1]/C
                            (rising edge-triggered cell FDRE clocked by rvv_clock  {rise@0.000ns fall@5.000ns period=10.000ns})
  Destination:            queues_4/ram_ext/Memory_reg_0_3_0_13/RAMH/ADR1
                            (rising edge-triggered cell RAMS32 clocked by rvv_clock  {rise@0.000ns fall@5.000ns period=10.000ns})
  Path Group:             rvv_clock
  Path Type:              Hold (Min at Fast Process Corner)
  Requirement:            0.000ns  (rvv_clock rise@0.000ns - rvv_clock rise@0.000ns)
  Data Path Delay:        0.153ns  (logic 0.049ns (32.101%)  route 0.104ns (67.899%))
  Logic Levels:           0  

    Location             Delay type                Incr(ns)  Path(ns)    Netlist Resource(s)
  -------------------------------------------------------------------    -------------------
                         (clock rvv_clock rise edge)
                                                      0.000     0.000 r  
                                                      0.000     0.000 r  clock (IN)
                         net (fo=81549, unset)        0.000     0.000    queues_4/clock
                         FDRE                                         r  queues_4/enq_ptr_value_reg[1]/C
  -------------------------------------------------------------------    -------------------
                         FDRE (Prop_FDRE_C_Q)         0.049     0.049 r  queues_4/enq_ptr_value_reg[1]/Q
                         net (fo=28, unplaced)        0.104     0.153    queues_4/ram_ext/Memory_reg_0_3_0_13/ADDRH1
                         RAMS32                                       r  queues_4/ram_ext/Memory_reg_0_3_0_13/RAMH/ADR1
  -------------------------------------------------------------------    -------------------

                         (clock rvv_clock rise edge)
                                                      0.000     0.000 r  
                                                      0.000     0.000 r  clock (IN)
                         net (fo=81549, unset)        0.000     0.000    queues_4/ram_ext/Memory_reg_0_3_0_13/WCLK
                         RAMS32                                       r  queues_4/ram_ext/Memory_reg_0_3_0_13/RAMH/CLK
                         clock pessimism              0.000     0.000    
                         RAMS32 (Hold_RAMS32_CLK_ADR1)
                                                      0.075     0.075    queues_4/ram_ext/Memory_reg_0_3_0_13/RAMH
  -------------------------------------------------------------------
                         required time                         -0.075    
                         arrival time                           0.153    
  -------------------------------------------------------------------
                         slack                                  0.078    





Pulse Width Checks
--------------------------------------------------------------------------------------
Clock Name:         rvv_clock
Waveform(ns):       { 0.000 5.000 }
Period(ns):         10.000
Sources:            { clock }

Check Type        Corner  Lib Pin             Reference Pin  Required(ns)  Actual(ns)  Slack(ns)  Location  Pin
Min Period        n/a     RAMB36E2/CLKARDCLK  n/a            1.961         10.000      8.039                mem/returnBuffer/ram_ext/Memory_reg_0/CLKARDCLK
Low Pulse Width   Slow    RAMB36E2/CLKARDCLK  n/a            0.980         5.000       4.020                mem/returnBuffer/ram_ext/Memory_reg_0/CLKARDCLK
High Pulse Width  Slow    RAMB36E2/CLKARDCLK  n/a            0.980         5.000       4.020                mem/returnBuffer/ram_ext/Memory_reg_0/CLKARDCLK



