Copyright 1986-2022 Xilinx, Inc. All Rights Reserved.
-----------------------------------------------------------------------------------------------------------------------------------------------
| Tool Version : Vivado v.2022.2 (lin64) Build 3671981 Fri Oct 14 04:59:54 MDT 2022
| Date         : Wed Oct  7 15:55:04 2026
| Host         : chen-System-Product-Name running 64-bit Ubuntu 24.04.4 LTS
| Command      : report_utilization -hierarchical -file /home/chen/FUN/flow-r03-evidence/baseline-default/reports/utilization-hierarchical.rpt
| Design       : RvvCoprocessor
| Device       : xcku040-ffva1156-2-e
| Speed File   : -2
| Design State : Synthesized
-----------------------------------------------------------------------------------------------------------------------------------------------

Utilization Design Information

Table of Contents
-----------------
1. Utilization by Hierarchy

1. Utilization by Hierarchy
---------------------------

+----------------------+-------------------------+------------+------------+---------+------+-------+--------+--------+------+------------+
|       Instance       |          Module         | Total LUTs | Logic LUTs | LUTRAMs | SRLs |  FFs  | RAMB36 | RAMB18 | URAM | DSP Blocks |
+----------------------+-------------------------+------------+------------+---------+------+-------+--------+--------+------+------------+
| RvvCoprocessor       |                   (top) |     196270 |     170906 |   25364 |    0 | 55542 |      7 |      1 |    0 |        154 |
|   (RvvCoprocessor)   |                   (top) |       4943 |       4943 |       0 |    0 |   960 |      0 |      0 |    0 |          0 |
|   alu                |     RvvIntegerSequencer |      18811 |      18811 |       0 |    0 |   361 |      0 |      0 |    0 |          0 |
|   cross_0            |   RvvCrossLaneSequencer |       5340 |       5340 |       0 |    0 |   196 |      0 |      0 |    0 |          0 |
|   front              |             RvvFrontend |      42321 |      42065 |     256 |    0 | 31028 |      0 |      0 |    0 |          0 |
|     (front)          |             RvvFrontend |      35809 |      35809 |       0 |    0 | 31012 |      0 |      0 |    0 |          0 |
|     viq              |   Queue32_RvvDescriptor |       6512 |       6256 |     256 |    0 |    16 |      0 |      0 |    0 |          0 |
|       (viq)          |   Queue32_RvvDescriptor |       6240 |       6240 |       0 |    0 |    16 |      0 |      0 |    0 |          0 |
|       ram_ext        |              ram_32x572 |        272 |         16 |     256 |    0 |     0 |      0 |      0 |    0 |          0 |
|   mac                |   RvvIntegerSequencer_1 |      16787 |      16787 |       0 |    0 |  2311 |      0 |      0 |    0 |        154 |
|   mem                |            RvvLoadStore |      49130 |      48970 |     160 |    0 |  9354 |      7 |      1 |    0 |          0 |
|     (mem)            |            RvvLoadStore |      13869 |      13869 |       0 |    0 |  9303 |      0 |      0 |    0 |          0 |
|     bSlots           |          Queue256_UInt5 |        181 |        149 |      32 |    0 |    17 |      0 |      0 |    0 |          0 |
|       (bSlots)       |          Queue256_UInt5 |        115 |        115 |       0 |    0 |    17 |      0 |      0 |    0 |          0 |
|       ram_ext        |               ram_256x5 |         66 |         34 |      32 |    0 |     0 |      0 |      0 |    0 |          0 |
|     bursts           |          Queue256_Burst |      14268 |      14140 |     128 |    0 |    17 |      0 |      0 |    0 |          0 |
|       (bursts)       |          Queue256_Burst |        421 |        421 |       0 |    0 |    17 |      0 |      0 |    0 |          0 |
|       ram_ext        |              ram_256x27 |      13847 |      13719 |     128 |    0 |     0 |      0 |      0 |    0 |          0 |
|     returnBuffer     |     Queue256_ReturnBeat |      20846 |      20846 |       0 |    0 |    17 |      7 |      1 |    0 |          0 |
|       (returnBuffer) |     Queue256_ReturnBeat |         20 |         20 |       0 |    0 |    17 |      0 |      0 |    0 |          0 |
|       ram_ext        |             ram_256x530 |      20826 |      20826 |       0 |    0 |     0 |      7 |      1 |    0 |          0 |
|   queues_0           |   Queue16_RvvDescriptor |        169 |         13 |     156 |    0 |     9 |      0 |      0 |    0 |          0 |
|     (queues_0)       |   Queue16_RvvDescriptor |         11 |         11 |       0 |    0 |     9 |      0 |      0 |    0 |          0 |
|     ram_ext          |           ram_16x336_24 |        158 |          2 |     156 |    0 |     0 |      0 |      0 |    0 |          0 |
|   queues_1           |    Queue8_RvvDescriptor |        120 |         12 |     108 |    0 |     7 |      0 |      0 |    0 |          0 |
|     (queues_1)       |    Queue8_RvvDescriptor |         10 |         10 |       0 |    0 |     7 |      0 |      0 |    0 |          0 |
|     ram_ext          |               ram_8x188 |        110 |          2 |     108 |    0 |     0 |      0 |      0 |    0 |          0 |
|   queues_2           | Queue16_RvvDescriptor_0 |        106 |         10 |      96 |    0 |     9 |      0 |      0 |    0 |          0 |
|     (queues_2)       | Queue16_RvvDescriptor_0 |          8 |          8 |       0 |    0 |     9 |      0 |      0 |    0 |          0 |
|     ram_ext          |              ram_16x336 |         98 |          2 |      96 |    0 |     0 |      0 |      0 |    0 |          0 |
|   queues_3           |    Queue2_RvvDescriptor |          2 |          2 |       0 |    0 |     2 |      0 |      0 |    0 |          0 |
|   queues_4           |    Queue4_RvvDescriptor |         17 |          5 |      12 |    0 |     5 |      0 |      0 |    0 |          0 |
|     (queues_4)       |    Queue4_RvvDescriptor |          4 |          4 |       0 |    0 |     5 |      0 |      0 |    0 |          0 |
|     ram_ext          |                ram_4x19 |         13 |          1 |      12 |    0 |     0 |      0 |      0 |    0 |          0 |
|   sb                 |           RvvScoreboard |      25387 |      25387 |       0 |    0 | 10788 |      0 |      0 |    0 |          0 |
|   vrf                |         RvvRegisterFile |      42358 |      17782 |   24576 |    0 |   512 |      0 |      0 |    0 |          0 |
|     (vrf)            |         RvvRegisterFile |       3408 |       3408 |       0 |    0 |   512 |      0 |      0 |    0 |          0 |
|     banks_0_0        |              RvvVrfBank |       1024 |          0 |    1024 |    0 |     0 |      0 |      0 |    0 |          0 |
|     banks_0_1        |            RvvVrfBank_1 |       1024 |          0 |    1024 |    0 |     0 |      0 |      0 |    0 |          0 |
|     banks_0_2        |            RvvVrfBank_2 |       1024 |          0 |    1024 |    0 |     0 |      0 |      0 |    0 |          0 |
|     banks_0_3        |            RvvVrfBank_3 |       1024 |          0 |    1024 |    0 |     0 |      0 |      0 |    0 |          0 |
|     banks_0_4        |            RvvVrfBank_4 |       1024 |          0 |    1024 |    0 |     0 |      0 |      0 |    0 |          0 |
|     banks_0_5        |            RvvVrfBank_5 |       1024 |          0 |    1024 |    0 |     0 |      0 |      0 |    0 |          0 |
|     banks_1_0        |            RvvVrfBank_6 |       1024 |          0 |    1024 |    0 |     0 |      0 |      0 |    0 |          0 |
|     banks_1_1        |            RvvVrfBank_7 |       1024 |          0 |    1024 |    0 |     0 |      0 |      0 |    0 |          0 |
|     banks_1_2        |            RvvVrfBank_8 |       1024 |          0 |    1024 |    0 |     0 |      0 |      0 |    0 |          0 |
|     banks_1_3        |            RvvVrfBank_9 |       1024 |          0 |    1024 |    0 |     0 |      0 |      0 |    0 |          0 |
|     banks_1_4        |           RvvVrfBank_10 |       1024 |          0 |    1024 |    0 |     0 |      0 |      0 |    0 |          0 |
|     banks_1_5        |           RvvVrfBank_11 |       1024 |          0 |    1024 |    0 |     0 |      0 |      0 |    0 |          0 |
|     banks_2_0        |           RvvVrfBank_12 |       1024 |          0 |    1024 |    0 |     0 |      0 |      0 |    0 |          0 |
|     banks_2_1        |           RvvVrfBank_13 |       1024 |          0 |    1024 |    0 |     0 |      0 |      0 |    0 |          0 |
|     banks_2_2        |           RvvVrfBank_14 |       1024 |          0 |    1024 |    0 |     0 |      0 |      0 |    0 |          0 |
|     banks_2_3        |           RvvVrfBank_15 |       1024 |          0 |    1024 |    0 |     0 |      0 |      0 |    0 |          0 |
|     banks_2_4        |           RvvVrfBank_16 |       1024 |          0 |    1024 |    0 |     0 |      0 |      0 |    0 |          0 |
|     banks_2_5        |           RvvVrfBank_17 |       1024 |          0 |    1024 |    0 |     0 |      0 |      0 |    0 |          0 |
|     banks_3_0        |           RvvVrfBank_18 |       2877 |       1853 |    1024 |    0 |     0 |      0 |      0 |    0 |          0 |
|     banks_3_1        |           RvvVrfBank_19 |       2022 |        998 |    1024 |    0 |     0 |      0 |      0 |    0 |          0 |
|     banks_3_2        |           RvvVrfBank_20 |       1114 |         90 |    1024 |    0 |     0 |      0 |      0 |    0 |          0 |
|     banks_3_3        |           RvvVrfBank_21 |       3284 |       2260 |    1024 |    0 |     0 |      0 |      0 |    0 |          0 |
|     banks_3_4        |           RvvVrfBank_22 |       9830 |       8806 |    1024 |    0 |     0 |      0 |      0 |    0 |          0 |
|     banks_3_5        |           RvvVrfBank_23 |       1391 |        367 |    1024 |    0 |     0 |      0 |      0 |    0 |          0 |
+----------------------+-------------------------+------------+------------+---------+------+-------+--------+--------+------+------------+


