Copyright 1986-2022 Xilinx, Inc. All Rights Reserved.
------------------------------------------------------------------------------------------------------------------------------------
| Tool Version : Vivado v.2022.2 (lin64) Build 3671981 Fri Oct 14 04:59:54 MDT 2022
| Date         : Wed Oct  7 16:39:02 2026
| Host         : chen-System-Product-Name running 64-bit Ubuntu 24.04.4 LTS
| Command      : report_utilization -hierarchical -file /home/chen/FUN/flow-r03-evidence/a3/s1/reports/utilization-hierarchical.rpt
| Design       : RvvCoprocessor
| Device       : xcku040-ffva1156-2-e
| Speed File   : -2
| Design State : Synthesized
------------------------------------------------------------------------------------------------------------------------------------

Utilization Design Information

Table of Contents
-----------------
1. Utilization by Hierarchy

1. Utilization by Hierarchy
---------------------------

+----------------------+------------------------+------------+------------+---------+------+-------+--------+--------+------+------------+
|       Instance       |         Module         | Total LUTs | Logic LUTs | LUTRAMs | SRLs |  FFs  | RAMB36 | RAMB18 | URAM | DSP Blocks |
+----------------------+------------------------+------------+------------+---------+------+-------+--------+--------+------+------------+
| RvvCoprocessor       |                  (top) |      71194 |      70602 |     592 |    0 | 15886 |    199 |      1 |    0 |        154 |
|   (RvvCoprocessor)   |                  (top) |       2121 |       2121 |       0 |    0 |  1004 |      0 |      0 |    0 |          0 |
|   alu                |    RvvIntegerSequencer |      18653 |      18653 |       0 |    0 |  1288 |      0 |      0 |    0 |          0 |
|   cross_0            |  RvvCrossLaneSequencer |         27 |         27 |       0 |    0 |    91 |      0 |      0 |    0 |          0 |
|   front              |            RvvFrontend |       5543 |       5367 |     176 |    0 |  4158 |      0 |      0 |    0 |          0 |
|     (front)          |            RvvFrontend |       4317 |       4317 |       0 |    0 |  4148 |      0 |      0 |    0 |          0 |
|     viq              |         RvvLutramQueue |       1226 |       1050 |     176 |    0 |    10 |      0 |      0 |    0 |          0 |
|       (viq)          |         RvvLutramQueue |         17 |         17 |       0 |    0 |    10 |      0 |      0 |    0 |          0 |
|       ram            |      RvvDistributedRam |       1209 |       1033 |     176 |    0 |     0 |      0 |      0 |    0 |          0 |
|   mac                |  RvvIntegerSequencer_1 |       8111 |       8111 |       0 |    0 |  3746 |      0 |      0 |    0 |        154 |
|   mem                |           RvvLoadStore |      15321 |      15161 |     160 |    0 |  3624 |      7 |      1 |    0 |          0 |
|     (mem)            |           RvvLoadStore |       4572 |       4572 |       0 |    0 |  3573 |      0 |      0 |    0 |          0 |
|     bSlots           |         Queue256_UInt4 |       1251 |       1219 |      32 |    0 |    17 |      0 |      0 |    0 |          0 |
|       (bSlots)       |         Queue256_UInt4 |         52 |         52 |       0 |    0 |    17 |      0 |      0 |    0 |          0 |
|       ram_ext        |              ram_256x4 |       1199 |       1167 |      32 |    0 |     0 |      0 |      0 |    0 |          0 |
|     bursts           |         Queue256_Burst |        628 |        500 |     128 |    0 |    17 |      0 |      0 |    0 |          0 |
|       (bursts)       |         Queue256_Burst |        315 |        315 |       0 |    0 |    17 |      0 |      0 |    0 |          0 |
|       ram_ext        |             ram_256x26 |        313 |        185 |     128 |    0 |     0 |      0 |      0 |    0 |          0 |
|     returnBuffer     |    Queue256_ReturnBeat |       8870 |       8870 |       0 |    0 |    17 |      7 |      1 |    0 |          0 |
|       (returnBuffer) |    Queue256_ReturnBeat |         31 |         31 |       0 |    0 |    17 |      0 |      0 |    0 |          0 |
|       ram_ext        |            ram_256x529 |       8839 |       8839 |       0 |    0 |     0 |      7 |      1 |    0 |          0 |
|   queues_0           |   Queue4_RvvDescriptor |         87 |          7 |      80 |    0 |     5 |      0 |      0 |    0 |          0 |
|     (queues_0)       |   Queue4_RvvDescriptor |          5 |          5 |       0 |    0 |     5 |      0 |      0 |    0 |          0 |
|     ram_ext          |              ram_4x136 |         82 |          2 |      80 |    0 |     0 |      0 |      0 |    0 |          0 |
|   queues_1           |   Queue2_RvvDescriptor |         84 |          4 |      80 |    0 |     3 |      0 |      0 |    0 |          0 |
|     (queues_1)       |   Queue2_RvvDescriptor |          4 |          4 |       0 |    0 |     3 |      0 |      0 |    0 |          0 |
|     ram_ext          |           ram_2x134_27 |         80 |          0 |      80 |    0 |     0 |      0 |      0 |    0 |          0 |
|   queues_2           | Queue2_RvvDescriptor_0 |         70 |          6 |      64 |    0 |     3 |      0 |      0 |    0 |          0 |
|     (queues_2)       | Queue2_RvvDescriptor_0 |          5 |          5 |       0 |    0 |     3 |      0 |      0 |    0 |          0 |
|     ram_ext          |           ram_2x134_26 |         65 |          1 |      64 |    0 |     0 |      0 |      0 |    0 |          0 |
|   queues_3           | Queue2_RvvDescriptor_1 |          2 |          2 |       0 |    0 |     2 |      0 |      0 |    0 |          0 |
|   queues_4           | Queue2_RvvDescriptor_2 |         35 |          3 |      32 |    0 |     3 |      0 |      0 |    0 |          0 |
|     (queues_4)       | Queue2_RvvDescriptor_2 |          3 |          3 |       0 |    0 |     3 |      0 |      0 |    0 |          0 |
|     ram_ext          |              ram_2x134 |         32 |          0 |      32 |    0 |     0 |      0 |      0 |    0 |          0 |
|   sb                 |          RvvScoreboard |       6757 |       6757 |       0 |    0 |  1395 |      0 |      0 |    0 |          0 |
|   vrf                |        RvvRegisterFile |      15186 |      15186 |       0 |    0 |   564 |    192 |      0 |    0 |          0 |
|     (vrf)            |        RvvRegisterFile |       2560 |       2560 |       0 |    0 |   564 |      0 |      0 |    0 |          0 |
|     banks_0_0        |             RvvVrfBank |          0 |          0 |       0 |    0 |     0 |      8 |      0 |    0 |          0 |
|     banks_0_1        |           RvvVrfBank_3 |          0 |          0 |       0 |    0 |     0 |      8 |      0 |    0 |          0 |
|     banks_0_2        |           RvvVrfBank_4 |          0 |          0 |       0 |    0 |     0 |      8 |      0 |    0 |          0 |
|     banks_0_3        |           RvvVrfBank_5 |          0 |          0 |       0 |    0 |     0 |      8 |      0 |    0 |          0 |
|     banks_0_4        |           RvvVrfBank_6 |        109 |        109 |       0 |    0 |     0 |      8 |      0 |    0 |          0 |
|     banks_0_5        |           RvvVrfBank_7 |          1 |          1 |       0 |    0 |     0 |      8 |      0 |    0 |          0 |
|     banks_1_0        |           RvvVrfBank_8 |          0 |          0 |       0 |    0 |     0 |      8 |      0 |    0 |          0 |
|     banks_1_1        |           RvvVrfBank_9 |          0 |          0 |       0 |    0 |     0 |      8 |      0 |    0 |          0 |
|     banks_1_2        |          RvvVrfBank_10 |        260 |        260 |       0 |    0 |     0 |      8 |      0 |    0 |          0 |
|     banks_1_3        |          RvvVrfBank_11 |       1200 |       1200 |       0 |    0 |     0 |      8 |      0 |    0 |          0 |
|     banks_1_4        |          RvvVrfBank_12 |          0 |          0 |       0 |    0 |     0 |      8 |      0 |    0 |          0 |
|     banks_1_5        |          RvvVrfBank_13 |          0 |          0 |       0 |    0 |     0 |      8 |      0 |    0 |          0 |
|     banks_2_0        |          RvvVrfBank_14 |          0 |          0 |       0 |    0 |     0 |      8 |      0 |    0 |          0 |
|     banks_2_1        |          RvvVrfBank_15 |          0 |          0 |       0 |    0 |     0 |      8 |      0 |    0 |          0 |
|     banks_2_2        |          RvvVrfBank_16 |          0 |          0 |       0 |    0 |     0 |      8 |      0 |    0 |          0 |
|     banks_2_3        |          RvvVrfBank_17 |          0 |          0 |       0 |    0 |     0 |      8 |      0 |    0 |          0 |
|     banks_2_4        |          RvvVrfBank_18 |          0 |          0 |       0 |    0 |     0 |      8 |      0 |    0 |          0 |
|     banks_2_5        |          RvvVrfBank_19 |          0 |          0 |       0 |    0 |     0 |      8 |      0 |    0 |          0 |
|     banks_3_0        |          RvvVrfBank_20 |        512 |        512 |       0 |    0 |     0 |      8 |      0 |    0 |          0 |
|     banks_3_1        |          RvvVrfBank_21 |        192 |        192 |       0 |    0 |     0 |      8 |      0 |    0 |          0 |
|     banks_3_2        |          RvvVrfBank_22 |          0 |          0 |       0 |    0 |     0 |      8 |      0 |    0 |          0 |
|     banks_3_3        |          RvvVrfBank_23 |        512 |        512 |       0 |    0 |     0 |      8 |      0 |    0 |          0 |
|     banks_3_4        |          RvvVrfBank_24 |       9280 |       9280 |       0 |    0 |     0 |      8 |      0 |    0 |          0 |
|     banks_3_5        |          RvvVrfBank_25 |        560 |        560 |       0 |    0 |     0 |      8 |      0 |    0 |          0 |
+----------------------+------------------------+------------+------------+---------+------+-------+--------+--------+------+------------+


