Copyright 1986-2022 Xilinx, Inc. All Rights Reserved.
-------------------------------------------------------------------------------------------------------------------------
| Tool Version      : Vivado v.2022.2 (lin64) Build 3671981 Fri Oct 14 04:59:54 MDT 2022
| Date              : Wed Oct  7 19:20:37 2026
| Host              : chen-System-Product-Name running 64-bit Ubuntu 24.04.4 LTS
| Command           : report_timing_summary -file /home/chen/FUN/flow-r04-evidence/readcmd/s1/reports/timing-summary.rpt
| Design            : RvvCoprocessor
| Device            : xcku040-ffva1156
| Speed File        : -2  PRODUCTION 1.25 12-04-2018
| Temperature Grade : E
-------------------------------------------------------------------------------------------------------------------------

Timing Summary Report

------------------------------------------------------------------------------------------------
| Timer Settings
| --------------
------------------------------------------------------------------------------------------------

  Enable Multi Corner Analysis               :  Yes
  Enable Pessimism Removal                   :  Yes
  Pessimism Removal Resolution               :  Nearest Common Node
  Enable Input Delay Default Clock           :  No
  Enable Preset / Clear Arcs                 :  No
  Disable Flight Delays                      :  No
  Ignore I/O Paths                           :  No
  Timing Early Launch at Borrowing Latches   :  No
  Borrow Time for Max Delay Exceptions       :  Yes
  Merge Timing Exceptions                    :  Yes

  Corner  Analyze    Analyze    
  Name    Max Paths  Min Paths  
  ------  ---------  ---------  
  Slow    Yes        Yes        
  Fast    Yes        Yes        


------------------------------------------------------------------------------------------------
| Report Methodology
| ------------------
------------------------------------------------------------------------------------------------

No report available as report_methodology has not been run prior. Run report_methodology on the current design for the summary of methodology violations.



check_timing report

Table of Contents
-----------------
1. checking no_clock (0)
2. checking constant_clock (0)
3. checking pulse_width_clock (0)
4. checking unconstrained_internal_endpoints (0)
5. checking no_input_delay (689)
6. checking no_output_delay (2418)
7. checking multiple_clock (0)
8. checking generated_clocks (0)
9. checking loops (0)
10. checking partial_input_delay (0)
11. checking partial_output_delay (0)
12. checking latch_loops (0)

1. checking no_clock (0)
------------------------
 There are 0 register/latch pins with no clock.


2. checking constant_clock (0)
------------------------------
 There are 0 register/latch pins with constant_clock.


3. checking pulse_width_clock (0)
---------------------------------
 There are 0 register/latch pins which need pulse_width check


4. checking unconstrained_internal_endpoints (0)
------------------------------------------------
 There are 0 pins that are not constrained for maximum delay.

 There are 0 pins that are not constrained for maximum delay due to constant clock.


5. checking no_input_delay (689)
--------------------------------
 There are 689 input ports with no input delay specified. (HIGH)

 There are 0 input ports with no input delay but user has a false path constraint.


6. checking no_output_delay (2418)
----------------------------------
 There are 2418 ports with no output delay specified. (HIGH)

 There are 0 ports with no output delay but user has a false path constraint

 There are 0 ports with no output delay but with a timing clock defined on it or propagating through it


7. checking multiple_clock (0)
------------------------------
 There are 0 register/latch pins with multiple clocks.


8. checking generated_clocks (0)
--------------------------------
 There are 0 generated clocks that are not connected to a clock source.


9. checking loops (0)
---------------------
 There are 0 combinational loops in the design.


10. checking partial_input_delay (0)
------------------------------------
 There are 0 input ports with partial input delay specified.


11. checking partial_output_delay (0)
-------------------------------------
 There are 0 ports with partial output delay specified.


12. checking latch_loops (0)
----------------------------
 There are 0 combinational latch loops in the design through latch input



------------------------------------------------------------------------------------------------
| Design Timing Summary
| ---------------------
------------------------------------------------------------------------------------------------

    WNS(ns)      TNS(ns)  TNS Failing Endpoints  TNS Total Endpoints      WHS(ns)      THS(ns)  THS Failing Endpoints  THS Total Endpoints     WPWS(ns)     TPWS(ns)  TPWS Failing Endpoints  TPWS Total Endpoints  
    -------      -------  ---------------------  -------------------      -------      -------  ---------------------  -------------------     --------     --------  ----------------------  --------------------  
      0.103        0.000                      0               112871        0.068        0.000                      0               112871        4.020        0.000                       0                 31835  


All user specified timing constraints are met.


------------------------------------------------------------------------------------------------
| Clock Summary
| -------------
------------------------------------------------------------------------------------------------

Clock      Waveform(ns)       Period(ns)      Frequency(MHz)
-----      ------------       ----------      --------------
rvv_clock  {0.000 5.000}      10.000          100.000         


------------------------------------------------------------------------------------------------
| Intra Clock Table
| -----------------
------------------------------------------------------------------------------------------------

Clock             WNS(ns)      TNS(ns)  TNS Failing Endpoints  TNS Total Endpoints      WHS(ns)      THS(ns)  THS Failing Endpoints  THS Total Endpoints     WPWS(ns)     TPWS(ns)  TPWS Failing Endpoints  TPWS Total Endpoints  
-----             -------      -------  ---------------------  -------------------      -------      -------  ---------------------  -------------------     --------     --------  ----------------------  --------------------  
rvv_clock           0.103        0.000                      0               112871        0.068        0.000                      0               112871        4.020        0.000                       0                 31835  


------------------------------------------------------------------------------------------------
| Inter Clock Table
| -----------------
------------------------------------------------------------------------------------------------

From Clock    To Clock          WNS(ns)      TNS(ns)  TNS Failing Endpoints  TNS Total Endpoints      WHS(ns)      THS(ns)  THS Failing Endpoints  THS Total Endpoints  
----------    --------          -------      -------  ---------------------  -------------------      -------      -------  ---------------------  -------------------  


------------------------------------------------------------------------------------------------
| Other Path Groups Table
| -----------------------
------------------------------------------------------------------------------------------------

Path Group    From Clock    To Clock          WNS(ns)      TNS(ns)  TNS Failing Endpoints  TNS Total Endpoints      WHS(ns)      THS(ns)  THS Failing Endpoints  THS Total Endpoints  
----------    ----------    --------          -------      -------  ---------------------  -------------------      -------      -------  ---------------------  -------------------  


------------------------------------------------------------------------------------------------
| Timing Details
| --------------
------------------------------------------------------------------------------------------------


---------------------------------------------------------------------------------------------------
From Clock:  rvv_clock
  To Clock:  rvv_clock

Setup :            0  Failing Endpoints,  Worst Slack        0.103ns,  Total Violation        0.000ns
Hold  :            0  Failing Endpoints,  Worst Slack        0.068ns,  Total Violation        0.000ns
PW    :            0  Failing Endpoints,  Worst Slack        4.020ns,  Total Violation        0.000ns
---------------------------------------------------------------------------------------------------


Max Delay Paths
--------------------------------------------------------------------------------------
Slack (MET) :             0.103ns  (required time - arrival time)
  Source:                 alu/alu/tokens_4_desc_decoded_vs1_reg[1]__0/C
                            (rising edge-triggered cell FDRE clocked by rvv_clock  {rise@0.000ns fall@5.000ns period=10.000ns})
  Destination:            alu/alu/cacheData_ext/Memory_reg_0_31_444_445/RAMA_D1/I
                            (rising edge-triggered cell RAMD32 clocked by rvv_clock  {rise@0.000ns fall@5.000ns period=10.000ns})
  Path Group:             rvv_clock
  Path Type:              Setup (Max at Slow Process Corner)
  Requirement:            10.000ns  (rvv_clock rise@10.000ns - rvv_clock rise@0.000ns)
  Data Path Delay:        9.813ns  (logic 1.994ns (20.320%)  route 7.819ns (79.680%))
  Logic Levels:           28  (CARRY8=1 LUT3=1 LUT4=2 LUT5=12 LUT6=11 MUXF7=1)
  Clock Uncertainty:      0.035ns  ((TSJ^2 + TIJ^2)^1/2 + DJ) / 2 + PE
    Total System Jitter     (TSJ):    0.071ns
    Total Input Jitter      (TIJ):    0.000ns
    Discrete Jitter          (DJ):    0.000ns
    Phase Error              (PE):    0.000ns

    Location             Delay type                Incr(ns)  Path(ns)    Netlist Resource(s)
  -------------------------------------------------------------------    -------------------
                         (clock rvv_clock rise edge)
                                                      0.000     0.000 r  
                                                      0.000     0.000 r  clock (IN)
                         net (fo=32649, unset)        0.000     0.000    alu/alu/clock
                         FDRE                                         r  alu/alu/tokens_4_desc_decoded_vs1_reg[1]__0/C
  -------------------------------------------------------------------    -------------------
                         FDRE (Prop_FDRE_C_Q)         0.115     0.115 r  alu/alu/tokens_4_desc_decoded_vs1_reg[1]__0/Q
                         net (fo=10, unplaced)        0.357     0.472    alu/alu/cacheData_ext/Memory_reg_0_31_96_97_1
                         LUT6 (Prop_LUT6_I0_O)        0.190     0.662 r  alu/alu/cacheData_ext/Memory_reg_0_31_0_1_i_24/O
                         net (fo=6, unplaced)         0.238     0.900    alu/alu/cacheData_ext/addrA0[1]
                         LUT6 (Prop_LUT6_I1_O)        0.071     0.971 r  alu/alu/cacheData_ext/Memory_reg_0_31_0_1_i_23/O
                         net (fo=1, unplaced)         0.249     1.220    alu/alu/cacheData_ext/Memory_reg_0_31_0_1_i_23_n_0
                         LUT5 (Prop_LUT5_I0_O)        0.040     1.260 r  alu/alu/cacheData_ext/Memory_reg_0_31_0_1_i_10/O
                         net (fo=548, unplaced)       0.404     1.664    alu/alu/cacheData_ext/addrA[2]
                         MUXF7 (Prop_MUXF7_S_O)       0.103     1.767 r  alu/alu/cacheData_ext/Memory_reg_0_31_54_55_i_108/O
                         net (fo=1, unplaced)         0.264     2.031    alu/alu/cacheData_ext/Memory_reg_0_31_54_55_i_108_n_0
                         LUT6 (Prop_LUT6_I0_O)        0.132     2.163 r  alu/alu/cacheData_ext/Memory_reg_0_31_54_55_i_87/O
                         net (fo=1, unplaced)         0.249     2.412    alu/alu/cacheData_ext/Memory_reg_0_31_54_55_i_87_n_0
                         LUT6 (Prop_LUT6_I4_O)        0.040     2.452 r  alu/alu/cacheData_ext/Memory_reg_0_31_54_55_i_69/O
                         net (fo=1, unplaced)         0.249     2.701    alu/alu/cacheData_ext/Memory_reg_0_31_54_55_i_69_n_0
                         LUT5 (Prop_LUT5_I2_O)        0.040     2.741 r  alu/alu/cacheData_ext/Memory_reg_0_31_54_55_i_39/O
                         net (fo=1, unplaced)         0.249     2.990    alu/alu/cacheData_ext/Memory_reg_0_31_54_55_i_39_n_0
                         LUT3 (Prop_LUT3_I2_O)        0.040     3.030 r  alu/alu/cacheData_ext/Memory_reg_0_31_54_55_i_25/O
                         net (fo=17, unplaced)        0.294     3.324    alu/alu/cacheData_ext/Memory_reg_0_31_54_55_i_25_n_0
                         LUT6 (Prop_LUT6_I5_O)        0.040     3.364 r  alu/alu/cacheData_ext/Memory_reg_0_31_438_439_i_10/O
                         net (fo=111, unplaced)       0.337     3.701    alu/alu/cacheData_ext/aInput_hit
                         LUT4 (Prop_LUT4_I1_O)        0.040     3.741 r  alu/alu/cacheData_ext/computed[401]_i_10/O
                         net (fo=2, unplaced)         0.249     3.990    alu/alu/cacheData_ext/computed[401]_i_10_n_0
                         LUT5 (Prop_LUT5_I4_O)        0.040     4.030 r  alu/alu/cacheData_ext/computed[402]_i_9/O
                         net (fo=2, unplaced)         0.249     4.279    alu/alu/cacheData_ext/computed[402]_i_9_n_0
                         LUT5 (Prop_LUT5_I4_O)        0.040     4.319 r  alu/alu/cacheData_ext/computed[407]_i_11/O
                         net (fo=2, unplaced)         0.249     4.568    alu/alu/cacheData_ext/computed[407]_i_11_n_0
                         LUT5 (Prop_LUT5_I4_O)        0.040     4.608 r  alu/alu/cacheData_ext/Memory_reg_0_31_404_405_i_19/O
                         net (fo=2, unplaced)         0.249     4.857    alu/alu/cacheData_ext/Memory_reg_0_31_404_405_i_19_n_0
                         LUT5 (Prop_LUT5_I4_O)        0.040     4.897 r  alu/alu/cacheData_ext/Memory_reg_0_31_404_405_i_17/O
                         net (fo=2, unplaced)         0.249     5.146    alu/alu/cacheData_ext/Memory_reg_0_31_404_405_i_17_n_0
                         LUT5 (Prop_LUT5_I4_O)        0.040     5.186 r  alu/alu/cacheData_ext/Memory_reg_0_31_406_407_i_10/O
                         net (fo=3, unplaced)         0.255     5.441    alu/alu/cacheData_ext/Memory_reg_0_31_406_407_i_10_n_0
                         LUT5 (Prop_LUT5_I4_O)        0.095     5.536 r  alu/alu/cacheData_ext/computed[409]_i_15/O
                         net (fo=1, unplaced)         0.249     5.785    alu/alu/cacheData_ext/computed[409]_i_15_n_0
                         LUT5 (Prop_LUT5_I4_O)        0.095     5.880 r  alu/alu/cacheData_ext/computed[409]_i_11/O
                         net (fo=3, unplaced)         0.255     6.135    alu/alu/cacheData_ext/p_0_in230_out[8]
                         LUT6 (Prop_LUT6_I5_O)        0.040     6.175 r  alu/alu/cacheData_ext/computed[413]_i_13/O
                         net (fo=4, unplaced)         0.262     6.437    alu/alu/cacheData_ext/computed[413]_i_13_n_0
                         LUT6 (Prop_LUT6_I1_O)        0.040     6.477 r  alu/alu/cacheData_ext/computed[413]_i_7/O
                         net (fo=4, unplaced)         0.262     6.739    alu/alu/cacheData_ext/computed[413]_i_7_n_0
                         LUT6 (Prop_LUT6_I4_O)        0.040     6.779 r  alu/alu/cacheData_ext/computed[424]_i_7/O
                         net (fo=1, unplaced)         0.249     7.028    alu/alu/cacheData_ext/computed[424]_i_7_n_0
                         LUT6 (Prop_LUT6_I3_O)        0.040     7.068 r  alu/alu/cacheData_ext/computed[424]_i_3/O
                         net (fo=9, unplaced)         0.280     7.348    alu/alu/cacheData_ext/computed[424]_i_3_n_0
                         LUT5 (Prop_LUT5_I2_O)        0.040     7.388 r  alu/alu/cacheData_ext/computed[432]_i_4/O
                         net (fo=9, unplaced)         0.280     7.668    alu/alu/cacheData_ext/computed[432]_i_4_n_0
                         LUT6 (Prop_LUT6_I5_O)        0.040     7.708 r  alu/alu/cacheData_ext/computed[443]_i_25/O
                         net (fo=2, unplaced)         0.249     7.957    alu/alu/cacheData_ext/computed[443]_i_25_n_0
                         LUT4 (Prop_LUT4_I3_O)        0.095     8.052 r  alu/alu/cacheData_ext/computed[443]_i_13/O
                         net (fo=1, unplaced)         0.294     8.346    alu/alu/cacheData_ext/computed[443]_i_13_n_0
                         CARRY8 (Prop_CARRY8_DI[0]_O[5])
                                                      0.298     8.644 r  alu/alu/cacheData_ext/computed_reg[443]_i_4/O[5]
                         net (fo=1, unplaced)         0.310     8.954    alu/alu/cacheData_ext/computed_reg[443]_i_4_n_10
                         LUT5 (Prop_LUT5_I4_O)        0.040     8.994 r  alu/alu/cacheData_ext/computed[445]_i_2/O
                         net (fo=1, unplaced)         0.249     9.243    alu/alu/cacheData_ext/computed[445]_i_2_n_0
                         LUT6 (Prop_LUT6_I0_O)        0.040     9.283 r  alu/alu/cacheData_ext/computed[445]_i_1/O
                         net (fo=2, unplaced)         0.249     9.532    alu/alu/cacheData_ext/D[445]
                         LUT5 (Prop_LUT5_I0_O)        0.040     9.572 r  alu/alu/cacheData_ext/Memory_reg_0_31_444_445_i_1/O
                         net (fo=8, unplaced)         0.241     9.813    alu/alu/cacheData_ext/Memory_reg_0_31_444_445/DIA1
                         RAMD32                                       r  alu/alu/cacheData_ext/Memory_reg_0_31_444_445/RAMA_D1/I
  -------------------------------------------------------------------    -------------------

                         (clock rvv_clock rise edge)
                                                     10.000    10.000 r  
                                                      0.000    10.000 r  clock (IN)
                         net (fo=32649, unset)        0.000    10.000    alu/alu/cacheData_ext/Memory_reg_0_31_444_445/WCLK
                         RAMD32                                       r  alu/alu/cacheData_ext/Memory_reg_0_31_444_445/RAMA_D1/CLK
                         clock pessimism              0.000    10.000    
                         clock uncertainty           -0.035     9.965    
                         RAMD32 (Setup_RAMD32_CLK_I)
                                                     -0.049     9.916    alu/alu/cacheData_ext/Memory_reg_0_31_444_445/RAMA_D1
  -------------------------------------------------------------------
                         required time                          9.916    
                         arrival time                          -9.813    
  -------------------------------------------------------------------
                         slack                                  0.103    





Min Delay Paths
--------------------------------------------------------------------------------------
Slack (MET) :             0.068ns  (arrival time - required time)
  Source:                 mem/bSlots/enq_ptr_value_reg[1]/C
                            (rising edge-triggered cell FDRE clocked by rvv_clock  {rise@0.000ns fall@5.000ns period=10.000ns})
  Destination:            mem/bSlots/ram_ext/Memory_reg_0_15_0_3/RAMD/ADR1
                            (rising edge-triggered cell RAMS32 clocked by rvv_clock  {rise@0.000ns fall@5.000ns period=10.000ns})
  Path Group:             rvv_clock
  Path Type:              Hold (Min at Fast Process Corner)
  Requirement:            0.000ns  (rvv_clock rise@0.000ns - rvv_clock rise@0.000ns)
  Data Path Delay:        0.143ns  (logic 0.049ns (34.331%)  route 0.094ns (65.669%))
  Logic Levels:           0  

    Location             Delay type                Incr(ns)  Path(ns)    Netlist Resource(s)
  -------------------------------------------------------------------    -------------------
                         (clock rvv_clock rise edge)
                                                      0.000     0.000 r  
                                                      0.000     0.000 r  clock (IN)
                         net (fo=32649, unset)        0.000     0.000    mem/bSlots/clock
                         FDRE                                         r  mem/bSlots/enq_ptr_value_reg[1]/C
  -------------------------------------------------------------------    -------------------
                         FDRE (Prop_FDRE_C_Q)         0.049     0.049 r  mem/bSlots/enq_ptr_value_reg[1]/Q
                         net (fo=12, unplaced)        0.094     0.143    mem/bSlots/ram_ext/Memory_reg_0_15_0_3/ADDRD1
                         RAMS32                                       r  mem/bSlots/ram_ext/Memory_reg_0_15_0_3/RAMD/ADR1
  -------------------------------------------------------------------    -------------------

                         (clock rvv_clock rise edge)
                                                      0.000     0.000 r  
                                                      0.000     0.000 r  clock (IN)
                         net (fo=32649, unset)        0.000     0.000    mem/bSlots/ram_ext/Memory_reg_0_15_0_3/WCLK
                         RAMS32                                       r  mem/bSlots/ram_ext/Memory_reg_0_15_0_3/RAMD/CLK
                         clock pessimism              0.000     0.000    
                         RAMS32 (Hold_RAMS32_CLK_ADR1)
                                                      0.075     0.075    mem/bSlots/ram_ext/Memory_reg_0_15_0_3/RAMD
  -------------------------------------------------------------------
                         required time                         -0.075    
                         arrival time                           0.143    
  -------------------------------------------------------------------
                         slack                                  0.068    





Pulse Width Checks
--------------------------------------------------------------------------------------
Clock Name:         rvv_clock
Waveform(ns):       { 0.000 5.000 }
Period(ns):         10.000
Sources:            { clock }

Check Type        Corner  Lib Pin             Reference Pin  Required(ns)  Actual(ns)  Slack(ns)  Location  Pin
Min Period        n/a     RAMB36E2/CLKARDCLK  n/a            1.961         10.000      8.039                mem/returnBuffer/ram_ext/Memory_reg_0/CLKARDCLK
Low Pulse Width   Slow    RAMB36E2/CLKARDCLK  n/a            0.980         5.000       4.020                mem/returnBuffer/ram_ext/Memory_reg_0/CLKARDCLK
High Pulse Width  Slow    RAMB36E2/CLKARDCLK  n/a            0.980         5.000       4.020                mem/returnBuffer/ram_ext/Memory_reg_0/CLKARDCLK



