Copyright 1986-2022 Xilinx, Inc. All Rights Reserved.
-----------------------------------------------------------------------------------------------------------------------------------------
| Tool Version : Vivado v.2022.2 (lin64) Build 3671981 Fri Oct 14 04:59:54 MDT 2022
| Date         : Wed Oct  7 19:20:17 2026
| Host         : chen-System-Product-Name running 64-bit Ubuntu 24.04.4 LTS
| Command      : report_utilization -hierarchical -file /home/chen/FUN/flow-r04-evidence/readcmd/s1/reports/utilization-hierarchical.rpt
| Design       : RvvCoprocessor
| Device       : xcku040-ffva1156-2-e
| Speed File   : -2
| Design State : Synthesized
-----------------------------------------------------------------------------------------------------------------------------------------

Utilization Design Information

Table of Contents
-----------------
1. Utilization by Hierarchy

1. Utilization by Hierarchy
---------------------------

+-------------------------------+---------------------------+------------+------------+---------+------+-------+--------+--------+------+------------+
|            Instance           |           Module          | Total LUTs | Logic LUTs | LUTRAMs | SRLs |  FFs  | RAMB36 | RAMB18 | URAM | DSP Blocks |
+-------------------------------+---------------------------+------------+------------+---------+------+-------+--------+--------+------+------------+
| RvvCoprocessor                |                     (top) |      59278 |      55059 |    3858 |  361 | 23933 |    199 |      1 |    0 |        154 |
|   (RvvCoprocessor)            |                     (top) |       2588 |       2516 |       0 |   72 |  1273 |      0 |      0 |    0 |          0 |
|   alu                         |       RvvIntegerSequencer |      11706 |       9149 |    2392 |  165 |  2809 |      0 |      0 |    0 |          0 |
|     alu                       |            RvvAluPipeline |      11706 |       9149 |    2392 |  165 |  2809 |      0 |      0 |    0 |          0 |
|       (alu)                   |            RvvAluPipeline |       1867 |       1702 |       0 |  165 |  2794 |      0 |      0 |    0 |          0 |
|       cacheData_ext           |          cacheData_32x512 |       9374 |       7326 |    2048 |    0 |     0 |      0 |      0 |    0 |          0 |
|       out                     |             Queue8_Result |        465 |        121 |     344 |    0 |    15 |      0 |      0 |    0 |          0 |
|         (out)                 |             Queue8_Result |         17 |         17 |       0 |    0 |    15 |      0 |      0 |    0 |          0 |
|         ram_ext               |                 ram_8x600 |        448 |        104 |     344 |    0 |     0 |      0 |      0 |    0 |          0 |
|   cross_0                     |     RvvCrossLaneSequencer |         47 |         47 |       0 |    0 |    90 |      0 |      0 |    0 |          0 |
|   front                       |               RvvFrontend |       5833 |       5589 |     244 |    0 |  4170 |      0 |      0 |    0 |          0 |
|     (front)                   |               RvvFrontend |       4273 |       4273 |       0 |    0 |  4138 |      0 |      0 |    0 |          0 |
|     requests                  |            RvvLutramQueue |       1160 |       1044 |     116 |    0 |    16 |      0 |      0 |    0 |          0 |
|       (requests)              |            RvvLutramQueue |         22 |         22 |       0 |    0 |    16 |      0 |      0 |    0 |          0 |
|       ram                     |      RvvDistributedRam_30 |       1138 |       1022 |     116 |    0 |     0 |      0 |      0 |    0 |          0 |
|     viq                       |         RvvLutramQueue_29 |        400 |        272 |     128 |    0 |    16 |      0 |      0 |    0 |          0 |
|       (viq)                   |         RvvLutramQueue_29 |         13 |         13 |       0 |    0 |    16 |      0 |      0 |    0 |          0 |
|       ram                     |         RvvDistributedRam |        387 |        259 |     128 |    0 |     0 |      0 |      0 |    0 |          0 |
|   mac                         |     RvvIntegerSequencer_1 |      12239 |      11259 |     856 |  124 |  8502 |      0 |      0 |    0 |        154 |
|     dot                       |            RvvDotPipeline |       5209 |       4229 |     856 |  124 |  2646 |      0 |      0 |    0 |         64 |
|       (dot)                   |            RvvDotPipeline |       3044 |       2920 |       0 |  124 |  2629 |      0 |      0 |    0 |         64 |
|       cacheData_ext           |        cacheData_32x512_0 |       1681 |       1169 |     512 |    0 |     0 |      0 |      0 |    0 |          0 |
|       out                     |            Queue16_Result |        484 |        140 |     344 |    0 |    17 |      0 |      0 |    0 |          0 |
|         (out)                 |            Queue16_Result |         27 |         27 |       0 |    0 |    17 |      0 |      0 |    0 |          0 |
|         ram_ext               |                ram_16x600 |        457 |        113 |     344 |    0 |     0 |      0 |      0 |    0 |          0 |
|     legacy                    | RvvLegacyIntegerSequencer |       7030 |       7030 |       0 |    0 |  5856 |      0 |      0 |    0 |         90 |
|       (legacy)                | RvvLegacyIntegerSequencer |       7029 |       7029 |       0 |    0 |  5854 |      0 |      0 |    0 |         90 |
|       resultLanes_localEnable |            RvvLocalEnable |          1 |          1 |       0 |    0 |     1 |      0 |      0 |    0 |          0 |
|       slowLanes_localEnable   |         RvvLocalEnable_28 |          0 |          0 |       0 |    0 |     1 |      0 |      0 |    0 |          0 |
|   mem                         |              RvvLoadStore |      13012 |      12880 |     132 |    0 |  2389 |      7 |      1 |    0 |          0 |
|     (mem)                     |              RvvLoadStore |       8209 |       8209 |       0 |    0 |  2346 |      0 |      0 |    0 |          0 |
|     bSlots                    |             Queue16_UInt4 |        233 |        229 |       4 |    0 |     9 |      0 |      0 |    0 |          0 |
|       (bSlots)                |             Queue16_UInt4 |        133 |        133 |       0 |    0 |     9 |      0 |      0 |    0 |          0 |
|       ram_ext                 |                  ram_16x4 |        105 |        101 |       4 |    0 |     0 |      0 |      0 |    0 |          0 |
|     bursts                    |            Queue256_Burst |        826 |        698 |     128 |    0 |    17 |      0 |      0 |    0 |          0 |
|       (bursts)                |            Queue256_Burst |        218 |        218 |       0 |    0 |    17 |      0 |      0 |    0 |          0 |
|       ram_ext                 |                ram_256x26 |        608 |        480 |     128 |    0 |     0 |      0 |      0 |    0 |          0 |
|     returnBuffer              |       Queue256_ReturnBeat |       3757 |       3757 |       0 |    0 |    17 |      7 |      1 |    0 |          0 |
|       (returnBuffer)          |       Queue256_ReturnBeat |         18 |         18 |       0 |    0 |    17 |      0 |      0 |    0 |          0 |
|       ram_ext                 |               ram_256x529 |       3739 |       3739 |       0 |    0 |     0 |      7 |      1 |    0 |          0 |
|   queues_0                    |      Queue4_RvvDescriptor |         69 |         61 |       8 |    0 |     5 |      0 |      0 |    0 |          0 |
|     (queues_0)                |      Queue4_RvvDescriptor |          7 |          7 |       0 |    0 |     5 |      0 |      0 |    0 |          0 |
|     ram_ext                   |                  ram_4x12 |         62 |         54 |       8 |    0 |     0 |      0 |      0 |    0 |          0 |
|   queues_1                    |      Queue2_RvvDescriptor |        111 |          7 |     104 |    0 |     3 |      0 |      0 |    0 |          0 |
|     (queues_1)                |      Queue2_RvvDescriptor |          6 |          6 |       0 |    0 |     3 |      0 |      0 |    0 |          0 |
|     ram_ext                   |              ram_2x308_27 |        105 |          1 |     104 |    0 |     0 |      0 |      0 |    0 |          0 |
|   queues_2                    |    Queue2_RvvDescriptor_0 |         95 |          7 |      88 |    0 |     3 |      0 |      0 |    0 |          0 |
|     (queues_2)                |    Queue2_RvvDescriptor_0 |          4 |          4 |       0 |    0 |     3 |      0 |      0 |    0 |          0 |
|     ram_ext                   |              ram_2x308_26 |         91 |          3 |      88 |    0 |     0 |      0 |      0 |    0 |          0 |
|   queues_3                    |    Queue2_RvvDescriptor_1 |          2 |          2 |       0 |    0 |     2 |      0 |      0 |    0 |          0 |
|   queues_4                    |    Queue2_RvvDescriptor_2 |         42 |          8 |      34 |    0 |     3 |      0 |      0 |    0 |          0 |
|     (queues_4)                |    Queue2_RvvDescriptor_2 |          7 |          7 |       0 |    0 |     3 |      0 |      0 |    0 |          0 |
|     ram_ext                   |                 ram_2x308 |         35 |          1 |      34 |    0 |     0 |      0 |      0 |    0 |          0 |
|   sb                          |             RvvScoreboard |       6545 |       6545 |       0 |    0 |  1712 |      0 |      0 |    0 |          0 |
|   vrf                         |           RvvRegisterFile |       7862 |       7862 |       0 |    0 |  2972 |    192 |      0 |    0 |          0 |
|     (vrf)                     |           RvvRegisterFile |       6254 |       6254 |       0 |    0 |  2972 |      0 |      0 |    0 |          0 |
|     banks_0_0                 |                RvvVrfBank |          1 |          1 |       0 |    0 |     0 |      8 |      0 |    0 |          0 |
|     banks_0_1                 |              RvvVrfBank_3 |          1 |          1 |       0 |    0 |     0 |      8 |      0 |    0 |          0 |
|     banks_0_2                 |              RvvVrfBank_4 |          1 |          1 |       0 |    0 |     0 |      8 |      0 |    0 |          0 |
|     banks_0_3                 |              RvvVrfBank_5 |          1 |          1 |       0 |    0 |     0 |      8 |      0 |    0 |          0 |
|     banks_0_4                 |              RvvVrfBank_6 |          1 |          1 |       0 |    0 |     0 |      8 |      0 |    0 |          0 |
|     banks_0_5                 |              RvvVrfBank_7 |          1 |          1 |       0 |    0 |     0 |      8 |      0 |    0 |          0 |
|     banks_1_0                 |              RvvVrfBank_8 |          1 |          1 |       0 |    0 |     0 |      8 |      0 |    0 |          0 |
|     banks_1_1                 |              RvvVrfBank_9 |          1 |          1 |       0 |    0 |     0 |      8 |      0 |    0 |          0 |
|     banks_1_2                 |             RvvVrfBank_10 |          1 |          1 |       0 |    0 |     0 |      8 |      0 |    0 |          0 |
|     banks_1_3                 |             RvvVrfBank_11 |          1 |          1 |       0 |    0 |     0 |      8 |      0 |    0 |          0 |
|     banks_1_4                 |             RvvVrfBank_12 |          1 |          1 |       0 |    0 |     0 |      8 |      0 |    0 |          0 |
|     banks_1_5                 |             RvvVrfBank_13 |          1 |          1 |       0 |    0 |     0 |      8 |      0 |    0 |          0 |
|     banks_2_0                 |             RvvVrfBank_14 |          1 |          1 |       0 |    0 |     0 |      8 |      0 |    0 |          0 |
|     banks_2_1                 |             RvvVrfBank_15 |          1 |          1 |       0 |    0 |     0 |      8 |      0 |    0 |          0 |
|     banks_2_2                 |             RvvVrfBank_16 |          1 |          1 |       0 |    0 |     0 |      8 |      0 |    0 |          0 |
|     banks_2_3                 |             RvvVrfBank_17 |          1 |          1 |       0 |    0 |     0 |      8 |      0 |    0 |          0 |
|     banks_2_4                 |             RvvVrfBank_18 |          1 |          1 |       0 |    0 |     0 |      8 |      0 |    0 |          0 |
|     banks_2_5                 |             RvvVrfBank_19 |          1 |          1 |       0 |    0 |     0 |      8 |      0 |    0 |          0 |
|     banks_3_0                 |             RvvVrfBank_20 |          1 |          1 |       0 |    0 |     0 |      8 |      0 |    0 |          0 |
|     banks_3_1                 |             RvvVrfBank_21 |          1 |          1 |       0 |    0 |     0 |      8 |      0 |    0 |          0 |
|     banks_3_2                 |             RvvVrfBank_22 |          1 |          1 |       0 |    0 |     0 |      8 |      0 |    0 |          0 |
|     banks_3_3                 |             RvvVrfBank_23 |        513 |        513 |       0 |    0 |     0 |      8 |      0 |    0 |          0 |
|     banks_3_4                 |             RvvVrfBank_24 |        513 |        513 |       0 |    0 |     0 |      8 |      0 |    0 |          0 |
|     banks_3_5                 |             RvvVrfBank_25 |        561 |        561 |       0 |    0 |     0 |      8 |      0 |    0 |          0 |
+-------------------------------+---------------------------+------------+------------+---------+------+-------+--------+--------+------+------------+


