Copyright 1986-2022 Xilinx, Inc. All Rights Reserved.
--------------------------------------------------------------------------------------------------------------------------------------------
| Tool Version      : Vivado v.2022.2 (lin64) Build 3671981 Fri Oct 14 04:59:54 MDT 2022
| Date              : Wed Oct  7 19:20:37 2026
| Host              : chen-System-Product-Name running 64-bit Ubuntu 24.04.4 LTS
| Command           : report_timing -max_paths 10 -path_type full -file /home/chen/FUN/flow-r04-evidence/readcmd/s1/reports/worst-paths.rpt
| Design            : RvvCoprocessor
| Device            : xcku040-ffva1156
| Speed File        : -2  PRODUCTION 1.25 12-04-2018
| Temperature Grade : E
--------------------------------------------------------------------------------------------------------------------------------------------

Timing Report

Slack (MET) :             0.103ns  (required time - arrival time)
  Source:                 alu/alu/tokens_4_desc_decoded_vs1_reg[1]__0/C
                            (rising edge-triggered cell FDRE clocked by rvv_clock  {rise@0.000ns fall@5.000ns period=10.000ns})
  Destination:            alu/alu/cacheData_ext/Memory_reg_0_31_444_445/RAMA_D1/I
                            (rising edge-triggered cell RAMD32 clocked by rvv_clock  {rise@0.000ns fall@5.000ns period=10.000ns})
  Path Group:             rvv_clock
  Path Type:              Setup (Max at Slow Process Corner)
  Requirement:            10.000ns  (rvv_clock rise@10.000ns - rvv_clock rise@0.000ns)
  Data Path Delay:        9.813ns  (logic 1.994ns (20.320%)  route 7.819ns (79.680%))
  Logic Levels:           28  (CARRY8=1 LUT3=1 LUT4=2 LUT5=12 LUT6=11 MUXF7=1)
  Clock Uncertainty:      0.035ns  ((TSJ^2 + TIJ^2)^1/2 + DJ) / 2 + PE
    Total System Jitter     (TSJ):    0.071ns
    Total Input Jitter      (TIJ):    0.000ns
    Discrete Jitter          (DJ):    0.000ns
    Phase Error              (PE):    0.000ns

    Location             Delay type                Incr(ns)  Path(ns)    Netlist Resource(s)
  -------------------------------------------------------------------    -------------------
                         (clock rvv_clock rise edge)
                                                      0.000     0.000 r  
                         propagated clock network latency
                                                      0.000     0.000    
                         FDRE                         0.000     0.000 r  alu/alu/tokens_4_desc_decoded_vs1_reg[1]__0/C
                         FDRE (Prop_FDRE_C_Q)         0.115     0.115 r  alu/alu/tokens_4_desc_decoded_vs1_reg[1]__0/Q
                         net (fo=10, unplaced)        0.357     0.472    alu/alu/cacheData_ext/Memory_reg_0_31_96_97_1
                         LUT6 (Prop_LUT6_I0_O)        0.190     0.662 r  alu/alu/cacheData_ext/Memory_reg_0_31_0_1_i_24/O
                         net (fo=6, unplaced)         0.238     0.900    alu/alu/cacheData_ext/addrA0[1]
                         LUT6 (Prop_LUT6_I1_O)        0.071     0.971 r  alu/alu/cacheData_ext/Memory_reg_0_31_0_1_i_23/O
                         net (fo=1, unplaced)         0.249     1.220    alu/alu/cacheData_ext/Memory_reg_0_31_0_1_i_23_n_0
                         LUT5 (Prop_LUT5_I0_O)        0.040     1.260 r  alu/alu/cacheData_ext/Memory_reg_0_31_0_1_i_10/O
                         net (fo=548, unplaced)       0.404     1.664    alu/alu/cacheData_ext/addrA[2]
                         MUXF7 (Prop_MUXF7_S_O)       0.103     1.767 r  alu/alu/cacheData_ext/Memory_reg_0_31_54_55_i_108/O
                         net (fo=1, unplaced)         0.264     2.031    alu/alu/cacheData_ext/Memory_reg_0_31_54_55_i_108_n_0
                         LUT6 (Prop_LUT6_I0_O)        0.132     2.163 r  alu/alu/cacheData_ext/Memory_reg_0_31_54_55_i_87/O
                         net (fo=1, unplaced)         0.249     2.412    alu/alu/cacheData_ext/Memory_reg_0_31_54_55_i_87_n_0
                         LUT6 (Prop_LUT6_I4_O)        0.040     2.452 r  alu/alu/cacheData_ext/Memory_reg_0_31_54_55_i_69/O
                         net (fo=1, unplaced)         0.249     2.701    alu/alu/cacheData_ext/Memory_reg_0_31_54_55_i_69_n_0
                         LUT5 (Prop_LUT5_I2_O)        0.040     2.741 r  alu/alu/cacheData_ext/Memory_reg_0_31_54_55_i_39/O
                         net (fo=1, unplaced)         0.249     2.990    alu/alu/cacheData_ext/Memory_reg_0_31_54_55_i_39_n_0
                         LUT3 (Prop_LUT3_I2_O)        0.040     3.030 r  alu/alu/cacheData_ext/Memory_reg_0_31_54_55_i_25/O
                         net (fo=17, unplaced)        0.294     3.324    alu/alu/cacheData_ext/Memory_reg_0_31_54_55_i_25_n_0
                         LUT6 (Prop_LUT6_I5_O)        0.040     3.364 r  alu/alu/cacheData_ext/Memory_reg_0_31_438_439_i_10/O
                         net (fo=111, unplaced)       0.337     3.701    alu/alu/cacheData_ext/aInput_hit
                         LUT4 (Prop_LUT4_I1_O)        0.040     3.741 r  alu/alu/cacheData_ext/computed[401]_i_10/O
                         net (fo=2, unplaced)         0.249     3.990    alu/alu/cacheData_ext/computed[401]_i_10_n_0
                         LUT5 (Prop_LUT5_I4_O)        0.040     4.030 r  alu/alu/cacheData_ext/computed[402]_i_9/O
                         net (fo=2, unplaced)         0.249     4.279    alu/alu/cacheData_ext/computed[402]_i_9_n_0
                         LUT5 (Prop_LUT5_I4_O)        0.040     4.319 r  alu/alu/cacheData_ext/computed[407]_i_11/O
                         net (fo=2, unplaced)         0.249     4.568    alu/alu/cacheData_ext/computed[407]_i_11_n_0
                         LUT5 (Prop_LUT5_I4_O)        0.040     4.608 r  alu/alu/cacheData_ext/Memory_reg_0_31_404_405_i_19/O
                         net (fo=2, unplaced)         0.249     4.857    alu/alu/cacheData_ext/Memory_reg_0_31_404_405_i_19_n_0
                         LUT5 (Prop_LUT5_I4_O)        0.040     4.897 r  alu/alu/cacheData_ext/Memory_reg_0_31_404_405_i_17/O
                         net (fo=2, unplaced)         0.249     5.146    alu/alu/cacheData_ext/Memory_reg_0_31_404_405_i_17_n_0
                         LUT5 (Prop_LUT5_I4_O)        0.040     5.186 r  alu/alu/cacheData_ext/Memory_reg_0_31_406_407_i_10/O
                         net (fo=3, unplaced)         0.255     5.441    alu/alu/cacheData_ext/Memory_reg_0_31_406_407_i_10_n_0
                         LUT5 (Prop_LUT5_I4_O)        0.095     5.536 r  alu/alu/cacheData_ext/computed[409]_i_15/O
                         net (fo=1, unplaced)         0.249     5.785    alu/alu/cacheData_ext/computed[409]_i_15_n_0
                         LUT5 (Prop_LUT5_I4_O)        0.095     5.880 r  alu/alu/cacheData_ext/computed[409]_i_11/O
                         net (fo=3, unplaced)         0.255     6.135    alu/alu/cacheData_ext/p_0_in230_out[8]
                         LUT6 (Prop_LUT6_I5_O)        0.040     6.175 r  alu/alu/cacheData_ext/computed[413]_i_13/O
                         net (fo=4, unplaced)         0.262     6.437    alu/alu/cacheData_ext/computed[413]_i_13_n_0
                         LUT6 (Prop_LUT6_I1_O)        0.040     6.477 r  alu/alu/cacheData_ext/computed[413]_i_7/O
                         net (fo=4, unplaced)         0.262     6.739    alu/alu/cacheData_ext/computed[413]_i_7_n_0
                         LUT6 (Prop_LUT6_I4_O)        0.040     6.779 r  alu/alu/cacheData_ext/computed[424]_i_7/O
                         net (fo=1, unplaced)         0.249     7.028    alu/alu/cacheData_ext/computed[424]_i_7_n_0
                         LUT6 (Prop_LUT6_I3_O)        0.040     7.068 r  alu/alu/cacheData_ext/computed[424]_i_3/O
                         net (fo=9, unplaced)         0.280     7.348    alu/alu/cacheData_ext/computed[424]_i_3_n_0
                         LUT5 (Prop_LUT5_I2_O)        0.040     7.388 r  alu/alu/cacheData_ext/computed[432]_i_4/O
                         net (fo=9, unplaced)         0.280     7.668    alu/alu/cacheData_ext/computed[432]_i_4_n_0
                         LUT6 (Prop_LUT6_I5_O)        0.040     7.708 r  alu/alu/cacheData_ext/computed[443]_i_25/O
                         net (fo=2, unplaced)         0.249     7.957    alu/alu/cacheData_ext/computed[443]_i_25_n_0
                         LUT4 (Prop_LUT4_I3_O)        0.095     8.052 r  alu/alu/cacheData_ext/computed[443]_i_13/O
                         net (fo=1, unplaced)         0.294     8.346    alu/alu/cacheData_ext/computed[443]_i_13_n_0
                         CARRY8 (Prop_CARRY8_DI[0]_O[5])
                                                      0.298     8.644 r  alu/alu/cacheData_ext/computed_reg[443]_i_4/O[5]
                         net (fo=1, unplaced)         0.310     8.954    alu/alu/cacheData_ext/computed_reg[443]_i_4_n_10
                         LUT5 (Prop_LUT5_I4_O)        0.040     8.994 r  alu/alu/cacheData_ext/computed[445]_i_2/O
                         net (fo=1, unplaced)         0.249     9.243    alu/alu/cacheData_ext/computed[445]_i_2_n_0
                         LUT6 (Prop_LUT6_I0_O)        0.040     9.283 r  alu/alu/cacheData_ext/computed[445]_i_1/O
                         net (fo=2, unplaced)         0.249     9.532    alu/alu/cacheData_ext/D[445]
                         LUT5 (Prop_LUT5_I0_O)        0.040     9.572 r  alu/alu/cacheData_ext/Memory_reg_0_31_444_445_i_1/O
                         net (fo=8, unplaced)         0.241     9.813    alu/alu/cacheData_ext/Memory_reg_0_31_444_445/DIA1
                         RAMD32                                       r  alu/alu/cacheData_ext/Memory_reg_0_31_444_445/RAMA_D1/I
  -------------------------------------------------------------------    -------------------

                         (clock rvv_clock rise edge)
                                                     10.000    10.000 r  
                         propagated clock network latency
                                                      0.000    10.000    
                         clock pessimism              0.000    10.000    
                         clock uncertainty           -0.035     9.965    
                         RAMD32 (Setup_RAMD32_CLK_I)
                                                     -0.049     9.916    alu/alu/cacheData_ext/Memory_reg_0_31_444_445/RAMA_D1
  -------------------------------------------------------------------
                         required time                          9.916    
                         arrival time                          -9.813    
  -------------------------------------------------------------------
                         slack                                  0.103    

Slack (MET) :             0.103ns  (required time - arrival time)
  Source:                 alu/alu/tokens_4_desc_decoded_vs1_reg[1]__0/C
                            (rising edge-triggered cell FDRE clocked by rvv_clock  {rise@0.000ns fall@5.000ns period=10.000ns})
  Destination:            alu/alu/cacheData_ext/Memory_reg_0_31_444_445/RAMB_D1/I
                            (rising edge-triggered cell RAMD32 clocked by rvv_clock  {rise@0.000ns fall@5.000ns period=10.000ns})
  Path Group:             rvv_clock
  Path Type:              Setup (Max at Slow Process Corner)
  Requirement:            10.000ns  (rvv_clock rise@10.000ns - rvv_clock rise@0.000ns)
  Data Path Delay:        9.813ns  (logic 1.994ns (20.320%)  route 7.819ns (79.680%))
  Logic Levels:           28  (CARRY8=1 LUT3=1 LUT4=2 LUT5=12 LUT6=11 MUXF7=1)
  Clock Uncertainty:      0.035ns  ((TSJ^2 + TIJ^2)^1/2 + DJ) / 2 + PE
    Total System Jitter     (TSJ):    0.071ns
    Total Input Jitter      (TIJ):    0.000ns
    Discrete Jitter          (DJ):    0.000ns
    Phase Error              (PE):    0.000ns

    Location             Delay type                Incr(ns)  Path(ns)    Netlist Resource(s)
  -------------------------------------------------------------------    -------------------
                         (clock rvv_clock rise edge)
                                                      0.000     0.000 r  
                         propagated clock network latency
                                                      0.000     0.000    
                         FDRE                         0.000     0.000 r  alu/alu/tokens_4_desc_decoded_vs1_reg[1]__0/C
                         FDRE (Prop_FDRE_C_Q)         0.115     0.115 r  alu/alu/tokens_4_desc_decoded_vs1_reg[1]__0/Q
                         net (fo=10, unplaced)        0.357     0.472    alu/alu/cacheData_ext/Memory_reg_0_31_96_97_1
                         LUT6 (Prop_LUT6_I0_O)        0.190     0.662 r  alu/alu/cacheData_ext/Memory_reg_0_31_0_1_i_24/O
                         net (fo=6, unplaced)         0.238     0.900    alu/alu/cacheData_ext/addrA0[1]
                         LUT6 (Prop_LUT6_I1_O)        0.071     0.971 r  alu/alu/cacheData_ext/Memory_reg_0_31_0_1_i_23/O
                         net (fo=1, unplaced)         0.249     1.220    alu/alu/cacheData_ext/Memory_reg_0_31_0_1_i_23_n_0
                         LUT5 (Prop_LUT5_I0_O)        0.040     1.260 r  alu/alu/cacheData_ext/Memory_reg_0_31_0_1_i_10/O
                         net (fo=548, unplaced)       0.404     1.664    alu/alu/cacheData_ext/addrA[2]
                         MUXF7 (Prop_MUXF7_S_O)       0.103     1.767 r  alu/alu/cacheData_ext/Memory_reg_0_31_54_55_i_108/O
                         net (fo=1, unplaced)         0.264     2.031    alu/alu/cacheData_ext/Memory_reg_0_31_54_55_i_108_n_0
                         LUT6 (Prop_LUT6_I0_O)        0.132     2.163 r  alu/alu/cacheData_ext/Memory_reg_0_31_54_55_i_87/O
                         net (fo=1, unplaced)         0.249     2.412    alu/alu/cacheData_ext/Memory_reg_0_31_54_55_i_87_n_0
                         LUT6 (Prop_LUT6_I4_O)        0.040     2.452 r  alu/alu/cacheData_ext/Memory_reg_0_31_54_55_i_69/O
                         net (fo=1, unplaced)         0.249     2.701    alu/alu/cacheData_ext/Memory_reg_0_31_54_55_i_69_n_0
                         LUT5 (Prop_LUT5_I2_O)        0.040     2.741 r  alu/alu/cacheData_ext/Memory_reg_0_31_54_55_i_39/O
                         net (fo=1, unplaced)         0.249     2.990    alu/alu/cacheData_ext/Memory_reg_0_31_54_55_i_39_n_0
                         LUT3 (Prop_LUT3_I2_O)        0.040     3.030 r  alu/alu/cacheData_ext/Memory_reg_0_31_54_55_i_25/O
                         net (fo=17, unplaced)        0.294     3.324    alu/alu/cacheData_ext/Memory_reg_0_31_54_55_i_25_n_0
                         LUT6 (Prop_LUT6_I5_O)        0.040     3.364 r  alu/alu/cacheData_ext/Memory_reg_0_31_438_439_i_10/O
                         net (fo=111, unplaced)       0.337     3.701    alu/alu/cacheData_ext/aInput_hit
                         LUT4 (Prop_LUT4_I1_O)        0.040     3.741 r  alu/alu/cacheData_ext/computed[401]_i_10/O
                         net (fo=2, unplaced)         0.249     3.990    alu/alu/cacheData_ext/computed[401]_i_10_n_0
                         LUT5 (Prop_LUT5_I4_O)        0.040     4.030 r  alu/alu/cacheData_ext/computed[402]_i_9/O
                         net (fo=2, unplaced)         0.249     4.279    alu/alu/cacheData_ext/computed[402]_i_9_n_0
                         LUT5 (Prop_LUT5_I4_O)        0.040     4.319 r  alu/alu/cacheData_ext/computed[407]_i_11/O
                         net (fo=2, unplaced)         0.249     4.568    alu/alu/cacheData_ext/computed[407]_i_11_n_0
                         LUT5 (Prop_LUT5_I4_O)        0.040     4.608 r  alu/alu/cacheData_ext/Memory_reg_0_31_404_405_i_19/O
                         net (fo=2, unplaced)         0.249     4.857    alu/alu/cacheData_ext/Memory_reg_0_31_404_405_i_19_n_0
                         LUT5 (Prop_LUT5_I4_O)        0.040     4.897 r  alu/alu/cacheData_ext/Memory_reg_0_31_404_405_i_17/O
                         net (fo=2, unplaced)         0.249     5.146    alu/alu/cacheData_ext/Memory_reg_0_31_404_405_i_17_n_0
                         LUT5 (Prop_LUT5_I4_O)        0.040     5.186 r  alu/alu/cacheData_ext/Memory_reg_0_31_406_407_i_10/O
                         net (fo=3, unplaced)         0.255     5.441    alu/alu/cacheData_ext/Memory_reg_0_31_406_407_i_10_n_0
                         LUT5 (Prop_LUT5_I4_O)        0.095     5.536 r  alu/alu/cacheData_ext/computed[409]_i_15/O
                         net (fo=1, unplaced)         0.249     5.785    alu/alu/cacheData_ext/computed[409]_i_15_n_0
                         LUT5 (Prop_LUT5_I4_O)        0.095     5.880 r  alu/alu/cacheData_ext/computed[409]_i_11/O
                         net (fo=3, unplaced)         0.255     6.135    alu/alu/cacheData_ext/p_0_in230_out[8]
                         LUT6 (Prop_LUT6_I5_O)        0.040     6.175 r  alu/alu/cacheData_ext/computed[413]_i_13/O
                         net (fo=4, unplaced)         0.262     6.437    alu/alu/cacheData_ext/computed[413]_i_13_n_0
                         LUT6 (Prop_LUT6_I1_O)        0.040     6.477 r  alu/alu/cacheData_ext/computed[413]_i_7/O
                         net (fo=4, unplaced)         0.262     6.739    alu/alu/cacheData_ext/computed[413]_i_7_n_0
                         LUT6 (Prop_LUT6_I4_O)        0.040     6.779 r  alu/alu/cacheData_ext/computed[424]_i_7/O
                         net (fo=1, unplaced)         0.249     7.028    alu/alu/cacheData_ext/computed[424]_i_7_n_0
                         LUT6 (Prop_LUT6_I3_O)        0.040     7.068 r  alu/alu/cacheData_ext/computed[424]_i_3/O
                         net (fo=9, unplaced)         0.280     7.348    alu/alu/cacheData_ext/computed[424]_i_3_n_0
                         LUT5 (Prop_LUT5_I2_O)        0.040     7.388 r  alu/alu/cacheData_ext/computed[432]_i_4/O
                         net (fo=9, unplaced)         0.280     7.668    alu/alu/cacheData_ext/computed[432]_i_4_n_0
                         LUT6 (Prop_LUT6_I5_O)        0.040     7.708 r  alu/alu/cacheData_ext/computed[443]_i_25/O
                         net (fo=2, unplaced)         0.249     7.957    alu/alu/cacheData_ext/computed[443]_i_25_n_0
                         LUT4 (Prop_LUT4_I3_O)        0.095     8.052 r  alu/alu/cacheData_ext/computed[443]_i_13/O
                         net (fo=1, unplaced)         0.294     8.346    alu/alu/cacheData_ext/computed[443]_i_13_n_0
                         CARRY8 (Prop_CARRY8_DI[0]_O[5])
                                                      0.298     8.644 r  alu/alu/cacheData_ext/computed_reg[443]_i_4/O[5]
                         net (fo=1, unplaced)         0.310     8.954    alu/alu/cacheData_ext/computed_reg[443]_i_4_n_10
                         LUT5 (Prop_LUT5_I4_O)        0.040     8.994 r  alu/alu/cacheData_ext/computed[445]_i_2/O
                         net (fo=1, unplaced)         0.249     9.243    alu/alu/cacheData_ext/computed[445]_i_2_n_0
                         LUT6 (Prop_LUT6_I0_O)        0.040     9.283 r  alu/alu/cacheData_ext/computed[445]_i_1/O
                         net (fo=2, unplaced)         0.249     9.532    alu/alu/cacheData_ext/D[445]
                         LUT5 (Prop_LUT5_I0_O)        0.040     9.572 r  alu/alu/cacheData_ext/Memory_reg_0_31_444_445_i_1/O
                         net (fo=8, unplaced)         0.241     9.813    alu/alu/cacheData_ext/Memory_reg_0_31_444_445/DIB1
                         RAMD32                                       r  alu/alu/cacheData_ext/Memory_reg_0_31_444_445/RAMB_D1/I
  -------------------------------------------------------------------    -------------------

                         (clock rvv_clock rise edge)
                                                     10.000    10.000 r  
                         propagated clock network latency
                                                      0.000    10.000    
                         clock pessimism              0.000    10.000    
                         clock uncertainty           -0.035     9.965    
                         RAMD32 (Setup_RAMD32_CLK_I)
                                                     -0.049     9.916    alu/alu/cacheData_ext/Memory_reg_0_31_444_445/RAMB_D1
  -------------------------------------------------------------------
                         required time                          9.916    
                         arrival time                          -9.813    
  -------------------------------------------------------------------
                         slack                                  0.103    

Slack (MET) :             0.103ns  (required time - arrival time)
  Source:                 alu/alu/tokens_4_desc_decoded_vs1_reg[1]__0/C
                            (rising edge-triggered cell FDRE clocked by rvv_clock  {rise@0.000ns fall@5.000ns period=10.000ns})
  Destination:            alu/alu/cacheData_ext/Memory_reg_0_31_444_445/RAMC_D1/I
                            (rising edge-triggered cell RAMD32 clocked by rvv_clock  {rise@0.000ns fall@5.000ns period=10.000ns})
  Path Group:             rvv_clock
  Path Type:              Setup (Max at Slow Process Corner)
  Requirement:            10.000ns  (rvv_clock rise@10.000ns - rvv_clock rise@0.000ns)
  Data Path Delay:        9.813ns  (logic 1.994ns (20.320%)  route 7.819ns (79.680%))
  Logic Levels:           28  (CARRY8=1 LUT3=1 LUT4=2 LUT5=12 LUT6=11 MUXF7=1)
  Clock Uncertainty:      0.035ns  ((TSJ^2 + TIJ^2)^1/2 + DJ) / 2 + PE
    Total System Jitter     (TSJ):    0.071ns
    Total Input Jitter      (TIJ):    0.000ns
    Discrete Jitter          (DJ):    0.000ns
    Phase Error              (PE):    0.000ns

    Location             Delay type                Incr(ns)  Path(ns)    Netlist Resource(s)
  -------------------------------------------------------------------    -------------------
                         (clock rvv_clock rise edge)
                                                      0.000     0.000 r  
                         propagated clock network latency
                                                      0.000     0.000    
                         FDRE                         0.000     0.000 r  alu/alu/tokens_4_desc_decoded_vs1_reg[1]__0/C
                         FDRE (Prop_FDRE_C_Q)         0.115     0.115 r  alu/alu/tokens_4_desc_decoded_vs1_reg[1]__0/Q
                         net (fo=10, unplaced)        0.357     0.472    alu/alu/cacheData_ext/Memory_reg_0_31_96_97_1
                         LUT6 (Prop_LUT6_I0_O)        0.190     0.662 r  alu/alu/cacheData_ext/Memory_reg_0_31_0_1_i_24/O
                         net (fo=6, unplaced)         0.238     0.900    alu/alu/cacheData_ext/addrA0[1]
                         LUT6 (Prop_LUT6_I1_O)        0.071     0.971 r  alu/alu/cacheData_ext/Memory_reg_0_31_0_1_i_23/O
                         net (fo=1, unplaced)         0.249     1.220    alu/alu/cacheData_ext/Memory_reg_0_31_0_1_i_23_n_0
                         LUT5 (Prop_LUT5_I0_O)        0.040     1.260 r  alu/alu/cacheData_ext/Memory_reg_0_31_0_1_i_10/O
                         net (fo=548, unplaced)       0.404     1.664    alu/alu/cacheData_ext/addrA[2]
                         MUXF7 (Prop_MUXF7_S_O)       0.103     1.767 r  alu/alu/cacheData_ext/Memory_reg_0_31_54_55_i_108/O
                         net (fo=1, unplaced)         0.264     2.031    alu/alu/cacheData_ext/Memory_reg_0_31_54_55_i_108_n_0
                         LUT6 (Prop_LUT6_I0_O)        0.132     2.163 r  alu/alu/cacheData_ext/Memory_reg_0_31_54_55_i_87/O
                         net (fo=1, unplaced)         0.249     2.412    alu/alu/cacheData_ext/Memory_reg_0_31_54_55_i_87_n_0
                         LUT6 (Prop_LUT6_I4_O)        0.040     2.452 r  alu/alu/cacheData_ext/Memory_reg_0_31_54_55_i_69/O
                         net (fo=1, unplaced)         0.249     2.701    alu/alu/cacheData_ext/Memory_reg_0_31_54_55_i_69_n_0
                         LUT5 (Prop_LUT5_I2_O)        0.040     2.741 r  alu/alu/cacheData_ext/Memory_reg_0_31_54_55_i_39/O
                         net (fo=1, unplaced)         0.249     2.990    alu/alu/cacheData_ext/Memory_reg_0_31_54_55_i_39_n_0
                         LUT3 (Prop_LUT3_I2_O)        0.040     3.030 r  alu/alu/cacheData_ext/Memory_reg_0_31_54_55_i_25/O
                         net (fo=17, unplaced)        0.294     3.324    alu/alu/cacheData_ext/Memory_reg_0_31_54_55_i_25_n_0
                         LUT6 (Prop_LUT6_I5_O)        0.040     3.364 r  alu/alu/cacheData_ext/Memory_reg_0_31_438_439_i_10/O
                         net (fo=111, unplaced)       0.337     3.701    alu/alu/cacheData_ext/aInput_hit
                         LUT4 (Prop_LUT4_I1_O)        0.040     3.741 r  alu/alu/cacheData_ext/computed[401]_i_10/O
                         net (fo=2, unplaced)         0.249     3.990    alu/alu/cacheData_ext/computed[401]_i_10_n_0
                         LUT5 (Prop_LUT5_I4_O)        0.040     4.030 r  alu/alu/cacheData_ext/computed[402]_i_9/O
                         net (fo=2, unplaced)         0.249     4.279    alu/alu/cacheData_ext/computed[402]_i_9_n_0
                         LUT5 (Prop_LUT5_I4_O)        0.040     4.319 r  alu/alu/cacheData_ext/computed[407]_i_11/O
                         net (fo=2, unplaced)         0.249     4.568    alu/alu/cacheData_ext/computed[407]_i_11_n_0
                         LUT5 (Prop_LUT5_I4_O)        0.040     4.608 r  alu/alu/cacheData_ext/Memory_reg_0_31_404_405_i_19/O
                         net (fo=2, unplaced)         0.249     4.857    alu/alu/cacheData_ext/Memory_reg_0_31_404_405_i_19_n_0
                         LUT5 (Prop_LUT5_I4_O)        0.040     4.897 r  alu/alu/cacheData_ext/Memory_reg_0_31_404_405_i_17/O
                         net (fo=2, unplaced)         0.249     5.146    alu/alu/cacheData_ext/Memory_reg_0_31_404_405_i_17_n_0
                         LUT5 (Prop_LUT5_I4_O)        0.040     5.186 r  alu/alu/cacheData_ext/Memory_reg_0_31_406_407_i_10/O
                         net (fo=3, unplaced)         0.255     5.441    alu/alu/cacheData_ext/Memory_reg_0_31_406_407_i_10_n_0
                         LUT5 (Prop_LUT5_I4_O)        0.095     5.536 r  alu/alu/cacheData_ext/computed[409]_i_15/O
                         net (fo=1, unplaced)         0.249     5.785    alu/alu/cacheData_ext/computed[409]_i_15_n_0
                         LUT5 (Prop_LUT5_I4_O)        0.095     5.880 r  alu/alu/cacheData_ext/computed[409]_i_11/O
                         net (fo=3, unplaced)         0.255     6.135    alu/alu/cacheData_ext/p_0_in230_out[8]
                         LUT6 (Prop_LUT6_I5_O)        0.040     6.175 r  alu/alu/cacheData_ext/computed[413]_i_13/O
                         net (fo=4, unplaced)         0.262     6.437    alu/alu/cacheData_ext/computed[413]_i_13_n_0
                         LUT6 (Prop_LUT6_I1_O)        0.040     6.477 r  alu/alu/cacheData_ext/computed[413]_i_7/O
                         net (fo=4, unplaced)         0.262     6.739    alu/alu/cacheData_ext/computed[413]_i_7_n_0
                         LUT6 (Prop_LUT6_I4_O)        0.040     6.779 r  alu/alu/cacheData_ext/computed[424]_i_7/O
                         net (fo=1, unplaced)         0.249     7.028    alu/alu/cacheData_ext/computed[424]_i_7_n_0
                         LUT6 (Prop_LUT6_I3_O)        0.040     7.068 r  alu/alu/cacheData_ext/computed[424]_i_3/O
                         net (fo=9, unplaced)         0.280     7.348    alu/alu/cacheData_ext/computed[424]_i_3_n_0
                         LUT5 (Prop_LUT5_I2_O)        0.040     7.388 r  alu/alu/cacheData_ext/computed[432]_i_4/O
                         net (fo=9, unplaced)         0.280     7.668    alu/alu/cacheData_ext/computed[432]_i_4_n_0
                         LUT6 (Prop_LUT6_I5_O)        0.040     7.708 r  alu/alu/cacheData_ext/computed[443]_i_25/O
                         net (fo=2, unplaced)         0.249     7.957    alu/alu/cacheData_ext/computed[443]_i_25_n_0
                         LUT4 (Prop_LUT4_I3_O)        0.095     8.052 r  alu/alu/cacheData_ext/computed[443]_i_13/O
                         net (fo=1, unplaced)         0.294     8.346    alu/alu/cacheData_ext/computed[443]_i_13_n_0
                         CARRY8 (Prop_CARRY8_DI[0]_O[5])
                                                      0.298     8.644 r  alu/alu/cacheData_ext/computed_reg[443]_i_4/O[5]
                         net (fo=1, unplaced)         0.310     8.954    alu/alu/cacheData_ext/computed_reg[443]_i_4_n_10
                         LUT5 (Prop_LUT5_I4_O)        0.040     8.994 r  alu/alu/cacheData_ext/computed[445]_i_2/O
                         net (fo=1, unplaced)         0.249     9.243    alu/alu/cacheData_ext/computed[445]_i_2_n_0
                         LUT6 (Prop_LUT6_I0_O)        0.040     9.283 r  alu/alu/cacheData_ext/computed[445]_i_1/O
                         net (fo=2, unplaced)         0.249     9.532    alu/alu/cacheData_ext/D[445]
                         LUT5 (Prop_LUT5_I0_O)        0.040     9.572 r  alu/alu/cacheData_ext/Memory_reg_0_31_444_445_i_1/O
                         net (fo=8, unplaced)         0.241     9.813    alu/alu/cacheData_ext/Memory_reg_0_31_444_445/DIC1
                         RAMD32                                       r  alu/alu/cacheData_ext/Memory_reg_0_31_444_445/RAMC_D1/I
  -------------------------------------------------------------------    -------------------

                         (clock rvv_clock rise edge)
                                                     10.000    10.000 r  
                         propagated clock network latency
                                                      0.000    10.000    
                         clock pessimism              0.000    10.000    
                         clock uncertainty           -0.035     9.965    
                         RAMD32 (Setup_RAMD32_CLK_I)
                                                     -0.049     9.916    alu/alu/cacheData_ext/Memory_reg_0_31_444_445/RAMC_D1
  -------------------------------------------------------------------
                         required time                          9.916    
                         arrival time                          -9.813    
  -------------------------------------------------------------------
                         slack                                  0.103    

Slack (MET) :             0.103ns  (required time - arrival time)
  Source:                 alu/alu/tokens_4_desc_decoded_vs1_reg[1]__0/C
                            (rising edge-triggered cell FDRE clocked by rvv_clock  {rise@0.000ns fall@5.000ns period=10.000ns})
  Destination:            alu/alu/cacheData_ext/Memory_reg_0_31_444_445/RAMD_D1/I
                            (rising edge-triggered cell RAMD32 clocked by rvv_clock  {rise@0.000ns fall@5.000ns period=10.000ns})
  Path Group:             rvv_clock
  Path Type:              Setup (Max at Slow Process Corner)
  Requirement:            10.000ns  (rvv_clock rise@10.000ns - rvv_clock rise@0.000ns)
  Data Path Delay:        9.813ns  (logic 1.994ns (20.320%)  route 7.819ns (79.680%))
  Logic Levels:           28  (CARRY8=1 LUT3=1 LUT4=2 LUT5=12 LUT6=11 MUXF7=1)
  Clock Uncertainty:      0.035ns  ((TSJ^2 + TIJ^2)^1/2 + DJ) / 2 + PE
    Total System Jitter     (TSJ):    0.071ns
    Total Input Jitter      (TIJ):    0.000ns
    Discrete Jitter          (DJ):    0.000ns
    Phase Error              (PE):    0.000ns

    Location             Delay type                Incr(ns)  Path(ns)    Netlist Resource(s)
  -------------------------------------------------------------------    -------------------
                         (clock rvv_clock rise edge)
                                                      0.000     0.000 r  
                         propagated clock network latency
                                                      0.000     0.000    
                         FDRE                         0.000     0.000 r  alu/alu/tokens_4_desc_decoded_vs1_reg[1]__0/C
                         FDRE (Prop_FDRE_C_Q)         0.115     0.115 r  alu/alu/tokens_4_desc_decoded_vs1_reg[1]__0/Q
                         net (fo=10, unplaced)        0.357     0.472    alu/alu/cacheData_ext/Memory_reg_0_31_96_97_1
                         LUT6 (Prop_LUT6_I0_O)        0.190     0.662 r  alu/alu/cacheData_ext/Memory_reg_0_31_0_1_i_24/O
                         net (fo=6, unplaced)         0.238     0.900    alu/alu/cacheData_ext/addrA0[1]
                         LUT6 (Prop_LUT6_I1_O)        0.071     0.971 r  alu/alu/cacheData_ext/Memory_reg_0_31_0_1_i_23/O
                         net (fo=1, unplaced)         0.249     1.220    alu/alu/cacheData_ext/Memory_reg_0_31_0_1_i_23_n_0
                         LUT5 (Prop_LUT5_I0_O)        0.040     1.260 r  alu/alu/cacheData_ext/Memory_reg_0_31_0_1_i_10/O
                         net (fo=548, unplaced)       0.404     1.664    alu/alu/cacheData_ext/addrA[2]
                         MUXF7 (Prop_MUXF7_S_O)       0.103     1.767 r  alu/alu/cacheData_ext/Memory_reg_0_31_54_55_i_108/O
                         net (fo=1, unplaced)         0.264     2.031    alu/alu/cacheData_ext/Memory_reg_0_31_54_55_i_108_n_0
                         LUT6 (Prop_LUT6_I0_O)        0.132     2.163 r  alu/alu/cacheData_ext/Memory_reg_0_31_54_55_i_87/O
                         net (fo=1, unplaced)         0.249     2.412    alu/alu/cacheData_ext/Memory_reg_0_31_54_55_i_87_n_0
                         LUT6 (Prop_LUT6_I4_O)        0.040     2.452 r  alu/alu/cacheData_ext/Memory_reg_0_31_54_55_i_69/O
                         net (fo=1, unplaced)         0.249     2.701    alu/alu/cacheData_ext/Memory_reg_0_31_54_55_i_69_n_0
                         LUT5 (Prop_LUT5_I2_O)        0.040     2.741 r  alu/alu/cacheData_ext/Memory_reg_0_31_54_55_i_39/O
                         net (fo=1, unplaced)         0.249     2.990    alu/alu/cacheData_ext/Memory_reg_0_31_54_55_i_39_n_0
                         LUT3 (Prop_LUT3_I2_O)        0.040     3.030 r  alu/alu/cacheData_ext/Memory_reg_0_31_54_55_i_25/O
                         net (fo=17, unplaced)        0.294     3.324    alu/alu/cacheData_ext/Memory_reg_0_31_54_55_i_25_n_0
                         LUT6 (Prop_LUT6_I5_O)        0.040     3.364 r  alu/alu/cacheData_ext/Memory_reg_0_31_438_439_i_10/O
                         net (fo=111, unplaced)       0.337     3.701    alu/alu/cacheData_ext/aInput_hit
                         LUT4 (Prop_LUT4_I1_O)        0.040     3.741 r  alu/alu/cacheData_ext/computed[401]_i_10/O
                         net (fo=2, unplaced)         0.249     3.990    alu/alu/cacheData_ext/computed[401]_i_10_n_0
                         LUT5 (Prop_LUT5_I4_O)        0.040     4.030 r  alu/alu/cacheData_ext/computed[402]_i_9/O
                         net (fo=2, unplaced)         0.249     4.279    alu/alu/cacheData_ext/computed[402]_i_9_n_0
                         LUT5 (Prop_LUT5_I4_O)        0.040     4.319 r  alu/alu/cacheData_ext/computed[407]_i_11/O
                         net (fo=2, unplaced)         0.249     4.568    alu/alu/cacheData_ext/computed[407]_i_11_n_0
                         LUT5 (Prop_LUT5_I4_O)        0.040     4.608 r  alu/alu/cacheData_ext/Memory_reg_0_31_404_405_i_19/O
                         net (fo=2, unplaced)         0.249     4.857    alu/alu/cacheData_ext/Memory_reg_0_31_404_405_i_19_n_0
                         LUT5 (Prop_LUT5_I4_O)        0.040     4.897 r  alu/alu/cacheData_ext/Memory_reg_0_31_404_405_i_17/O
                         net (fo=2, unplaced)         0.249     5.146    alu/alu/cacheData_ext/Memory_reg_0_31_404_405_i_17_n_0
                         LUT5 (Prop_LUT5_I4_O)        0.040     5.186 r  alu/alu/cacheData_ext/Memory_reg_0_31_406_407_i_10/O
                         net (fo=3, unplaced)         0.255     5.441    alu/alu/cacheData_ext/Memory_reg_0_31_406_407_i_10_n_0
                         LUT5 (Prop_LUT5_I4_O)        0.095     5.536 r  alu/alu/cacheData_ext/computed[409]_i_15/O
                         net (fo=1, unplaced)         0.249     5.785    alu/alu/cacheData_ext/computed[409]_i_15_n_0
                         LUT5 (Prop_LUT5_I4_O)        0.095     5.880 r  alu/alu/cacheData_ext/computed[409]_i_11/O
                         net (fo=3, unplaced)         0.255     6.135    alu/alu/cacheData_ext/p_0_in230_out[8]
                         LUT6 (Prop_LUT6_I5_O)        0.040     6.175 r  alu/alu/cacheData_ext/computed[413]_i_13/O
                         net (fo=4, unplaced)         0.262     6.437    alu/alu/cacheData_ext/computed[413]_i_13_n_0
                         LUT6 (Prop_LUT6_I1_O)        0.040     6.477 r  alu/alu/cacheData_ext/computed[413]_i_7/O
                         net (fo=4, unplaced)         0.262     6.739    alu/alu/cacheData_ext/computed[413]_i_7_n_0
                         LUT6 (Prop_LUT6_I4_O)        0.040     6.779 r  alu/alu/cacheData_ext/computed[424]_i_7/O
                         net (fo=1, unplaced)         0.249     7.028    alu/alu/cacheData_ext/computed[424]_i_7_n_0
                         LUT6 (Prop_LUT6_I3_O)        0.040     7.068 r  alu/alu/cacheData_ext/computed[424]_i_3/O
                         net (fo=9, unplaced)         0.280     7.348    alu/alu/cacheData_ext/computed[424]_i_3_n_0
                         LUT5 (Prop_LUT5_I2_O)        0.040     7.388 r  alu/alu/cacheData_ext/computed[432]_i_4/O
                         net (fo=9, unplaced)         0.280     7.668    alu/alu/cacheData_ext/computed[432]_i_4_n_0
                         LUT6 (Prop_LUT6_I5_O)        0.040     7.708 r  alu/alu/cacheData_ext/computed[443]_i_25/O
                         net (fo=2, unplaced)         0.249     7.957    alu/alu/cacheData_ext/computed[443]_i_25_n_0
                         LUT4 (Prop_LUT4_I3_O)        0.095     8.052 r  alu/alu/cacheData_ext/computed[443]_i_13/O
                         net (fo=1, unplaced)         0.294     8.346    alu/alu/cacheData_ext/computed[443]_i_13_n_0
                         CARRY8 (Prop_CARRY8_DI[0]_O[5])
                                                      0.298     8.644 r  alu/alu/cacheData_ext/computed_reg[443]_i_4/O[5]
                         net (fo=1, unplaced)         0.310     8.954    alu/alu/cacheData_ext/computed_reg[443]_i_4_n_10
                         LUT5 (Prop_LUT5_I4_O)        0.040     8.994 r  alu/alu/cacheData_ext/computed[445]_i_2/O
                         net (fo=1, unplaced)         0.249     9.243    alu/alu/cacheData_ext/computed[445]_i_2_n_0
                         LUT6 (Prop_LUT6_I0_O)        0.040     9.283 r  alu/alu/cacheData_ext/computed[445]_i_1/O
                         net (fo=2, unplaced)         0.249     9.532    alu/alu/cacheData_ext/D[445]
                         LUT5 (Prop_LUT5_I0_O)        0.040     9.572 r  alu/alu/cacheData_ext/Memory_reg_0_31_444_445_i_1/O
                         net (fo=8, unplaced)         0.241     9.813    alu/alu/cacheData_ext/Memory_reg_0_31_444_445/DID1
                         RAMD32                                       r  alu/alu/cacheData_ext/Memory_reg_0_31_444_445/RAMD_D1/I
  -------------------------------------------------------------------    -------------------

                         (clock rvv_clock rise edge)
                                                     10.000    10.000 r  
                         propagated clock network latency
                                                      0.000    10.000    
                         clock pessimism              0.000    10.000    
                         clock uncertainty           -0.035     9.965    
                         RAMD32 (Setup_RAMD32_CLK_I)
                                                     -0.049     9.916    alu/alu/cacheData_ext/Memory_reg_0_31_444_445/RAMD_D1
  -------------------------------------------------------------------
                         required time                          9.916    
                         arrival time                          -9.813    
  -------------------------------------------------------------------
                         slack                                  0.103    

Slack (MET) :             0.103ns  (required time - arrival time)
  Source:                 alu/alu/tokens_4_desc_decoded_vs1_reg[1]__0/C
                            (rising edge-triggered cell FDRE clocked by rvv_clock  {rise@0.000ns fall@5.000ns period=10.000ns})
  Destination:            alu/alu/cacheData_ext/Memory_reg_0_31_444_445/RAME_D1/I
                            (rising edge-triggered cell RAMD32 clocked by rvv_clock  {rise@0.000ns fall@5.000ns period=10.000ns})
  Path Group:             rvv_clock
  Path Type:              Setup (Max at Slow Process Corner)
  Requirement:            10.000ns  (rvv_clock rise@10.000ns - rvv_clock rise@0.000ns)
  Data Path Delay:        9.813ns  (logic 1.994ns (20.320%)  route 7.819ns (79.680%))
  Logic Levels:           28  (CARRY8=1 LUT3=1 LUT4=2 LUT5=12 LUT6=11 MUXF7=1)
  Clock Uncertainty:      0.035ns  ((TSJ^2 + TIJ^2)^1/2 + DJ) / 2 + PE
    Total System Jitter     (TSJ):    0.071ns
    Total Input Jitter      (TIJ):    0.000ns
    Discrete Jitter          (DJ):    0.000ns
    Phase Error              (PE):    0.000ns

    Location             Delay type                Incr(ns)  Path(ns)    Netlist Resource(s)
  -------------------------------------------------------------------    -------------------
                         (clock rvv_clock rise edge)
                                                      0.000     0.000 r  
                         propagated clock network latency
                                                      0.000     0.000    
                         FDRE                         0.000     0.000 r  alu/alu/tokens_4_desc_decoded_vs1_reg[1]__0/C
                         FDRE (Prop_FDRE_C_Q)         0.115     0.115 r  alu/alu/tokens_4_desc_decoded_vs1_reg[1]__0/Q
                         net (fo=10, unplaced)        0.357     0.472    alu/alu/cacheData_ext/Memory_reg_0_31_96_97_1
                         LUT6 (Prop_LUT6_I0_O)        0.190     0.662 r  alu/alu/cacheData_ext/Memory_reg_0_31_0_1_i_24/O
                         net (fo=6, unplaced)         0.238     0.900    alu/alu/cacheData_ext/addrA0[1]
                         LUT6 (Prop_LUT6_I1_O)        0.071     0.971 r  alu/alu/cacheData_ext/Memory_reg_0_31_0_1_i_23/O
                         net (fo=1, unplaced)         0.249     1.220    alu/alu/cacheData_ext/Memory_reg_0_31_0_1_i_23_n_0
                         LUT5 (Prop_LUT5_I0_O)        0.040     1.260 r  alu/alu/cacheData_ext/Memory_reg_0_31_0_1_i_10/O
                         net (fo=548, unplaced)       0.404     1.664    alu/alu/cacheData_ext/addrA[2]
                         MUXF7 (Prop_MUXF7_S_O)       0.103     1.767 r  alu/alu/cacheData_ext/Memory_reg_0_31_54_55_i_108/O
                         net (fo=1, unplaced)         0.264     2.031    alu/alu/cacheData_ext/Memory_reg_0_31_54_55_i_108_n_0
                         LUT6 (Prop_LUT6_I0_O)        0.132     2.163 r  alu/alu/cacheData_ext/Memory_reg_0_31_54_55_i_87/O
                         net (fo=1, unplaced)         0.249     2.412    alu/alu/cacheData_ext/Memory_reg_0_31_54_55_i_87_n_0
                         LUT6 (Prop_LUT6_I4_O)        0.040     2.452 r  alu/alu/cacheData_ext/Memory_reg_0_31_54_55_i_69/O
                         net (fo=1, unplaced)         0.249     2.701    alu/alu/cacheData_ext/Memory_reg_0_31_54_55_i_69_n_0
                         LUT5 (Prop_LUT5_I2_O)        0.040     2.741 r  alu/alu/cacheData_ext/Memory_reg_0_31_54_55_i_39/O
                         net (fo=1, unplaced)         0.249     2.990    alu/alu/cacheData_ext/Memory_reg_0_31_54_55_i_39_n_0
                         LUT3 (Prop_LUT3_I2_O)        0.040     3.030 r  alu/alu/cacheData_ext/Memory_reg_0_31_54_55_i_25/O
                         net (fo=17, unplaced)        0.294     3.324    alu/alu/cacheData_ext/Memory_reg_0_31_54_55_i_25_n_0
                         LUT6 (Prop_LUT6_I5_O)        0.040     3.364 r  alu/alu/cacheData_ext/Memory_reg_0_31_438_439_i_10/O
                         net (fo=111, unplaced)       0.337     3.701    alu/alu/cacheData_ext/aInput_hit
                         LUT4 (Prop_LUT4_I1_O)        0.040     3.741 r  alu/alu/cacheData_ext/computed[401]_i_10/O
                         net (fo=2, unplaced)         0.249     3.990    alu/alu/cacheData_ext/computed[401]_i_10_n_0
                         LUT5 (Prop_LUT5_I4_O)        0.040     4.030 r  alu/alu/cacheData_ext/computed[402]_i_9/O
                         net (fo=2, unplaced)         0.249     4.279    alu/alu/cacheData_ext/computed[402]_i_9_n_0
                         LUT5 (Prop_LUT5_I4_O)        0.040     4.319 r  alu/alu/cacheData_ext/computed[407]_i_11/O
                         net (fo=2, unplaced)         0.249     4.568    alu/alu/cacheData_ext/computed[407]_i_11_n_0
                         LUT5 (Prop_LUT5_I4_O)        0.040     4.608 r  alu/alu/cacheData_ext/Memory_reg_0_31_404_405_i_19/O
                         net (fo=2, unplaced)         0.249     4.857    alu/alu/cacheData_ext/Memory_reg_0_31_404_405_i_19_n_0
                         LUT5 (Prop_LUT5_I4_O)        0.040     4.897 r  alu/alu/cacheData_ext/Memory_reg_0_31_404_405_i_17/O
                         net (fo=2, unplaced)         0.249     5.146    alu/alu/cacheData_ext/Memory_reg_0_31_404_405_i_17_n_0
                         LUT5 (Prop_LUT5_I4_O)        0.040     5.186 r  alu/alu/cacheData_ext/Memory_reg_0_31_406_407_i_10/O
                         net (fo=3, unplaced)         0.255     5.441    alu/alu/cacheData_ext/Memory_reg_0_31_406_407_i_10_n_0
                         LUT5 (Prop_LUT5_I4_O)        0.095     5.536 r  alu/alu/cacheData_ext/computed[409]_i_15/O
                         net (fo=1, unplaced)         0.249     5.785    alu/alu/cacheData_ext/computed[409]_i_15_n_0
                         LUT5 (Prop_LUT5_I4_O)        0.095     5.880 r  alu/alu/cacheData_ext/computed[409]_i_11/O
                         net (fo=3, unplaced)         0.255     6.135    alu/alu/cacheData_ext/p_0_in230_out[8]
                         LUT6 (Prop_LUT6_I5_O)        0.040     6.175 r  alu/alu/cacheData_ext/computed[413]_i_13/O
                         net (fo=4, unplaced)         0.262     6.437    alu/alu/cacheData_ext/computed[413]_i_13_n_0
                         LUT6 (Prop_LUT6_I1_O)        0.040     6.477 r  alu/alu/cacheData_ext/computed[413]_i_7/O
                         net (fo=4, unplaced)         0.262     6.739    alu/alu/cacheData_ext/computed[413]_i_7_n_0
                         LUT6 (Prop_LUT6_I4_O)        0.040     6.779 r  alu/alu/cacheData_ext/computed[424]_i_7/O
                         net (fo=1, unplaced)         0.249     7.028    alu/alu/cacheData_ext/computed[424]_i_7_n_0
                         LUT6 (Prop_LUT6_I3_O)        0.040     7.068 r  alu/alu/cacheData_ext/computed[424]_i_3/O
                         net (fo=9, unplaced)         0.280     7.348    alu/alu/cacheData_ext/computed[424]_i_3_n_0
                         LUT5 (Prop_LUT5_I2_O)        0.040     7.388 r  alu/alu/cacheData_ext/computed[432]_i_4/O
                         net (fo=9, unplaced)         0.280     7.668    alu/alu/cacheData_ext/computed[432]_i_4_n_0
                         LUT6 (Prop_LUT6_I5_O)        0.040     7.708 r  alu/alu/cacheData_ext/computed[443]_i_25/O
                         net (fo=2, unplaced)         0.249     7.957    alu/alu/cacheData_ext/computed[443]_i_25_n_0
                         LUT4 (Prop_LUT4_I3_O)        0.095     8.052 r  alu/alu/cacheData_ext/computed[443]_i_13/O
                         net (fo=1, unplaced)         0.294     8.346    alu/alu/cacheData_ext/computed[443]_i_13_n_0
                         CARRY8 (Prop_CARRY8_DI[0]_O[5])
                                                      0.298     8.644 r  alu/alu/cacheData_ext/computed_reg[443]_i_4/O[5]
                         net (fo=1, unplaced)         0.310     8.954    alu/alu/cacheData_ext/computed_reg[443]_i_4_n_10
                         LUT5 (Prop_LUT5_I4_O)        0.040     8.994 r  alu/alu/cacheData_ext/computed[445]_i_2/O
                         net (fo=1, unplaced)         0.249     9.243    alu/alu/cacheData_ext/computed[445]_i_2_n_0
                         LUT6 (Prop_LUT6_I0_O)        0.040     9.283 r  alu/alu/cacheData_ext/computed[445]_i_1/O
                         net (fo=2, unplaced)         0.249     9.532    alu/alu/cacheData_ext/D[445]
                         LUT5 (Prop_LUT5_I0_O)        0.040     9.572 r  alu/alu/cacheData_ext/Memory_reg_0_31_444_445_i_1/O
                         net (fo=8, unplaced)         0.241     9.813    alu/alu/cacheData_ext/Memory_reg_0_31_444_445/DIE1
                         RAMD32                                       r  alu/alu/cacheData_ext/Memory_reg_0_31_444_445/RAME_D1/I
  -------------------------------------------------------------------    -------------------

                         (clock rvv_clock rise edge)
                                                     10.000    10.000 r  
                         propagated clock network latency
                                                      0.000    10.000    
                         clock pessimism              0.000    10.000    
                         clock uncertainty           -0.035     9.965    
                         RAMD32 (Setup_RAMD32_CLK_I)
                                                     -0.049     9.916    alu/alu/cacheData_ext/Memory_reg_0_31_444_445/RAME_D1
  -------------------------------------------------------------------
                         required time                          9.916    
                         arrival time                          -9.813    
  -------------------------------------------------------------------
                         slack                                  0.103    

Slack (MET) :             0.103ns  (required time - arrival time)
  Source:                 alu/alu/tokens_4_desc_decoded_vs1_reg[1]__0/C
                            (rising edge-triggered cell FDRE clocked by rvv_clock  {rise@0.000ns fall@5.000ns period=10.000ns})
  Destination:            alu/alu/cacheData_ext/Memory_reg_0_31_444_445/RAMF_D1/I
                            (rising edge-triggered cell RAMD32 clocked by rvv_clock  {rise@0.000ns fall@5.000ns period=10.000ns})
  Path Group:             rvv_clock
  Path Type:              Setup (Max at Slow Process Corner)
  Requirement:            10.000ns  (rvv_clock rise@10.000ns - rvv_clock rise@0.000ns)
  Data Path Delay:        9.813ns  (logic 1.994ns (20.320%)  route 7.819ns (79.680%))
  Logic Levels:           28  (CARRY8=1 LUT3=1 LUT4=2 LUT5=12 LUT6=11 MUXF7=1)
  Clock Uncertainty:      0.035ns  ((TSJ^2 + TIJ^2)^1/2 + DJ) / 2 + PE
    Total System Jitter     (TSJ):    0.071ns
    Total Input Jitter      (TIJ):    0.000ns
    Discrete Jitter          (DJ):    0.000ns
    Phase Error              (PE):    0.000ns

    Location             Delay type                Incr(ns)  Path(ns)    Netlist Resource(s)
  -------------------------------------------------------------------    -------------------
                         (clock rvv_clock rise edge)
                                                      0.000     0.000 r  
                         propagated clock network latency
                                                      0.000     0.000    
                         FDRE                         0.000     0.000 r  alu/alu/tokens_4_desc_decoded_vs1_reg[1]__0/C
                         FDRE (Prop_FDRE_C_Q)         0.115     0.115 r  alu/alu/tokens_4_desc_decoded_vs1_reg[1]__0/Q
                         net (fo=10, unplaced)        0.357     0.472    alu/alu/cacheData_ext/Memory_reg_0_31_96_97_1
                         LUT6 (Prop_LUT6_I0_O)        0.190     0.662 r  alu/alu/cacheData_ext/Memory_reg_0_31_0_1_i_24/O
                         net (fo=6, unplaced)         0.238     0.900    alu/alu/cacheData_ext/addrA0[1]
                         LUT6 (Prop_LUT6_I1_O)        0.071     0.971 r  alu/alu/cacheData_ext/Memory_reg_0_31_0_1_i_23/O
                         net (fo=1, unplaced)         0.249     1.220    alu/alu/cacheData_ext/Memory_reg_0_31_0_1_i_23_n_0
                         LUT5 (Prop_LUT5_I0_O)        0.040     1.260 r  alu/alu/cacheData_ext/Memory_reg_0_31_0_1_i_10/O
                         net (fo=548, unplaced)       0.404     1.664    alu/alu/cacheData_ext/addrA[2]
                         MUXF7 (Prop_MUXF7_S_O)       0.103     1.767 r  alu/alu/cacheData_ext/Memory_reg_0_31_54_55_i_108/O
                         net (fo=1, unplaced)         0.264     2.031    alu/alu/cacheData_ext/Memory_reg_0_31_54_55_i_108_n_0
                         LUT6 (Prop_LUT6_I0_O)        0.132     2.163 r  alu/alu/cacheData_ext/Memory_reg_0_31_54_55_i_87/O
                         net (fo=1, unplaced)         0.249     2.412    alu/alu/cacheData_ext/Memory_reg_0_31_54_55_i_87_n_0
                         LUT6 (Prop_LUT6_I4_O)        0.040     2.452 r  alu/alu/cacheData_ext/Memory_reg_0_31_54_55_i_69/O
                         net (fo=1, unplaced)         0.249     2.701    alu/alu/cacheData_ext/Memory_reg_0_31_54_55_i_69_n_0
                         LUT5 (Prop_LUT5_I2_O)        0.040     2.741 r  alu/alu/cacheData_ext/Memory_reg_0_31_54_55_i_39/O
                         net (fo=1, unplaced)         0.249     2.990    alu/alu/cacheData_ext/Memory_reg_0_31_54_55_i_39_n_0
                         LUT3 (Prop_LUT3_I2_O)        0.040     3.030 r  alu/alu/cacheData_ext/Memory_reg_0_31_54_55_i_25/O
                         net (fo=17, unplaced)        0.294     3.324    alu/alu/cacheData_ext/Memory_reg_0_31_54_55_i_25_n_0
                         LUT6 (Prop_LUT6_I5_O)        0.040     3.364 r  alu/alu/cacheData_ext/Memory_reg_0_31_438_439_i_10/O
                         net (fo=111, unplaced)       0.337     3.701    alu/alu/cacheData_ext/aInput_hit
                         LUT4 (Prop_LUT4_I1_O)        0.040     3.741 r  alu/alu/cacheData_ext/computed[401]_i_10/O
                         net (fo=2, unplaced)         0.249     3.990    alu/alu/cacheData_ext/computed[401]_i_10_n_0
                         LUT5 (Prop_LUT5_I4_O)        0.040     4.030 r  alu/alu/cacheData_ext/computed[402]_i_9/O
                         net (fo=2, unplaced)         0.249     4.279    alu/alu/cacheData_ext/computed[402]_i_9_n_0
                         LUT5 (Prop_LUT5_I4_O)        0.040     4.319 r  alu/alu/cacheData_ext/computed[407]_i_11/O
                         net (fo=2, unplaced)         0.249     4.568    alu/alu/cacheData_ext/computed[407]_i_11_n_0
                         LUT5 (Prop_LUT5_I4_O)        0.040     4.608 r  alu/alu/cacheData_ext/Memory_reg_0_31_404_405_i_19/O
                         net (fo=2, unplaced)         0.249     4.857    alu/alu/cacheData_ext/Memory_reg_0_31_404_405_i_19_n_0
                         LUT5 (Prop_LUT5_I4_O)        0.040     4.897 r  alu/alu/cacheData_ext/Memory_reg_0_31_404_405_i_17/O
                         net (fo=2, unplaced)         0.249     5.146    alu/alu/cacheData_ext/Memory_reg_0_31_404_405_i_17_n_0
                         LUT5 (Prop_LUT5_I4_O)        0.040     5.186 r  alu/alu/cacheData_ext/Memory_reg_0_31_406_407_i_10/O
                         net (fo=3, unplaced)         0.255     5.441    alu/alu/cacheData_ext/Memory_reg_0_31_406_407_i_10_n_0
                         LUT5 (Prop_LUT5_I4_O)        0.095     5.536 r  alu/alu/cacheData_ext/computed[409]_i_15/O
                         net (fo=1, unplaced)         0.249     5.785    alu/alu/cacheData_ext/computed[409]_i_15_n_0
                         LUT5 (Prop_LUT5_I4_O)        0.095     5.880 r  alu/alu/cacheData_ext/computed[409]_i_11/O
                         net (fo=3, unplaced)         0.255     6.135    alu/alu/cacheData_ext/p_0_in230_out[8]
                         LUT6 (Prop_LUT6_I5_O)        0.040     6.175 r  alu/alu/cacheData_ext/computed[413]_i_13/O
                         net (fo=4, unplaced)         0.262     6.437    alu/alu/cacheData_ext/computed[413]_i_13_n_0
                         LUT6 (Prop_LUT6_I1_O)        0.040     6.477 r  alu/alu/cacheData_ext/computed[413]_i_7/O
                         net (fo=4, unplaced)         0.262     6.739    alu/alu/cacheData_ext/computed[413]_i_7_n_0
                         LUT6 (Prop_LUT6_I4_O)        0.040     6.779 r  alu/alu/cacheData_ext/computed[424]_i_7/O
                         net (fo=1, unplaced)         0.249     7.028    alu/alu/cacheData_ext/computed[424]_i_7_n_0
                         LUT6 (Prop_LUT6_I3_O)        0.040     7.068 r  alu/alu/cacheData_ext/computed[424]_i_3/O
                         net (fo=9, unplaced)         0.280     7.348    alu/alu/cacheData_ext/computed[424]_i_3_n_0
                         LUT5 (Prop_LUT5_I2_O)        0.040     7.388 r  alu/alu/cacheData_ext/computed[432]_i_4/O
                         net (fo=9, unplaced)         0.280     7.668    alu/alu/cacheData_ext/computed[432]_i_4_n_0
                         LUT6 (Prop_LUT6_I5_O)        0.040     7.708 r  alu/alu/cacheData_ext/computed[443]_i_25/O
                         net (fo=2, unplaced)         0.249     7.957    alu/alu/cacheData_ext/computed[443]_i_25_n_0
                         LUT4 (Prop_LUT4_I3_O)        0.095     8.052 r  alu/alu/cacheData_ext/computed[443]_i_13/O
                         net (fo=1, unplaced)         0.294     8.346    alu/alu/cacheData_ext/computed[443]_i_13_n_0
                         CARRY8 (Prop_CARRY8_DI[0]_O[5])
                                                      0.298     8.644 r  alu/alu/cacheData_ext/computed_reg[443]_i_4/O[5]
                         net (fo=1, unplaced)         0.310     8.954    alu/alu/cacheData_ext/computed_reg[443]_i_4_n_10
                         LUT5 (Prop_LUT5_I4_O)        0.040     8.994 r  alu/alu/cacheData_ext/computed[445]_i_2/O
                         net (fo=1, unplaced)         0.249     9.243    alu/alu/cacheData_ext/computed[445]_i_2_n_0
                         LUT6 (Prop_LUT6_I0_O)        0.040     9.283 r  alu/alu/cacheData_ext/computed[445]_i_1/O
                         net (fo=2, unplaced)         0.249     9.532    alu/alu/cacheData_ext/D[445]
                         LUT5 (Prop_LUT5_I0_O)        0.040     9.572 r  alu/alu/cacheData_ext/Memory_reg_0_31_444_445_i_1/O
                         net (fo=8, unplaced)         0.241     9.813    alu/alu/cacheData_ext/Memory_reg_0_31_444_445/DIF1
                         RAMD32                                       r  alu/alu/cacheData_ext/Memory_reg_0_31_444_445/RAMF_D1/I
  -------------------------------------------------------------------    -------------------

                         (clock rvv_clock rise edge)
                                                     10.000    10.000 r  
                         propagated clock network latency
                                                      0.000    10.000    
                         clock pessimism              0.000    10.000    
                         clock uncertainty           -0.035     9.965    
                         RAMD32 (Setup_RAMD32_CLK_I)
                                                     -0.049     9.916    alu/alu/cacheData_ext/Memory_reg_0_31_444_445/RAMF_D1
  -------------------------------------------------------------------
                         required time                          9.916    
                         arrival time                          -9.813    
  -------------------------------------------------------------------
                         slack                                  0.103    

Slack (MET) :             0.103ns  (required time - arrival time)
  Source:                 alu/alu/tokens_4_desc_decoded_vs1_reg[1]__0/C
                            (rising edge-triggered cell FDRE clocked by rvv_clock  {rise@0.000ns fall@5.000ns period=10.000ns})
  Destination:            alu/alu/cacheData_ext/Memory_reg_0_31_444_445/RAMG_D1/I
                            (rising edge-triggered cell RAMD32 clocked by rvv_clock  {rise@0.000ns fall@5.000ns period=10.000ns})
  Path Group:             rvv_clock
  Path Type:              Setup (Max at Slow Process Corner)
  Requirement:            10.000ns  (rvv_clock rise@10.000ns - rvv_clock rise@0.000ns)
  Data Path Delay:        9.813ns  (logic 1.994ns (20.320%)  route 7.819ns (79.680%))
  Logic Levels:           28  (CARRY8=1 LUT3=1 LUT4=2 LUT5=12 LUT6=11 MUXF7=1)
  Clock Uncertainty:      0.035ns  ((TSJ^2 + TIJ^2)^1/2 + DJ) / 2 + PE
    Total System Jitter     (TSJ):    0.071ns
    Total Input Jitter      (TIJ):    0.000ns
    Discrete Jitter          (DJ):    0.000ns
    Phase Error              (PE):    0.000ns

    Location             Delay type                Incr(ns)  Path(ns)    Netlist Resource(s)
  -------------------------------------------------------------------    -------------------
                         (clock rvv_clock rise edge)
                                                      0.000     0.000 r  
                         propagated clock network latency
                                                      0.000     0.000    
                         FDRE                         0.000     0.000 r  alu/alu/tokens_4_desc_decoded_vs1_reg[1]__0/C
                         FDRE (Prop_FDRE_C_Q)         0.115     0.115 r  alu/alu/tokens_4_desc_decoded_vs1_reg[1]__0/Q
                         net (fo=10, unplaced)        0.357     0.472    alu/alu/cacheData_ext/Memory_reg_0_31_96_97_1
                         LUT6 (Prop_LUT6_I0_O)        0.190     0.662 r  alu/alu/cacheData_ext/Memory_reg_0_31_0_1_i_24/O
                         net (fo=6, unplaced)         0.238     0.900    alu/alu/cacheData_ext/addrA0[1]
                         LUT6 (Prop_LUT6_I1_O)        0.071     0.971 r  alu/alu/cacheData_ext/Memory_reg_0_31_0_1_i_23/O
                         net (fo=1, unplaced)         0.249     1.220    alu/alu/cacheData_ext/Memory_reg_0_31_0_1_i_23_n_0
                         LUT5 (Prop_LUT5_I0_O)        0.040     1.260 r  alu/alu/cacheData_ext/Memory_reg_0_31_0_1_i_10/O
                         net (fo=548, unplaced)       0.404     1.664    alu/alu/cacheData_ext/addrA[2]
                         MUXF7 (Prop_MUXF7_S_O)       0.103     1.767 r  alu/alu/cacheData_ext/Memory_reg_0_31_54_55_i_108/O
                         net (fo=1, unplaced)         0.264     2.031    alu/alu/cacheData_ext/Memory_reg_0_31_54_55_i_108_n_0
                         LUT6 (Prop_LUT6_I0_O)        0.132     2.163 r  alu/alu/cacheData_ext/Memory_reg_0_31_54_55_i_87/O
                         net (fo=1, unplaced)         0.249     2.412    alu/alu/cacheData_ext/Memory_reg_0_31_54_55_i_87_n_0
                         LUT6 (Prop_LUT6_I4_O)        0.040     2.452 r  alu/alu/cacheData_ext/Memory_reg_0_31_54_55_i_69/O
                         net (fo=1, unplaced)         0.249     2.701    alu/alu/cacheData_ext/Memory_reg_0_31_54_55_i_69_n_0
                         LUT5 (Prop_LUT5_I2_O)        0.040     2.741 r  alu/alu/cacheData_ext/Memory_reg_0_31_54_55_i_39/O
                         net (fo=1, unplaced)         0.249     2.990    alu/alu/cacheData_ext/Memory_reg_0_31_54_55_i_39_n_0
                         LUT3 (Prop_LUT3_I2_O)        0.040     3.030 r  alu/alu/cacheData_ext/Memory_reg_0_31_54_55_i_25/O
                         net (fo=17, unplaced)        0.294     3.324    alu/alu/cacheData_ext/Memory_reg_0_31_54_55_i_25_n_0
                         LUT6 (Prop_LUT6_I5_O)        0.040     3.364 r  alu/alu/cacheData_ext/Memory_reg_0_31_438_439_i_10/O
                         net (fo=111, unplaced)       0.337     3.701    alu/alu/cacheData_ext/aInput_hit
                         LUT4 (Prop_LUT4_I1_O)        0.040     3.741 r  alu/alu/cacheData_ext/computed[401]_i_10/O
                         net (fo=2, unplaced)         0.249     3.990    alu/alu/cacheData_ext/computed[401]_i_10_n_0
                         LUT5 (Prop_LUT5_I4_O)        0.040     4.030 r  alu/alu/cacheData_ext/computed[402]_i_9/O
                         net (fo=2, unplaced)         0.249     4.279    alu/alu/cacheData_ext/computed[402]_i_9_n_0
                         LUT5 (Prop_LUT5_I4_O)        0.040     4.319 r  alu/alu/cacheData_ext/computed[407]_i_11/O
                         net (fo=2, unplaced)         0.249     4.568    alu/alu/cacheData_ext/computed[407]_i_11_n_0
                         LUT5 (Prop_LUT5_I4_O)        0.040     4.608 r  alu/alu/cacheData_ext/Memory_reg_0_31_404_405_i_19/O
                         net (fo=2, unplaced)         0.249     4.857    alu/alu/cacheData_ext/Memory_reg_0_31_404_405_i_19_n_0
                         LUT5 (Prop_LUT5_I4_O)        0.040     4.897 r  alu/alu/cacheData_ext/Memory_reg_0_31_404_405_i_17/O
                         net (fo=2, unplaced)         0.249     5.146    alu/alu/cacheData_ext/Memory_reg_0_31_404_405_i_17_n_0
                         LUT5 (Prop_LUT5_I4_O)        0.040     5.186 r  alu/alu/cacheData_ext/Memory_reg_0_31_406_407_i_10/O
                         net (fo=3, unplaced)         0.255     5.441    alu/alu/cacheData_ext/Memory_reg_0_31_406_407_i_10_n_0
                         LUT5 (Prop_LUT5_I4_O)        0.095     5.536 r  alu/alu/cacheData_ext/computed[409]_i_15/O
                         net (fo=1, unplaced)         0.249     5.785    alu/alu/cacheData_ext/computed[409]_i_15_n_0
                         LUT5 (Prop_LUT5_I4_O)        0.095     5.880 r  alu/alu/cacheData_ext/computed[409]_i_11/O
                         net (fo=3, unplaced)         0.255     6.135    alu/alu/cacheData_ext/p_0_in230_out[8]
                         LUT6 (Prop_LUT6_I5_O)        0.040     6.175 r  alu/alu/cacheData_ext/computed[413]_i_13/O
                         net (fo=4, unplaced)         0.262     6.437    alu/alu/cacheData_ext/computed[413]_i_13_n_0
                         LUT6 (Prop_LUT6_I1_O)        0.040     6.477 r  alu/alu/cacheData_ext/computed[413]_i_7/O
                         net (fo=4, unplaced)         0.262     6.739    alu/alu/cacheData_ext/computed[413]_i_7_n_0
                         LUT6 (Prop_LUT6_I4_O)        0.040     6.779 r  alu/alu/cacheData_ext/computed[424]_i_7/O
                         net (fo=1, unplaced)         0.249     7.028    alu/alu/cacheData_ext/computed[424]_i_7_n_0
                         LUT6 (Prop_LUT6_I3_O)        0.040     7.068 r  alu/alu/cacheData_ext/computed[424]_i_3/O
                         net (fo=9, unplaced)         0.280     7.348    alu/alu/cacheData_ext/computed[424]_i_3_n_0
                         LUT5 (Prop_LUT5_I2_O)        0.040     7.388 r  alu/alu/cacheData_ext/computed[432]_i_4/O
                         net (fo=9, unplaced)         0.280     7.668    alu/alu/cacheData_ext/computed[432]_i_4_n_0
                         LUT6 (Prop_LUT6_I5_O)        0.040     7.708 r  alu/alu/cacheData_ext/computed[443]_i_25/O
                         net (fo=2, unplaced)         0.249     7.957    alu/alu/cacheData_ext/computed[443]_i_25_n_0
                         LUT4 (Prop_LUT4_I3_O)        0.095     8.052 r  alu/alu/cacheData_ext/computed[443]_i_13/O
                         net (fo=1, unplaced)         0.294     8.346    alu/alu/cacheData_ext/computed[443]_i_13_n_0
                         CARRY8 (Prop_CARRY8_DI[0]_O[5])
                                                      0.298     8.644 r  alu/alu/cacheData_ext/computed_reg[443]_i_4/O[5]
                         net (fo=1, unplaced)         0.310     8.954    alu/alu/cacheData_ext/computed_reg[443]_i_4_n_10
                         LUT5 (Prop_LUT5_I4_O)        0.040     8.994 r  alu/alu/cacheData_ext/computed[445]_i_2/O
                         net (fo=1, unplaced)         0.249     9.243    alu/alu/cacheData_ext/computed[445]_i_2_n_0
                         LUT6 (Prop_LUT6_I0_O)        0.040     9.283 r  alu/alu/cacheData_ext/computed[445]_i_1/O
                         net (fo=2, unplaced)         0.249     9.532    alu/alu/cacheData_ext/D[445]
                         LUT5 (Prop_LUT5_I0_O)        0.040     9.572 r  alu/alu/cacheData_ext/Memory_reg_0_31_444_445_i_1/O
                         net (fo=8, unplaced)         0.241     9.813    alu/alu/cacheData_ext/Memory_reg_0_31_444_445/DIG1
                         RAMD32                                       r  alu/alu/cacheData_ext/Memory_reg_0_31_444_445/RAMG_D1/I
  -------------------------------------------------------------------    -------------------

                         (clock rvv_clock rise edge)
                                                     10.000    10.000 r  
                         propagated clock network latency
                                                      0.000    10.000    
                         clock pessimism              0.000    10.000    
                         clock uncertainty           -0.035     9.965    
                         RAMD32 (Setup_RAMD32_CLK_I)
                                                     -0.049     9.916    alu/alu/cacheData_ext/Memory_reg_0_31_444_445/RAMG_D1
  -------------------------------------------------------------------
                         required time                          9.916    
                         arrival time                          -9.813    
  -------------------------------------------------------------------
                         slack                                  0.103    

Slack (MET) :             0.103ns  (required time - arrival time)
  Source:                 alu/alu/tokens_4_desc_decoded_vs1_reg[1]__0/C
                            (rising edge-triggered cell FDRE clocked by rvv_clock  {rise@0.000ns fall@5.000ns period=10.000ns})
  Destination:            alu/alu/cacheData_ext/Memory_reg_0_31_444_445/RAMH_D1/I
                            (rising edge-triggered cell RAMS32 clocked by rvv_clock  {rise@0.000ns fall@5.000ns period=10.000ns})
  Path Group:             rvv_clock
  Path Type:              Setup (Max at Slow Process Corner)
  Requirement:            10.000ns  (rvv_clock rise@10.000ns - rvv_clock rise@0.000ns)
  Data Path Delay:        9.813ns  (logic 1.994ns (20.320%)  route 7.819ns (79.680%))
  Logic Levels:           28  (CARRY8=1 LUT3=1 LUT4=2 LUT5=12 LUT6=11 MUXF7=1)
  Clock Uncertainty:      0.035ns  ((TSJ^2 + TIJ^2)^1/2 + DJ) / 2 + PE
    Total System Jitter     (TSJ):    0.071ns
    Total Input Jitter      (TIJ):    0.000ns
    Discrete Jitter          (DJ):    0.000ns
    Phase Error              (PE):    0.000ns

    Location             Delay type                Incr(ns)  Path(ns)    Netlist Resource(s)
  -------------------------------------------------------------------    -------------------
                         (clock rvv_clock rise edge)
                                                      0.000     0.000 r  
                         propagated clock network latency
                                                      0.000     0.000    
                         FDRE                         0.000     0.000 r  alu/alu/tokens_4_desc_decoded_vs1_reg[1]__0/C
                         FDRE (Prop_FDRE_C_Q)         0.115     0.115 r  alu/alu/tokens_4_desc_decoded_vs1_reg[1]__0/Q
                         net (fo=10, unplaced)        0.357     0.472    alu/alu/cacheData_ext/Memory_reg_0_31_96_97_1
                         LUT6 (Prop_LUT6_I0_O)        0.190     0.662 r  alu/alu/cacheData_ext/Memory_reg_0_31_0_1_i_24/O
                         net (fo=6, unplaced)         0.238     0.900    alu/alu/cacheData_ext/addrA0[1]
                         LUT6 (Prop_LUT6_I1_O)        0.071     0.971 r  alu/alu/cacheData_ext/Memory_reg_0_31_0_1_i_23/O
                         net (fo=1, unplaced)         0.249     1.220    alu/alu/cacheData_ext/Memory_reg_0_31_0_1_i_23_n_0
                         LUT5 (Prop_LUT5_I0_O)        0.040     1.260 r  alu/alu/cacheData_ext/Memory_reg_0_31_0_1_i_10/O
                         net (fo=548, unplaced)       0.404     1.664    alu/alu/cacheData_ext/addrA[2]
                         MUXF7 (Prop_MUXF7_S_O)       0.103     1.767 r  alu/alu/cacheData_ext/Memory_reg_0_31_54_55_i_108/O
                         net (fo=1, unplaced)         0.264     2.031    alu/alu/cacheData_ext/Memory_reg_0_31_54_55_i_108_n_0
                         LUT6 (Prop_LUT6_I0_O)        0.132     2.163 r  alu/alu/cacheData_ext/Memory_reg_0_31_54_55_i_87/O
                         net (fo=1, unplaced)         0.249     2.412    alu/alu/cacheData_ext/Memory_reg_0_31_54_55_i_87_n_0
                         LUT6 (Prop_LUT6_I4_O)        0.040     2.452 r  alu/alu/cacheData_ext/Memory_reg_0_31_54_55_i_69/O
                         net (fo=1, unplaced)         0.249     2.701    alu/alu/cacheData_ext/Memory_reg_0_31_54_55_i_69_n_0
                         LUT5 (Prop_LUT5_I2_O)        0.040     2.741 r  alu/alu/cacheData_ext/Memory_reg_0_31_54_55_i_39/O
                         net (fo=1, unplaced)         0.249     2.990    alu/alu/cacheData_ext/Memory_reg_0_31_54_55_i_39_n_0
                         LUT3 (Prop_LUT3_I2_O)        0.040     3.030 r  alu/alu/cacheData_ext/Memory_reg_0_31_54_55_i_25/O
                         net (fo=17, unplaced)        0.294     3.324    alu/alu/cacheData_ext/Memory_reg_0_31_54_55_i_25_n_0
                         LUT6 (Prop_LUT6_I5_O)        0.040     3.364 r  alu/alu/cacheData_ext/Memory_reg_0_31_438_439_i_10/O
                         net (fo=111, unplaced)       0.337     3.701    alu/alu/cacheData_ext/aInput_hit
                         LUT4 (Prop_LUT4_I1_O)        0.040     3.741 r  alu/alu/cacheData_ext/computed[401]_i_10/O
                         net (fo=2, unplaced)         0.249     3.990    alu/alu/cacheData_ext/computed[401]_i_10_n_0
                         LUT5 (Prop_LUT5_I4_O)        0.040     4.030 r  alu/alu/cacheData_ext/computed[402]_i_9/O
                         net (fo=2, unplaced)         0.249     4.279    alu/alu/cacheData_ext/computed[402]_i_9_n_0
                         LUT5 (Prop_LUT5_I4_O)        0.040     4.319 r  alu/alu/cacheData_ext/computed[407]_i_11/O
                         net (fo=2, unplaced)         0.249     4.568    alu/alu/cacheData_ext/computed[407]_i_11_n_0
                         LUT5 (Prop_LUT5_I4_O)        0.040     4.608 r  alu/alu/cacheData_ext/Memory_reg_0_31_404_405_i_19/O
                         net (fo=2, unplaced)         0.249     4.857    alu/alu/cacheData_ext/Memory_reg_0_31_404_405_i_19_n_0
                         LUT5 (Prop_LUT5_I4_O)        0.040     4.897 r  alu/alu/cacheData_ext/Memory_reg_0_31_404_405_i_17/O
                         net (fo=2, unplaced)         0.249     5.146    alu/alu/cacheData_ext/Memory_reg_0_31_404_405_i_17_n_0
                         LUT5 (Prop_LUT5_I4_O)        0.040     5.186 r  alu/alu/cacheData_ext/Memory_reg_0_31_406_407_i_10/O
                         net (fo=3, unplaced)         0.255     5.441    alu/alu/cacheData_ext/Memory_reg_0_31_406_407_i_10_n_0
                         LUT5 (Prop_LUT5_I4_O)        0.095     5.536 r  alu/alu/cacheData_ext/computed[409]_i_15/O
                         net (fo=1, unplaced)         0.249     5.785    alu/alu/cacheData_ext/computed[409]_i_15_n_0
                         LUT5 (Prop_LUT5_I4_O)        0.095     5.880 r  alu/alu/cacheData_ext/computed[409]_i_11/O
                         net (fo=3, unplaced)         0.255     6.135    alu/alu/cacheData_ext/p_0_in230_out[8]
                         LUT6 (Prop_LUT6_I5_O)        0.040     6.175 r  alu/alu/cacheData_ext/computed[413]_i_13/O
                         net (fo=4, unplaced)         0.262     6.437    alu/alu/cacheData_ext/computed[413]_i_13_n_0
                         LUT6 (Prop_LUT6_I1_O)        0.040     6.477 r  alu/alu/cacheData_ext/computed[413]_i_7/O
                         net (fo=4, unplaced)         0.262     6.739    alu/alu/cacheData_ext/computed[413]_i_7_n_0
                         LUT6 (Prop_LUT6_I4_O)        0.040     6.779 r  alu/alu/cacheData_ext/computed[424]_i_7/O
                         net (fo=1, unplaced)         0.249     7.028    alu/alu/cacheData_ext/computed[424]_i_7_n_0
                         LUT6 (Prop_LUT6_I3_O)        0.040     7.068 r  alu/alu/cacheData_ext/computed[424]_i_3/O
                         net (fo=9, unplaced)         0.280     7.348    alu/alu/cacheData_ext/computed[424]_i_3_n_0
                         LUT5 (Prop_LUT5_I2_O)        0.040     7.388 r  alu/alu/cacheData_ext/computed[432]_i_4/O
                         net (fo=9, unplaced)         0.280     7.668    alu/alu/cacheData_ext/computed[432]_i_4_n_0
                         LUT6 (Prop_LUT6_I5_O)        0.040     7.708 r  alu/alu/cacheData_ext/computed[443]_i_25/O
                         net (fo=2, unplaced)         0.249     7.957    alu/alu/cacheData_ext/computed[443]_i_25_n_0
                         LUT4 (Prop_LUT4_I3_O)        0.095     8.052 r  alu/alu/cacheData_ext/computed[443]_i_13/O
                         net (fo=1, unplaced)         0.294     8.346    alu/alu/cacheData_ext/computed[443]_i_13_n_0
                         CARRY8 (Prop_CARRY8_DI[0]_O[5])
                                                      0.298     8.644 r  alu/alu/cacheData_ext/computed_reg[443]_i_4/O[5]
                         net (fo=1, unplaced)         0.310     8.954    alu/alu/cacheData_ext/computed_reg[443]_i_4_n_10
                         LUT5 (Prop_LUT5_I4_O)        0.040     8.994 r  alu/alu/cacheData_ext/computed[445]_i_2/O
                         net (fo=1, unplaced)         0.249     9.243    alu/alu/cacheData_ext/computed[445]_i_2_n_0
                         LUT6 (Prop_LUT6_I0_O)        0.040     9.283 r  alu/alu/cacheData_ext/computed[445]_i_1/O
                         net (fo=2, unplaced)         0.249     9.532    alu/alu/cacheData_ext/D[445]
                         LUT5 (Prop_LUT5_I0_O)        0.040     9.572 r  alu/alu/cacheData_ext/Memory_reg_0_31_444_445_i_1/O
                         net (fo=8, unplaced)         0.241     9.813    alu/alu/cacheData_ext/Memory_reg_0_31_444_445/DIH1
                         RAMS32                                       r  alu/alu/cacheData_ext/Memory_reg_0_31_444_445/RAMH_D1/I
  -------------------------------------------------------------------    -------------------

                         (clock rvv_clock rise edge)
                                                     10.000    10.000 r  
                         propagated clock network latency
                                                      0.000    10.000    
                         clock pessimism              0.000    10.000    
                         clock uncertainty           -0.035     9.965    
                         RAMS32 (Setup_RAMS32_CLK_I)
                                                     -0.049     9.916    alu/alu/cacheData_ext/Memory_reg_0_31_444_445/RAMH_D1
  -------------------------------------------------------------------
                         required time                          9.916    
                         arrival time                          -9.813    
  -------------------------------------------------------------------
                         slack                                  0.103    

Slack (MET) :             0.152ns  (required time - arrival time)
  Source:                 alu/alu/tokens_4_desc_decoded_vs1_reg[1]__0/C
                            (rising edge-triggered cell FDRE clocked by rvv_clock  {rise@0.000ns fall@5.000ns period=10.000ns})
  Destination:            alu/alu/cacheData_ext/Memory_reg_0_31_446_447/RAMA_D1/I
                            (rising edge-triggered cell RAMD32 clocked by rvv_clock  {rise@0.000ns fall@5.000ns period=10.000ns})
  Path Group:             rvv_clock
  Path Type:              Setup (Max at Slow Process Corner)
  Requirement:            10.000ns  (rvv_clock rise@10.000ns - rvv_clock rise@0.000ns)
  Data Path Delay:        9.764ns  (logic 2.006ns (20.545%)  route 7.758ns (79.455%))
  Logic Levels:           28  (CARRY8=1 LUT3=1 LUT4=2 LUT5=12 LUT6=11 MUXF7=1)
  Clock Uncertainty:      0.035ns  ((TSJ^2 + TIJ^2)^1/2 + DJ) / 2 + PE
    Total System Jitter     (TSJ):    0.071ns
    Total Input Jitter      (TIJ):    0.000ns
    Discrete Jitter          (DJ):    0.000ns
    Phase Error              (PE):    0.000ns

    Location             Delay type                Incr(ns)  Path(ns)    Netlist Resource(s)
  -------------------------------------------------------------------    -------------------
                         (clock rvv_clock rise edge)
                                                      0.000     0.000 r  
                         propagated clock network latency
                                                      0.000     0.000    
                         FDRE                         0.000     0.000 r  alu/alu/tokens_4_desc_decoded_vs1_reg[1]__0/C
                         FDRE (Prop_FDRE_C_Q)         0.115     0.115 r  alu/alu/tokens_4_desc_decoded_vs1_reg[1]__0/Q
                         net (fo=10, unplaced)        0.357     0.472    alu/alu/cacheData_ext/Memory_reg_0_31_96_97_1
                         LUT6 (Prop_LUT6_I0_O)        0.190     0.662 r  alu/alu/cacheData_ext/Memory_reg_0_31_0_1_i_24/O
                         net (fo=6, unplaced)         0.238     0.900    alu/alu/cacheData_ext/addrA0[1]
                         LUT6 (Prop_LUT6_I1_O)        0.071     0.971 r  alu/alu/cacheData_ext/Memory_reg_0_31_0_1_i_23/O
                         net (fo=1, unplaced)         0.249     1.220    alu/alu/cacheData_ext/Memory_reg_0_31_0_1_i_23_n_0
                         LUT5 (Prop_LUT5_I0_O)        0.040     1.260 r  alu/alu/cacheData_ext/Memory_reg_0_31_0_1_i_10/O
                         net (fo=548, unplaced)       0.404     1.664    alu/alu/cacheData_ext/addrA[2]
                         MUXF7 (Prop_MUXF7_S_O)       0.103     1.767 r  alu/alu/cacheData_ext/Memory_reg_0_31_54_55_i_108/O
                         net (fo=1, unplaced)         0.264     2.031    alu/alu/cacheData_ext/Memory_reg_0_31_54_55_i_108_n_0
                         LUT6 (Prop_LUT6_I0_O)        0.132     2.163 r  alu/alu/cacheData_ext/Memory_reg_0_31_54_55_i_87/O
                         net (fo=1, unplaced)         0.249     2.412    alu/alu/cacheData_ext/Memory_reg_0_31_54_55_i_87_n_0
                         LUT6 (Prop_LUT6_I4_O)        0.040     2.452 r  alu/alu/cacheData_ext/Memory_reg_0_31_54_55_i_69/O
                         net (fo=1, unplaced)         0.249     2.701    alu/alu/cacheData_ext/Memory_reg_0_31_54_55_i_69_n_0
                         LUT5 (Prop_LUT5_I2_O)        0.040     2.741 r  alu/alu/cacheData_ext/Memory_reg_0_31_54_55_i_39/O
                         net (fo=1, unplaced)         0.249     2.990    alu/alu/cacheData_ext/Memory_reg_0_31_54_55_i_39_n_0
                         LUT3 (Prop_LUT3_I2_O)        0.040     3.030 r  alu/alu/cacheData_ext/Memory_reg_0_31_54_55_i_25/O
                         net (fo=17, unplaced)        0.294     3.324    alu/alu/cacheData_ext/Memory_reg_0_31_54_55_i_25_n_0
                         LUT6 (Prop_LUT6_I5_O)        0.040     3.364 r  alu/alu/cacheData_ext/Memory_reg_0_31_438_439_i_10/O
                         net (fo=111, unplaced)       0.337     3.701    alu/alu/cacheData_ext/aInput_hit
                         LUT4 (Prop_LUT4_I1_O)        0.040     3.741 r  alu/alu/cacheData_ext/computed[401]_i_10/O
                         net (fo=2, unplaced)         0.249     3.990    alu/alu/cacheData_ext/computed[401]_i_10_n_0
                         LUT5 (Prop_LUT5_I4_O)        0.040     4.030 r  alu/alu/cacheData_ext/computed[402]_i_9/O
                         net (fo=2, unplaced)         0.249     4.279    alu/alu/cacheData_ext/computed[402]_i_9_n_0
                         LUT5 (Prop_LUT5_I4_O)        0.040     4.319 r  alu/alu/cacheData_ext/computed[407]_i_11/O
                         net (fo=2, unplaced)         0.249     4.568    alu/alu/cacheData_ext/computed[407]_i_11_n_0
                         LUT5 (Prop_LUT5_I4_O)        0.040     4.608 r  alu/alu/cacheData_ext/Memory_reg_0_31_404_405_i_19/O
                         net (fo=2, unplaced)         0.249     4.857    alu/alu/cacheData_ext/Memory_reg_0_31_404_405_i_19_n_0
                         LUT5 (Prop_LUT5_I4_O)        0.040     4.897 r  alu/alu/cacheData_ext/Memory_reg_0_31_404_405_i_17/O
                         net (fo=2, unplaced)         0.249     5.146    alu/alu/cacheData_ext/Memory_reg_0_31_404_405_i_17_n_0
                         LUT5 (Prop_LUT5_I4_O)        0.040     5.186 r  alu/alu/cacheData_ext/Memory_reg_0_31_406_407_i_10/O
                         net (fo=3, unplaced)         0.255     5.441    alu/alu/cacheData_ext/Memory_reg_0_31_406_407_i_10_n_0
                         LUT5 (Prop_LUT5_I4_O)        0.095     5.536 r  alu/alu/cacheData_ext/computed[409]_i_15/O
                         net (fo=1, unplaced)         0.249     5.785    alu/alu/cacheData_ext/computed[409]_i_15_n_0
                         LUT5 (Prop_LUT5_I4_O)        0.095     5.880 r  alu/alu/cacheData_ext/computed[409]_i_11/O
                         net (fo=3, unplaced)         0.255     6.135    alu/alu/cacheData_ext/p_0_in230_out[8]
                         LUT6 (Prop_LUT6_I5_O)        0.040     6.175 r  alu/alu/cacheData_ext/computed[413]_i_13/O
                         net (fo=4, unplaced)         0.262     6.437    alu/alu/cacheData_ext/computed[413]_i_13_n_0
                         LUT6 (Prop_LUT6_I1_O)        0.040     6.477 r  alu/alu/cacheData_ext/computed[413]_i_7/O
                         net (fo=4, unplaced)         0.262     6.739    alu/alu/cacheData_ext/computed[413]_i_7_n_0
                         LUT6 (Prop_LUT6_I4_O)        0.040     6.779 r  alu/alu/cacheData_ext/computed[424]_i_7/O
                         net (fo=1, unplaced)         0.249     7.028    alu/alu/cacheData_ext/computed[424]_i_7_n_0
                         LUT6 (Prop_LUT6_I3_O)        0.040     7.068 r  alu/alu/cacheData_ext/computed[424]_i_3/O
                         net (fo=9, unplaced)         0.280     7.348    alu/alu/cacheData_ext/computed[424]_i_3_n_0
                         LUT5 (Prop_LUT5_I2_O)        0.040     7.388 r  alu/alu/cacheData_ext/computed[432]_i_4/O
                         net (fo=9, unplaced)         0.280     7.668    alu/alu/cacheData_ext/computed[432]_i_4_n_0
                         LUT6 (Prop_LUT6_I5_O)        0.040     7.708 r  alu/alu/cacheData_ext/computed[443]_i_25/O
                         net (fo=2, unplaced)         0.249     7.957    alu/alu/cacheData_ext/computed[443]_i_25_n_0
                         LUT4 (Prop_LUT4_I3_O)        0.095     8.052 r  alu/alu/cacheData_ext/computed[443]_i_13/O
                         net (fo=1, unplaced)         0.294     8.346    alu/alu/cacheData_ext/computed[443]_i_13_n_0
                         CARRY8 (Prop_CARRY8_DI[0]_O[7])
                                                      0.310     8.656 r  alu/alu/cacheData_ext/computed_reg[443]_i_4/O[7]
                         net (fo=1, unplaced)         0.249     8.905    alu/alu/cacheData_ext/computed_reg[443]_i_4_n_8
                         LUT5 (Prop_LUT5_I4_O)        0.040     8.945 r  alu/alu/cacheData_ext/computed[447]_i_2/O
                         net (fo=1, unplaced)         0.249     9.194    alu/alu/cacheData_ext/computed[447]_i_2_n_0
                         LUT6 (Prop_LUT6_I0_O)        0.040     9.234 r  alu/alu/cacheData_ext/computed[447]_i_1/O
                         net (fo=2, unplaced)         0.249     9.483    alu/alu/cacheData_ext/D[447]
                         LUT5 (Prop_LUT5_I0_O)        0.040     9.523 r  alu/alu/cacheData_ext/Memory_reg_0_31_446_447_i_1/O
                         net (fo=8, unplaced)         0.241     9.764    alu/alu/cacheData_ext/Memory_reg_0_31_446_447/DIA1
                         RAMD32                                       r  alu/alu/cacheData_ext/Memory_reg_0_31_446_447/RAMA_D1/I
  -------------------------------------------------------------------    -------------------

                         (clock rvv_clock rise edge)
                                                     10.000    10.000 r  
                         propagated clock network latency
                                                      0.000    10.000    
                         clock pessimism              0.000    10.000    
                         clock uncertainty           -0.035     9.965    
                         RAMD32 (Setup_RAMD32_CLK_I)
                                                     -0.049     9.916    alu/alu/cacheData_ext/Memory_reg_0_31_446_447/RAMA_D1
  -------------------------------------------------------------------
                         required time                          9.916    
                         arrival time                          -9.764    
  -------------------------------------------------------------------
                         slack                                  0.152    

Slack (MET) :             0.152ns  (required time - arrival time)
  Source:                 alu/alu/tokens_4_desc_decoded_vs1_reg[1]__0/C
                            (rising edge-triggered cell FDRE clocked by rvv_clock  {rise@0.000ns fall@5.000ns period=10.000ns})
  Destination:            alu/alu/cacheData_ext/Memory_reg_0_31_446_447/RAMB_D1/I
                            (rising edge-triggered cell RAMD32 clocked by rvv_clock  {rise@0.000ns fall@5.000ns period=10.000ns})
  Path Group:             rvv_clock
  Path Type:              Setup (Max at Slow Process Corner)
  Requirement:            10.000ns  (rvv_clock rise@10.000ns - rvv_clock rise@0.000ns)
  Data Path Delay:        9.764ns  (logic 2.006ns (20.545%)  route 7.758ns (79.455%))
  Logic Levels:           28  (CARRY8=1 LUT3=1 LUT4=2 LUT5=12 LUT6=11 MUXF7=1)
  Clock Uncertainty:      0.035ns  ((TSJ^2 + TIJ^2)^1/2 + DJ) / 2 + PE
    Total System Jitter     (TSJ):    0.071ns
    Total Input Jitter      (TIJ):    0.000ns
    Discrete Jitter          (DJ):    0.000ns
    Phase Error              (PE):    0.000ns

    Location             Delay type                Incr(ns)  Path(ns)    Netlist Resource(s)
  -------------------------------------------------------------------    -------------------
                         (clock rvv_clock rise edge)
                                                      0.000     0.000 r  
                         propagated clock network latency
                                                      0.000     0.000    
                         FDRE                         0.000     0.000 r  alu/alu/tokens_4_desc_decoded_vs1_reg[1]__0/C
                         FDRE (Prop_FDRE_C_Q)         0.115     0.115 r  alu/alu/tokens_4_desc_decoded_vs1_reg[1]__0/Q
                         net (fo=10, unplaced)        0.357     0.472    alu/alu/cacheData_ext/Memory_reg_0_31_96_97_1
                         LUT6 (Prop_LUT6_I0_O)        0.190     0.662 r  alu/alu/cacheData_ext/Memory_reg_0_31_0_1_i_24/O
                         net (fo=6, unplaced)         0.238     0.900    alu/alu/cacheData_ext/addrA0[1]
                         LUT6 (Prop_LUT6_I1_O)        0.071     0.971 r  alu/alu/cacheData_ext/Memory_reg_0_31_0_1_i_23/O
                         net (fo=1, unplaced)         0.249     1.220    alu/alu/cacheData_ext/Memory_reg_0_31_0_1_i_23_n_0
                         LUT5 (Prop_LUT5_I0_O)        0.040     1.260 r  alu/alu/cacheData_ext/Memory_reg_0_31_0_1_i_10/O
                         net (fo=548, unplaced)       0.404     1.664    alu/alu/cacheData_ext/addrA[2]
                         MUXF7 (Prop_MUXF7_S_O)       0.103     1.767 r  alu/alu/cacheData_ext/Memory_reg_0_31_54_55_i_108/O
                         net (fo=1, unplaced)         0.264     2.031    alu/alu/cacheData_ext/Memory_reg_0_31_54_55_i_108_n_0
                         LUT6 (Prop_LUT6_I0_O)        0.132     2.163 r  alu/alu/cacheData_ext/Memory_reg_0_31_54_55_i_87/O
                         net (fo=1, unplaced)         0.249     2.412    alu/alu/cacheData_ext/Memory_reg_0_31_54_55_i_87_n_0
                         LUT6 (Prop_LUT6_I4_O)        0.040     2.452 r  alu/alu/cacheData_ext/Memory_reg_0_31_54_55_i_69/O
                         net (fo=1, unplaced)         0.249     2.701    alu/alu/cacheData_ext/Memory_reg_0_31_54_55_i_69_n_0
                         LUT5 (Prop_LUT5_I2_O)        0.040     2.741 r  alu/alu/cacheData_ext/Memory_reg_0_31_54_55_i_39/O
                         net (fo=1, unplaced)         0.249     2.990    alu/alu/cacheData_ext/Memory_reg_0_31_54_55_i_39_n_0
                         LUT3 (Prop_LUT3_I2_O)        0.040     3.030 r  alu/alu/cacheData_ext/Memory_reg_0_31_54_55_i_25/O
                         net (fo=17, unplaced)        0.294     3.324    alu/alu/cacheData_ext/Memory_reg_0_31_54_55_i_25_n_0
                         LUT6 (Prop_LUT6_I5_O)        0.040     3.364 r  alu/alu/cacheData_ext/Memory_reg_0_31_438_439_i_10/O
                         net (fo=111, unplaced)       0.337     3.701    alu/alu/cacheData_ext/aInput_hit
                         LUT4 (Prop_LUT4_I1_O)        0.040     3.741 r  alu/alu/cacheData_ext/computed[401]_i_10/O
                         net (fo=2, unplaced)         0.249     3.990    alu/alu/cacheData_ext/computed[401]_i_10_n_0
                         LUT5 (Prop_LUT5_I4_O)        0.040     4.030 r  alu/alu/cacheData_ext/computed[402]_i_9/O
                         net (fo=2, unplaced)         0.249     4.279    alu/alu/cacheData_ext/computed[402]_i_9_n_0
                         LUT5 (Prop_LUT5_I4_O)        0.040     4.319 r  alu/alu/cacheData_ext/computed[407]_i_11/O
                         net (fo=2, unplaced)         0.249     4.568    alu/alu/cacheData_ext/computed[407]_i_11_n_0
                         LUT5 (Prop_LUT5_I4_O)        0.040     4.608 r  alu/alu/cacheData_ext/Memory_reg_0_31_404_405_i_19/O
                         net (fo=2, unplaced)         0.249     4.857    alu/alu/cacheData_ext/Memory_reg_0_31_404_405_i_19_n_0
                         LUT5 (Prop_LUT5_I4_O)        0.040     4.897 r  alu/alu/cacheData_ext/Memory_reg_0_31_404_405_i_17/O
                         net (fo=2, unplaced)         0.249     5.146    alu/alu/cacheData_ext/Memory_reg_0_31_404_405_i_17_n_0
                         LUT5 (Prop_LUT5_I4_O)        0.040     5.186 r  alu/alu/cacheData_ext/Memory_reg_0_31_406_407_i_10/O
                         net (fo=3, unplaced)         0.255     5.441    alu/alu/cacheData_ext/Memory_reg_0_31_406_407_i_10_n_0
                         LUT5 (Prop_LUT5_I4_O)        0.095     5.536 r  alu/alu/cacheData_ext/computed[409]_i_15/O
                         net (fo=1, unplaced)         0.249     5.785    alu/alu/cacheData_ext/computed[409]_i_15_n_0
                         LUT5 (Prop_LUT5_I4_O)        0.095     5.880 r  alu/alu/cacheData_ext/computed[409]_i_11/O
                         net (fo=3, unplaced)         0.255     6.135    alu/alu/cacheData_ext/p_0_in230_out[8]
                         LUT6 (Prop_LUT6_I5_O)        0.040     6.175 r  alu/alu/cacheData_ext/computed[413]_i_13/O
                         net (fo=4, unplaced)         0.262     6.437    alu/alu/cacheData_ext/computed[413]_i_13_n_0
                         LUT6 (Prop_LUT6_I1_O)        0.040     6.477 r  alu/alu/cacheData_ext/computed[413]_i_7/O
                         net (fo=4, unplaced)         0.262     6.739    alu/alu/cacheData_ext/computed[413]_i_7_n_0
                         LUT6 (Prop_LUT6_I4_O)        0.040     6.779 r  alu/alu/cacheData_ext/computed[424]_i_7/O
                         net (fo=1, unplaced)         0.249     7.028    alu/alu/cacheData_ext/computed[424]_i_7_n_0
                         LUT6 (Prop_LUT6_I3_O)        0.040     7.068 r  alu/alu/cacheData_ext/computed[424]_i_3/O
                         net (fo=9, unplaced)         0.280     7.348    alu/alu/cacheData_ext/computed[424]_i_3_n_0
                         LUT5 (Prop_LUT5_I2_O)        0.040     7.388 r  alu/alu/cacheData_ext/computed[432]_i_4/O
                         net (fo=9, unplaced)         0.280     7.668    alu/alu/cacheData_ext/computed[432]_i_4_n_0
                         LUT6 (Prop_LUT6_I5_O)        0.040     7.708 r  alu/alu/cacheData_ext/computed[443]_i_25/O
                         net (fo=2, unplaced)         0.249     7.957    alu/alu/cacheData_ext/computed[443]_i_25_n_0
                         LUT4 (Prop_LUT4_I3_O)        0.095     8.052 r  alu/alu/cacheData_ext/computed[443]_i_13/O
                         net (fo=1, unplaced)         0.294     8.346    alu/alu/cacheData_ext/computed[443]_i_13_n_0
                         CARRY8 (Prop_CARRY8_DI[0]_O[7])
                                                      0.310     8.656 r  alu/alu/cacheData_ext/computed_reg[443]_i_4/O[7]
                         net (fo=1, unplaced)         0.249     8.905    alu/alu/cacheData_ext/computed_reg[443]_i_4_n_8
                         LUT5 (Prop_LUT5_I4_O)        0.040     8.945 r  alu/alu/cacheData_ext/computed[447]_i_2/O
                         net (fo=1, unplaced)         0.249     9.194    alu/alu/cacheData_ext/computed[447]_i_2_n_0
                         LUT6 (Prop_LUT6_I0_O)        0.040     9.234 r  alu/alu/cacheData_ext/computed[447]_i_1/O
                         net (fo=2, unplaced)         0.249     9.483    alu/alu/cacheData_ext/D[447]
                         LUT5 (Prop_LUT5_I0_O)        0.040     9.523 r  alu/alu/cacheData_ext/Memory_reg_0_31_446_447_i_1/O
                         net (fo=8, unplaced)         0.241     9.764    alu/alu/cacheData_ext/Memory_reg_0_31_446_447/DIB1
                         RAMD32                                       r  alu/alu/cacheData_ext/Memory_reg_0_31_446_447/RAMB_D1/I
  -------------------------------------------------------------------    -------------------

                         (clock rvv_clock rise edge)
                                                     10.000    10.000 r  
                         propagated clock network latency
                                                      0.000    10.000    
                         clock pessimism              0.000    10.000    
                         clock uncertainty           -0.035     9.965    
                         RAMD32 (Setup_RAMD32_CLK_I)
                                                     -0.049     9.916    alu/alu/cacheData_ext/Memory_reg_0_31_446_447/RAMB_D1
  -------------------------------------------------------------------
                         required time                          9.916    
                         arrival time                          -9.764    
  -------------------------------------------------------------------
                         slack                                  0.152    




