Copyright 1986-2022 Xilinx, Inc. All Rights Reserved.
------------------------------------------------------------------------------------------------------------------------------------
| Tool Version : Vivado v.2022.2 (lin64) Build 3671981 Fri Oct 14 04:59:54 MDT 2022
| Date         : Wed Oct  7 16:26:33 2026
| Host         : chen-System-Product-Name running 64-bit Ubuntu 24.04.4 LTS
| Command      : report_utilization -hierarchical -file /home/chen/FUN/flow-r03-evidence/a2/s1/reports/utilization-hierarchical.rpt
| Design       : RvvCoprocessor
| Device       : xcku040-ffva1156-2-e
| Speed File   : -2
| Design State : Synthesized
------------------------------------------------------------------------------------------------------------------------------------

Utilization Design Information

Table of Contents
-----------------
1. Utilization by Hierarchy

1. Utilization by Hierarchy
---------------------------

+----------------------+------------------------+------------+------------+---------+------+-------+--------+--------+------+------------+
|       Instance       |         Module         | Total LUTs | Logic LUTs | LUTRAMs | SRLs |  FFs  | RAMB36 | RAMB18 | URAM | DSP Blocks |
+----------------------+------------------------+------------+------------+---------+------+-------+--------+--------+------+------------+
| RvvCoprocessor       |                  (top) |     120506 |     119706 |     800 |    0 | 46807 |    199 |      1 |    0 |        154 |
|   (RvvCoprocessor)   |                  (top) |       4530 |       4530 |       0 |    0 |  1000 |      0 |      0 |    0 |          0 |
|   alu                |    RvvIntegerSequencer |      15846 |      15846 |       0 |    0 |  1341 |      0 |      0 |    0 |          0 |
|   cross_0            |  RvvCrossLaneSequencer |         52 |         52 |       0 |    0 |   104 |      0 |      0 |    0 |          0 |
|   front              |            RvvFrontend |      37631 |      37375 |     256 |    0 | 28592 |      0 |      0 |    0 |          0 |
|     (front)          |            RvvFrontend |      31288 |      31288 |       0 |    0 | 28576 |      0 |      0 |    0 |          0 |
|     viq              |  Queue32_RvvDescriptor |       6343 |       6087 |     256 |    0 |    16 |      0 |      0 |    0 |          0 |
|       (viq)          |  Queue32_RvvDescriptor |       6077 |       6077 |       0 |    0 |    16 |      0 |      0 |    0 |          0 |
|       ram_ext        |             ram_32x572 |        266 |         10 |     256 |    0 |     0 |      0 |      0 |    0 |          0 |
|   mac                |  RvvIntegerSequencer_1 |      10859 |      10859 |       0 |    0 |  3837 |      0 |      0 |    0 |        154 |
|   mem                |           RvvLoadStore |      34713 |      34553 |     160 |    0 |  9260 |      7 |      1 |    0 |          0 |
|     (mem)            |           RvvLoadStore |      10430 |      10430 |       0 |    0 |  9209 |      0 |      0 |    0 |          0 |
|     bSlots           |         Queue256_UInt5 |      11685 |      11653 |      32 |    0 |    17 |      0 |      0 |    0 |          0 |
|       (bSlots)       |         Queue256_UInt5 |        282 |        282 |       0 |    0 |    17 |      0 |      0 |    0 |          0 |
|       ram_ext        |              ram_256x5 |      11403 |      11371 |      32 |    0 |     0 |      0 |      0 |    0 |          0 |
|     bursts           |         Queue256_Burst |       1073 |        945 |     128 |    0 |    17 |      0 |      0 |    0 |          0 |
|       (bursts)       |         Queue256_Burst |        507 |        507 |       0 |    0 |    17 |      0 |      0 |    0 |          0 |
|       ram_ext        |             ram_256x27 |        566 |        438 |     128 |    0 |     0 |      0 |      0 |    0 |          0 |
|     returnBuffer     |    Queue256_ReturnBeat |      11526 |      11526 |       0 |    0 |    17 |      7 |      1 |    0 |          0 |
|       (returnBuffer) |    Queue256_ReturnBeat |         25 |         25 |       0 |    0 |    17 |      0 |      0 |    0 |          0 |
|       ram_ext        |            ram_256x530 |      11501 |      11501 |       0 |    0 |     0 |      7 |      1 |    0 |          0 |
|   queues_0           |   Queue4_RvvDescriptor |        151 |          7 |     144 |    0 |     5 |      0 |      0 |    0 |          0 |
|     (queues_0)       |   Queue4_RvvDescriptor |          6 |          6 |       0 |    0 |     5 |      0 |      0 |    0 |          0 |
|     ram_ext          |              ram_4x252 |        145 |          1 |     144 |    0 |     0 |      0 |      0 |    0 |          0 |
|   queues_1           |   Queue2_RvvDescriptor |        116 |          4 |     112 |    0 |     3 |      0 |      0 |    0 |          0 |
|     (queues_1)       |   Queue2_RvvDescriptor |          4 |          4 |       0 |    0 |     3 |      0 |      0 |    0 |          0 |
|     ram_ext          |           ram_2x190_27 |        112 |          0 |     112 |    0 |     0 |      0 |      0 |    0 |          0 |
|   queues_2           | Queue2_RvvDescriptor_0 |        103 |          7 |      96 |    0 |     3 |      0 |      0 |    0 |          0 |
|     (queues_2)       | Queue2_RvvDescriptor_0 |          6 |          6 |       0 |    0 |     3 |      0 |      0 |    0 |          0 |
|     ram_ext          |           ram_2x190_26 |         97 |          1 |      96 |    0 |     0 |      0 |      0 |    0 |          0 |
|   queues_3           | Queue2_RvvDescriptor_1 |          1 |          1 |       0 |    0 |     2 |      0 |      0 |    0 |          0 |
|   queues_4           | Queue2_RvvDescriptor_2 |         38 |          6 |      32 |    0 |     3 |      0 |      0 |    0 |          0 |
|     (queues_4)       | Queue2_RvvDescriptor_2 |          5 |          5 |       0 |    0 |     3 |      0 |      0 |    0 |          0 |
|     ram_ext          |              ram_2x190 |         33 |          1 |      32 |    0 |     0 |      0 |      0 |    0 |          0 |
|   sb                 |          RvvScoreboard |      10665 |      10665 |       0 |    0 |  2089 |      0 |      0 |    0 |          0 |
|   vrf                |        RvvRegisterFile |      14212 |      14212 |       0 |    0 |   568 |    192 |      0 |    0 |          0 |
|     (vrf)            |        RvvRegisterFile |       3072 |       3072 |       0 |    0 |   568 |      0 |      0 |    0 |          0 |
|     banks_0_0        |             RvvVrfBank |          0 |          0 |       0 |    0 |     0 |      8 |      0 |    0 |          0 |
|     banks_0_1        |           RvvVrfBank_3 |          0 |          0 |       0 |    0 |     0 |      8 |      0 |    0 |          0 |
|     banks_0_2        |           RvvVrfBank_4 |          0 |          0 |       0 |    0 |     0 |      8 |      0 |    0 |          0 |
|     banks_0_3        |           RvvVrfBank_5 |          0 |          0 |       0 |    0 |     0 |      8 |      0 |    0 |          0 |
|     banks_0_4        |           RvvVrfBank_6 |          0 |          0 |       0 |    0 |     0 |      8 |      0 |    0 |          0 |
|     banks_0_5        |           RvvVrfBank_7 |          0 |          0 |       0 |    0 |     0 |      8 |      0 |    0 |          0 |
|     banks_1_0        |           RvvVrfBank_8 |          0 |          0 |       0 |    0 |     0 |      8 |      0 |    0 |          0 |
|     banks_1_1        |           RvvVrfBank_9 |          0 |          0 |       0 |    0 |     0 |      8 |      0 |    0 |          0 |
|     banks_1_2        |          RvvVrfBank_10 |          0 |          0 |       0 |    0 |     0 |      8 |      0 |    0 |          0 |
|     banks_1_3        |          RvvVrfBank_11 |          0 |          0 |       0 |    0 |     0 |      8 |      0 |    0 |          0 |
|     banks_1_4        |          RvvVrfBank_12 |          0 |          0 |       0 |    0 |     0 |      8 |      0 |    0 |          0 |
|     banks_1_5        |          RvvVrfBank_13 |          0 |          0 |       0 |    0 |     0 |      8 |      0 |    0 |          0 |
|     banks_2_0        |          RvvVrfBank_14 |          0 |          0 |       0 |    0 |     0 |      8 |      0 |    0 |          0 |
|     banks_2_1        |          RvvVrfBank_15 |          0 |          0 |       0 |    0 |     0 |      8 |      0 |    0 |          0 |
|     banks_2_2        |          RvvVrfBank_16 |          0 |          0 |       0 |    0 |     0 |      8 |      0 |    0 |          0 |
|     banks_2_3        |          RvvVrfBank_17 |          0 |          0 |       0 |    0 |     0 |      8 |      0 |    0 |          0 |
|     banks_2_4        |          RvvVrfBank_18 |          0 |          0 |       0 |    0 |     0 |      8 |      0 |    0 |          0 |
|     banks_2_5        |          RvvVrfBank_19 |        194 |        194 |       0 |    0 |     0 |      8 |      0 |    0 |          0 |
|     banks_3_0        |          RvvVrfBank_20 |          0 |          0 |       0 |    0 |     0 |      8 |      0 |    0 |          0 |
|     banks_3_1        |          RvvVrfBank_21 |          0 |          0 |       0 |    0 |     0 |      8 |      0 |    0 |          0 |
|     banks_3_2        |          RvvVrfBank_22 |        642 |        642 |       0 |    0 |     0 |      8 |      0 |    0 |          0 |
|     banks_3_3        |          RvvVrfBank_23 |        512 |        512 |       0 |    0 |     0 |      8 |      0 |    0 |          0 |
|     banks_3_4        |          RvvVrfBank_24 |       9216 |       9216 |       0 |    0 |     0 |      8 |      0 |    0 |          0 |
|     banks_3_5        |          RvvVrfBank_25 |        576 |        576 |       0 |    0 |     0 |      8 |      0 |    0 |          0 |
+----------------------+------------------------+------------+------------+---------+------+-------+--------+--------+------+------------+


